#
# There is insufficient memory for the Java Runtime Environment to continue.
# Native memory allocation (malloc) failed to allocate 906416 bytes. Error detail: Chunk::new
# Possible reasons:
#   The system is out of physical RAM or swap space
#   This process is running with CompressedOops enabled, and the Java Heap may be blocking the growth of the native heap
# Possible solutions:
#   Reduce memory load on the system
#   Increase physical memory or swap space
#   Check if swap backing store is full
#   Decrease Java heap size (-Xmx/-Xms)
#   Decrease number of Java threads
#   Decrease Java thread stack sizes (-Xss)
#   Set larger code cache with -XX:ReservedCodeCacheSize=
#   JVM is running with Zero Based Compressed Oops mode in which the Java heap is
#     placed in the first 32GB address space. The Java Heap base address is the
#     maximum limit for the native heap growth. Please use -XX:HeapBaseMinAddress
#     to set the Java Heap base and to place the Java Heap above 32GB virtual address.
# This output file may be truncated or incomplete.
#
#  Out of Memory Error (arena.cpp:168), pid=13464, tid=14240
#
# JRE version: OpenJDK Runtime Environment Temurin-21.0.12.1+1 (21.0.12.1+1) (build 21.0.12.1+1-LTS)
# Java VM: OpenJDK 64-Bit Server VM Temurin-21.0.12.1+1 (21.0.12.1+1-LTS, mixed mode, sharing, tiered, compressed oops, compressed class ptrs, parallel gc, windows-amd64)
# No core dump will be written. Minidumps are not enabled by default on client versions of Windows
#

---------------  S U M M A R Y ------------

Command Line: --add-modules=ALL-SYSTEM --add-opens=java.base/java.util=ALL-UNNAMED --add-opens=java.base/java.lang=ALL-UNNAMED --add-opens=java.base/sun.nio.fs=ALL-UNNAMED -Declipse.application=org.eclipse.jdt.ls.core.id1 -Dosgi.bundles.defaultStartLevel=4 -Declipse.product=org.eclipse.jdt.ls.core.product -Djava.import.generatesMetadataFilesAtProjectRoot=false -Dm2e.project.cache.size=50 -DDetectVMInstallationsJob.disabled=true -Dfile.encoding=utf8 -XX:+UseParallelGC -XX:GCTimeRatio=4 -XX:AdaptiveSizePolicyWeight=90 -Dsun.zip.disableMemoryMapping=true -Xmx4G -Xms100m -Xlog:disable -javaagent:c:\Users\jaimi\.vscode\extensions\redhat.java-1.56.0-win32-x64\lombok\lombok-1.18.39-4050.jar c:\Users\jaimi\.vscode\extensions\redhat.java-1.56.0-win32-x64\server\plugins\org.eclipse.equinox.launcher_1.8.0.v20260804-1928.jar -configuration c:\Users\jaimi\AppData\Roaming\Code\User\globalStorage\redhat.java\1.56.0\config_ss_win -data c:\Users\jaimi\AppData\Roaming\Code\User\workspaceStorage\7b1695ebeb44925a89a06e7ce4c3f07f\redhat.java\ss_ws --pipe=\\.\pipe\lsp-d66f2346ea971f737e66450ab9a19b6b-sock

Host: Intel(R) Celeron(R) N4020 CPU @ 1.10GHz, 2 cores, 7G,  Windows 10 , 64 bit Build 19041 (10.0.19041.5915)
Time: Tue Oct  6 18:36:00 2026 South Africa Standard Time elapsed time: 34.101716 seconds (0d 0h 0m 34s)

---------------  T H R E A D  ---------------

Current thread (0x0000028aa03e4770):  JavaThread "C2 CompilerThread0" daemon [_thread_in_native, id=14240, stack(0x000000c3c9200000,0x000000c3c9300000) (1024K)]


Current CompileTask:
C2:34101 4248 %     4       org.lombokweb.asm.SymbolTable::<init> @ 98 (554 bytes)

Stack: [0x000000c3c9200000,0x000000c3c9300000]
Native frames: (J=compiled Java code, j=interpreted, Vv=VM code, C=native code)
V  [jvm.dll+0x6d83e9]
V  [jvm.dll+0x8b5736]
V  [jvm.dll+0x8b7cee]
V  [jvm.dll+0x8b83d3]
V  [jvm.dll+0x284596]
V  [jvm.dll+0xc685d]
V  [jvm.dll+0xc6da1]
V  [jvm.dll+0x3bf18b]
V  [jvm.dll+0x1e3f42]
V  [jvm.dll+0x24c853]
V  [jvm.dll+0x24bce0]
V  [jvm.dll+0x1cb4ae]
V  [jvm.dll+0x25baad]
V  [jvm.dll+0x25a03a]
V  [jvm.dll+0x3f8aae]
V  [jvm.dll+0x8600cd]
V  [jvm.dll+0x6d6c1d]
C  [ucrtbase.dll+0x21bb2]
C  [KERNEL32.DLL+0x17374]
C  [ntdll.dll+0x4cc91]


---------------  P R O C E S S  ---------------

Threads class SMR info:
_java_thread_list=0x0000028ae6a9d310, length=29, elements={
0x0000028a850d10b0, 0x0000028aa03d6ac0, 0x0000028aa03d8110, 0x0000028aa03db9f0,
0x0000028aa03de460, 0x0000028aa03deec0, 0x0000028aa03df920, 0x0000028aa03e4770,
0x0000028aa0455600, 0x0000028aa04edec0, 0x0000028aa0d66890, 0x0000028ae613ab40,
0x0000028ae6116f20, 0x0000028ae6117da0, 0x0000028ae639d560, 0x0000028aa0d37c20,
0x0000028ae6e4b030, 0x0000028ae69f3d10, 0x0000028ae667b050, 0x0000028ae667b6e0,
0x0000028ae667ca90, 0x0000028ae667d7b0, 0x0000028ae667e4d0, 0x0000028ae667bd70,
0x0000028ae667c400, 0x0000028ae667d120, 0x0000028ae667de40, 0x0000028ae6fd6610,
0x0000028ae6fd7330
}

Java Threads: ( => current thread )
  0x0000028a850d10b0 JavaThread "main"                              [_thread_blocked, id=2720, stack(0x000000c3c8800000,0x000000c3c8900000) (1024K)]
  0x0000028aa03d6ac0 JavaThread "Reference Handler"          daemon [_thread_blocked, id=5612, stack(0x000000c3c8c00000,0x000000c3c8d00000) (1024K)]
  0x0000028aa03d8110 JavaThread "Finalizer"                  daemon [_thread_blocked, id=13340, stack(0x000000c3c8d00000,0x000000c3c8e00000) (1024K)]
  0x0000028aa03db9f0 JavaThread "Signal Dispatcher"          daemon [_thread_blocked, id=13080, stack(0x000000c3c8e00000,0x000000c3c8f00000) (1024K)]
  0x0000028aa03de460 JavaThread "Attach Listener"            daemon [_thread_blocked, id=8684, stack(0x000000c3c8f00000,0x000000c3c9000000) (1024K)]
  0x0000028aa03deec0 JavaThread "Service Thread"             daemon [_thread_blocked, id=10304, stack(0x000000c3c9000000,0x000000c3c9100000) (1024K)]
  0x0000028aa03df920 JavaThread "Monitor Deflation Thread"   daemon [_thread_blocked, id=1056, stack(0x000000c3c9100000,0x000000c3c9200000) (1024K)]
=>0x0000028aa03e4770 JavaThread "C2 CompilerThread0"         daemon [_thread_in_native, id=14240, stack(0x000000c3c9200000,0x000000c3c9300000) (1024K)]
  0x0000028aa0455600 JavaThread "C1 CompilerThread0"         daemon [_thread_blocked, id=15200, stack(0x000000c3c9300000,0x000000c3c9400000) (1024K)]
  0x0000028aa04edec0 JavaThread "Common-Cleaner"             daemon [_thread_blocked, id=10408, stack(0x000000c3c9400000,0x000000c3c9500000) (1024K)]
  0x0000028aa0d66890 JavaThread "Notification Thread"        daemon [_thread_blocked, id=12012, stack(0x000000c3c9500000,0x000000c3c9600000) (1024K)]
  0x0000028ae613ab40 JavaThread "Active Thread: Equinox Container: 0c819350-fc5a-4698-a4e9-c639c71490b5"        [_thread_blocked, id=3104, stack(0x000000c3c9700000,0x000000c3c9800000) (1024K)]
  0x0000028ae6116f20 JavaThread "Framework Event Dispatcher: Equinox Container: 0c819350-fc5a-4698-a4e9-c639c71490b5" daemon [_thread_blocked, id=2716, stack(0x000000c3c9800000,0x000000c3c9900000) (1024K)]
  0x0000028ae6117da0 JavaThread "Start Level: Equinox Container: 0c819350-fc5a-4698-a4e9-c639c71490b5" daemon [_thread_blocked, id=13836, stack(0x000000c3c9900000,0x000000c3c9a00000) (1024K)]
  0x0000028ae639d560 JavaThread "SCR Component Actor"        daemon [_thread_blocked, id=6176, stack(0x000000c3c9a00000,0x000000c3c9b00000) (1024K)]
  0x0000028aa0d37c20 JavaThread "Worker-JM"                         [_thread_blocked, id=388, stack(0x000000c3c9b00000,0x000000c3c9c00000) (1024K)]
  0x0000028ae6e4b030 JavaThread "JNA Cleaner"                daemon [_thread_blocked, id=2360, stack(0x000000c3c9c00000,0x000000c3c9d00000) (1024K)]
  0x0000028ae69f3d10 JavaThread "Worker-0"                          [_thread_blocked, id=8284, stack(0x000000c3c9d00000,0x000000c3c9e00000) (1024K)]
  0x0000028ae667b050 JavaThread "Worker-1"                          [_thread_blocked, id=5060, stack(0x000000c3c9e00000,0x000000c3c9f00000) (1024K)]
  0x0000028ae667b6e0 JavaThread "Thread-1"                   daemon [_thread_in_native, id=12080, stack(0x000000c3c9f00000,0x000000c3ca000000) (1024K)]
  0x0000028ae667ca90 JavaThread "Thread-2"                   daemon [_thread_in_native, id=12892, stack(0x000000c3ca000000,0x000000c3ca100000) (1024K)]
  0x0000028ae667d7b0 JavaThread "Thread-3"                   daemon [_thread_in_native, id=13448, stack(0x000000c3ca100000,0x000000c3ca200000) (1024K)]
  0x0000028ae667e4d0 JavaThread "pool-2-thread-1"                   [_thread_blocked, id=680, stack(0x000000c3ca200000,0x000000c3ca300000) (1024K)]
  0x0000028ae667bd70 JavaThread "Worker-2"                          [_thread_blocked, id=12968, stack(0x000000c3ca300000,0x000000c3ca400000) (1024K)]
  0x0000028ae667c400 JavaThread "Worker-3"                          [_thread_blocked, id=1448, stack(0x000000c3ca400000,0x000000c3ca500000) (1024K)]
  0x0000028ae667d120 JavaThread "WorkspaceEventsHandler"            [_thread_blocked, id=3936, stack(0x000000c3ca500000,0x000000c3ca600000) (1024K)]
  0x0000028ae667de40 JavaThread "pool-1-thread-1"                   [_thread_in_vm, id=14568, stack(0x000000c3ca600000,0x000000c3ca700000) (1024K)]
  0x0000028ae6fd6610 JavaThread "Thread-4"                          [_thread_blocked, id=12564, stack(0x000000c3ca700000,0x000000c3ca800000) (1024K)]
  0x0000028ae6fd7330 JavaThread "Thread-5"                          [_thread_blocked, id=8716, stack(0x000000c3ca800000,0x000000c3ca900000) (1024K)]
Total: 29

Other Threads:
  0x0000028aa03bbde0 VMThread "VM Thread"                           [id=14136, stack(0x000000c3c8b00000,0x000000c3c8c00000) (1024K)]
  0x0000028aa03719e0 WatcherThread "VM Periodic Task Thread"        [id=13272, stack(0x000000c3c8a00000,0x000000c3c8b00000) (1024K)]
  0x0000028a850ee9a0 WorkerThread "GC Thread#0"                     [id=13892, stack(0x000000c3c8900000,0x000000c3c8a00000) (1024K)]
  0x0000028aa0db2660 WorkerThread "GC Thread#1"                     [id=3552, stack(0x000000c3c9600000,0x000000c3c9700000) (1024K)]
Total: 4

Threads with active compile tasks:
C2 CompilerThread0  34168 4248 %     4       org.lombokweb.asm.SymbolTable::<init> @ 98 (554 bytes)
Total: 1

VM state: not at safepoint (normal execution)

VM Mutex/Monitor currently owned by a thread: None

Heap address: 0x0000000700000000, size: 4096 MB, Compressed Oops mode: Zero based, Oop shift amount: 3

CDS archive(s) mapped at: [0x0000028aa1000000-0x0000028aa1ba0000-0x0000028aa1ba0000), size 12189696, SharedBaseAddress: 0x0000028aa1000000, ArchiveRelocationMode: 1.
Compressed class space mapped at: 0x0000028aa2000000-0x0000028ae2000000, reserved size: 1073741824
Narrow klass base: 0x0000028aa1000000, Narrow klass shift: 0, Narrow klass range: 0x100000000

GC Precious Log:
 CardTable entry size: 512
 CPUs: 2 total, 2 available
 Memory: 8008M
 Large Page Support: Disabled
 NUMA Support: Disabled
 Compressed Oops: Enabled (Zero based)
 Alignments: Space 512K, Generation 512K, Heap 2M
 Heap Min Capacity: 100M
 Heap Initial Capacity: 100M
 Heap Max Capacity: 4G
 Pre-touch: Disabled
 Parallel Workers: 2

Heap:
 PSYoungGen      total 22528K, used 12721K [0x00000007aab00000, 0x00000007ac600000, 0x0000000800000000)
  eden space 22016K, 57% used [0x00000007aab00000,0x00000007ab76c420,0x00000007ac080000)
  from space 512K, 0% used [0x00000007ac580000,0x00000007ac580000,0x00000007ac600000)
  to   space 1024K, 0% used [0x00000007ac400000,0x00000007ac400000,0x00000007ac500000)
 ParOldGen       total 68608K, used 15903K [0x0000000700000000, 0x0000000704300000, 0x00000007aab00000)
  object space 68608K, 23% used [0x0000000700000000,0x0000000700f87c30,0x0000000704300000)
 Metaspace       used 35720K, committed 36672K, reserved 1114112K
  class space    used 3579K, committed 3968K, reserved 1048576K

Card table byte_map: [0x0000028a972e0000,0x0000028a97af0000] _byte_map_base: 0x0000028a93ae0000

Marking Bits: (ParMarkBitMap*) 0x00007ffe4efb44a0
 Begin Bits: [0x0000028a97af0000, 0x0000028a9baf0000)
 End Bits:   [0x0000028a9baf0000, 0x0000028a9faf0000)

Polling page: 0x0000028a848a0000

Metaspace:

Usage:
  Non-class:     31.39 MB used.
      Class:      3.50 MB used.
       Both:     34.88 MB used.

Virtual space:
  Non-class space:       64.00 MB reserved,      31.94 MB ( 50%) committed,  1 nodes.
      Class space:        1.00 GB reserved,       3.88 MB ( <1%) committed,  1 nodes.
             Both:        1.06 GB reserved,      35.81 MB (  3%) committed. 

Chunk freelists:
   Non-Class:  76.00 KB
       Class:  12.07 MB
        Both:  12.14 MB

MaxMetaspaceSize: unlimited
CompressedClassSpaceSize: 1.00 GB
Initial GC threshold: 21.00 MB
Current GC threshold: 58.38 MB
CDS: on
 - commit_granule_bytes: 65536.
 - commit_granule_words: 8192.
 - virtual_space_node_default_size: 8388608.
 - enlarge_chunks_in_place: 1.
 - use_allocation_guard: 0.


Internal statistics:

num_allocs_failed_limit: 6.
num_arena_births: 600.
num_arena_deaths: 14.
num_vsnodes_births: 2.
num_vsnodes_deaths: 0.
num_space_committed: 573.
num_space_uncommitted: 0.
num_chunks_returned_to_freelist: 20.
num_chunks_taken_from_freelist: 1988.
num_chunk_merges: 8.
num_chunk_splits: 1313.
num_chunks_enlarged: 875.
num_inconsistent_stats: 0.

CodeHeap 'non-profiled nmethods': size=120064Kb used=1886Kb max_used=2098Kb free=118177Kb
 bounds [0x0000028a8fda0000, 0x0000028a90010000, 0x0000028a972e0000]
CodeHeap 'profiled nmethods': size=120000Kb used=8471Kb max_used=9253Kb free=111528Kb
 bounds [0x0000028a882e0000, 0x0000028a88bf0000, 0x0000028a8f810000]
CodeHeap 'non-nmethods': size=5696Kb used=1366Kb max_used=1390Kb free=4329Kb
 bounds [0x0000028a8f810000, 0x0000028a8fa80000, 0x0000028a8fda0000]
CodeCache: size=245760Kb, used=11723Kb, max_used=12741Kb, free=234034Kb
 total_blobs=4559, nmethods=3891, adapters=575, full_count=0
Compilation: enabled, stopped_count=0, restarted_count=0

Compilation events (20 events):
Event: 33.801 Thread 0x0000028aa0455600 nmethod 4245 0x0000028a88351710 code [0x0000028a883518e0, 0x0000028a88351b08]
Event: 33.820 Thread 0x0000028aa03e4770 4246 %     4       org.lombokweb.asm.ClassReader::<init> @ 95 (359 bytes)
Event: 33.833 Thread 0x0000028aa0455600 4247       3       java.util.regex.Pattern$StartS::match (138 bytes)
Event: 33.836 Thread 0x0000028aa0455600 nmethod 4247 0x0000028a884bf710 code [0x0000028a884bf960, 0x0000028a884c03e0]
Event: 33.850 Thread 0x0000028aa03e4770 nmethod 4246% 0x0000028a8fdac110 code [0x0000028a8fdac340, 0x0000028a8fdacc08]
Event: 33.850 Thread 0x0000028aa03e4770 4248 %     4       org.lombokweb.asm.SymbolTable::<init> @ 98 (554 bytes)
Event: 33.852 Thread 0x0000028aa0455600 4249       1       lombok.patcher.scripts.WrapMethodCallScript::access$0 (5 bytes)
Event: 33.852 Thread 0x0000028aa0455600 nmethod 4249 0x0000028a8fdb0d90 code [0x0000028a8fdb0f20, 0x0000028a8fdb0fd0]
Event: 33.857 Thread 0x0000028aa0455600 4250 %     3       java.util.regex.Pattern$CharPropertyGreedy::match @ 12 (160 bytes)
Event: 33.859 Thread 0x0000028aa0455600 nmethod 4250% 0x0000028a88372a10 code [0x0000028a88372c60, 0x0000028a88373778]
Event: 33.859 Thread 0x0000028aa0455600 4251       3       java.util.regex.Pattern$CharPropertyGreedy::match (160 bytes)
Event: 33.860 Thread 0x0000028aa0455600 nmethod 4251 0x0000028a88526f90 code [0x0000028a885271e0, 0x0000028a88527b68]
Event: 33.861 Thread 0x0000028aa0455600 4252       3       java.util.regex.Pattern$Begin::match (62 bytes)
Event: 33.861 Thread 0x0000028aa0455600 nmethod 4252 0x0000028a88645a10 code [0x0000028a88645be0, 0x0000028a88645f18]
Event: 33.862 Thread 0x0000028aa0455600 4253       3       java.util.regex.Pattern$Dollar::match (209 bytes)
Event: 33.863 Thread 0x0000028aa0455600 nmethod 4253 0x0000028a88308b10 code [0x0000028a88308da0, 0x0000028a88309a50]
Event: 33.865 Thread 0x0000028aa0455600 4255       3       java.util.regex.Pattern$Loop::match (196 bytes)
Event: 33.866 Thread 0x0000028aa0455600 nmethod 4255 0x0000028a883b9f90 code [0x0000028a883ba200, 0x0000028a883bab28]
Event: 33.870 Thread 0x0000028aa0455600 4256       3       lombok.patcher.PatchScript$2::visitMethod (45 bytes)
Event: 33.871 Thread 0x0000028aa0455600 nmethod 4256 0x0000028a8831bb90 code [0x0000028a8831bd80, 0x0000028a8831c148]

GC Heap History (20 events):
Event: 11.218 GC heap before
{Heap before GC invocations=5 (full 0):
 PSYoungGen      total 29696K, used 29656K [0x00000007aab00000, 0x00000007acc00000, 0x0000000800000000)
  eden space 25600K, 99% used [0x00000007aab00000,0x00000007ac3f6ce8,0x00000007ac400000)
  from space 4096K, 99% used [0x00000007ac800000,0x00000007acbff638,0x00000007acc00000)
  to   space 4096K, 0% used [0x00000007ac400000,0x00000007ac400000,0x00000007ac800000)
 ParOldGen       total 68608K, used 4596K [0x0000000700000000, 0x0000000704300000, 0x00000007aab00000)
  object space 68608K, 6% used [0x0000000700000000,0x000000070047d028,0x0000000704300000)
 Metaspace       used 20472K, committed 21184K, reserved 1114112K
  class space    used 2031K, committed 2304K, reserved 1048576K
}
Event: 11.233 GC heap after
{Heap after GC invocations=5 (full 0):
 PSYoungGen      total 29184K, used 4085K [0x00000007aab00000, 0x00000007acd80000, 0x0000000800000000)
  eden space 25088K, 0% used [0x00000007aab00000,0x00000007aab00000,0x00000007ac380000)
  from space 4096K, 99% used [0x00000007ac400000,0x00000007ac7fd6b8,0x00000007ac800000)
  to   space 5120K, 0% used [0x00000007ac880000,0x00000007ac880000,0x00000007acd80000)
 ParOldGen       total 68608K, used 4772K [0x0000000700000000, 0x0000000704300000, 0x00000007aab00000)
  object space 68608K, 6% used [0x0000000700000000,0x00000007004a9028,0x0000000704300000)
 Metaspace       used 20472K, committed 21184K, reserved 1114112K
  class space    used 2031K, committed 2304K, reserved 1048576K
}
Event: 11.293 GC heap before
{Heap before GC invocations=6 (full 0):
 PSYoungGen      total 29184K, used 10291K [0x00000007aab00000, 0x00000007acd80000, 0x0000000800000000)
  eden space 25088K, 24% used [0x00000007aab00000,0x00000007ab10f6f0,0x00000007ac380000)
  from space 4096K, 99% used [0x00000007ac400000,0x00000007ac7fd6b8,0x00000007ac800000)
  to   space 5120K, 0% used [0x00000007ac880000,0x00000007ac880000,0x00000007acd80000)
 ParOldGen       total 68608K, used 4772K [0x0000000700000000, 0x0000000704300000, 0x00000007aab00000)
  object space 68608K, 6% used [0x0000000700000000,0x00000007004a9028,0x0000000704300000)
 Metaspace       used 20801K, committed 21504K, reserved 1114112K
  class space    used 2069K, committed 2368K, reserved 1048576K
}
Event: 11.307 GC heap after
{Heap after GC invocations=6 (full 0):
 PSYoungGen      total 29696K, used 4481K [0x00000007aab00000, 0x00000007acd00000, 0x0000000800000000)
  eden space 25088K, 0% used [0x00000007aab00000,0x00000007aab00000,0x00000007ac380000)
  from space 4608K, 97% used [0x00000007ac880000,0x00000007acce0760,0x00000007acd00000)
  to   space 4608K, 0% used [0x00000007ac400000,0x00000007ac400000,0x00000007ac880000)
 ParOldGen       total 68608K, used 4772K [0x0000000700000000, 0x0000000704300000, 0x00000007aab00000)
  object space 68608K, 6% used [0x0000000700000000,0x00000007004a9028,0x0000000704300000)
 Metaspace       used 20801K, committed 21504K, reserved 1114112K
  class space    used 2069K, committed 2368K, reserved 1048576K
}
Event: 11.307 GC heap before
{Heap before GC invocations=7 (full 1):
 PSYoungGen      total 29696K, used 4481K [0x00000007aab00000, 0x00000007acd00000, 0x0000000800000000)
  eden space 25088K, 0% used [0x00000007aab00000,0x00000007aab00000,0x00000007ac380000)
  from space 4608K, 97% used [0x00000007ac880000,0x00000007acce0760,0x00000007acd00000)
  to   space 4608K, 0% used [0x00000007ac400000,0x00000007ac400000,0x00000007ac880000)
 ParOldGen       total 68608K, used 4772K [0x0000000700000000, 0x0000000704300000, 0x00000007aab00000)
  object space 68608K, 6% used [0x0000000700000000,0x00000007004a9028,0x0000000704300000)
 Metaspace       used 20801K, committed 21504K, reserved 1114112K
  class space    used 2069K, committed 2368K, reserved 1048576K
}
Event: 11.401 GC heap after
{Heap after GC invocations=7 (full 1):
 PSYoungGen      total 29696K, used 0K [0x00000007aab00000, 0x00000007acd00000, 0x0000000800000000)
  eden space 25088K, 0% used [0x00000007aab00000,0x00000007aab00000,0x00000007ac380000)
  from space 4608K, 0% used [0x00000007ac880000,0x00000007ac880000,0x00000007acd00000)
  to   space 4608K, 0% used [0x00000007ac400000,0x00000007ac400000,0x00000007ac880000)
 ParOldGen       total 68608K, used 8920K [0x0000000700000000, 0x0000000704300000, 0x00000007aab00000)
  object space 68608K, 13% used [0x0000000700000000,0x00000007008b61d8,0x0000000704300000)
 Metaspace       used 20788K, committed 21504K, reserved 1114112K
  class space    used 2065K, committed 2368K, reserved 1048576K
}
Event: 17.295 GC heap before
{Heap before GC invocations=8 (full 1):
 PSYoungGen      total 29696K, used 25051K [0x00000007aab00000, 0x00000007acd00000, 0x0000000800000000)
  eden space 25088K, 99% used [0x00000007aab00000,0x00000007ac376e60,0x00000007ac380000)
  from space 4608K, 0% used [0x00000007ac880000,0x00000007ac880000,0x00000007acd00000)
  to   space 4608K, 0% used [0x00000007ac400000,0x00000007ac400000,0x00000007ac880000)
 ParOldGen       total 68608K, used 8920K [0x0000000700000000, 0x0000000704300000, 0x00000007aab00000)
  object space 68608K, 13% used [0x0000000700000000,0x00000007008b61d8,0x0000000704300000)
 Metaspace       used 23149K, committed 23872K, reserved 1114112K
  class space    used 2245K, committed 2560K, reserved 1048576K
}
Event: 17.299 GC heap after
{Heap after GC invocations=8 (full 1):
 PSYoungGen      total 27136K, used 2345K [0x00000007aab00000, 0x00000007aca00000, 0x0000000800000000)
  eden space 24576K, 0% used [0x00000007aab00000,0x00000007aab00000,0x00000007ac300000)
  from space 2560K, 91% used [0x00000007ac400000,0x00000007ac64a5e0,0x00000007ac680000)
  to   space 3584K, 0% used [0x00000007ac680000,0x00000007ac680000,0x00000007aca00000)
 ParOldGen       total 68608K, used 8928K [0x0000000700000000, 0x0000000704300000, 0x00000007aab00000)
  object space 68608K, 13% used [0x0000000700000000,0x00000007008b81d8,0x0000000704300000)
 Metaspace       used 23149K, committed 23872K, reserved 1114112K
  class space    used 2245K, committed 2560K, reserved 1048576K
}
Event: 21.013 GC heap before
{Heap before GC invocations=9 (full 1):
 PSYoungGen      total 27136K, used 26921K [0x00000007aab00000, 0x00000007aca00000, 0x0000000800000000)
  eden space 24576K, 100% used [0x00000007aab00000,0x00000007ac300000,0x00000007ac300000)
  from space 2560K, 91% used [0x00000007ac400000,0x00000007ac64a5e0,0x00000007ac680000)
  to   space 3584K, 0% used [0x00000007ac680000,0x00000007ac680000,0x00000007aca00000)
 ParOldGen       total 68608K, used 8928K [0x0000000700000000, 0x0000000704300000, 0x00000007aab00000)
  object space 68608K, 13% used [0x0000000700000000,0x00000007008b81d8,0x0000000704300000)
 Metaspace       used 26800K, committed 27712K, reserved 1114112K
  class space    used 2638K, committed 3008K, reserved 1048576K
}
Event: 21.028 GC heap after
{Heap after GC invocations=9 (full 1):
 PSYoungGen      total 27136K, used 3553K [0x00000007aab00000, 0x00000007acb80000, 0x0000000800000000)
  eden space 23552K, 0% used [0x00000007aab00000,0x00000007aab00000,0x00000007ac200000)
  from space 3584K, 99% used [0x00000007ac680000,0x00000007ac9f8780,0x00000007aca00000)
  to   space 4608K, 0% used [0x00000007ac200000,0x00000007ac200000,0x00000007ac680000)
 ParOldGen       total 68608K, used 9624K [0x0000000700000000, 0x0000000704300000, 0x00000007aab00000)
  object space 68608K, 14% used [0x0000000700000000,0x0000000700966238,0x0000000704300000)
 Metaspace       used 26800K, committed 27712K, reserved 1114112K
  class space    used 2638K, committed 3008K, reserved 1048576K
}
Event: 23.791 GC heap before
{Heap before GC invocations=10 (full 1):
 PSYoungGen      total 27136K, used 27105K [0x00000007aab00000, 0x00000007acb80000, 0x0000000800000000)
  eden space 23552K, 100% used [0x00000007aab00000,0x00000007ac200000,0x00000007ac200000)
  from space 3584K, 99% used [0x00000007ac680000,0x00000007ac9f8780,0x00000007aca00000)
  to   space 4608K, 0% used [0x00000007ac200000,0x00000007ac200000,0x00000007ac680000)
 ParOldGen       total 68608K, used 9624K [0x0000000700000000, 0x0000000704300000, 0x00000007aab00000)
  object space 68608K, 14% used [0x0000000700000000,0x0000000700966238,0x0000000704300000)
 Metaspace       used 29598K, committed 30464K, reserved 1114112K
  class space    used 2948K, committed 3328K, reserved 1048576K
}
Event: 23.807 GC heap after
{Heap after GC invocations=10 (full 1):
 PSYoungGen      total 27648K, used 4587K [0x00000007aab00000, 0x00000007acc80000, 0x0000000800000000)
  eden space 23040K, 0% used [0x00000007aab00000,0x00000007aab00000,0x00000007ac180000)
  from space 4608K, 99% used [0x00000007ac200000,0x00000007ac67ada8,0x00000007ac680000)
  to   space 5632K, 0% used [0x00000007ac700000,0x00000007ac700000,0x00000007acc80000)
 ParOldGen       total 68608K, used 10072K [0x0000000700000000, 0x0000000704300000, 0x00000007aab00000)
  object space 68608K, 14% used [0x0000000700000000,0x00000007009d6238,0x0000000704300000)
 Metaspace       used 29598K, committed 30464K, reserved 1114112K
  class space    used 2948K, committed 3328K, reserved 1048576K
}
Event: 27.170 GC heap before
{Heap before GC invocations=11 (full 1):
 PSYoungGen      total 27648K, used 27627K [0x00000007aab00000, 0x00000007acc80000, 0x0000000800000000)
  eden space 23040K, 100% used [0x00000007aab00000,0x00000007ac180000,0x00000007ac180000)
  from space 4608K, 99% used [0x00000007ac200000,0x00000007ac67ada8,0x00000007ac680000)
  to   space 5632K, 0% used [0x00000007ac700000,0x00000007ac700000,0x00000007acc80000)
 ParOldGen       total 68608K, used 10072K [0x0000000700000000, 0x0000000704300000, 0x00000007aab00000)
  object space 68608K, 14% used [0x0000000700000000,0x00000007009d6238,0x0000000704300000)
 Metaspace       used 31637K, committed 32640K, reserved 1114112K
  class space    used 3153K, committed 3584K, reserved 1048576K
}
Event: 27.192 GC heap after
{Heap after GC invocations=11 (full 1):
 PSYoungGen      total 25088K, used 2127K [0x00000007aab00000, 0x00000007ac980000, 0x0000000800000000)
  eden space 22528K, 0% used [0x00000007aab00000,0x00000007aab00000,0x00000007ac100000)
  from space 2560K, 83% used [0x00000007ac700000,0x00000007ac913c58,0x00000007ac980000)
  to   space 3584K, 0% used [0x00000007ac280000,0x00000007ac280000,0x00000007ac600000)
 ParOldGen       total 68608K, used 13606K [0x0000000700000000, 0x0000000704300000, 0x00000007aab00000)
  object space 68608K, 19% used [0x0000000700000000,0x0000000700d49998,0x0000000704300000)
 Metaspace       used 31637K, committed 32640K, reserved 1114112K
  class space    used 3153K, committed 3584K, reserved 1048576K
}
Event: 29.780 GC heap before
{Heap before GC invocations=12 (full 1):
 PSYoungGen      total 25088K, used 24595K [0x00000007aab00000, 0x00000007ac980000, 0x0000000800000000)
  eden space 22528K, 99% used [0x00000007aab00000,0x00000007ac0f1238,0x00000007ac100000)
  from space 2560K, 83% used [0x00000007ac700000,0x00000007ac913c58,0x00000007ac980000)
  to   space 3584K, 0% used [0x00000007ac280000,0x00000007ac280000,0x00000007ac600000)
 ParOldGen       total 68608K, used 13606K [0x0000000700000000, 0x0000000704300000, 0x00000007aab00000)
  object space 68608K, 19% used [0x0000000700000000,0x0000000700d49998,0x0000000704300000)
 Metaspace       used 34014K, committed 35008K, reserved 1114112K
  class space    used 3431K, committed 3840K, reserved 1048576K
}
Event: 29.798 GC heap after
{Heap after GC invocations=12 (full 1):
 PSYoungGen      total 23040K, used 952K [0x00000007aab00000, 0x00000007ac780000, 0x0000000800000000)
  eden space 22016K, 0% used [0x00000007aab00000,0x00000007aab00000,0x00000007ac080000)
  from space 1024K, 93% used [0x00000007ac280000,0x00000007ac36e328,0x00000007ac380000)
  to   space 2048K, 0% used [0x00000007ac580000,0x00000007ac580000,0x00000007ac780000)
 ParOldGen       total 68608K, used 15664K [0x0000000700000000, 0x0000000704300000, 0x00000007aab00000)
  object space 68608K, 22% used [0x0000000700000000,0x0000000700f4c2d0,0x0000000704300000)
 Metaspace       used 34014K, committed 35008K, reserved 1114112K
  class space    used 3431K, committed 3840K, reserved 1048576K
}
Event: 32.502 GC heap before
{Heap before GC invocations=13 (full 1):
 PSYoungGen      total 23040K, used 16571K [0x00000007aab00000, 0x00000007ac780000, 0x0000000800000000)
  eden space 22016K, 70% used [0x00000007aab00000,0x00000007aba409c8,0x00000007ac080000)
  from space 1024K, 93% used [0x00000007ac280000,0x00000007ac36e328,0x00000007ac380000)
  to   space 2048K, 0% used [0x00000007ac580000,0x00000007ac580000,0x00000007ac780000)
 ParOldGen       total 68608K, used 15664K [0x0000000700000000, 0x0000000704300000, 0x00000007aab00000)
  object space 68608K, 22% used [0x0000000700000000,0x0000000700f4c2d0,0x0000000704300000)
 Metaspace       used 34911K, committed 35840K, reserved 1114112K
  class space    used 3514K, committed 3904K, reserved 1048576K
}
Event: 32.509 GC heap after
{Heap after GC invocations=13 (full 1):
 PSYoungGen      total 22528K, used 372K [0x00000007aab00000, 0x00000007ac600000, 0x0000000800000000)
  eden space 22016K, 0% used [0x00000007aab00000,0x00000007aab00000,0x00000007ac080000)
  from space 512K, 72% used [0x00000007ac580000,0x00000007ac5dd340,0x00000007ac600000)
  to   space 1024K, 0% used [0x00000007ac400000,0x00000007ac400000,0x00000007ac500000)
 ParOldGen       total 68608K, used 16578K [0x0000000700000000, 0x0000000704300000, 0x00000007aab00000)
  object space 68608K, 24% used [0x0000000700000000,0x0000000701030b38,0x0000000704300000)
 Metaspace       used 34911K, committed 35840K, reserved 1114112K
  class space    used 3514K, committed 3904K, reserved 1048576K
}
Event: 32.509 GC heap before
{Heap before GC invocations=14 (full 2):
 PSYoungGen      total 22528K, used 372K [0x00000007aab00000, 0x00000007ac600000, 0x0000000800000000)
  eden space 22016K, 0% used [0x00000007aab00000,0x00000007aab00000,0x00000007ac080000)
  from space 512K, 72% used [0x00000007ac580000,0x00000007ac5dd340,0x00000007ac600000)
  to   space 1024K, 0% used [0x00000007ac400000,0x00000007ac400000,0x00000007ac500000)
 ParOldGen       total 68608K, used 16578K [0x0000000700000000, 0x0000000704300000, 0x00000007aab00000)
  object space 68608K, 24% used [0x0000000700000000,0x0000000701030b38,0x0000000704300000)
 Metaspace       used 34911K, committed 35840K, reserved 1114112K
  class space    used 3514K, committed 3904K, reserved 1048576K
}
Event: 32.699 GC heap after
{Heap after GC invocations=14 (full 2):
 PSYoungGen      total 22528K, used 0K [0x00000007aab00000, 0x00000007ac600000, 0x0000000800000000)
  eden space 22016K, 0% used [0x00000007aab00000,0x00000007aab00000,0x00000007ac080000)
  from space 512K, 0% used [0x00000007ac580000,0x00000007ac580000,0x00000007ac600000)
  to   space 1024K, 0% used [0x00000007ac400000,0x00000007ac400000,0x00000007ac500000)
 ParOldGen       total 68608K, used 15903K [0x0000000700000000, 0x0000000704300000, 0x00000007aab00000)
  object space 68608K, 23% used [0x0000000700000000,0x0000000700f87c30,0x0000000704300000)
 Metaspace       used 34911K, committed 35840K, reserved 1114112K
  class space    used 3514K, committed 3904K, reserved 1048576K
}

Dll operation events (20 events):
Event: 0.019 Attempting to load shared library c:\Users\jaimi\.vscode\extensions\redhat.java-1.56.0-win32-x64\jre\21.0.12.1-win32-x86_64\bin\java.dll
Event: 0.019 Loaded shared library c:\Users\jaimi\.vscode\extensions\redhat.java-1.56.0-win32-x64\jre\21.0.12.1-win32-x86_64\bin\java.dll
Event: 0.453 Attempting to load shared library c:\Users\jaimi\.vscode\extensions\redhat.java-1.56.0-win32-x64\jre\21.0.12.1-win32-x86_64\bin\zip.dll
Event: 0.454 Loaded shared library c:\Users\jaimi\.vscode\extensions\redhat.java-1.56.0-win32-x64\jre\21.0.12.1-win32-x86_64\bin\zip.dll
Event: 0.602 Attempting to load shared library C:\Users\jaimi\.vscode\extensions\redhat.java-1.56.0-win32-x64\jre\21.0.12.1-win32-x86_64\bin\instrument.dll
Event: 0.602 Loaded shared library C:\Users\jaimi\.vscode\extensions\redhat.java-1.56.0-win32-x64\jre\21.0.12.1-win32-x86_64\bin\instrument.dll
Event: 0.622 Attempting to load shared library C:\Users\jaimi\.vscode\extensions\redhat.java-1.56.0-win32-x64\jre\21.0.12.1-win32-x86_64\bin\net.dll
Event: 0.623 Loaded shared library C:\Users\jaimi\.vscode\extensions\redhat.java-1.56.0-win32-x64\jre\21.0.12.1-win32-x86_64\bin\net.dll
Event: 0.628 Attempting to load shared library C:\Users\jaimi\.vscode\extensions\redhat.java-1.56.0-win32-x64\jre\21.0.12.1-win32-x86_64\bin\nio.dll
Event: 0.628 Loaded shared library C:\Users\jaimi\.vscode\extensions\redhat.java-1.56.0-win32-x64\jre\21.0.12.1-win32-x86_64\bin\nio.dll
Event: 0.640 Attempting to load shared library C:\Users\jaimi\.vscode\extensions\redhat.java-1.56.0-win32-x64\jre\21.0.12.1-win32-x86_64\bin\zip.dll
Event: 0.640 Loaded shared library C:\Users\jaimi\.vscode\extensions\redhat.java-1.56.0-win32-x64\jre\21.0.12.1-win32-x86_64\bin\zip.dll
Event: 0.725 Attempting to load shared library C:\Users\jaimi\.vscode\extensions\redhat.java-1.56.0-win32-x64\jre\21.0.12.1-win32-x86_64\bin\jimage.dll
Event: 0.725 Loaded shared library C:\Users\jaimi\.vscode\extensions\redhat.java-1.56.0-win32-x64\jre\21.0.12.1-win32-x86_64\bin\jimage.dll
Event: 1.606 Attempting to load shared library c:\Users\jaimi\.vscode\extensions\redhat.java-1.56.0-win32-x64\jre\21.0.12.1-win32-x86_64\bin\verify.dll
Event: 1.607 Loaded shared library c:\Users\jaimi\.vscode\extensions\redhat.java-1.56.0-win32-x64\jre\21.0.12.1-win32-x86_64\bin\verify.dll
Event: 6.444 Attempting to load shared library C:\Users\jaimi\AppData\Roaming\Code\User\globalStorage\redhat.java\1.56.0\config_ss_win\org.eclipse.equinox.launcher\org.eclipse.equinox.launcher.win32.win32.x86_64_1.3.100.v20260804-1928\eclipse_11924.dll
Event: 6.447 Loaded shared library C:\Users\jaimi\AppData\Roaming\Code\User\globalStorage\redhat.java\1.56.0\config_ss_win\org.eclipse.equinox.launcher\org.eclipse.equinox.launcher.win32.win32.x86_64_1.3.100.v20260804-1928\eclipse_11924.dll
Event: 9.904 Attempting to load shared library C:\Users\jaimi\AppData\Local\Temp\jna-100887342\jna3922204339369848845.dll
Event: 10.055 Loaded shared library C:\Users\jaimi\AppData\Local\Temp\jna-100887342\jna3922204339369848845.dll

Deoptimization events (20 events):
Event: 29.142 Thread 0x0000028ae6fd7330 DEOPT PACKING pc=0x0000028a8882e32d sp=0x000000c3ca8f94a0
Event: 29.142 Thread 0x0000028ae6fd7330 DEOPT UNPACKING pc=0x0000028a8f864223 sp=0x000000c3ca8f8950 mode 0
Event: 29.378 Thread 0x0000028ae6fd7330 DEOPT PACKING pc=0x0000028a8838cf88 sp=0x000000c3ca8f91c0
Event: 29.378 Thread 0x0000028ae6fd7330 DEOPT UNPACKING pc=0x0000028a8f864223 sp=0x000000c3ca8f86a8 mode 0
Event: 32.043 Thread 0x0000028ae6fd7330 DEOPT PACKING pc=0x0000028a88519d7b sp=0x000000c3ca8fc100
Event: 32.043 Thread 0x0000028ae6fd7330 DEOPT UNPACKING pc=0x0000028a8f864223 sp=0x000000c3ca8fb638 mode 0
Event: 32.764 Thread 0x0000028ae6fd7330 Uncommon trap: trap_request=0xffffff45 fr.pc=0x0000028a8fefe154 relative=0x0000000000000d54
Event: 32.764 Thread 0x0000028ae6fd7330 Uncommon trap: reason=unstable_if action=reinterpret pc=0x0000028a8fefe154 method=java.util.TreeMap.put(Ljava/lang/Object;Ljava/lang/Object;Z)Ljava/lang/Object; @ 27 c2
Event: 32.764 Thread 0x0000028ae6fd7330 DEOPT PACKING pc=0x0000028a8fefe154 sp=0x000000c3ca8fd6c0
Event: 32.764 Thread 0x0000028ae6fd7330 DEOPT UNPACKING pc=0x0000028a8f863a9c sp=0x000000c3ca8fd670 mode 2
Event: 32.912 Thread 0x0000028ae6fd6610 Uncommon trap: trap_request=0xffffff45 fr.pc=0x0000028a8febb308 relative=0x00000000000009a8
Event: 32.912 Thread 0x0000028ae6fd6610 Uncommon trap: reason=unstable_if action=reinterpret pc=0x0000028a8febb308 method=java.util.concurrent.ConcurrentHashMap.putVal(Ljava/lang/Object;Ljava/lang/Object;Z)Ljava/lang/Object; @ 97 c2
Event: 32.912 Thread 0x0000028ae6fd6610 DEOPT PACKING pc=0x0000028a8febb308 sp=0x000000c3ca7fde10
Event: 32.912 Thread 0x0000028ae6fd6610 DEOPT UNPACKING pc=0x0000028a8f863a9c sp=0x000000c3ca7fdd98 mode 2
Event: 33.036 Thread 0x0000028ae6fd7330 DEOPT PACKING pc=0x0000028a883a1d49 sp=0x000000c3ca8f90b0
Event: 33.036 Thread 0x0000028ae6fd7330 DEOPT UNPACKING pc=0x0000028a8f864223 sp=0x000000c3ca8f85b0 mode 0
Event: 33.860 Thread 0x0000028ae667de40 DEOPT PACKING pc=0x0000028a887dba72 sp=0x000000c3ca6f9810
Event: 33.860 Thread 0x0000028ae667de40 DEOPT UNPACKING pc=0x0000028a8f864223 sp=0x000000c3ca6f8cc0 mode 0
Event: 33.872 Thread 0x0000028ae667de40 DEOPT PACKING pc=0x0000028a887fe603 sp=0x000000c3ca6fa020
Event: 33.872 Thread 0x0000028ae667de40 DEOPT UNPACKING pc=0x0000028a8f864223 sp=0x000000c3ca6f9550 mode 0

Classes loaded (20 events):
Event: 26.224 Loading class sun/nio/ch/WindowsAsynchronousFileChannelImpl$WriteTask
Event: 26.225 Loading class sun/nio/ch/WindowsAsynchronousFileChannelImpl$WriteTask done
Event: 26.911 Loading class java/util/concurrent/CompletableFuture$UniApply
Event: 26.911 Loading class java/util/concurrent/CompletableFuture$UniCompletion
Event: 26.911 Loading class java/util/concurrent/CompletableFuture$UniCompletion done
Event: 26.917 Loading class java/util/concurrent/CompletableFuture$UniApply done
Event: 26.919 Loading class java/util/concurrent/CancellationException
Event: 26.919 Loading class java/util/concurrent/CancellationException done
Event: 26.921 Loading class java/util/concurrent/CompletableFuture$UniAccept
Event: 26.922 Loading class java/util/concurrent/CompletableFuture$UniAccept done
Event: 26.923 Loading class java/util/concurrent/CompletableFuture$UniExceptionally
Event: 26.923 Loading class java/util/concurrent/CompletableFuture$UniExceptionally done
Event: 27.449 Loading class java/lang/ExceptionInInitializerError
Event: 27.449 Loading class java/lang/ExceptionInInitializerError done
Event: 27.912 Loading class sun/misc/Unsafe
Event: 27.913 Loading class sun/misc/Unsafe done
Event: 30.917 Loading class java/util/Vector$1
Event: 30.918 Loading class java/util/Vector$1 done
Event: 33.044 Loading class java/util/regex/Pattern$Caret
Event: 33.044 Loading class java/util/regex/Pattern$Caret done

Classes unloaded (7 events):
Event: 11.325 Thread 0x0000028aa03bbde0 Unloading class 0x0000028aa218c000 'java/lang/invoke/LambdaForm$MH+0x0000028aa218c000'
Event: 11.325 Thread 0x0000028aa03bbde0 Unloading class 0x0000028aa218bc00 'java/lang/invoke/LambdaForm$MH+0x0000028aa218bc00'
Event: 11.325 Thread 0x0000028aa03bbde0 Unloading class 0x0000028aa218b800 'java/lang/invoke/LambdaForm$MH+0x0000028aa218b800'
Event: 11.325 Thread 0x0000028aa03bbde0 Unloading class 0x0000028aa218b400 'java/lang/invoke/LambdaForm$MH+0x0000028aa218b400'
Event: 11.325 Thread 0x0000028aa03bbde0 Unloading class 0x0000028aa218b000 'java/lang/invoke/LambdaForm$BMH+0x0000028aa218b000'
Event: 11.325 Thread 0x0000028aa03bbde0 Unloading class 0x0000028aa218ac00 'java/lang/invoke/LambdaForm$DMH+0x0000028aa218ac00'
Event: 11.325 Thread 0x0000028aa03bbde0 Unloading class 0x0000028aa2189800 'java/lang/invoke/LambdaForm$DMH+0x0000028aa2189800'

Classes redefined (0 events):
No events

Internal exceptions (20 events):
Event: 20.909 Thread 0x0000028ae667b050 Exception <a 'sun/nio/fs/WindowsException'{0x00000007ac2dd630}> (0x00000007ac2dd630) 
thrown [s\src\hotspot\share\prims\jni.cpp, line 520]
Event: 20.910 Thread 0x0000028ae667b050 Exception <a 'sun/nio/fs/WindowsException'{0x00000007ac2de0c0}> (0x00000007ac2de0c0) 
thrown [s\src\hotspot\share\prims\jni.cpp, line 520]
Event: 20.911 Thread 0x0000028ae667b050 Exception <a 'sun/nio/fs/WindowsException'{0x00000007ac2de710}> (0x00000007ac2de710) 
thrown [s\src\hotspot\share\prims\jni.cpp, line 520]
Event: 21.050 Thread 0x0000028ae667b050 Exception <a 'java/lang/NoSuchMethodError'{0x00000007aab55018}: 'void java.lang.invoke.DirectMethodHandle$Holder.invokeVirtual(java.lang.Object, java.lang.Object, java.lang.Object, java.lang.Object)'> (0x00000007aab55018) 
thrown [s\src\hotspot\share\interpreter\linkResolver.cpp, line 773]
Event: 21.970 Thread 0x0000028ae667b050 Exception <a 'java/io/FileNotFoundException'{0x00000007ab3cecb0}> (0x00000007ab3cecb0) 
thrown [s\src\hotspot\share\prims\jni.cpp, line 520]
Event: 21.971 Thread 0x0000028ae667b050 Exception <a 'java/io/FileNotFoundException'{0x00000007ab3d04a0}> (0x00000007ab3d04a0) 
thrown [s\src\hotspot\share\prims\jni.cpp, line 520]
Event: 21.974 Thread 0x0000028ae667b050 Exception <a 'java/lang/NoSuchMethodError'{0x00000007ab3de1d8}: 'java.lang.Object java.lang.invoke.DirectMethodHandle$Holder.newInvokeSpecial(java.lang.Object, java.lang.Object, java.lang.Object, int)'> (0x00000007ab3de1d8) 
thrown [s\src\hotspot\share\interpreter\linkResolver.cpp, line 773]
Event: 21.975 Thread 0x0000028ae667b050 Exception <a 'java/lang/NoSuchMethodError'{0x00000007ab3e1db0}: 'java.lang.Object java.lang.invoke.DirectMethodHandle$Holder.invokeSpecial(java.lang.Object, java.lang.Object, java.lang.Object, java.lang.Object, int)'> (0x00000007ab3e1db0) 
thrown [s\src\hotspot\share\interpreter\linkResolver.cpp, line 773]
Event: 21.975 Thread 0x0000028ae667b050 Exception <a 'java/lang/NoSuchMethodError'{0x00000007ab3e5248}: 'java.lang.Object java.lang.invoke.Invokers$Holder.linkToTargetMethod(java.lang.Object, java.lang.Object, int, java.lang.Object)'> (0x00000007ab3e5248) 
thrown [s\src\hotspot\share\interpreter\linkResolver.cpp, line 773]
Event: 21.978 Thread 0x0000028ae667b050 Exception <a 'java/lang/NoSuchMethodError'{0x00000007ab3f0a38}: 'void java.lang.invoke.DirectMethodHandle$Holder.invokeStaticInit(java.lang.Object, java.lang.Object, java.lang.Object)'> (0x00000007ab3f0a38) 
thrown [s\src\hotspot\share\interpreter\linkResolver.cpp, line 773]
Event: 22.344 Thread 0x0000028a850d10b0 Exception <a 'java/lang/NoSuchMethodError'{0x00000007ab7b35e0}: 'void java.lang.invoke.DirectMethodHandle$Holder.invokeSpecial(java.lang.Object, java.lang.Object, java.lang.Object, java.lang.Object, java.lang.Object, java.lang.Object)'> (0x00000007ab7b35e0) 
thrown [s\src\hotspot\share\interpreter\linkResolver.cpp, line 773]
Event: 22.388 Thread 0x0000028a850d10b0 Exception <a 'java/lang/IncompatibleClassChangeError'{0x00000007ab7bb950}: Found class java.lang.Object, but interface was expected> (0x00000007ab7bb950) 
thrown [s\src\hotspot\share\interpreter\linkResolver.cpp, line 840]
Event: 22.389 Thread 0x0000028a850d10b0 Exception <a 'java/lang/IncompatibleClassChangeError'{0x00000007ab7bcac8}: Found class java.lang.Object, but interface was expected> (0x00000007ab7bcac8) 
thrown [s\src\hotspot\share\interpreter\linkResolver.cpp, line 840]
Event: 25.423 Thread 0x0000028ae667de40 Exception <a 'java/lang/NoSuchMethodError'{0x00000007ab42c798}: 'java.lang.Object java.lang.invoke.DirectMethodHandle$Holder.invokeInterface(java.lang.Object, java.lang.Object, java.lang.Object)'> (0x00000007ab42c798) 
thrown [s\src\hotspot\share\interpreter\linkResolver.cpp, line 773]
Event: 25.574 Thread 0x0000028ae667de40 Exception <a 'java/io/FileNotFoundException'{0x00000007ab4d1590}> (0x00000007ab4d1590) 
thrown [s\src\hotspot\share\prims\jni.cpp, line 520]
Event: 25.743 Thread 0x0000028ae667de40 Exception <a 'sun/nio/fs/WindowsException'{0x00000007abaa9640}> (0x00000007abaa9640) 
thrown [s\src\hotspot\share\prims\jni.cpp, line 520]
Event: 26.425 Thread 0x0000028ae667de40 Exception <a 'java/lang/IncompatibleClassChangeError'{0x00000007abed3ca0}: Found class java.lang.Object, but interface was expected> (0x00000007abed3ca0) 
thrown [s\src\hotspot\share\interpreter\linkResolver.cpp, line 840]
Event: 26.890 Thread 0x0000028ae667de40 Exception <a 'java/lang/IncompatibleClassChangeError'{0x00000007abf6a050}: Found class java.lang.Object, but interface was expected> (0x00000007abf6a050) 
thrown [s\src\hotspot\share\interpreter\linkResolver.cpp, line 840]
Event: 27.192 Thread 0x0000028ae667de40 Implicit null exception at 0x0000028a8fee5386 to 0x0000028a8fee549c
Event: 32.764 Thread 0x0000028ae6fd7330 Implicit null exception at 0x0000028a8fefd462 to 0x0000028a8fefe130

ZGC Phase Switch (0 events):
No events

VM Operations (20 events):
Event: 26.151 Executing non-safepoint VM operation: HandshakeAllThreads (Deoptimize)
Event: 26.183 Executing non-safepoint VM operation: HandshakeAllThreads (Deoptimize) done
Event: 26.184 Executing safepoint VM operation: Cleanup
Event: 26.184 Executing safepoint VM operation: Cleanup done
Event: 27.169 Executing safepoint VM operation: ParallelGCFailedAllocation (Allocation Failure)
Event: 27.192 Executing safepoint VM operation: ParallelGCFailedAllocation (Allocation Failure) done
Event: 28.192 Executing safepoint VM operation: Cleanup
Event: 28.199 Executing safepoint VM operation: Cleanup done
Event: 29.210 Executing safepoint VM operation: Cleanup
Event: 29.268 Executing safepoint VM operation: Cleanup done
Event: 29.780 Executing safepoint VM operation: ParallelGCFailedAllocation (Allocation Failure)
Event: 29.798 Executing safepoint VM operation: ParallelGCFailedAllocation (Allocation Failure) done
Event: 30.800 Executing safepoint VM operation: Cleanup
Event: 30.876 Executing safepoint VM operation: Cleanup done
Event: 31.891 Executing safepoint VM operation: Cleanup
Event: 31.891 Executing safepoint VM operation: Cleanup done
Event: 32.502 Executing safepoint VM operation: CollectForMetadataAllocation (Metadata GC Threshold)
Event: 32.699 Executing safepoint VM operation: CollectForMetadataAllocation (Metadata GC Threshold) done
Event: 33.715 Executing safepoint VM operation: Cleanup
Event: 33.716 Executing safepoint VM operation: Cleanup done

Memory protections (0 events):
No events

Nmethod flushes (20 events):
Event: 32.570 Thread 0x0000028aa03bbde0 flushing  nmethod 0x0000028a88657090
Event: 32.570 Thread 0x0000028aa03bbde0 flushing  nmethod 0x0000028a8865d410
Event: 32.570 Thread 0x0000028aa03bbde0 flushing  nmethod 0x0000028a88693690
Event: 32.570 Thread 0x0000028aa03bbde0 flushing  nmethod 0x0000028a88694010
Event: 32.570 Thread 0x0000028aa03bbde0 flushing  nmethod 0x0000028a88731290
Event: 32.570 Thread 0x0000028aa03bbde0 flushing  nmethod 0x0000028a8874ca10
Event: 32.570 Thread 0x0000028aa03bbde0 flushing  nmethod 0x0000028a88752110
Event: 32.570 Thread 0x0000028aa03bbde0 flushing  nmethod 0x0000028a88755e90
Event: 32.570 Thread 0x0000028aa03bbde0 flushing  nmethod 0x0000028a88781e90
Event: 32.570 Thread 0x0000028aa03bbde0 flushing  nmethod 0x0000028a8878c410
Event: 32.570 Thread 0x0000028aa03bbde0 flushing  nmethod 0x0000028a887bdc90
Event: 32.570 Thread 0x0000028aa03bbde0 flushing  nmethod 0x0000028a887be190
Event: 32.570 Thread 0x0000028aa03bbde0 flushing  nmethod 0x0000028a887cff90
Event: 32.570 Thread 0x0000028aa03bbde0 flushing  nmethod 0x0000028a887d1710
Event: 32.570 Thread 0x0000028aa03bbde0 flushing  nmethod 0x0000028a887d2090
Event: 32.570 Thread 0x0000028aa03bbde0 flushing  nmethod 0x0000028a887d2690
Event: 32.570 Thread 0x0000028aa03bbde0 flushing  nmethod 0x0000028a887d3710
Event: 32.570 Thread 0x0000028aa03bbde0 flushing  nmethod 0x0000028a887d4290
Event: 32.570 Thread 0x0000028aa03bbde0 flushing  nmethod 0x0000028a887d7390
Event: 32.570 Thread 0x0000028aa03bbde0 flushing  nmethod 0x0000028a887f0790

Events (20 events):
Event: 5.815 Thread 0x0000028a850d10b0 Thread added: 0x0000028ae613ab40
Event: 6.430 Thread 0x0000028a850d10b0 Thread added: 0x0000028ae6116f20
Event: 6.439 Thread 0x0000028a850d10b0 Thread added: 0x0000028ae6117da0
Event: 6.533 Thread 0x0000028ae6117da0 Thread added: 0x0000028ae639d560
Event: 8.774 Thread 0x0000028ae6117da0 Thread added: 0x0000028aa0d37c20
Event: 10.109 Thread 0x0000028ae6117da0 Thread added: 0x0000028ae6e4b030
Event: 10.219 Thread 0x0000028ae6117da0 Thread added: 0x0000028ae69f3d10
Event: 10.265 Thread 0x0000028ae6117da0 Thread added: 0x0000028ae667b050
Event: 17.276 Thread 0x0000028ae6117da0 Thread added: 0x0000028ae667d7b0
Event: 17.832 Thread 0x0000028ae667d7b0 Thread exited: 0x0000028ae667d7b0
Event: 20.087 Thread 0x0000028a850d10b0 Thread added: 0x0000028ae667b6e0
Event: 20.087 Thread 0x0000028a850d10b0 Thread added: 0x0000028ae667ca90
Event: 20.088 Thread 0x0000028a850d10b0 Thread added: 0x0000028ae667d7b0
Event: 20.276 Thread 0x0000028a850d10b0 Thread added: 0x0000028ae667e4d0
Event: 21.381 Thread 0x0000028ae69f3d10 Thread added: 0x0000028ae667bd70
Event: 21.992 Thread 0x0000028ae69f3d10 Thread added: 0x0000028ae667c400
Event: 22.534 Thread 0x0000028a850d10b0 Thread added: 0x0000028ae667d120
Event: 22.534 Thread 0x0000028a850d10b0 Thread added: 0x0000028ae667de40
Event: 26.921 Thread 0x0000028ae667de40 Thread added: 0x0000028ae6fd6610
Event: 26.926 Thread 0x0000028ae667de40 Thread added: 0x0000028ae6fd7330


Dynamic libraries:
0x00007ff623bb0000 - 0x00007ff623bbe000 	c:\Users\jaimi\.vscode\extensions\redhat.java-1.56.0-win32-x64\jre\21.0.12.1-win32-x86_64\bin\java.exe
0x00007ffed1f70000 - 0x00007ffed2168000 	C:\Windows\SYSTEM32\ntdll.dll
0x00007ffed0ee0000 - 0x00007ffed0fa2000 	C:\Windows\System32\KERNEL32.DLL
0x00007ffecf700000 - 0x00007ffecf9f6000 	C:\Windows\System32\KERNELBASE.dll
0x00007ffecfba0000 - 0x00007ffecfca0000 	C:\Windows\System32\ucrtbase.dll
0x00007ffeb6370000 - 0x00007ffeb6388000 	c:\Users\jaimi\.vscode\extensions\redhat.java-1.56.0-win32-x64\jre\21.0.12.1-win32-x86_64\bin\jli.dll
0x00007ffed0d30000 - 0x00007ffed0ed1000 	C:\Windows\System32\USER32.dll
0x00007ffecfe90000 - 0x00007ffecfeb2000 	C:\Windows\System32\win32u.dll
0x00007ffed0560000 - 0x00007ffed058b000 	C:\Windows\System32\GDI32.dll
0x00007ffecfa00000 - 0x00007ffecfb19000 	C:\Windows\System32\gdi32full.dll
0x00007ffecfec0000 - 0x00007ffecff5d000 	C:\Windows\System32\msvcp_win.dll
0x00007ffeb6350000 - 0x00007ffeb636e000 	c:\Users\jaimi\.vscode\extensions\redhat.java-1.56.0-win32-x64\jre\21.0.12.1-win32-x86_64\bin\VCRUNTIME140.dll
0x00007ffeb6680000 - 0x00007ffeb691b000 	C:\Windows\WinSxS\amd64_microsoft.windows.common-controls_6595b64144ccf1df_6.0.19041.6456_none_60b8a6cb71f64256\COMCTL32.dll
0x00007ffed0240000 - 0x00007ffed02de000 	C:\Windows\System32\msvcrt.dll
0x00007ffed0bb0000 - 0x00007ffed0bdf000 	C:\Windows\System32\IMM32.DLL
0x00007ffec8690000 - 0x00007ffec869c000 	c:\Users\jaimi\.vscode\extensions\redhat.java-1.56.0-win32-x64\jre\21.0.12.1-win32-x86_64\bin\vcruntime140_1.dll
0x00007ffeab800000 - 0x00007ffeab88d000 	c:\Users\jaimi\.vscode\extensions\redhat.java-1.56.0-win32-x64\jre\21.0.12.1-win32-x86_64\bin\msvcp140.dll
0x00007ffe4e2f0000 - 0x00007ffe4f092000 	c:\Users\jaimi\.vscode\extensions\redhat.java-1.56.0-win32-x64\jre\21.0.12.1-win32-x86_64\bin\server\jvm.dll
0x00007ffed0af0000 - 0x00007ffed0ba1000 	C:\Windows\System32\ADVAPI32.dll
0x00007ffed1e90000 - 0x00007ffed1f2f000 	C:\Windows\System32\sechost.dll
0x00007ffed0120000 - 0x00007ffed0240000 	C:\Windows\System32\RPCRT4.dll
0x00007ffecff60000 - 0x00007ffecff87000 	C:\Windows\System32\bcrypt.dll
0x00007ffed0bf0000 - 0x00007ffed0c5b000 	C:\Windows\System32\WS2_32.dll
0x00007ffecf080000 - 0x00007ffecf0cb000 	C:\Windows\SYSTEM32\POWRPROF.dll
0x00007ffeb15b0000 - 0x00007ffeb15d7000 	C:\Windows\SYSTEM32\WINMM.dll
0x00007ffebd780000 - 0x00007ffebd78a000 	C:\Windows\SYSTEM32\VERSION.dll
0x00007ffecefc0000 - 0x00007ffecefd2000 	C:\Windows\SYSTEM32\UMPDC.dll
0x00007ffecde10000 - 0x00007ffecde22000 	C:\Windows\SYSTEM32\kernel.appcore.dll
0x00007ffec85a0000 - 0x00007ffec85aa000 	c:\Users\jaimi\.vscode\extensions\redhat.java-1.56.0-win32-x64\jre\21.0.12.1-win32-x86_64\bin\jimage.dll
0x00007ffecdaf0000 - 0x00007ffecdcf1000 	C:\Windows\SYSTEM32\DBGHELP.DLL
0x00007ffeb0c50000 - 0x00007ffeb0c84000 	C:\Windows\SYSTEM32\dbgcore.DLL
0x00007ffecfca0000 - 0x00007ffecfd22000 	C:\Windows\System32\bcryptPrimitives.dll
0x00007ffeb62d0000 - 0x00007ffeb62df000 	c:\Users\jaimi\.vscode\extensions\redhat.java-1.56.0-win32-x64\jre\21.0.12.1-win32-x86_64\bin\instrument.dll
0x00007ffeb61d0000 - 0x00007ffeb61f0000 	c:\Users\jaimi\.vscode\extensions\redhat.java-1.56.0-win32-x64\jre\21.0.12.1-win32-x86_64\bin\java.dll
0x00007ffed12b0000 - 0x00007ffed1a20000 	C:\Windows\System32\SHELL32.dll
0x00007ffecd270000 - 0x00007ffecda15000 	C:\Windows\SYSTEM32\windows.storage.dll
0x00007ffed0730000 - 0x00007ffed0a84000 	C:\Windows\System32\combase.dll
0x00007ffecefe0000 - 0x00007ffecf00b000 	C:\Windows\SYSTEM32\Wldp.dll
0x00007ffed0fb0000 - 0x00007ffed107d000 	C:\Windows\System32\OLEAUT32.dll
0x00007ffed0c80000 - 0x00007ffed0d2d000 	C:\Windows\System32\SHCORE.dll
0x00007ffed0670000 - 0x00007ffed06cb000 	C:\Windows\System32\shlwapi.dll
0x00007ffecf530000 - 0x00007ffecf554000 	C:\Windows\SYSTEM32\profapi.dll
0x00007ffeb5dd0000 - 0x00007ffeb5de8000 	c:\Users\jaimi\.vscode\extensions\redhat.java-1.56.0-win32-x64\jre\21.0.12.1-win32-x86_64\bin\zip.dll
0x00007ffeb62c0000 - 0x00007ffeb62d0000 	C:\Users\jaimi\.vscode\extensions\redhat.java-1.56.0-win32-x64\jre\21.0.12.1-win32-x86_64\bin\net.dll
0x00007ffec58e0000 - 0x00007ffec59ea000 	C:\Windows\SYSTEM32\WINHTTP.dll
0x00007ffeced20000 - 0x00007ffeced8a000 	C:\Windows\system32\mswsock.dll
0x00007ffeb5c80000 - 0x00007ffeb5c96000 	C:\Users\jaimi\.vscode\extensions\redhat.java-1.56.0-win32-x64\jre\21.0.12.1-win32-x86_64\bin\nio.dll
0x00007ffeb6120000 - 0x00007ffeb6130000 	c:\Users\jaimi\.vscode\extensions\redhat.java-1.56.0-win32-x64\jre\21.0.12.1-win32-x86_64\bin\verify.dll
0x00007ffeb2da0000 - 0x00007ffeb2de5000 	C:\Users\jaimi\AppData\Roaming\Code\User\globalStorage\redhat.java\1.56.0\config_ss_win\org.eclipse.equinox.launcher\org.eclipse.equinox.launcher.win32.win32.x86_64_1.3.100.v20260804-1928\eclipse_11924.dll
0x00007ffecfff0000 - 0x00007ffed011b000 	C:\Windows\System32\ole32.dll
0x00007ffecef10000 - 0x00007ffecef28000 	C:\Windows\SYSTEM32\CRYPTSP.dll
0x00007ffece5d0000 - 0x00007ffece608000 	C:\Windows\system32\rsaenh.dll
0x00007ffecf4f0000 - 0x00007ffecf51e000 	C:\Windows\SYSTEM32\USERENV.dll
0x00007ffecef30000 - 0x00007ffecef3c000 	C:\Windows\SYSTEM32\CRYPTBASE.dll
0x00007ffecea00000 - 0x00007ffecea3b000 	C:\Windows\SYSTEM32\IPHLPAPI.DLL
0x00007ffed0380000 - 0x00007ffed0388000 	C:\Windows\System32\NSI.dll
0x00007ffeb5010000 - 0x00007ffeb5059000 	C:\Users\jaimi\AppData\Local\Temp\jna-100887342\jna3922204339369848845.dll
0x00007ffed0be0000 - 0x00007ffed0be8000 	C:\Windows\System32\PSAPI.DLL
0x00007ffebdb00000 - 0x00007ffebdb17000 	C:\Windows\SYSTEM32\dhcpcsvc6.DLL
0x00007ffec2a10000 - 0x00007ffec2a2d000 	C:\Windows\SYSTEM32\dhcpcsvc.DLL

JVMTI agents:
c:\Users\jaimi\.vscode\extensions\redhat.java-1.56.0-win32-x64\lombok\lombok-1.18.39-4050.jar path:c:\Users\jaimi\.vscode\extensions\redhat.java-1.56.0-win32-x64\jre\21.0.12.1-win32-x86_64\bin\instrument.dll, loaded, initialized, instrumentlib options:none

dbghelp: loaded successfully - version: 4.0.5 - missing functions: none
symbol engine: initialized successfully - sym options: 0x614 - pdb path: .;c:\Users\jaimi\.vscode\extensions\redhat.java-1.56.0-win32-x64\jre\21.0.12.1-win32-x86_64\bin;C:\Windows\SYSTEM32;C:\Windows\WinSxS\amd64_microsoft.windows.common-controls_6595b64144ccf1df_6.0.19041.6456_none_60b8a6cb71f64256;c:\Users\jaimi\.vscode\extensions\redhat.java-1.56.0-win32-x64\jre\21.0.12.1-win32-x86_64\bin\server;C:\Users\jaimi\AppData\Roaming\Code\User\globalStorage\redhat.java\1.56.0\config_ss_win\org.eclipse.equinox.launcher\org.eclipse.equinox.launcher.win32.win32.x86_64_1.3.100.v20260804-1928;C:\Users\jaimi\AppData\Local\Temp\jna-100887342

VM Arguments:
jvm_args: --add-modules=ALL-SYSTEM --add-opens=java.base/java.util=ALL-UNNAMED --add-opens=java.base/java.lang=ALL-UNNAMED --add-opens=java.base/sun.nio.fs=ALL-UNNAMED -Declipse.application=org.eclipse.jdt.ls.core.id1 -Dosgi.bundles.defaultStartLevel=4 -Declipse.product=org.eclipse.jdt.ls.core.product -Djava.import.generatesMetadataFilesAtProjectRoot=false -Dm2e.project.cache.size=50 -DDetectVMInstallationsJob.disabled=true -Dfile.encoding=utf8 -XX:+UseParallelGC -XX:GCTimeRatio=4 -XX:AdaptiveSizePolicyWeight=90 -Dsun.zip.disableMemoryMapping=true -Xmx4G -Xms100m -Xlog:disable -javaagent:c:\Users\jaimi\.vscode\extensions\redhat.java-1.56.0-win32-x64\lombok\lombok-1.18.39-4050.jar 
java_command: c:\Users\jaimi\.vscode\extensions\redhat.java-1.56.0-win32-x64\server\plugins\org.eclipse.equinox.launcher_1.8.0.v20260804-1928.jar -configuration c:\Users\jaimi\AppData\Roaming\Code\User\globalStorage\redhat.java\1.56.0\config_ss_win -data c:\Users\jaimi\AppData\Roaming\Code\User\workspaceStorage\7b1695ebeb44925a89a06e7ce4c3f07f\redhat.java\ss_ws --pipe=\\.\pipe\lsp-d66f2346ea971f737e66450ab9a19b6b-sock
java_class_path (initial): c:\Users\jaimi\.vscode\extensions\redhat.java-1.56.0-win32-x64\server\plugins\org.eclipse.equinox.launcher_1.8.0.v20260804-1928.jar
Launcher Type: SUN_STANDARD

[Global flags]
    uintx AdaptiveSizePolicyWeight                 = 90                                        {product} {command line}
     intx CICompilerCount                          = 2                                         {product} {ergonomic}
    uintx GCTimeRatio                              = 4                                         {product} {command line}
   size_t InitialHeapSize                          = 104857600                                 {product} {command line}
   size_t MaxHeapSize                              = 4294967296                                {product} {command line}
   size_t MaxNewSize                               = 1431306240                                {product} {ergonomic}
   size_t MinHeapDeltaBytes                        = 524288                                    {product} {ergonomic}
   size_t MinHeapSize                              = 104857600                                 {product} {command line}
   size_t NewSize                                  = 34603008                                  {product} {ergonomic}
    uintx NonNMethodCodeHeapSize                   = 5826188                                {pd product} {ergonomic}
    uintx NonProfiledCodeHeapSize                  = 122916026                              {pd product} {ergonomic}
   size_t OldSize                                  = 70254592                                  {product} {ergonomic}
    uintx ProfiledCodeHeapSize                     = 122916026                              {pd product} {ergonomic}
    uintx ReservedCodeCacheSize                    = 251658240                              {pd product} {ergonomic}
     bool SegmentedCodeCache                       = true                                      {product} {ergonomic}
   size_t SoftMaxHeapSize                          = 4294967296                             {manageable} {ergonomic}
     bool UseCompressedOops                        = true                           {product lp64_product} {ergonomic}
     bool UseLargePagesIndividualAllocation        = false                                  {pd product} {ergonomic}
     bool UseParallelGC                            = true                                      {product} {command line}

Logging:
Log output configuration:
 #0: stdout all=off uptime,level,tags foldmultilines=false
 #1: stderr all=off uptime,level,tags foldmultilines=false

Release file:
JAVA_VERSION="21.0.12.1" 
MODULES="java.base java.compiler java.datatransfer java.xml java.prefs java.desktop java.instrument java.logging java.management java.security.sasl java.naming java.rmi java.management.rmi java.net.http java.scripting java.security.jgss java.transaction.xa java.sql java.sql.rowset java.xml.crypto java.se java.smartcardio jdk.accessibility jdk.internal.jvmstat jdk.attach jdk.charsets jdk.internal.opt jdk.zipfs jdk.compiler jdk.crypto.ec jdk.crypto.cryptoki jdk.crypto.mscapi jdk.dynalink jdk.internal.ed jdk.editpad jdk.hotspot.agent jdk.httpserver jdk.internal.le jdk.internal.vm.ci jdk.internal.vm.compiler jdk.internal.vm.compiler.management jdk.jartool jdk.javadoc jdk.jcmd jdk.management jdk.management.agent jdk.jconsole jdk.jdeps jdk.jdwp.agent jdk.jdi jdk.jfr jdk.jshell jdk.jsobject jdk.jstatd jdk.localedata jdk.management.jfr jdk.naming.dns jdk.naming.rmi jdk.net jdk.nio.mapmode jdk.random jdk.sctp jdk.security.auth jdk.security.jgss jdk.unsupported jdk.unsupported.desktop jdk.xml.dom" 

Environment Variables:
JAVA_HOME=C:\Program Files\Java\jdk1.8.0_503
PATH=C:\Program Files (x86)\Common Files\Oracle\Java\java8path;C:\Program Files (x86)\Common Files\Oracle\Java\javapath;C:\Windows\system32;C:\Windows;C:\Windows\System32\Wbem;C:\Windows\System32\WindowsPowerShell\v1.0\;C:\Windows\System32\OpenSSH\;C:\Program Files\Git\cmd;C:\Users\jaimi\OneDrive\Documentos\programacao\calculatorProject\omniORB\bin;C:\Users\jaimi\AppData\Local\Programs\Python\Python313\;C:\Users\jaimi\AppData\Local\Programs\Python\Launcher\;C:\Users\jaimi\AppData\Local\Microsoft\WindowsApps;C:\Users\jaimi\AppData\Local\Programs\Microsoft VS Code\bin;D:\programs files\PyCharm Community Edition 2024.1.4\bin;;C:\msys64\mingw64\bin;C:\msys64\usr\bin;C:\omniORB\bin\x86_win32;C:\Program Files\Java\jdk1.8.0_503;C:\apache-maven-3.9.16\bin;C:\Program Files\Java\jdk1.8.0_503\bin;
USERNAME=jaimi
OS=Windows_NT
PROCESSOR_IDENTIFIER=Intel64 Family 6 Model 122 Stepping 8, GenuineIntel
TMP=C:\Users\jaimi\AppData\Local\Temp
TEMP=C:\Users\jaimi\AppData\Local\Temp




Periodic native trim disabled

---------------  S Y S T E M  ---------------

OS:
 Windows 10 , 64 bit Build 19041 (10.0.19041.5915)
OS uptime: 0 days 6:26 hours

CPU: total 2 (initial active 2) (2 cores per cpu, 1 threads per core) family 6 model 122 stepping 8 microcode 0x22, cx8, cmov, fxsr, mmx, 3dnowpref, sse, sse2, sse3, ssse3, sse4.1, sse4.2, popcnt, tsc, tscinvbit, aes, erms, clmul, sha, clflush, clflushopt, rdtscp, rdpid
Processor Information for the first 2 processors :
  Max Mhz: 1101, Current Mhz: 1101, Mhz Limit: 1101

Memory: 4k page, system-wide physical 8008M (1152M free)
TotalPageFile size 9971M (AvailPageFile size 5M)
current process WorkingSet (physical memory assigned to process): 159M, peak: 169M
current process commit charge ("private bytes"): 336M, peak: 349M

vm_info: OpenJDK 64-Bit Server VM (21.0.12.1+1-LTS) for windows-amd64 JRE (21.0.12.1+1-LTS), built on 2026-08-18T00:00:00Z by "admin" with MS VC++ 17.12 (VS2022)

END.
