#
# There is insufficient memory for the Java Runtime Environment to continue.
# Native memory allocation (malloc) failed to allocate 58976 bytes. Error detail: Chunk::new
# Possible reasons:
#   The system is out of physical RAM or swap space
#   This process is running with CompressedOops enabled, and the Java Heap may be blocking the growth of the native heap
# Possible solutions:
#   Reduce memory load on the system
#   Increase physical memory or swap space
#   Check if swap backing store is full
#   Decrease Java heap size (-Xmx/-Xms)
#   Decrease number of Java threads
#   Decrease Java thread stack sizes (-Xss)
#   Set larger code cache with -XX:ReservedCodeCacheSize=
#   JVM is running with Zero Based Compressed Oops mode in which the Java heap is
#     placed in the first 32GB address space. The Java Heap base address is the
#     maximum limit for the native heap growth. Please use -XX:HeapBaseMinAddress
#     to set the Java Heap base and to place the Java Heap above 32GB virtual address.
# This output file may be truncated or incomplete.
#
#  Out of Memory Error (arena.cpp:168), pid=13852, tid=15028
#
# JRE version: OpenJDK Runtime Environment Temurin-21.0.12.1+1 (21.0.12.1+1) (build 21.0.12.1+1-LTS)
# Java VM: OpenJDK 64-Bit Server VM Temurin-21.0.12.1+1 (21.0.12.1+1-LTS, mixed mode, sharing, tiered, compressed oops, compressed class ptrs, parallel gc, windows-amd64)
# No core dump will be written. Minidumps are not enabled by default on client versions of Windows
#

---------------  S U M M A R Y ------------

Command Line: --add-modules=ALL-SYSTEM --add-opens=java.base/java.util=ALL-UNNAMED --add-opens=java.base/java.lang=ALL-UNNAMED --add-opens=java.base/sun.nio.fs=ALL-UNNAMED -Declipse.application=org.eclipse.jdt.ls.core.id1 -Dosgi.bundles.defaultStartLevel=4 -Declipse.product=org.eclipse.jdt.ls.core.product -Djava.import.generatesMetadataFilesAtProjectRoot=false -Dm2e.project.cache.size=50 -DDetectVMInstallationsJob.disabled=true -Dfile.encoding=utf8 -XX:+UseParallelGC -XX:GCTimeRatio=4 -XX:AdaptiveSizePolicyWeight=90 -Dsun.zip.disableMemoryMapping=true -Xmx4G -Xms100m -Xlog:disable -javaagent:c:\Users\jaimi\.vscode\extensions\redhat.java-1.56.0-win32-x64\lombok\lombok-1.18.39-4050.jar c:\Users\jaimi\.vscode\extensions\redhat.java-1.56.0-win32-x64\server\plugins\org.eclipse.equinox.launcher_1.8.0.v20260804-1928.jar -configuration c:\Users\jaimi\AppData\Roaming\Code\User\globalStorage\redhat.java\1.56.0\config_ss_win -data c:\Users\jaimi\AppData\Roaming\Code\User\workspaceStorage\7b1695ebeb44925a89a06e7ce4c3f07f\redhat.java\ss_ws --pipe=\\.\pipe\lsp-e647799a338a9fa6b1ed0e9062ee98fc-sock

Host: Intel(R) Celeron(R) N4020 CPU @ 1.10GHz, 2 cores, 7G,  Windows 10 , 64 bit Build 19041 (10.0.19041.5915)
Time: Tue Oct  6 18:42:20 2026 South Africa Standard Time elapsed time: 1.900435 seconds (0d 0h 0m 1s)

---------------  T H R E A D  ---------------

Current thread (0x000001da6f4e3a10):  JavaThread "C2 CompilerThread0" daemon [_thread_in_native, id=15028, stack(0x0000007ba1d00000,0x0000007ba1e00000) (1024K)]


Current CompileTask:
C2:1900  414       4       jdk.internal.org.objectweb.asm.ByteVector::putUTF8 (144 bytes)

Stack: [0x0000007ba1d00000,0x0000007ba1e00000]
Native frames: (J=compiled Java code, j=interpreted, Vv=VM code, C=native code)
V  [jvm.dll+0x6d83e9]
V  [jvm.dll+0x8b5736]
V  [jvm.dll+0x8b7cee]
V  [jvm.dll+0x8b83d3]
V  [jvm.dll+0x284596]
V  [jvm.dll+0xc685d]
V  [jvm.dll+0xc6da1]
V  [jvm.dll+0x2fb5ae]
V  [jvm.dll+0x5fee94]
V  [jvm.dll+0x255d67]
V  [jvm.dll+0x24e3bf]
V  [jvm.dll+0x24bbe6]
V  [jvm.dll+0x1cb4ae]
V  [jvm.dll+0x25baad]
V  [jvm.dll+0x25a03a]
V  [jvm.dll+0x3f8aae]
V  [jvm.dll+0x8600cd]
V  [jvm.dll+0x6d6c1d]
C  [ucrtbase.dll+0x21bb2]
C  [KERNEL32.DLL+0x17374]
C  [ntdll.dll+0x4cc91]


---------------  P R O C E S S  ---------------

Threads class SMR info:
_java_thread_list=0x000001da740b9150, length=10, elements={
0x000001da541d1290, 0x000001da6f4da6a0, 0x000001da6f4db550, 0x000001da6f4deca0,
0x000001da6f4e1710, 0x000001da6f4e2170, 0x000001da6f4e2bd0, 0x000001da6f4e3a10,
0x000001da6f556aa0, 0x000001da7410f580
}

Java Threads: ( => current thread )
  0x000001da541d1290 JavaThread "main"                              [_thread_in_native, id=12308, stack(0x0000007ba1300000,0x0000007ba1400000) (1024K)]
  0x000001da6f4da6a0 JavaThread "Reference Handler"          daemon [_thread_blocked, id=1532, stack(0x0000007ba1700000,0x0000007ba1800000) (1024K)]
  0x000001da6f4db550 JavaThread "Finalizer"                  daemon [_thread_blocked, id=12280, stack(0x0000007ba1800000,0x0000007ba1900000) (1024K)]
  0x000001da6f4deca0 JavaThread "Signal Dispatcher"          daemon [_thread_blocked, id=14632, stack(0x0000007ba1900000,0x0000007ba1a00000) (1024K)]
  0x000001da6f4e1710 JavaThread "Attach Listener"            daemon [_thread_blocked, id=12636, stack(0x0000007ba1a00000,0x0000007ba1b00000) (1024K)]
  0x000001da6f4e2170 JavaThread "Service Thread"             daemon [_thread_blocked, id=12672, stack(0x0000007ba1b00000,0x0000007ba1c00000) (1024K)]
  0x000001da6f4e2bd0 JavaThread "Monitor Deflation Thread"   daemon [_thread_blocked, id=15200, stack(0x0000007ba1c00000,0x0000007ba1d00000) (1024K)]
=>0x000001da6f4e3a10 JavaThread "C2 CompilerThread0"         daemon [_thread_in_native, id=15028, stack(0x0000007ba1d00000,0x0000007ba1e00000) (1024K)]
  0x000001da6f556aa0 JavaThread "C1 CompilerThread0"         daemon [_thread_blocked, id=3552, stack(0x0000007ba1e00000,0x0000007ba1f00000) (1024K)]
  0x000001da7410f580 JavaThread "Common-Cleaner"             daemon [_thread_blocked, id=11724, stack(0x0000007ba1f00000,0x0000007ba2000000) (1024K)]
Total: 10

Other Threads:
  0x000001da6f4bb160 VMThread "VM Thread"                           [id=12676, stack(0x0000007ba1600000,0x0000007ba1700000) (1024K)]
  0x000001da6f471ae0 WatcherThread "VM Periodic Task Thread"        [id=10904, stack(0x0000007ba1500000,0x0000007ba1600000) (1024K)]
  0x000001da541ee9f0 WorkerThread "GC Thread#0"                     [id=10204, stack(0x0000007ba1400000,0x0000007ba1500000) (1024K)]
Total: 3

Threads with active compile tasks:
C2 CompilerThread0  1945  414       4       jdk.internal.org.objectweb.asm.ByteVector::putUTF8 (144 bytes)
Total: 1

VM state: not at safepoint (normal execution)

VM Mutex/Monitor currently owned by a thread: None

Heap address: 0x0000000700000000, size: 4096 MB, Compressed Oops mode: Zero based, Oop shift amount: 3

CDS archive(s) mapped at: [0x000001da00000000-0x000001da00ba0000-0x000001da00ba0000), size 12189696, SharedBaseAddress: 0x000001da00000000, ArchiveRelocationMode: 1.
Compressed class space mapped at: 0x000001da01000000-0x000001da41000000, reserved size: 1073741824
Narrow klass base: 0x000001da00000000, Narrow klass shift: 0, Narrow klass range: 0x100000000

GC Precious Log:
 CardTable entry size: 512
 CPUs: 2 total, 2 available
 Memory: 8008M
 Large Page Support: Disabled
 NUMA Support: Disabled
 Compressed Oops: Enabled (Zero based)
 Alignments: Space 512K, Generation 512K, Heap 2M
 Heap Min Capacity: 100M
 Heap Initial Capacity: 100M
 Heap Max Capacity: 4G
 Pre-touch: Disabled
 Parallel Workers: 2

Heap:
 PSYoungGen      total 29696K, used 5195K [0x00000007aab00000, 0x00000007acc00000, 0x0000000800000000)
  eden space 25600K, 20% used [0x00000007aab00000,0x00000007ab012fc0,0x00000007ac400000)
  from space 4096K, 0% used [0x00000007ac800000,0x00000007ac800000,0x00000007acc00000)
  to   space 4096K, 0% used [0x00000007ac400000,0x00000007ac400000,0x00000007ac800000)
 ParOldGen       total 68608K, used 0K [0x0000000700000000, 0x0000000704300000, 0x00000007aab00000)
  object space 68608K, 0% used [0x0000000700000000,0x0000000700000000,0x0000000704300000)
 Metaspace       used 774K, committed 896K, reserved 1114112K
  class space    used 62K, committed 128K, reserved 1048576K

Card table byte_map: [0x000001da663e0000,0x000001da66bf0000] _byte_map_base: 0x000001da62be0000

Marking Bits: (ParMarkBitMap*) 0x00007ffe4efb44a0
 Begin Bits: [0x000001da66bf0000, 0x000001da6abf0000)
 End Bits:   [0x000001da6abf0000, 0x000001da6ebf0000)

Polling page: 0x000001da51f80000

Metaspace:

Usage:
  Non-class:    711.94 KB used.
      Class:     62.64 KB used.
       Both:    774.58 KB used.

Virtual space:
  Non-class space:       64.00 MB reserved,     768.00 KB (  1%) committed,  1 nodes.
      Class space:        1.00 GB reserved,     128.00 KB ( <1%) committed,  1 nodes.
             Both:        1.06 GB reserved,     896.00 KB ( <1%) committed. 

Chunk freelists:
   Non-Class:  11.88 MB
       Class:  15.71 MB
        Both:  27.59 MB

MaxMetaspaceSize: unlimited
CompressedClassSpaceSize: 1.00 GB
Initial GC threshold: 21.00 MB
Current GC threshold: 21.00 MB
CDS: on
 - commit_granule_bytes: 65536.
 - commit_granule_words: 8192.
 - virtual_space_node_default_size: 8388608.
 - enlarge_chunks_in_place: 1.
 - use_allocation_guard: 0.


Internal statistics:

num_allocs_failed_limit: 0.
num_arena_births: 60.
num_arena_deaths: 0.
num_vsnodes_births: 2.
num_vsnodes_deaths: 0.
num_space_committed: 14.
num_space_uncommitted: 0.
num_chunks_returned_to_freelist: 0.
num_chunks_taken_from_freelist: 67.
num_chunk_merges: 0.
num_chunk_splits: 48.
num_chunks_enlarged: 30.
num_inconsistent_stats: 0.

CodeHeap 'non-profiled nmethods': size=120064Kb used=122Kb max_used=122Kb free=119941Kb
 bounds [0x000001da5eea0000, 0x000001da5f110000, 0x000001da663e0000]
CodeHeap 'profiled nmethods': size=120000Kb used=585Kb max_used=585Kb free=119414Kb
 bounds [0x000001da573e0000, 0x000001da57650000, 0x000001da5e910000]
CodeHeap 'non-nmethods': size=5696Kb used=1143Kb max_used=1157Kb free=4552Kb
 bounds [0x000001da5e910000, 0x000001da5eb80000, 0x000001da5eea0000]
CodeCache: size=245760Kb, used=1850Kb, max_used=1864Kb, free=243907Kb
 total_blobs=816, nmethods=423, adapters=301, full_count=0
Compilation: enabled, stopped_count=0, restarted_count=0

Compilation events (20 events):
Event: 1.875 Thread 0x000001da6f556aa0 nmethod 399 0x000001da5eebcf90 code [0x000001da5eebd120, 0x000001da5eebd1f0]
Event: 1.875 Thread 0x000001da6f556aa0  402       3       java.lang.invoke.LambdaForm::internArgument (85 bytes)
Event: 1.876 Thread 0x000001da6f556aa0 nmethod 402 0x000001da57469090 code [0x000001da57469260, 0x000001da574695b8]
Event: 1.876 Thread 0x000001da6f556aa0  403       3       java.lang.ref.WeakReference::<init> (7 bytes)
Event: 1.877 Thread 0x000001da6f556aa0 nmethod 403 0x000001da57469790 code [0x000001da57469940, 0x000001da57469b98]
Event: 1.877 Thread 0x000001da6f556aa0  405       3       java.lang.invoke.LambdaForm$Name::initIndex (26 bytes)
Event: 1.877 Thread 0x000001da6f556aa0 nmethod 405 0x000001da57469c90 code [0x000001da57469e40, 0x000001da57469fe8]
Event: 1.880 Thread 0x000001da6f556aa0  408       3       java.lang.invoke.LambdaForm$NamedFunction::methodType (28 bytes)
Event: 1.880 Thread 0x000001da6f556aa0 nmethod 408 0x000001da5746a090 code [0x000001da5746a240, 0x000001da5746a528]
Event: 1.881 Thread 0x000001da6f556aa0  409       1       java.util.ArrayList::size (5 bytes)
Event: 1.881 Thread 0x000001da6f556aa0 nmethod 409 0x000001da5eebe190 code [0x000001da5eebe320, 0x000001da5eebe3e8]
Event: 1.881 Thread 0x000001da6f556aa0  410       3       jdk.internal.org.objectweb.asm.ByteVector::putInt (74 bytes)
Event: 1.881 Thread 0x000001da6f556aa0 nmethod 410 0x000001da5746a690 code [0x000001da5746a840, 0x000001da5746aa98]
Event: 1.882 Thread 0x000001da6f556aa0  411       3       jdk.internal.org.objectweb.asm.Frame::getLocal (46 bytes)
Event: 1.883 Thread 0x000001da6f556aa0 nmethod 411 0x000001da5746ac10 code [0x000001da5746adc0, 0x000001da5746afd0]
Event: 1.884 Thread 0x000001da6f556aa0  412       3       jdk.internal.org.objectweb.asm.Frame::getAbstractTypeFromDescriptor (415 bytes)
Event: 1.888 Thread 0x000001da6f556aa0 nmethod 412 0x000001da5746b090 code [0x000001da5746b440, 0x000001da5746cee0]
Event: 1.891 Thread 0x000001da6f556aa0  413       3       java.lang.invoke.LambdaForm$Name::<init> (66 bytes)
Event: 1.892 Thread 0x000001da6f556aa0 nmethod 413 0x000001da5746d810 code [0x000001da5746d9c0, 0x000001da5746dba0]
Event: 1.893 Thread 0x000001da6f4e3a10  414       4       jdk.internal.org.objectweb.asm.ByteVector::putUTF8 (144 bytes)

GC Heap History (0 events):
No events

Dll operation events (14 events):
Event: 0.047 Attempting to load shared library c:\Users\jaimi\.vscode\extensions\redhat.java-1.56.0-win32-x64\jre\21.0.12.1-win32-x86_64\bin\java.dll
Event: 0.047 Loaded shared library c:\Users\jaimi\.vscode\extensions\redhat.java-1.56.0-win32-x64\jre\21.0.12.1-win32-x86_64\bin\java.dll
Event: 0.952 Attempting to load shared library c:\Users\jaimi\.vscode\extensions\redhat.java-1.56.0-win32-x64\jre\21.0.12.1-win32-x86_64\bin\zip.dll
Event: 0.953 Loaded shared library c:\Users\jaimi\.vscode\extensions\redhat.java-1.56.0-win32-x64\jre\21.0.12.1-win32-x86_64\bin\zip.dll
Event: 1.244 Attempting to load shared library C:\Users\jaimi\.vscode\extensions\redhat.java-1.56.0-win32-x64\jre\21.0.12.1-win32-x86_64\bin\instrument.dll
Event: 1.244 Loaded shared library C:\Users\jaimi\.vscode\extensions\redhat.java-1.56.0-win32-x64\jre\21.0.12.1-win32-x86_64\bin\instrument.dll
Event: 1.275 Attempting to load shared library C:\Users\jaimi\.vscode\extensions\redhat.java-1.56.0-win32-x64\jre\21.0.12.1-win32-x86_64\bin\net.dll
Event: 1.279 Loaded shared library C:\Users\jaimi\.vscode\extensions\redhat.java-1.56.0-win32-x64\jre\21.0.12.1-win32-x86_64\bin\net.dll
Event: 1.295 Attempting to load shared library C:\Users\jaimi\.vscode\extensions\redhat.java-1.56.0-win32-x64\jre\21.0.12.1-win32-x86_64\bin\nio.dll
Event: 1.296 Loaded shared library C:\Users\jaimi\.vscode\extensions\redhat.java-1.56.0-win32-x64\jre\21.0.12.1-win32-x86_64\bin\nio.dll
Event: 1.320 Attempting to load shared library C:\Users\jaimi\.vscode\extensions\redhat.java-1.56.0-win32-x64\jre\21.0.12.1-win32-x86_64\bin\zip.dll
Event: 1.320 Loaded shared library C:\Users\jaimi\.vscode\extensions\redhat.java-1.56.0-win32-x64\jre\21.0.12.1-win32-x86_64\bin\zip.dll
Event: 1.593 Attempting to load shared library C:\Users\jaimi\.vscode\extensions\redhat.java-1.56.0-win32-x64\jre\21.0.12.1-win32-x86_64\bin\jimage.dll
Event: 1.593 Loaded shared library C:\Users\jaimi\.vscode\extensions\redhat.java-1.56.0-win32-x64\jre\21.0.12.1-win32-x86_64\bin\jimage.dll

Deoptimization events (12 events):
Event: 1.369 Thread 0x000001da541d1290 DEOPT PACKING pc=0x000001da5741be49 sp=0x0000007ba13fd600
Event: 1.369 Thread 0x000001da541d1290 DEOPT UNPACKING pc=0x000001da5e964223 sp=0x0000007ba13fca70 mode 0
Event: 1.369 Thread 0x000001da541d1290 DEOPT PACKING pc=0x000001da5741be49 sp=0x0000007ba13fd600
Event: 1.369 Thread 0x000001da541d1290 DEOPT UNPACKING pc=0x000001da5e964223 sp=0x0000007ba13fca70 mode 0
Event: 1.378 Thread 0x000001da541d1290 Uncommon trap: trap_request=0xffffffde fr.pc=0x000001da5eeacb20 relative=0x00000000000007e0
Event: 1.378 Thread 0x000001da541d1290 Uncommon trap: reason=class_check action=maybe_recompile pc=0x000001da5eeacb20 method=java.util.HashMap.putVal(ILjava/lang/Object;Ljava/lang/Object;ZZ)Ljava/lang/Object; @ 152 c2
Event: 1.378 Thread 0x000001da541d1290 DEOPT PACKING pc=0x000001da5eeacb20 sp=0x0000007ba13fdc50
Event: 1.378 Thread 0x000001da541d1290 DEOPT UNPACKING pc=0x000001da5e963a9c sp=0x0000007ba13fdbb0 mode 2
Event: 1.378 Thread 0x000001da541d1290 Uncommon trap: trap_request=0xffffffde fr.pc=0x000001da5eeacb20 relative=0x00000000000007e0
Event: 1.378 Thread 0x000001da541d1290 Uncommon trap: reason=class_check action=maybe_recompile pc=0x000001da5eeacb20 method=java.util.HashMap.putVal(ILjava/lang/Object;Ljava/lang/Object;ZZ)Ljava/lang/Object; @ 152 c2
Event: 1.378 Thread 0x000001da541d1290 DEOPT PACKING pc=0x000001da5eeacb20 sp=0x0000007ba13fdc50
Event: 1.378 Thread 0x000001da541d1290 DEOPT UNPACKING pc=0x000001da5e963a9c sp=0x0000007ba13fdbb0 mode 2

Classes loaded (20 events):
Event: 1.678 Loading class sun/net/www/MessageHeader
Event: 1.679 Loading class sun/net/www/MessageHeader done
Event: 1.679 Loading class sun/net/www/protocol/jar/URLJarFile
Event: 1.680 Loading class sun/net/www/protocol/jar/URLJarFile done
Event: 1.681 Loading class sun/net/www/protocol/jar/URLJarFile$URLJarFileEntry
Event: 1.681 Loading class sun/net/www/protocol/jar/URLJarFile$URLJarFileEntry done
Event: 1.682 Loading class sun/net/www/protocol/jar/JarURLConnection$JarURLInputStream
Event: 1.682 Loading class sun/net/www/protocol/jar/JarURLConnection$JarURLInputStream done
Event: 1.684 Loading class java/lang/AssertionError
Event: 1.684 Loading class java/lang/AssertionError done
Event: 1.696 Loading class sun/net/www/protocol/jrt/Handler
Event: 1.696 Loading class sun/net/www/protocol/jrt/Handler done
Event: 1.750 Loading class jdk/internal/foreign/MemorySessionImpl
Event: 1.751 Loading class java/lang/foreign/MemorySegment$Scope
Event: 1.751 Loading class java/lang/foreign/MemorySegment$Scope done
Event: 1.751 Loading class jdk/internal/foreign/MemorySessionImpl done
Event: 1.782 Loading class sun/invoke/util/ValueConversions$1
Event: 1.782 Loading class sun/invoke/util/ValueConversions$1 done
Event: 1.784 Loading class java/lang/invoke/BoundMethodHandle$Species_LI
Event: 1.784 Loading class java/lang/invoke/BoundMethodHandle$Species_LI done

Classes unloaded (0 events):
No events

Classes redefined (0 events):
No events

Internal exceptions (10 events):
Event: 0.770 Thread 0x000001da541d1290 Exception <a 'java/lang/NoSuchMethodError'{0x00000007aad28fc8}: 'void java.lang.invoke.DirectMethodHandle$Holder.invokeStatic(java.lang.Object, java.lang.Object, java.lang.Object)'> (0x00000007aad28fc8) 
thrown [s\src\hotspot\share\interpreter\linkResolver.cpp, line 773]
Event: 1.571 Thread 0x000001da541d1290 Exception <a 'java/lang/NoSuchMethodError'{0x00000007aae91bd0}: 'java.lang.Object java.lang.invoke.Invokers$Holder.invokeExact_MT(java.lang.Object, java.lang.Object, java.lang.Object, java.lang.Object, java.lang.Object)'> (0x00000007aae91bd0) 
thrown [s\src\hotspot\share\interpreter\linkResolver.cpp, line 773]
Event: 1.783 Thread 0x000001da541d1290 Exception <a 'java/lang/NoSuchMethodError'{0x00000007aaf4a690}: 'int java.lang.invoke.DirectMethodHandle$Holder.invokeSpecial(java.lang.Object, java.lang.Object, java.lang.Object, int)'> (0x00000007aaf4a690) 
thrown [s\src\hotspot\share\interpreter\linkResolver.cpp, line 773]
Event: 1.795 Thread 0x000001da541d1290 Exception <a 'java/lang/NoSuchMethodError'{0x00000007aaf5d078}: 'java.lang.Object java.lang.invoke.DirectMethodHandle$Holder.invokeStatic(java.lang.Object, java.lang.Object, java.lang.Object, java.lang.Object, int)'> (0x00000007aaf5d078) 
thrown [s\src\hotspot\share\interpreter\linkResolver.cpp, line 773]
Event: 1.814 Thread 0x000001da541d1290 Exception <a 'java/lang/NoSuchMethodError'{0x00000007aaf684b8}: 'void java.lang.invoke.DelegatingMethodHandle$Holder.reinvoke_L(java.lang.Object, java.lang.Object, java.lang.Object, int, java.lang.Object)'> (0x00000007aaf684b8) 
thrown [s\src\hotspot\share\interpreter\linkResolver.cpp, line 773]
Event: 1.846 Thread 0x000001da541d1290 Exception <a 'java/lang/NoSuchMethodError'{0x00000007aaf78e08}: 'int java.lang.invoke.DirectMethodHandle$Holder.invokeSpecial(java.lang.Object, java.lang.Object, java.lang.Object)'> (0x00000007aaf78e08) 
thrown [s\src\hotspot\share\interpreter\linkResolver.cpp, line 773]
Event: 1.869 Thread 0x000001da541d1290 Exception <a 'java/lang/NoSuchMethodError'{0x00000007aaf84ac8}: 'java.lang.Object java.lang.invoke.DirectMethodHandle$Holder.invokeStatic(java.lang.Object, java.lang.Object, int)'> (0x00000007aaf84ac8) 
thrown [s\src\hotspot\share\interpreter\linkResolver.cpp, line 773]
Event: 1.878 Thread 0x000001da541d1290 Exception <a 'java/lang/NoSuchMethodError'{0x00000007aaf89418}: 'void java.lang.invoke.DirectMethodHandle$Holder.invokeStatic(java.lang.Object, java.lang.Object, int, java.lang.Object)'> (0x00000007aaf89418) 
thrown [s\src\hotspot\share\interpreter\linkResolver.cpp, line 773]
Event: 1.880 Thread 0x000001da541d1290 Exception <a 'java/lang/NoSuchMethodError'{0x00000007aaf8cfa8}: 'void java.lang.invoke.DirectMethodHandle$Holder.invokeSpecial(java.lang.Object, java.lang.Object, java.lang.Object, int, java.lang.Object)'> (0x00000007aaf8cfa8) 
thrown [s\src\hotspot\share\interpreter\linkResolver.cpp, line 773]
Event: 1.882 Thread 0x000001da541d1290 Exception <a 'java/lang/NoSuchMethodError'{0x00000007aaf90418}: 'void java.lang.invoke.DelegatingMethodHandle$Holder.delegate(java.lang.Object, java.lang.Object, int, java.lang.Object)'> (0x00000007aaf90418) 
thrown [s\src\hotspot\share\interpreter\linkResolver.cpp, line 773]

ZGC Phase Switch (0 events):
No events

VM Operations (6 events):
Event: 0.919 Executing non-safepoint VM operation: HandshakeAllThreads (Deoptimize)
Event: 0.920 Executing non-safepoint VM operation: HandshakeAllThreads (Deoptimize) done
Event: 1.680 Executing non-safepoint VM operation: HandshakeAllThreads (Deoptimize)
Event: 1.680 Executing non-safepoint VM operation: HandshakeAllThreads (Deoptimize) done
Event: 1.680 Executing safepoint VM operation: Cleanup
Event: 1.680 Executing safepoint VM operation: Cleanup done

Memory protections (0 events):
No events

Nmethod flushes (0 events):
No events

Events (10 events):
Event: 0.262 Thread 0x000001da541d1290 Thread added: 0x000001da541d1290
Event: 0.330 Thread 0x000001da541d1290 Thread added: 0x000001da6f4da6a0
Event: 0.330 Thread 0x000001da541d1290 Thread added: 0x000001da6f4db550
Event: 0.331 Thread 0x000001da541d1290 Thread added: 0x000001da6f4deca0
Event: 0.332 Thread 0x000001da541d1290 Thread added: 0x000001da6f4e1710
Event: 0.332 Thread 0x000001da541d1290 Thread added: 0x000001da6f4e2170
Event: 0.332 Thread 0x000001da541d1290 Thread added: 0x000001da6f4e2bd0
Event: 0.332 Thread 0x000001da541d1290 Thread added: 0x000001da6f4e3a10
Event: 0.482 Thread 0x000001da541d1290 Thread added: 0x000001da6f556aa0
Event: 1.259 Thread 0x000001da541d1290 Thread added: 0x000001da7410f580


Dynamic libraries:
0x00007ff623bb0000 - 0x00007ff623bbe000 	c:\Users\jaimi\.vscode\extensions\redhat.java-1.56.0-win32-x64\jre\21.0.12.1-win32-x86_64\bin\java.exe
0x00007ffed1f70000 - 0x00007ffed2168000 	C:\Windows\SYSTEM32\ntdll.dll
0x00007ffed0ee0000 - 0x00007ffed0fa2000 	C:\Windows\System32\KERNEL32.DLL
0x00007ffecf700000 - 0x00007ffecf9f6000 	C:\Windows\System32\KERNELBASE.dll
0x00007ffecfba0000 - 0x00007ffecfca0000 	C:\Windows\System32\ucrtbase.dll
0x00007ffeb6370000 - 0x00007ffeb6388000 	c:\Users\jaimi\.vscode\extensions\redhat.java-1.56.0-win32-x64\jre\21.0.12.1-win32-x86_64\bin\jli.dll
0x00007ffed0d30000 - 0x00007ffed0ed1000 	C:\Windows\System32\USER32.dll
0x00007ffecfe90000 - 0x00007ffecfeb2000 	C:\Windows\System32\win32u.dll
0x00007ffed0560000 - 0x00007ffed058b000 	C:\Windows\System32\GDI32.dll
0x00007ffecfa00000 - 0x00007ffecfb19000 	C:\Windows\System32\gdi32full.dll
0x00007ffecfec0000 - 0x00007ffecff5d000 	C:\Windows\System32\msvcp_win.dll
0x00007ffeb6350000 - 0x00007ffeb636e000 	c:\Users\jaimi\.vscode\extensions\redhat.java-1.56.0-win32-x64\jre\21.0.12.1-win32-x86_64\bin\VCRUNTIME140.dll
0x00007ffeb6680000 - 0x00007ffeb691b000 	C:\Windows\WinSxS\amd64_microsoft.windows.common-controls_6595b64144ccf1df_6.0.19041.6456_none_60b8a6cb71f64256\COMCTL32.dll
0x00007ffed0240000 - 0x00007ffed02de000 	C:\Windows\System32\msvcrt.dll
0x00007ffed0bb0000 - 0x00007ffed0bdf000 	C:\Windows\System32\IMM32.DLL
0x00007ffec8690000 - 0x00007ffec869c000 	c:\Users\jaimi\.vscode\extensions\redhat.java-1.56.0-win32-x64\jre\21.0.12.1-win32-x86_64\bin\vcruntime140_1.dll
0x00007ffeab800000 - 0x00007ffeab88d000 	c:\Users\jaimi\.vscode\extensions\redhat.java-1.56.0-win32-x64\jre\21.0.12.1-win32-x86_64\bin\msvcp140.dll
0x00007ffe4e2f0000 - 0x00007ffe4f092000 	c:\Users\jaimi\.vscode\extensions\redhat.java-1.56.0-win32-x64\jre\21.0.12.1-win32-x86_64\bin\server\jvm.dll
0x00007ffed0af0000 - 0x00007ffed0ba1000 	C:\Windows\System32\ADVAPI32.dll
0x00007ffed1e90000 - 0x00007ffed1f2f000 	C:\Windows\System32\sechost.dll
0x00007ffed0120000 - 0x00007ffed0240000 	C:\Windows\System32\RPCRT4.dll
0x00007ffecff60000 - 0x00007ffecff87000 	C:\Windows\System32\bcrypt.dll
0x00007ffed0bf0000 - 0x00007ffed0c5b000 	C:\Windows\System32\WS2_32.dll
0x00007ffecf080000 - 0x00007ffecf0cb000 	C:\Windows\SYSTEM32\POWRPROF.dll
0x00007ffeb15b0000 - 0x00007ffeb15d7000 	C:\Windows\SYSTEM32\WINMM.dll
0x00007ffebd780000 - 0x00007ffebd78a000 	C:\Windows\SYSTEM32\VERSION.dll
0x00007ffecefc0000 - 0x00007ffecefd2000 	C:\Windows\SYSTEM32\UMPDC.dll
0x00007ffecde10000 - 0x00007ffecde22000 	C:\Windows\SYSTEM32\kernel.appcore.dll
0x00007ffec85a0000 - 0x00007ffec85aa000 	c:\Users\jaimi\.vscode\extensions\redhat.java-1.56.0-win32-x64\jre\21.0.12.1-win32-x86_64\bin\jimage.dll
0x00007ffecdaf0000 - 0x00007ffecdcf1000 	C:\Windows\SYSTEM32\DBGHELP.DLL
0x00007ffeb0c50000 - 0x00007ffeb0c84000 	C:\Windows\SYSTEM32\dbgcore.DLL
0x00007ffecfca0000 - 0x00007ffecfd22000 	C:\Windows\System32\bcryptPrimitives.dll
0x00007ffeb62d0000 - 0x00007ffeb62df000 	c:\Users\jaimi\.vscode\extensions\redhat.java-1.56.0-win32-x64\jre\21.0.12.1-win32-x86_64\bin\instrument.dll
0x00007ffeb61d0000 - 0x00007ffeb61f0000 	c:\Users\jaimi\.vscode\extensions\redhat.java-1.56.0-win32-x64\jre\21.0.12.1-win32-x86_64\bin\java.dll
0x00007ffed12b0000 - 0x00007ffed1a20000 	C:\Windows\System32\SHELL32.dll
0x00007ffecd270000 - 0x00007ffecda15000 	C:\Windows\SYSTEM32\windows.storage.dll
0x00007ffed0730000 - 0x00007ffed0a84000 	C:\Windows\System32\combase.dll
0x00007ffecefe0000 - 0x00007ffecf00b000 	C:\Windows\SYSTEM32\Wldp.dll
0x00007ffed0fb0000 - 0x00007ffed107d000 	C:\Windows\System32\OLEAUT32.dll
0x00007ffed0c80000 - 0x00007ffed0d2d000 	C:\Windows\System32\SHCORE.dll
0x00007ffed0670000 - 0x00007ffed06cb000 	C:\Windows\System32\shlwapi.dll
0x00007ffecf530000 - 0x00007ffecf554000 	C:\Windows\SYSTEM32\profapi.dll
0x00007ffeb5dd0000 - 0x00007ffeb5de8000 	c:\Users\jaimi\.vscode\extensions\redhat.java-1.56.0-win32-x64\jre\21.0.12.1-win32-x86_64\bin\zip.dll
0x00007ffeb62c0000 - 0x00007ffeb62d0000 	C:\Users\jaimi\.vscode\extensions\redhat.java-1.56.0-win32-x64\jre\21.0.12.1-win32-x86_64\bin\net.dll
0x00007ffec58e0000 - 0x00007ffec59ea000 	C:\Windows\SYSTEM32\WINHTTP.dll
0x00007ffeced20000 - 0x00007ffeced8a000 	C:\Windows\system32\mswsock.dll
0x00007ffeb5c80000 - 0x00007ffeb5c96000 	C:\Users\jaimi\.vscode\extensions\redhat.java-1.56.0-win32-x64\jre\21.0.12.1-win32-x86_64\bin\nio.dll

JVMTI agents:
c:\Users\jaimi\.vscode\extensions\redhat.java-1.56.0-win32-x64\lombok\lombok-1.18.39-4050.jar path:c:\Users\jaimi\.vscode\extensions\redhat.java-1.56.0-win32-x64\jre\21.0.12.1-win32-x86_64\bin\instrument.dll, loaded, initialized, instrumentlib options:none

dbghelp: loaded successfully - version: 4.0.5 - missing functions: none
symbol engine: initialized successfully - sym options: 0x614 - pdb path: .;c:\Users\jaimi\.vscode\extensions\redhat.java-1.56.0-win32-x64\jre\21.0.12.1-win32-x86_64\bin;C:\Windows\SYSTEM32;C:\Windows\WinSxS\amd64_microsoft.windows.common-controls_6595b64144ccf1df_6.0.19041.6456_none_60b8a6cb71f64256;c:\Users\jaimi\.vscode\extensions\redhat.java-1.56.0-win32-x64\jre\21.0.12.1-win32-x86_64\bin\server

VM Arguments:
jvm_args: --add-modules=ALL-SYSTEM --add-opens=java.base/java.util=ALL-UNNAMED --add-opens=java.base/java.lang=ALL-UNNAMED --add-opens=java.base/sun.nio.fs=ALL-UNNAMED -Declipse.application=org.eclipse.jdt.ls.core.id1 -Dosgi.bundles.defaultStartLevel=4 -Declipse.product=org.eclipse.jdt.ls.core.product -Djava.import.generatesMetadataFilesAtProjectRoot=false -Dm2e.project.cache.size=50 -DDetectVMInstallationsJob.disabled=true -Dfile.encoding=utf8 -XX:+UseParallelGC -XX:GCTimeRatio=4 -XX:AdaptiveSizePolicyWeight=90 -Dsun.zip.disableMemoryMapping=true -Xmx4G -Xms100m -Xlog:disable -javaagent:c:\Users\jaimi\.vscode\extensions\redhat.java-1.56.0-win32-x64\lombok\lombok-1.18.39-4050.jar 
java_command: c:\Users\jaimi\.vscode\extensions\redhat.java-1.56.0-win32-x64\server\plugins\org.eclipse.equinox.launcher_1.8.0.v20260804-1928.jar -configuration c:\Users\jaimi\AppData\Roaming\Code\User\globalStorage\redhat.java\1.56.0\config_ss_win -data c:\Users\jaimi\AppData\Roaming\Code\User\workspaceStorage\7b1695ebeb44925a89a06e7ce4c3f07f\redhat.java\ss_ws --pipe=\\.\pipe\lsp-e647799a338a9fa6b1ed0e9062ee98fc-sock
java_class_path (initial): c:\Users\jaimi\.vscode\extensions\redhat.java-1.56.0-win32-x64\server\plugins\org.eclipse.equinox.launcher_1.8.0.v20260804-1928.jar
Launcher Type: SUN_STANDARD

[Global flags]
    uintx AdaptiveSizePolicyWeight                 = 90                                        {product} {command line}
     intx CICompilerCount                          = 2                                         {product} {ergonomic}
    uintx GCTimeRatio                              = 4                                         {product} {command line}
   size_t InitialHeapSize                          = 104857600                                 {product} {command line}
   size_t MaxHeapSize                              = 4294967296                                {product} {command line}
   size_t MaxNewSize                               = 1431306240                                {product} {ergonomic}
   size_t MinHeapDeltaBytes                        = 524288                                    {product} {ergonomic}
   size_t MinHeapSize                              = 104857600                                 {product} {command line}
   size_t NewSize                                  = 34603008                                  {product} {ergonomic}
    uintx NonNMethodCodeHeapSize                   = 5826188                                {pd product} {ergonomic}
    uintx NonProfiledCodeHeapSize                  = 122916026                              {pd product} {ergonomic}
   size_t OldSize                                  = 70254592                                  {product} {ergonomic}
    uintx ProfiledCodeHeapSize                     = 122916026                              {pd product} {ergonomic}
    uintx ReservedCodeCacheSize                    = 251658240                              {pd product} {ergonomic}
     bool SegmentedCodeCache                       = true                                      {product} {ergonomic}
   size_t SoftMaxHeapSize                          = 4294967296                             {manageable} {ergonomic}
     bool UseCompressedOops                        = true                           {product lp64_product} {ergonomic}
     bool UseLargePagesIndividualAllocation        = false                                  {pd product} {ergonomic}
     bool UseParallelGC                            = true                                      {product} {command line}

Logging:
Log output configuration:
 #0: stdout all=off uptime,level,tags foldmultilines=false
 #1: stderr all=off uptime,level,tags foldmultilines=false

Release file:
<release file has not been read>
Environment Variables:
JAVA_HOME=C:\Program Files\Java\jdk1.8.0_503
PATH=C:\Program Files (x86)\Common Files\Oracle\Java\java8path;C:\Program Files (x86)\Common Files\Oracle\Java\javapath;C:\Windows\system32;C:\Windows;C:\Windows\System32\Wbem;C:\Windows\System32\WindowsPowerShell\v1.0\;C:\Windows\System32\OpenSSH\;C:\Program Files\Git\cmd;C:\Users\jaimi\OneDrive\Documentos\programacao\calculatorProject\omniORB\bin;C:\Users\jaimi\AppData\Local\Programs\Python\Python313\;C:\Users\jaimi\AppData\Local\Programs\Python\Launcher\;C:\Users\jaimi\AppData\Local\Microsoft\WindowsApps;C:\Users\jaimi\AppData\Local\Programs\Microsoft VS Code\bin;D:\programs files\PyCharm Community Edition 2024.1.4\bin;;C:\msys64\mingw64\bin;C:\msys64\usr\bin;C:\omniORB\bin\x86_win32;C:\Program Files\Java\jdk1.8.0_503;C:\apache-maven-3.9.16\bin;C:\Program Files\Java\jdk1.8.0_503\bin;
USERNAME=jaimi
OS=Windows_NT
PROCESSOR_IDENTIFIER=Intel64 Family 6 Model 122 Stepping 8, GenuineIntel
TMP=C:\Users\jaimi\AppData\Local\Temp
TEMP=C:\Users\jaimi\AppData\Local\Temp




Periodic native trim disabled

---------------  S Y S T E M  ---------------

OS:
 Windows 10 , 64 bit Build 19041 (10.0.19041.5915)
OS uptime: 0 days 6:32 hours

CPU: total 2 (initial active 2) (2 cores per cpu, 1 threads per core) family 6 model 122 stepping 8 microcode 0x22, cx8, cmov, fxsr, mmx, 3dnowpref, sse, sse2, sse3, ssse3, sse4.1, sse4.2, popcnt, tsc, tscinvbit, aes, erms, clmul, sha, clflush, clflushopt, rdtscp, rdpid
Processor Information for the first 2 processors :
  Max Mhz: 1101, Current Mhz: 1101, Mhz Limit: 1101

Memory: 4k page, system-wide physical 8008M (1320M free)
TotalPageFile size 9971M (AvailPageFile size 7M)
current process WorkingSet (physical memory assigned to process): 38M, peak: 38M
current process commit charge ("private bytes"): 272M, peak: 272M

vm_info: OpenJDK 64-Bit Server VM (21.0.12.1+1-LTS) for windows-amd64 JRE (21.0.12.1+1-LTS), built on 2026-08-18T00:00:00Z by "admin" with MS VC++ 17.12 (VS2022)

END.
