#
# There is insufficient memory for the Java Runtime Environment to continue.
# Native memory allocation (malloc) failed to allocate 2012576 bytes. Error detail: Chunk::new
# Possible reasons:
#   The system is out of physical RAM or swap space
#   This process is running with CompressedOops enabled, and the Java Heap may be blocking the growth of the native heap
# Possible solutions:
#   Reduce memory load on the system
#   Increase physical memory or swap space
#   Check if swap backing store is full
#   Decrease Java heap size (-Xmx/-Xms)
#   Decrease number of Java threads
#   Decrease Java thread stack sizes (-Xss)
#   Set larger code cache with -XX:ReservedCodeCacheSize=
#   JVM is running with Zero Based Compressed Oops mode in which the Java heap is
#     placed in the first 32GB address space. The Java Heap base address is the
#     maximum limit for the native heap growth. Please use -XX:HeapBaseMinAddress
#     to set the Java Heap base and to place the Java Heap above 32GB virtual address.
# This output file may be truncated or incomplete.
#
#  Out of Memory Error (arena.cpp:168), pid=13084, tid=10432
#
# JRE version: OpenJDK Runtime Environment Temurin-21.0.12.1+1 (21.0.12.1+1) (build 21.0.12.1+1-LTS)
# Java VM: OpenJDK 64-Bit Server VM Temurin-21.0.12.1+1 (21.0.12.1+1-LTS, mixed mode, sharing, tiered, compressed oops, compressed class ptrs, parallel gc, windows-amd64)
# No core dump will be written. Minidumps are not enabled by default on client versions of Windows
#

---------------  S U M M A R Y ------------

Command Line: --add-modules=ALL-SYSTEM --add-opens=java.base/java.util=ALL-UNNAMED --add-opens=java.base/java.lang=ALL-UNNAMED --add-opens=java.base/sun.nio.fs=ALL-UNNAMED -Declipse.application=org.eclipse.jdt.ls.core.id1 -Dosgi.bundles.defaultStartLevel=4 -Declipse.product=org.eclipse.jdt.ls.core.product -Djava.import.generatesMetadataFilesAtProjectRoot=false -Dm2e.project.cache.size=50 -DDetectVMInstallationsJob.disabled=true -Dfile.encoding=utf8 -XX:+UseParallelGC -XX:GCTimeRatio=4 -XX:AdaptiveSizePolicyWeight=90 -Dsun.zip.disableMemoryMapping=true -Xmx4G -Xms100m -Xlog:disable -javaagent:c:\Users\jaimi\.vscode\extensions\redhat.java-1.56.0-win32-x64\lombok\lombok-1.18.39-4050.jar c:\Users\jaimi\.vscode\extensions\redhat.java-1.56.0-win32-x64\server\plugins\org.eclipse.equinox.launcher_1.8.0.v20260804-1928.jar -configuration c:\Users\jaimi\AppData\Roaming\Code\User\globalStorage\redhat.java\1.56.0\config_ss_win -data c:\Users\jaimi\AppData\Roaming\Code\User\workspaceStorage\7b1695ebeb44925a89a06e7ce4c3f07f\redhat.java\ss_ws --pipe=\\.\pipe\lsp-493c5d6cd66f412055334391333ab50c-sock

Host: Intel(R) Celeron(R) N4020 CPU @ 1.10GHz, 2 cores, 7G,  Windows 10 , 64 bit Build 19041 (10.0.19041.5915)
Time: Tue Oct  6 18:41:05 2026 South Africa Standard Time elapsed time: 101.510373 seconds (0d 0h 1m 41s)

---------------  T H R E A D  ---------------

Current thread (0x000001dd61b8fb50):  JavaThread "C2 CompilerThread0" daemon [_thread_in_native, id=10432, stack(0x00000028f5f00000,0x00000028f6000000) (1024K)]


Current CompileTask:
C2:101510 6027 %     4       org.lombokweb.asm.ClassReader::readCode @ 2037 (5117 bytes)

Stack: [0x00000028f5f00000,0x00000028f6000000]
Native frames: (J=compiled Java code, j=interpreted, Vv=VM code, C=native code)
V  [jvm.dll+0x6d83e9]
V  [jvm.dll+0x8b5736]
V  [jvm.dll+0x8b7cee]
V  [jvm.dll+0x8b83d3]
V  [jvm.dll+0x284596]
V  [jvm.dll+0xc685d]
V  [jvm.dll+0xc6da1]
V  [jvm.dll+0x3bf18b]
V  [jvm.dll+0x1e4149]
V  [jvm.dll+0x24c853]
V  [jvm.dll+0x24bce0]
V  [jvm.dll+0x1cb4ae]
V  [jvm.dll+0x25baad]
V  [jvm.dll+0x25a03a]
V  [jvm.dll+0x3f8aae]
V  [jvm.dll+0x8600cd]
V  [jvm.dll+0x6d6c1d]
C  [ucrtbase.dll+0x21bb2]
C  [KERNEL32.DLL+0x17374]
C  [ntdll.dll+0x4cc91]


---------------  P R O C E S S  ---------------

Threads class SMR info:
_java_thread_list=0x000001dd62939bd0, length=28, elements={
0x000001dd468810b0, 0x000001dd61b86b20, 0x000001dd61b88170, 0x000001dd61b8ade0,
0x000001dd61b8d850, 0x000001dd61b8e2b0, 0x000001dd61b8ed10, 0x000001dd61b8fb50,
0x000001dd61bfd660, 0x000001dd623d4780, 0x000001dd6252fe40, 0x000001dd62a3fab0,
0x000001dd62bc86b0, 0x000001dd62bb5b90, 0x000001dd62a3af30, 0x000001dd62adff70,
0x000001dd62ad2e20, 0x000001dd62785b70, 0x000001dd61c77640, 0x000001dd61c77cd0,
0x000001dd61c75570, 0x000001dd61c75c00, 0x000001dd61c76fb0, 0x000001dd61c76290,
0x000001dd61c74ee0, 0x000001dd61c76920, 0x000001dd629c8960, 0x000001dd629c8ff0
}

Java Threads: ( => current thread )
  0x000001dd468810b0 JavaThread "main"                              [_thread_blocked, id=8636, stack(0x00000028f5500000,0x00000028f5600000) (1024K)]
  0x000001dd61b86b20 JavaThread "Reference Handler"          daemon [_thread_blocked, id=14028, stack(0x00000028f5900000,0x00000028f5a00000) (1024K)]
  0x000001dd61b88170 JavaThread "Finalizer"                  daemon [_thread_blocked, id=1160, stack(0x00000028f5a00000,0x00000028f5b00000) (1024K)]
  0x000001dd61b8ade0 JavaThread "Signal Dispatcher"          daemon [_thread_blocked, id=5816, stack(0x00000028f5b00000,0x00000028f5c00000) (1024K)]
  0x000001dd61b8d850 JavaThread "Attach Listener"            daemon [_thread_blocked, id=14944, stack(0x00000028f5c00000,0x00000028f5d00000) (1024K)]
  0x000001dd61b8e2b0 JavaThread "Service Thread"             daemon [_thread_blocked, id=14384, stack(0x00000028f5d00000,0x00000028f5e00000) (1024K)]
  0x000001dd61b8ed10 JavaThread "Monitor Deflation Thread"   daemon [_thread_blocked, id=8936, stack(0x00000028f5e00000,0x00000028f5f00000) (1024K)]
=>0x000001dd61b8fb50 JavaThread "C2 CompilerThread0"         daemon [_thread_in_native, id=10432, stack(0x00000028f5f00000,0x00000028f6000000) (1024K)]
  0x000001dd61bfd660 JavaThread "C1 CompilerThread0"         daemon [_thread_blocked, id=14428, stack(0x00000028f6000000,0x00000028f6100000) (1024K)]
  0x000001dd623d4780 JavaThread "Common-Cleaner"             daemon [_thread_blocked, id=12980, stack(0x00000028f6100000,0x00000028f6200000) (1024K)]
  0x000001dd6252fe40 JavaThread "Notification Thread"        daemon [_thread_blocked, id=13632, stack(0x00000028f6200000,0x00000028f6300000) (1024K)]
  0x000001dd62a3fab0 JavaThread "Active Thread: Equinox Container: c04087c7-95ae-4af2-80ec-a7ae1f86fb72"        [_thread_blocked, id=12564, stack(0x00000028f6400000,0x00000028f6500000) (1024K)]
  0x000001dd62bc86b0 JavaThread "Framework Event Dispatcher: Equinox Container: c04087c7-95ae-4af2-80ec-a7ae1f86fb72" daemon [_thread_blocked, id=8196, stack(0x00000028f6500000,0x00000028f6600000) (1024K)]
  0x000001dd62bb5b90 JavaThread "Start Level: Equinox Container: c04087c7-95ae-4af2-80ec-a7ae1f86fb72" daemon [_thread_blocked, id=7960, stack(0x00000028f6600000,0x00000028f6700000) (1024K)]
  0x000001dd62a3af30 JavaThread "SCR Component Actor"        daemon [_thread_blocked, id=7916, stack(0x00000028f6700000,0x00000028f6800000) (1024K)]
  0x000001dd62adff70 JavaThread "Worker-JM"                         [_thread_blocked, id=13996, stack(0x00000028f6800000,0x00000028f6900000) (1024K)]
  0x000001dd62ad2e20 JavaThread "JNA Cleaner"                daemon [_thread_blocked, id=1836, stack(0x00000028f6900000,0x00000028f6a00000) (1024K)]
  0x000001dd62785b70 JavaThread "Worker-0"                          [_thread_blocked, id=13652, stack(0x00000028f6a00000,0x00000028f6b00000) (1024K)]
  0x000001dd61c77640 JavaThread "Worker-1"                          [_thread_blocked, id=12448, stack(0x00000028f6b00000,0x00000028f6c00000) (1024K)]
  0x000001dd61c77cd0 JavaThread "Thread-1"                   daemon [_thread_in_native, id=10420, stack(0x00000028f6c00000,0x00000028f6d00000) (1024K)]
  0x000001dd61c75570 JavaThread "Thread-2"                   daemon [_thread_in_native, id=14360, stack(0x00000028f6d00000,0x00000028f6e00000) (1024K)]
  0x000001dd61c75c00 JavaThread "Thread-3"                   daemon [_thread_in_native, id=12536, stack(0x00000028f6e00000,0x00000028f6f00000) (1024K)]
  0x000001dd61c76fb0 JavaThread "pool-2-thread-1"                   [_thread_blocked, id=7456, stack(0x00000028f6f00000,0x00000028f7000000) (1024K)]
  0x000001dd61c76290 JavaThread "Worker-2"                          [_thread_blocked, id=10940, stack(0x00000028f7000000,0x00000028f7100000) (1024K)]
  0x000001dd61c74ee0 JavaThread "WorkspaceEventsHandler"            [_thread_blocked, id=14972, stack(0x00000028f7100000,0x00000028f7200000) (1024K)]
  0x000001dd61c76920 JavaThread "pool-1-thread-1"                   [_thread_blocked, id=1640, stack(0x00000028f7200000,0x00000028f7300000) (1024K)]
  0x000001dd629c8960 JavaThread "Thread-13"                         [_thread_blocked, id=13644, stack(0x00000028f5300000,0x00000028f5400000) (1024K)]
  0x000001dd629c8ff0 JavaThread "Thread-14"                         [_thread_in_vm, id=1056, stack(0x00000028f5400000,0x00000028f5500000) (1024K)]
Total: 28

Other Threads:
  0x000001dd61b6bde0 VMThread "VM Thread"                           [id=8700, stack(0x00000028f5800000,0x00000028f5900000) (1024K)]
  0x000001dd61b219e0 WatcherThread "VM Periodic Task Thread"        [id=13748, stack(0x00000028f5700000,0x00000028f5800000) (1024K)]
  0x000001dd4689e9a0 WorkerThread "GC Thread#0"                     [id=8392, stack(0x00000028f5600000,0x00000028f5700000) (1024K)]
  0x000001dd62a72790 WorkerThread "GC Thread#1"                     [id=12628, stack(0x00000028f6300000,0x00000028f6400000) (1024K)]
Total: 4

Threads with active compile tasks:
C2 CompilerThread0  101607 6027 %     4       org.lombokweb.asm.ClassReader::readCode @ 2037 (5117 bytes)
Total: 1

VM state: not at safepoint (normal execution)

VM Mutex/Monitor currently owned by a thread:  ([mutex/lock_event])
[0x00007ffe4efaf4b0] CodeCache_lock - owner thread: 0x000001dd629c8ff0

Heap address: 0x0000000700000000, size: 4096 MB, Compressed Oops mode: Zero based, Oop shift amount: 3

CDS archive(s) mapped at: [0x000001dd00000000-0x000001dd00ba0000-0x000001dd00ba0000), size 12189696, SharedBaseAddress: 0x000001dd00000000, ArchiveRelocationMode: 1.
Compressed class space mapped at: 0x000001dd01000000-0x000001dd41000000, reserved size: 1073741824
Narrow klass base: 0x000001dd00000000, Narrow klass shift: 0, Narrow klass range: 0x100000000

GC Precious Log:
 CardTable entry size: 512
 CPUs: 2 total, 2 available
 Memory: 8008M
 Large Page Support: Disabled
 NUMA Support: Disabled
 Compressed Oops: Enabled (Zero based)
 Alignments: Space 512K, Generation 512K, Heap 2M
 Heap Min Capacity: 100M
 Heap Initial Capacity: 100M
 Heap Max Capacity: 4G
 Pre-touch: Disabled
 Parallel Workers: 2

Heap:
 PSYoungGen      total 22016K, used 17438K [0x00000007aab00000, 0x00000007ac280000, 0x0000000800000000)
  eden space 20992K, 78% used [0x00000007aab00000,0x00000007abb11668,0x00000007abf80000)
  from space 1024K, 96% used [0x00000007abf80000,0x00000007ac076490,0x00000007ac080000)
  to   space 1536K, 0% used [0x00000007ac100000,0x00000007ac100000,0x00000007ac280000)
 ParOldGen       total 68608K, used 28177K [0x0000000700000000, 0x0000000704300000, 0x00000007aab00000)
  object space 68608K, 41% used [0x0000000700000000,0x0000000701b847a8,0x0000000704300000)
 Metaspace       used 43911K, committed 44864K, reserved 1114112K
  class space    used 4323K, committed 4736K, reserved 1048576K

Card table byte_map: [0x000001dd58a90000,0x000001dd592a0000] _byte_map_base: 0x000001dd55290000

Marking Bits: (ParMarkBitMap*) 0x00007ffe4efb44a0
 Begin Bits: [0x000001dd592a0000, 0x000001dd5d2a0000)
 End Bits:   [0x000001dd5d2a0000, 0x000001dd612a0000)

Polling page: 0x000001dd446d0000

Metaspace:

Usage:
  Non-class:     38.66 MB used.
      Class:      4.22 MB used.
       Both:     42.88 MB used.

Virtual space:
  Non-class space:       64.00 MB reserved,      39.19 MB ( 61%) committed,  1 nodes.
      Class space:        1.00 GB reserved,       4.62 MB ( <1%) committed,  1 nodes.
             Both:        1.06 GB reserved,      43.81 MB (  4%) committed. 

Chunk freelists:
   Non-Class:  8.66 MB
       Class:  11.33 MB
        Both:  19.99 MB

MaxMetaspaceSize: unlimited
CompressedClassSpaceSize: 1.00 GB
Initial GC threshold: 21.00 MB
Current GC threshold: 58.38 MB
CDS: on
 - commit_granule_bytes: 65536.
 - commit_granule_words: 8192.
 - virtual_space_node_default_size: 8388608.
 - enlarge_chunks_in_place: 1.
 - use_allocation_guard: 0.


Internal statistics:

num_allocs_failed_limit: 6.
num_arena_births: 742.
num_arena_deaths: 14.
num_vsnodes_births: 2.
num_vsnodes_deaths: 0.
num_space_committed: 701.
num_space_uncommitted: 0.
num_chunks_returned_to_freelist: 20.
num_chunks_taken_from_freelist: 2584.
num_chunk_merges: 12.
num_chunk_splits: 1661.
num_chunks_enlarged: 1059.
num_inconsistent_stats: 0.

CodeHeap 'non-profiled nmethods': size=120064Kb used=3321Kb max_used=3321Kb free=116742Kb
 bounds [0x000001dd51550000, 0x000001dd51890000, 0x000001dd58a90000]
CodeHeap 'profiled nmethods': size=120000Kb used=13358Kb max_used=13358Kb free=106641Kb
 bounds [0x000001dd49a90000, 0x000001dd4a7a0000, 0x000001dd50fc0000]
CodeHeap 'non-nmethods': size=5696Kb used=1400Kb max_used=1453Kb free=4295Kb
 bounds [0x000001dd50fc0000, 0x000001dd51230000, 0x000001dd51550000]
CodeCache: size=245760Kb, used=18079Kb, max_used=18132Kb, free=227678Kb
 total_blobs=6325, nmethods=5611, adapters=621, full_count=0
Compilation: enabled, stopped_count=0, restarted_count=0

Compilation events (20 events):
Event: 100.238 Thread 0x000001dd61b8fb50 6022       4       java.util.AbstractSet::<init> (5 bytes)
Event: 100.239 Thread 0x000001dd61b8fb50 nmethod 6022 0x000001dd5188e010 code [0x000001dd5188e1a0, 0x000001dd5188e228]
Event: 100.240 Thread 0x000001dd61bfd660 nmethod 6019 0x000001dd4a795310 code [0x000001dd4a795640, 0x000001dd4a796650]
Event: 100.240 Thread 0x000001dd61bfd660 6020       3       java.nio.HeapByteBuffer::compact (85 bytes)
Event: 100.241 Thread 0x000001dd61bfd660 nmethod 6020 0x000001dd4a796e90 code [0x000001dd4a7970a0, 0x000001dd4a7976c0]
Event: 100.241 Thread 0x000001dd61bfd660 6023       3       org.eclipse.osgi.internal.log.EquinoxLogWriter::appendPaddedInt (76 bytes)
Event: 100.242 Thread 0x000001dd61bfd660 nmethod 6023 0x000001dd4a797910 code [0x000001dd4a797b80, 0x000001dd4a7981b0]
Event: 100.242 Thread 0x000001dd61bfd660 6021       3       java.nio.Buffer::discardMark (6 bytes)
Event: 100.243 Thread 0x000001dd61bfd660 nmethod 6021 0x000001dd4a798490 code [0x000001dd4a798620, 0x000001dd4a798730]
Event: 100.704 Thread 0x000001dd61b8fb50 6024       4       org.eclipse.core.runtime.Path::lastSegment (22 bytes)
Event: 100.704 Thread 0x000001dd61bfd660 6025       3       org.eclipse.core.runtime.Path::parsePortableString (175 bytes)
Event: 100.706 Thread 0x000001dd61b8fb50 nmethod 6024 0x000001dd5188e310 code [0x000001dd5188e4a0, 0x000001dd5188e580]
Event: 100.707 Thread 0x000001dd61bfd660 nmethod 6025 0x000001dd4a798790 code [0x000001dd4a798aa0, 0x000001dd4a799a88]
Event: 100.720 Thread 0x000001dd61bfd660 6026       3       org.eclipse.jdt.internal.core.JavaElement::getElementInfo (27 bytes)
Event: 100.720 Thread 0x000001dd61bfd660 nmethod 6026 0x000001dd4a79a190 code [0x000001dd4a79a380, 0x000001dd4a79a748]
Event: 100.724 Thread 0x000001dd61b8fb50 6027 %     4       org.lombokweb.asm.ClassReader::readCode @ 2037 (5117 bytes)
Event: 101.021 Thread 0x000001dd61bfd660 6028       3       org.eclipse.jdt.internal.compiler.util.HashtableOfObjectToInt::put (104 bytes)
Event: 101.022 Thread 0x000001dd61bfd660 nmethod 6028 0x000001dd4a79a890 code [0x000001dd4a79aaa0, 0x000001dd4a79b150]
Event: 101.023 Thread 0x000001dd61bfd660 6029       3       org.eclipse.jdt.internal.core.PackageFragment::getElementName (38 bytes)
Event: 101.024 Thread 0x000001dd61bfd660 nmethod 6029 0x000001dd4a79b410 code [0x000001dd4a79b5c0, 0x000001dd4a79b7e8]

GC Heap History (20 events):
Event: 56.103 GC heap before
{Heap before GC invocations=22 (full 2):
 PSYoungGen      total 22016K, used 21536K [0x00000007aab00000, 0x00000007ac300000, 0x0000000800000000)
  eden space 20992K, 100% used [0x00000007aab00000,0x00000007abf80000,0x00000007abf80000)
  from space 1024K, 53% used [0x00000007ac180000,0x00000007ac208000,0x00000007ac280000)
  to   space 512K, 0% used [0x00000007ac280000,0x00000007ac280000,0x00000007ac300000)
 ParOldGen       total 68608K, used 20902K [0x0000000700000000, 0x0000000704300000, 0x00000007aab00000)
  object space 68608K, 30% used [0x0000000700000000,0x0000000701469b98,0x0000000704300000)
 Metaspace       used 38780K, committed 39680K, reserved 1114112K
  class space    used 3872K, committed 4288K, reserved 1048576K
}
Event: 56.115 GC heap after
{Heap after GC invocations=22 (full 2):
 PSYoungGen      total 21504K, used 485K [0x00000007aab00000, 0x00000007ac580000, 0x0000000800000000)
  eden space 20992K, 0% used [0x00000007aab00000,0x00000007aab00000,0x00000007abf80000)
  from space 512K, 94% used [0x00000007ac280000,0x00000007ac2f96b0,0x00000007ac300000)
  to   space 3072K, 0% used [0x00000007abf80000,0x00000007abf80000,0x00000007ac280000)
 ParOldGen       total 68608K, used 22887K [0x0000000700000000, 0x0000000704300000, 0x00000007aab00000)
  object space 68608K, 33% used [0x0000000700000000,0x0000000701659f08,0x0000000704300000)
 Metaspace       used 38780K, committed 39680K, reserved 1114112K
  class space    used 3872K, committed 4288K, reserved 1048576K
}
Event: 56.988 GC heap before
{Heap before GC invocations=23 (full 2):
 PSYoungGen      total 21504K, used 21477K [0x00000007aab00000, 0x00000007ac580000, 0x0000000800000000)
  eden space 20992K, 100% used [0x00000007aab00000,0x00000007abf80000,0x00000007abf80000)
  from space 512K, 94% used [0x00000007ac280000,0x00000007ac2f96b0,0x00000007ac300000)
  to   space 3072K, 0% used [0x00000007abf80000,0x00000007abf80000,0x00000007ac280000)
 ParOldGen       total 68608K, used 22887K [0x0000000700000000, 0x0000000704300000, 0x00000007aab00000)
  object space 68608K, 33% used [0x0000000700000000,0x0000000701659f08,0x0000000704300000)
 Metaspace       used 38780K, committed 39680K, reserved 1114112K
  class space    used 3872K, committed 4288K, reserved 1048576K
}
Event: 56.995 GC heap after
{Heap after GC invocations=23 (full 2):
 PSYoungGen      total 22528K, used 1180K [0x00000007aab00000, 0x00000007ac380000, 0x0000000800000000)
  eden space 20992K, 0% used [0x00000007aab00000,0x00000007aab00000,0x00000007abf80000)
  from space 1536K, 76% used [0x00000007abf80000,0x00000007ac0a70f0,0x00000007ac100000)
  to   space 2048K, 0% used [0x00000007ac180000,0x00000007ac180000,0x00000007ac380000)
 ParOldGen       total 68608K, used 23363K [0x0000000700000000, 0x0000000704300000, 0x00000007aab00000)
  object space 68608K, 34% used [0x0000000700000000,0x00000007016d0e88,0x0000000704300000)
 Metaspace       used 38780K, committed 39680K, reserved 1114112K
  class space    used 3872K, committed 4288K, reserved 1048576K
}
Event: 57.443 GC heap before
{Heap before GC invocations=24 (full 2):
 PSYoungGen      total 22528K, used 22172K [0x00000007aab00000, 0x00000007ac380000, 0x0000000800000000)
  eden space 20992K, 100% used [0x00000007aab00000,0x00000007abf80000,0x00000007abf80000)
  from space 1536K, 76% used [0x00000007abf80000,0x00000007ac0a70f0,0x00000007ac100000)
  to   space 2048K, 0% used [0x00000007ac180000,0x00000007ac180000,0x00000007ac380000)
 ParOldGen       total 68608K, used 23363K [0x0000000700000000, 0x0000000704300000, 0x00000007aab00000)
  object space 68608K, 34% used [0x0000000700000000,0x00000007016d0e88,0x0000000704300000)
 Metaspace       used 38803K, committed 39744K, reserved 1114112K
  class space    used 3874K, committed 4288K, reserved 1048576K
}
Event: 57.450 GC heap after
{Heap after GC invocations=24 (full 2):
 PSYoungGen      total 22528K, used 1048K [0x00000007aab00000, 0x00000007ac300000, 0x0000000800000000)
  eden space 20992K, 0% used [0x00000007aab00000,0x00000007aab00000,0x00000007abf80000)
  from space 1536K, 68% used [0x00000007ac180000,0x00000007ac286150,0x00000007ac300000)
  to   space 1536K, 0% used [0x00000007abf80000,0x00000007abf80000,0x00000007ac100000)
 ParOldGen       total 68608K, used 24116K [0x0000000700000000, 0x0000000704300000, 0x00000007aab00000)
  object space 68608K, 35% used [0x0000000700000000,0x000000070178d1c8,0x0000000704300000)
 Metaspace       used 38803K, committed 39744K, reserved 1114112K
  class space    used 3874K, committed 4288K, reserved 1048576K
}
Event: 57.777 GC heap before
{Heap before GC invocations=25 (full 2):
 PSYoungGen      total 22528K, used 22040K [0x00000007aab00000, 0x00000007ac300000, 0x0000000800000000)
  eden space 20992K, 100% used [0x00000007aab00000,0x00000007abf80000,0x00000007abf80000)
  from space 1536K, 68% used [0x00000007ac180000,0x00000007ac286150,0x00000007ac300000)
  to   space 1536K, 0% used [0x00000007abf80000,0x00000007abf80000,0x00000007ac100000)
 ParOldGen       total 68608K, used 24116K [0x0000000700000000, 0x0000000704300000, 0x00000007aab00000)
  object space 68608K, 35% used [0x0000000700000000,0x000000070178d1c8,0x0000000704300000)
 Metaspace       used 38946K, committed 39872K, reserved 1114112K
  class space    used 3897K, committed 4288K, reserved 1048576K
}
Event: 57.782 GC heap after
{Heap after GC invocations=25 (full 2):
 PSYoungGen      total 22528K, used 480K [0x00000007aab00000, 0x00000007ac200000, 0x0000000800000000)
  eden space 20992K, 0% used [0x00000007aab00000,0x00000007aab00000,0x00000007abf80000)
  from space 1536K, 31% used [0x00000007abf80000,0x00000007abff8000,0x00000007ac100000)
  to   space 1024K, 0% used [0x00000007ac100000,0x00000007ac100000,0x00000007ac200000)
 ParOldGen       total 68608K, used 25074K [0x0000000700000000, 0x0000000704300000, 0x00000007aab00000)
  object space 68608K, 36% used [0x0000000700000000,0x000000070187c8b8,0x0000000704300000)
 Metaspace       used 38946K, committed 39872K, reserved 1114112K
  class space    used 3897K, committed 4288K, reserved 1048576K
}
Event: 58.132 GC heap before
{Heap before GC invocations=26 (full 2):
 PSYoungGen      total 22528K, used 21472K [0x00000007aab00000, 0x00000007ac200000, 0x0000000800000000)
  eden space 20992K, 100% used [0x00000007aab00000,0x00000007abf80000,0x00000007abf80000)
  from space 1536K, 31% used [0x00000007abf80000,0x00000007abff8000,0x00000007ac100000)
  to   space 1024K, 0% used [0x00000007ac100000,0x00000007ac100000,0x00000007ac200000)
 ParOldGen       total 68608K, used 25074K [0x0000000700000000, 0x0000000704300000, 0x00000007aab00000)
  object space 68608K, 36% used [0x0000000700000000,0x000000070187c8b8,0x0000000704300000)
 Metaspace       used 38946K, committed 39872K, reserved 1114112K
  class space    used 3897K, committed 4288K, reserved 1048576K
}
Event: 58.140 GC heap after
{Heap after GC invocations=26 (full 2):
 PSYoungGen      total 22016K, used 576K [0x00000007aab00000, 0x00000007ac200000, 0x0000000800000000)
  eden space 20992K, 0% used [0x00000007aab00000,0x00000007aab00000,0x00000007abf80000)
  from space 1024K, 56% used [0x00000007ac100000,0x00000007ac190000,0x00000007ac200000)
  to   space 1024K, 0% used [0x00000007ac000000,0x00000007ac000000,0x00000007ac100000)
 ParOldGen       total 68608K, used 25538K [0x0000000700000000, 0x0000000704300000, 0x00000007aab00000)
  object space 68608K, 37% used [0x0000000700000000,0x00000007018f08b8,0x0000000704300000)
 Metaspace       used 38946K, committed 39872K, reserved 1114112K
  class space    used 3897K, committed 4288K, reserved 1048576K
}
Event: 58.246 GC heap before
{Heap before GC invocations=27 (full 2):
 PSYoungGen      total 22016K, used 21568K [0x00000007aab00000, 0x00000007ac200000, 0x0000000800000000)
  eden space 20992K, 100% used [0x00000007aab00000,0x00000007abf80000,0x00000007abf80000)
  from space 1024K, 56% used [0x00000007ac100000,0x00000007ac190000,0x00000007ac200000)
  to   space 1024K, 0% used [0x00000007ac000000,0x00000007ac000000,0x00000007ac100000)
 ParOldGen       total 68608K, used 25538K [0x0000000700000000, 0x0000000704300000, 0x00000007aab00000)
  object space 68608K, 37% used [0x0000000700000000,0x00000007018f08b8,0x0000000704300000)
 Metaspace       used 38946K, committed 39872K, reserved 1114112K
  class space    used 3897K, committed 4288K, reserved 1048576K
}
Event: 58.250 GC heap after
{Heap after GC invocations=27 (full 2):
 PSYoungGen      total 22016K, used 544K [0x00000007aab00000, 0x00000007ac180000, 0x0000000800000000)
  eden space 20992K, 0% used [0x00000007aab00000,0x00000007aab00000,0x00000007abf80000)
  from space 1024K, 53% used [0x00000007ac000000,0x00000007ac088000,0x00000007ac100000)
  to   space 512K, 0% used [0x00000007ac100000,0x00000007ac100000,0x00000007ac180000)
 ParOldGen       total 68608K, used 26058K [0x0000000700000000, 0x0000000704300000, 0x00000007aab00000)
  object space 68608K, 37% used [0x0000000700000000,0x00000007019728b8,0x0000000704300000)
 Metaspace       used 38946K, committed 39872K, reserved 1114112K
  class space    used 3897K, committed 4288K, reserved 1048576K
}
Event: 59.008 GC heap before
{Heap before GC invocations=28 (full 2):
 PSYoungGen      total 22016K, used 21536K [0x00000007aab00000, 0x00000007ac180000, 0x0000000800000000)
  eden space 20992K, 100% used [0x00000007aab00000,0x00000007abf80000,0x00000007abf80000)
  from space 1024K, 53% used [0x00000007ac000000,0x00000007ac088000,0x00000007ac100000)
  to   space 512K, 0% used [0x00000007ac100000,0x00000007ac100000,0x00000007ac180000)
 ParOldGen       total 68608K, used 26058K [0x0000000700000000, 0x0000000704300000, 0x00000007aab00000)
  object space 68608K, 37% used [0x0000000700000000,0x00000007019728b8,0x0000000704300000)
 Metaspace       used 38958K, committed 39872K, reserved 1114112K
  class space    used 3897K, committed 4288K, reserved 1048576K
}
Event: 59.013 GC heap after
{Heap after GC invocations=28 (full 2):
 PSYoungGen      total 21504K, used 512K [0x00000007aab00000, 0x00000007ac280000, 0x0000000800000000)
  eden space 20992K, 0% used [0x00000007aab00000,0x00000007aab00000,0x00000007abf80000)
  from space 512K, 100% used [0x00000007ac100000,0x00000007ac180000,0x00000007ac180000)
  to   space 1536K, 0% used [0x00000007abf80000,0x00000007abf80000,0x00000007ac100000)
 ParOldGen       total 68608K, used 26594K [0x0000000700000000, 0x0000000704300000, 0x00000007aab00000)
  object space 68608K, 38% used [0x0000000700000000,0x00000007019f88c8,0x0000000704300000)
 Metaspace       used 38958K, committed 39872K, reserved 1114112K
  class space    used 3897K, committed 4288K, reserved 1048576K
}
Event: 59.379 GC heap before
{Heap before GC invocations=29 (full 2):
 PSYoungGen      total 21504K, used 21504K [0x00000007aab00000, 0x00000007ac280000, 0x0000000800000000)
  eden space 20992K, 100% used [0x00000007aab00000,0x00000007abf80000,0x00000007abf80000)
  from space 512K, 100% used [0x00000007ac100000,0x00000007ac180000,0x00000007ac180000)
  to   space 1536K, 0% used [0x00000007abf80000,0x00000007abf80000,0x00000007ac100000)
 ParOldGen       total 68608K, used 26594K [0x0000000700000000, 0x0000000704300000, 0x00000007aab00000)
  object space 68608K, 38% used [0x0000000700000000,0x00000007019f88c8,0x0000000704300000)
 Metaspace       used 38958K, committed 39872K, reserved 1114112K
  class space    used 3897K, committed 4288K, reserved 1048576K
}
Event: 59.386 GC heap after
{Heap after GC invocations=29 (full 2):
 PSYoungGen      total 22016K, used 608K [0x00000007aab00000, 0x00000007ac180000, 0x0000000800000000)
  eden space 20992K, 0% used [0x00000007aab00000,0x00000007aab00000,0x00000007abf80000)
  from space 1024K, 59% used [0x00000007abf80000,0x00000007ac018000,0x00000007ac080000)
  to   space 1024K, 0% used [0x00000007ac080000,0x00000007ac080000,0x00000007ac180000)
 ParOldGen       total 68608K, used 27041K [0x0000000700000000, 0x0000000704300000, 0x00000007aab00000)
  object space 68608K, 39% used [0x0000000700000000,0x0000000701a687a8,0x0000000704300000)
 Metaspace       used 38958K, committed 39872K, reserved 1114112K
  class space    used 3897K, committed 4288K, reserved 1048576K
}
Event: 61.036 GC heap before
{Heap before GC invocations=30 (full 2):
 PSYoungGen      total 22016K, used 21600K [0x00000007aab00000, 0x00000007ac180000, 0x0000000800000000)
  eden space 20992K, 100% used [0x00000007aab00000,0x00000007abf80000,0x00000007abf80000)
  from space 1024K, 59% used [0x00000007abf80000,0x00000007ac018000,0x00000007ac080000)
  to   space 1024K, 0% used [0x00000007ac080000,0x00000007ac080000,0x00000007ac180000)
 ParOldGen       total 68608K, used 27041K [0x0000000700000000, 0x0000000704300000, 0x00000007aab00000)
  object space 68608K, 39% used [0x0000000700000000,0x0000000701a687a8,0x0000000704300000)
 Metaspace       used 39602K, committed 40576K, reserved 1114112K
  class space    used 3970K, committed 4416K, reserved 1048576K
}
Event: 61.042 GC heap after
{Heap after GC invocations=30 (full 2):
 PSYoungGen      total 22016K, used 752K [0x00000007aab00000, 0x00000007ac180000, 0x0000000800000000)
  eden space 20992K, 0% used [0x00000007aab00000,0x00000007aab00000,0x00000007abf80000)
  from space 1024K, 73% used [0x00000007ac080000,0x00000007ac13c010,0x00000007ac180000)
  to   space 1024K, 0% used [0x00000007abf80000,0x00000007abf80000,0x00000007ac080000)
 ParOldGen       total 68608K, used 27505K [0x0000000700000000, 0x0000000704300000, 0x00000007aab00000)
  object space 68608K, 40% used [0x0000000700000000,0x0000000701adc7a8,0x0000000704300000)
 Metaspace       used 39602K, committed 40576K, reserved 1114112K
  class space    used 3970K, committed 4416K, reserved 1048576K
}
Event: 67.357 GC heap before
{Heap before GC invocations=31 (full 2):
 PSYoungGen      total 22016K, used 21744K [0x00000007aab00000, 0x00000007ac180000, 0x0000000800000000)
  eden space 20992K, 100% used [0x00000007aab00000,0x00000007abf80000,0x00000007abf80000)
  from space 1024K, 73% used [0x00000007ac080000,0x00000007ac13c010,0x00000007ac180000)
  to   space 1024K, 0% used [0x00000007abf80000,0x00000007abf80000,0x00000007ac080000)
 ParOldGen       total 68608K, used 27505K [0x0000000700000000, 0x0000000704300000, 0x00000007aab00000)
  object space 68608K, 40% used [0x0000000700000000,0x0000000701adc7a8,0x0000000704300000)
 Metaspace       used 41623K, committed 42560K, reserved 1114112K
  class space    used 4127K, committed 4544K, reserved 1048576K
}
Event: 67.371 GC heap after
{Heap after GC invocations=31 (full 2):
 PSYoungGen      total 22016K, used 985K [0x00000007aab00000, 0x00000007ac280000, 0x0000000800000000)
  eden space 20992K, 0% used [0x00000007aab00000,0x00000007aab00000,0x00000007abf80000)
  from space 1024K, 96% used [0x00000007abf80000,0x00000007ac076490,0x00000007ac080000)
  to   space 1536K, 0% used [0x00000007ac100000,0x00000007ac100000,0x00000007ac280000)
 ParOldGen       total 68608K, used 28177K [0x0000000700000000, 0x0000000704300000, 0x00000007aab00000)
  object space 68608K, 41% used [0x0000000700000000,0x0000000701b847a8,0x0000000704300000)
 Metaspace       used 41623K, committed 42560K, reserved 1114112K
  class space    used 4127K, committed 4544K, reserved 1048576K
}

Dll operation events (20 events):
Event: 0.021 Attempting to load shared library c:\Users\jaimi\.vscode\extensions\redhat.java-1.56.0-win32-x64\jre\21.0.12.1-win32-x86_64\bin\java.dll
Event: 0.021 Loaded shared library c:\Users\jaimi\.vscode\extensions\redhat.java-1.56.0-win32-x64\jre\21.0.12.1-win32-x86_64\bin\java.dll
Event: 0.538 Attempting to load shared library c:\Users\jaimi\.vscode\extensions\redhat.java-1.56.0-win32-x64\jre\21.0.12.1-win32-x86_64\bin\zip.dll
Event: 0.539 Loaded shared library c:\Users\jaimi\.vscode\extensions\redhat.java-1.56.0-win32-x64\jre\21.0.12.1-win32-x86_64\bin\zip.dll
Event: 0.687 Attempting to load shared library C:\Users\jaimi\.vscode\extensions\redhat.java-1.56.0-win32-x64\jre\21.0.12.1-win32-x86_64\bin\instrument.dll
Event: 0.687 Loaded shared library C:\Users\jaimi\.vscode\extensions\redhat.java-1.56.0-win32-x64\jre\21.0.12.1-win32-x86_64\bin\instrument.dll
Event: 0.810 Attempting to load shared library C:\Users\jaimi\.vscode\extensions\redhat.java-1.56.0-win32-x64\jre\21.0.12.1-win32-x86_64\bin\net.dll
Event: 0.813 Loaded shared library C:\Users\jaimi\.vscode\extensions\redhat.java-1.56.0-win32-x64\jre\21.0.12.1-win32-x86_64\bin\net.dll
Event: 0.817 Attempting to load shared library C:\Users\jaimi\.vscode\extensions\redhat.java-1.56.0-win32-x64\jre\21.0.12.1-win32-x86_64\bin\nio.dll
Event: 0.817 Loaded shared library C:\Users\jaimi\.vscode\extensions\redhat.java-1.56.0-win32-x64\jre\21.0.12.1-win32-x86_64\bin\nio.dll
Event: 0.827 Attempting to load shared library C:\Users\jaimi\.vscode\extensions\redhat.java-1.56.0-win32-x64\jre\21.0.12.1-win32-x86_64\bin\zip.dll
Event: 0.827 Loaded shared library C:\Users\jaimi\.vscode\extensions\redhat.java-1.56.0-win32-x64\jre\21.0.12.1-win32-x86_64\bin\zip.dll
Event: 1.248 Attempting to load shared library C:\Users\jaimi\.vscode\extensions\redhat.java-1.56.0-win32-x64\jre\21.0.12.1-win32-x86_64\bin\jimage.dll
Event: 1.248 Loaded shared library C:\Users\jaimi\.vscode\extensions\redhat.java-1.56.0-win32-x64\jre\21.0.12.1-win32-x86_64\bin\jimage.dll
Event: 3.209 Attempting to load shared library c:\Users\jaimi\.vscode\extensions\redhat.java-1.56.0-win32-x64\jre\21.0.12.1-win32-x86_64\bin\verify.dll
Event: 3.209 Loaded shared library c:\Users\jaimi\.vscode\extensions\redhat.java-1.56.0-win32-x64\jre\21.0.12.1-win32-x86_64\bin\verify.dll
Event: 15.541 Attempting to load shared library C:\Users\jaimi\AppData\Roaming\Code\User\globalStorage\redhat.java\1.56.0\config_ss_win\org.eclipse.equinox.launcher\org.eclipse.equinox.launcher.win32.win32.x86_64_1.3.100.v20260804-1928\eclipse_11924.dll
Event: 15.546 Loaded shared library C:\Users\jaimi\AppData\Roaming\Code\User\globalStorage\redhat.java\1.56.0\config_ss_win\org.eclipse.equinox.launcher\org.eclipse.equinox.launcher.win32.win32.x86_64_1.3.100.v20260804-1928\eclipse_11924.dll
Event: 21.877 Attempting to load shared library C:\Users\jaimi\AppData\Local\Temp\jna-100887342\jna908054933012091079.dll
Event: 23.438 Loaded shared library C:\Users\jaimi\AppData\Local\Temp\jna-100887342\jna908054933012091079.dll

Deoptimization events (20 events):
Event: 92.083 Thread 0x000001dd61c76920 Uncommon trap: trap_request=0xffffffbe fr.pc=0x000001dd51871294 relative=0x0000000000001814
Event: 92.083 Thread 0x000001dd61c76920 Uncommon trap: reason=profile_predicate action=maybe_recompile pc=0x000001dd51871294 method=org.eclipse.jdt.internal.compiler.parser.Scanner.jumpOverMethodBody()V @ 881 c2
Event: 92.083 Thread 0x000001dd61c76920 DEOPT PACKING pc=0x000001dd51871294 sp=0x00000028f72fe130
Event: 92.083 Thread 0x000001dd61c76920 DEOPT UNPACKING pc=0x000001dd51013a9c sp=0x00000028f72fe090 mode 2
Event: 92.083 Thread 0x000001dd61c76920 Uncommon trap: trap_request=0xffffffbe fr.pc=0x000001dd5182f504 relative=0x0000000000001464
Event: 92.083 Thread 0x000001dd61c76920 Uncommon trap: reason=profile_predicate action=maybe_recompile pc=0x000001dd5182f504 method=org.eclipse.jdt.internal.compiler.parser.Scanner.jumpOverMethodBody()V @ 881 c2
Event: 92.083 Thread 0x000001dd61c76920 DEOPT PACKING pc=0x000001dd5182f504 sp=0x00000028f72fe110
Event: 92.083 Thread 0x000001dd61c76920 DEOPT UNPACKING pc=0x000001dd51013a9c sp=0x00000028f72fe090 mode 2
Event: 92.083 Thread 0x000001dd61c76920 Uncommon trap: trap_request=0xffffffbe fr.pc=0x000001dd51871294 relative=0x0000000000001814
Event: 92.083 Thread 0x000001dd61c76920 Uncommon trap: reason=profile_predicate action=maybe_recompile pc=0x000001dd51871294 method=org.eclipse.jdt.internal.compiler.parser.Scanner.jumpOverMethodBody()V @ 881 c2
Event: 92.083 Thread 0x000001dd61c76920 DEOPT PACKING pc=0x000001dd51871294 sp=0x00000028f72fe130
Event: 92.083 Thread 0x000001dd61c76920 DEOPT UNPACKING pc=0x000001dd51013a9c sp=0x00000028f72fe090 mode 2
Event: 92.527 Thread 0x000001dd61c76920 Uncommon trap: trap_request=0xffffff45 fr.pc=0x000001dd516d6d48 relative=0x00000000000001a8
Event: 92.527 Thread 0x000001dd61c76920 Uncommon trap: reason=unstable_if action=reinterpret pc=0x000001dd516d6d48 method=java.lang.Long.stringSize(J)I @ 5 c2
Event: 92.527 Thread 0x000001dd61c76920 DEOPT PACKING pc=0x000001dd516d6d48 sp=0x00000028f72fe450
Event: 92.528 Thread 0x000001dd61c76920 DEOPT UNPACKING pc=0x000001dd51013a9c sp=0x00000028f72fe3c0 mode 2
Event: 92.528 Thread 0x000001dd61c76920 Uncommon trap: trap_request=0xffffff45 fr.pc=0x000001dd516d7378 relative=0x0000000000000338
Event: 92.528 Thread 0x000001dd61c76920 Uncommon trap: reason=unstable_if action=reinterpret pc=0x000001dd516d7378 method=java.lang.Long.getChars(JI[B)I @ 6 c2
Event: 92.528 Thread 0x000001dd61c76920 DEOPT PACKING pc=0x000001dd516d7378 sp=0x00000028f72fe440
Event: 92.528 Thread 0x000001dd61c76920 DEOPT UNPACKING pc=0x000001dd51013a9c sp=0x00000028f72fe398 mode 2

Classes loaded (20 events):
Event: 45.347 Loading class java/util/Hashtable$ValueCollection
Event: 45.347 Loading class java/util/Hashtable$ValueCollection done
Event: 46.038 Loading class java/util/regex/PatternSyntaxException
Event: 46.039 Loading class java/util/regex/PatternSyntaxException done
Event: 46.195 Loading class java/util/WeakHashMap$KeyIterator
Event: 46.195 Loading class java/util/WeakHashMap$KeyIterator done
Event: 57.659 Loading class java/util/AbstractList$ListItr
Event: 57.659 Loading class java/util/AbstractList$ListItr done
Event: 67.339 Loading class java/lang/UnsupportedClassVersionError
Event: 67.339 Loading class java/lang/UnsupportedClassVersionError done
Event: 67.341 Loading class java/io/FileReader
Event: 67.341 Loading class java/io/FileReader done
Event: 83.774 Loading class java/util/stream/DistinctOps
Event: 83.775 Loading class java/util/stream/DistinctOps done
Event: 83.775 Loading class java/util/stream/DistinctOps$1
Event: 83.785 Loading class java/util/stream/DistinctOps$1 done
Event: 83.787 Loading class java/util/stream/DistinctOps$1$2
Event: 83.787 Loading class java/util/stream/DistinctOps$1$2 done
Event: 92.524 Loading class java/util/concurrent/CompletionException
Event: 92.525 Loading class java/util/concurrent/CompletionException done

Classes unloaded (7 events):
Event: 29.498 Thread 0x000001dd61b6bde0 Unloading class 0x000001dd0118d400 'java/lang/invoke/LambdaForm$MH+0x000001dd0118d400'
Event: 29.498 Thread 0x000001dd61b6bde0 Unloading class 0x000001dd0118d000 'java/lang/invoke/LambdaForm$MH+0x000001dd0118d000'
Event: 29.498 Thread 0x000001dd61b6bde0 Unloading class 0x000001dd0118cc00 'java/lang/invoke/LambdaForm$MH+0x000001dd0118cc00'
Event: 29.498 Thread 0x000001dd61b6bde0 Unloading class 0x000001dd0118c800 'java/lang/invoke/LambdaForm$MH+0x000001dd0118c800'
Event: 29.498 Thread 0x000001dd61b6bde0 Unloading class 0x000001dd0118c400 'java/lang/invoke/LambdaForm$BMH+0x000001dd0118c400'
Event: 29.498 Thread 0x000001dd61b6bde0 Unloading class 0x000001dd0118c000 'java/lang/invoke/LambdaForm$DMH+0x000001dd0118c000'
Event: 29.498 Thread 0x000001dd61b6bde0 Unloading class 0x000001dd0118ac00 'java/lang/invoke/LambdaForm$DMH+0x000001dd0118ac00'

Classes redefined (0 events):
No events

Internal exceptions (20 events):
Event: 47.165 Thread 0x000001dd61c74850 Exception <a 'java/lang/ArrayIndexOutOfBoundsException'{0x00000007ab976d68}> (0x00000007ab976d68) 
thrown [s\src\hotspot\share\runtime\sharedRuntime.cpp, line 625]
Event: 60.914 Thread 0x000001dd62785b70 Exception <a 'java/lang/NoSuchMethodError'{0x00000007abe5c488}: 'int java.lang.invoke.DirectMethodHandle$Holder.invokeSpecialIFC(java.lang.Object, java.lang.Object, java.lang.Object)'> (0x00000007abe5c488) 
thrown [s\src\hotspot\share\interpreter\linkResolver.cpp, line 773]
Event: 61.629 Thread 0x000001dd62785b70 Exception <a 'java/lang/NoSuchMethodError'{0x00000007aad58b80}: 'int java.lang.invoke.DirectMethodHandle$Holder.invokeSpecial(java.lang.Object, java.lang.Object, java.lang.Object, java.lang.Object)'> (0x00000007aad58b80) 
thrown [s\src\hotspot\share\interpreter\linkResolver.cpp, line 773]
Event: 62.408 Thread 0x000001dd62785b70 Exception <a 'java/lang/NoSuchMethodError'{0x00000007ab134018}: 'void java.lang.invoke.DirectMethodHandle$Holder.invokeStatic(java.lang.Object, int, java.lang.Object)'> (0x00000007ab134018) 
thrown [s\src\hotspot\share\interpreter\linkResolver.cpp, line 773]
Event: 62.718 Thread 0x000001dd62785b70 Exception <a 'java/io/FileNotFoundException'{0x00000007ab3249a8}> (0x00000007ab3249a8) 
thrown [s\src\hotspot\share\prims\jni.cpp, line 520]
Event: 62.719 Thread 0x000001dd62785b70 Exception <a 'java/io/FileNotFoundException'{0x00000007ab3259a8}> (0x00000007ab3259a8) 
thrown [s\src\hotspot\share\prims\jni.cpp, line 520]
Event: 62.719 Thread 0x000001dd62785b70 Exception <a 'java/io/FileNotFoundException'{0x00000007ab326718}> (0x00000007ab326718) 
thrown [s\src\hotspot\share\prims\jni.cpp, line 520]
Event: 63.629 Thread 0x000001dd62785b70 Exception <a 'java/lang/NoSuchMethodError'{0x00000007ab899068}: 'int java.lang.invoke.DirectMethodHandle$Holder.invokeVirtual(java.lang.Object, java.lang.Object, java.lang.Object)'> (0x00000007ab899068) 
thrown [s\src\hotspot\share\interpreter\linkResolver.cpp, line 773]
Event: 67.149 Thread 0x000001dd61c76920 Exception <a 'java/lang/IncompatibleClassChangeError'{0x00000007abc0ac10}: Found class java.lang.Object, but interface was expected> (0x00000007abc0ac10) 
thrown [s\src\hotspot\share\interpreter\linkResolver.cpp, line 840]
Event: 67.375 Thread 0x000001dd629c9d10 Exception <a 'java/lang/NoSuchMethodError'{0x00000007aab0df78}: 'int java.lang.invoke.Invokers$Holder.invokeExact_MT(java.lang.Object, java.lang.Object)'> (0x00000007aab0df78) 
thrown [s\src\hotspot\share\interpreter\linkResolver.cpp, line 773]
Event: 67.574 Thread 0x000001dd629c9d10 Exception <a 'java/lang/NoSuchMethodError'{0x00000007aabf3410}: 'int java.lang.invoke.DirectMethodHandle$Holder.invokeInterface(java.lang.Object, java.lang.Object)'> (0x00000007aabf3410) 
thrown [s\src\hotspot\share\interpreter\linkResolver.cpp, line 773]
Event: 67.575 Thread 0x000001dd629c9d10 Exception <a 'java/lang/IncompatibleClassChangeError'{0x00000007aabf66d0}: Found class java.lang.Object, but interface was expected> (0x00000007aabf66d0) 
thrown [s\src\hotspot\share\interpreter\linkResolver.cpp, line 840]
Event: 68.582 Thread 0x000001dd629cc470 Exception <a 'java/lang/ArrayIndexOutOfBoundsException'{0x00000007ab00a9c8}> (0x00000007ab00a9c8) 
thrown [s\src\hotspot\share\runtime\sharedRuntime.cpp, line 625]
Event: 68.774 Thread 0x000001dd629c9d10 Exception <a 'java/lang/NoSuchMethodError'{0x00000007ab1e07c8}: 'java.lang.Object java.lang.invoke.DirectMethodHandle$Holder.invokeStatic(java.lang.Object, int, java.lang.Object)'> (0x00000007ab1e07c8) 
thrown [s\src\hotspot\share\interpreter\linkResolver.cpp, line 773]
Event: 71.844 Thread 0x000001dd61c76920 Exception <a 'java/lang/IncompatibleClassChangeError'{0x00000007aaf8db40}: Found class java.lang.Object, but interface was expected> (0x00000007aaf8db40) 
thrown [s\src\hotspot\share\interpreter\linkResolver.cpp, line 840]
Event: 82.385 Thread 0x000001dd61c76920 Exception <a 'java/io/FileNotFoundException'{0x00000007ab595158}> (0x00000007ab595158) 
thrown [s\src\hotspot\share\prims\jni.cpp, line 520]
Event: 82.386 Thread 0x000001dd61c76920 Exception <a 'java/io/FileNotFoundException'{0x00000007ab5963f8}> (0x00000007ab5963f8) 
thrown [s\src\hotspot\share\prims\jni.cpp, line 520]
Event: 82.391 Thread 0x000001dd61c76920 Exception <a 'java/io/FileNotFoundException'{0x00000007ab597410}> (0x00000007ab597410) 
thrown [s\src\hotspot\share\prims\jni.cpp, line 520]
Event: 92.499 Thread 0x000001dd61c76920 Exception <a 'java/lang/IncompatibleClassChangeError'{0x00000007ab8d24b8}: Found class java.lang.Object, but interface was expected> (0x00000007ab8d24b8) 
thrown [s\src\hotspot\share\interpreter\linkResolver.cpp, line 840]
Event: 100.234 Thread 0x000001dd61c76920 Exception <a 'java/lang/IncompatibleClassChangeError'{0x00000007ab9079e0}: Found class java.lang.Object, but interface was expected> (0x00000007ab9079e0) 
thrown [s\src\hotspot\share\interpreter\linkResolver.cpp, line 840]

ZGC Phase Switch (0 events):
No events

VM Operations (20 events):
Event: 92.327 Executing safepoint VM operation: Cleanup
Event: 92.442 Executing safepoint VM operation: Cleanup done
Event: 93.457 Executing safepoint VM operation: Cleanup
Event: 93.457 Executing safepoint VM operation: Cleanup done
Event: 100.847 Executing non-safepoint VM operation: HandshakeAllThreads (Deoptimize)
Event: 101.027 Executing non-safepoint VM operation: HandshakeAllThreads (Deoptimize) done
Event: 101.027 Executing safepoint VM operation: Cleanup
Event: 101.044 Executing safepoint VM operation: Cleanup done
Event: 101.056 Executing non-safepoint VM operation: HandshakeAllThreads (Deoptimize)
Event: 101.058 Executing non-safepoint VM operation: HandshakeAllThreads (Deoptimize) done
Event: 101.070 Executing non-safepoint VM operation: HandshakeAllThreads (Deoptimize)
Event: 101.070 Executing non-safepoint VM operation: HandshakeAllThreads (Deoptimize) done
Event: 101.075 Executing non-safepoint VM operation: HandshakeAllThreads (Deoptimize)
Event: 101.075 Executing non-safepoint VM operation: HandshakeAllThreads (Deoptimize) done
Event: 101.100 Executing non-safepoint VM operation: HandshakeAllThreads (Deoptimize)
Event: 101.100 Executing non-safepoint VM operation: HandshakeAllThreads (Deoptimize) done
Event: 101.118 Executing non-safepoint VM operation: HandshakeAllThreads (Deoptimize)
Event: 101.118 Executing non-safepoint VM operation: HandshakeAllThreads (Deoptimize) done
Event: 101.424 Executing non-safepoint VM operation: HandshakeAllThreads (Deoptimize)
Event: 101.424 Executing non-safepoint VM operation: HandshakeAllThreads (Deoptimize) done

Memory protections (0 events):
No events

Nmethod flushes (20 events):
Event: 42.644 Thread 0x000001dd61b6bde0 flushing  nmethod 0x000001dd49dc7090
Event: 42.644 Thread 0x000001dd61b6bde0 flushing  nmethod 0x000001dd49dcae10
Event: 42.644 Thread 0x000001dd61b6bde0 flushing  nmethod 0x000001dd49dd1e90
Event: 42.644 Thread 0x000001dd61b6bde0 flushing  nmethod 0x000001dd49dde590
Event: 42.644 Thread 0x000001dd61b6bde0 flushing  nmethod 0x000001dd49df7b10
Event: 42.644 Thread 0x000001dd61b6bde0 flushing  nmethod 0x000001dd49df7e10
Event: 42.644 Thread 0x000001dd61b6bde0 flushing  nmethod 0x000001dd49dfe510
Event: 42.644 Thread 0x000001dd61b6bde0 flushing  nmethod 0x000001dd49e01b90
Event: 42.644 Thread 0x000001dd61b6bde0 flushing  nmethod 0x000001dd49e10410
Event: 42.644 Thread 0x000001dd61b6bde0 flushing  nmethod 0x000001dd49e10d90
Event: 42.644 Thread 0x000001dd61b6bde0 flushing  nmethod 0x000001dd49e15290
Event: 42.644 Thread 0x000001dd61b6bde0 flushing  nmethod 0x000001dd49ef1910
Event: 42.644 Thread 0x000001dd61b6bde0 flushing  nmethod 0x000001dd49ef2310
Event: 42.644 Thread 0x000001dd61b6bde0 flushing  nmethod 0x000001dd49ef7310
Event: 42.644 Thread 0x000001dd61b6bde0 flushing  nmethod 0x000001dd49f25f90
Event: 42.644 Thread 0x000001dd61b6bde0 flushing  nmethod 0x000001dd49f2ff90
Event: 42.644 Thread 0x000001dd61b6bde0 flushing  nmethod 0x000001dd49f5f890
Event: 42.644 Thread 0x000001dd61b6bde0 flushing  nmethod 0x000001dd49f60210
Event: 42.644 Thread 0x000001dd61b6bde0 flushing  nmethod 0x000001dd49f60810
Event: 42.644 Thread 0x000001dd61b6bde0 flushing  nmethod 0x000001dd49f75090

Events (20 events):
Event: 38.461 Thread 0x000001dd61c76920 Thread added: 0x000001dd61c74850
Event: 38.467 Thread 0x000001dd61c76920 Thread added: 0x000001dd67658090
Event: 46.211 Thread 0x000001dd61c74850 Thread exited: 0x000001dd61c74850
Event: 46.245 Thread 0x000001dd67658090 Thread exited: 0x000001dd67658090
Event: 46.414 Thread 0x000001dd61c76920 Thread added: 0x000001dd61c74850
Event: 47.290 Thread 0x000001dd61c74850 Thread exited: 0x000001dd61c74850
Event: 66.863 Thread 0x000001dd61c76920 Thread added: 0x000001dd629c9680
Event: 66.975 Thread 0x000001dd629c9680 Thread exited: 0x000001dd629c9680
Event: 67.146 Thread 0x000001dd61c76920 Thread added: 0x000001dd629ca3a0
Event: 67.152 Thread 0x000001dd61c76920 Thread added: 0x000001dd629c9d10
Event: 67.244 Thread 0x000001dd629ca3a0 Thread exited: 0x000001dd629ca3a0
Event: 68.482 Thread 0x000001dd61c76920 Thread added: 0x000001dd629cc470
Event: 68.589 Thread 0x000001dd629cc470 Thread exited: 0x000001dd629cc470
Event: 68.866 Thread 0x000001dd629c9d10 Thread exited: 0x000001dd629c9d10
Event: 71.848 Thread 0x000001dd61c76920 Thread added: 0x000001dd629cc470
Event: 74.361 Thread 0x000001dd629cc470 Thread exited: 0x000001dd629cc470
Event: 92.521 Thread 0x000001dd61c76920 Thread added: 0x000001dd629c6f20
Event: 92.948 Thread 0x000001dd629c6f20 Thread exited: 0x000001dd629c6f20
Event: 100.238 Thread 0x000001dd61c76920 Thread added: 0x000001dd629c8960
Event: 100.241 Thread 0x000001dd61c76920 Thread added: 0x000001dd629c8ff0


Dynamic libraries:
0x00007ff623bb0000 - 0x00007ff623bbe000 	c:\Users\jaimi\.vscode\extensions\redhat.java-1.56.0-win32-x64\jre\21.0.12.1-win32-x86_64\bin\java.exe
0x00007ffed1f70000 - 0x00007ffed2168000 	C:\Windows\SYSTEM32\ntdll.dll
0x00007ffed0ee0000 - 0x00007ffed0fa2000 	C:\Windows\System32\KERNEL32.DLL
0x00007ffecf700000 - 0x00007ffecf9f6000 	C:\Windows\System32\KERNELBASE.dll
0x00007ffecfba0000 - 0x00007ffecfca0000 	C:\Windows\System32\ucrtbase.dll
0x00007ffeb6370000 - 0x00007ffeb6388000 	c:\Users\jaimi\.vscode\extensions\redhat.java-1.56.0-win32-x64\jre\21.0.12.1-win32-x86_64\bin\jli.dll
0x00007ffed0d30000 - 0x00007ffed0ed1000 	C:\Windows\System32\USER32.dll
0x00007ffecfe90000 - 0x00007ffecfeb2000 	C:\Windows\System32\win32u.dll
0x00007ffed0560000 - 0x00007ffed058b000 	C:\Windows\System32\GDI32.dll
0x00007ffecfa00000 - 0x00007ffecfb19000 	C:\Windows\System32\gdi32full.dll
0x00007ffecfec0000 - 0x00007ffecff5d000 	C:\Windows\System32\msvcp_win.dll
0x00007ffeb6350000 - 0x00007ffeb636e000 	c:\Users\jaimi\.vscode\extensions\redhat.java-1.56.0-win32-x64\jre\21.0.12.1-win32-x86_64\bin\VCRUNTIME140.dll
0x00007ffeb6680000 - 0x00007ffeb691b000 	C:\Windows\WinSxS\amd64_microsoft.windows.common-controls_6595b64144ccf1df_6.0.19041.6456_none_60b8a6cb71f64256\COMCTL32.dll
0x00007ffed0240000 - 0x00007ffed02de000 	C:\Windows\System32\msvcrt.dll
0x00007ffed0bb0000 - 0x00007ffed0bdf000 	C:\Windows\System32\IMM32.DLL
0x00007ffec8690000 - 0x00007ffec869c000 	c:\Users\jaimi\.vscode\extensions\redhat.java-1.56.0-win32-x64\jre\21.0.12.1-win32-x86_64\bin\vcruntime140_1.dll
0x00007ffeab800000 - 0x00007ffeab88d000 	c:\Users\jaimi\.vscode\extensions\redhat.java-1.56.0-win32-x64\jre\21.0.12.1-win32-x86_64\bin\msvcp140.dll
0x00007ffe4e2f0000 - 0x00007ffe4f092000 	c:\Users\jaimi\.vscode\extensions\redhat.java-1.56.0-win32-x64\jre\21.0.12.1-win32-x86_64\bin\server\jvm.dll
0x00007ffed0af0000 - 0x00007ffed0ba1000 	C:\Windows\System32\ADVAPI32.dll
0x00007ffed1e90000 - 0x00007ffed1f2f000 	C:\Windows\System32\sechost.dll
0x00007ffed0120000 - 0x00007ffed0240000 	C:\Windows\System32\RPCRT4.dll
0x00007ffecff60000 - 0x00007ffecff87000 	C:\Windows\System32\bcrypt.dll
0x00007ffed0bf0000 - 0x00007ffed0c5b000 	C:\Windows\System32\WS2_32.dll
0x00007ffecf080000 - 0x00007ffecf0cb000 	C:\Windows\SYSTEM32\POWRPROF.dll
0x00007ffeb15b0000 - 0x00007ffeb15d7000 	C:\Windows\SYSTEM32\WINMM.dll
0x00007ffebd780000 - 0x00007ffebd78a000 	C:\Windows\SYSTEM32\VERSION.dll
0x00007ffecefc0000 - 0x00007ffecefd2000 	C:\Windows\SYSTEM32\UMPDC.dll
0x00007ffecde10000 - 0x00007ffecde22000 	C:\Windows\SYSTEM32\kernel.appcore.dll
0x00007ffec85a0000 - 0x00007ffec85aa000 	c:\Users\jaimi\.vscode\extensions\redhat.java-1.56.0-win32-x64\jre\21.0.12.1-win32-x86_64\bin\jimage.dll
0x00007ffecdaf0000 - 0x00007ffecdcf1000 	C:\Windows\SYSTEM32\DBGHELP.DLL
0x00007ffeb0c50000 - 0x00007ffeb0c84000 	C:\Windows\SYSTEM32\dbgcore.DLL
0x00007ffecfca0000 - 0x00007ffecfd22000 	C:\Windows\System32\bcryptPrimitives.dll
0x00007ffeb62d0000 - 0x00007ffeb62df000 	c:\Users\jaimi\.vscode\extensions\redhat.java-1.56.0-win32-x64\jre\21.0.12.1-win32-x86_64\bin\instrument.dll
0x00007ffeb61d0000 - 0x00007ffeb61f0000 	c:\Users\jaimi\.vscode\extensions\redhat.java-1.56.0-win32-x64\jre\21.0.12.1-win32-x86_64\bin\java.dll
0x00007ffed12b0000 - 0x00007ffed1a20000 	C:\Windows\System32\SHELL32.dll
0x00007ffecd270000 - 0x00007ffecda15000 	C:\Windows\SYSTEM32\windows.storage.dll
0x00007ffed0730000 - 0x00007ffed0a84000 	C:\Windows\System32\combase.dll
0x00007ffecefe0000 - 0x00007ffecf00b000 	C:\Windows\SYSTEM32\Wldp.dll
0x00007ffed0fb0000 - 0x00007ffed107d000 	C:\Windows\System32\OLEAUT32.dll
0x00007ffed0c80000 - 0x00007ffed0d2d000 	C:\Windows\System32\SHCORE.dll
0x00007ffed0670000 - 0x00007ffed06cb000 	C:\Windows\System32\shlwapi.dll
0x00007ffecf530000 - 0x00007ffecf554000 	C:\Windows\SYSTEM32\profapi.dll
0x00007ffeb5dd0000 - 0x00007ffeb5de8000 	c:\Users\jaimi\.vscode\extensions\redhat.java-1.56.0-win32-x64\jre\21.0.12.1-win32-x86_64\bin\zip.dll
0x00007ffeb62c0000 - 0x00007ffeb62d0000 	C:\Users\jaimi\.vscode\extensions\redhat.java-1.56.0-win32-x64\jre\21.0.12.1-win32-x86_64\bin\net.dll
0x00007ffec58e0000 - 0x00007ffec59ea000 	C:\Windows\SYSTEM32\WINHTTP.dll
0x00007ffeced20000 - 0x00007ffeced8a000 	C:\Windows\system32\mswsock.dll
0x00007ffeb5c80000 - 0x00007ffeb5c96000 	C:\Users\jaimi\.vscode\extensions\redhat.java-1.56.0-win32-x64\jre\21.0.12.1-win32-x86_64\bin\nio.dll
0x00007ffeb6120000 - 0x00007ffeb6130000 	c:\Users\jaimi\.vscode\extensions\redhat.java-1.56.0-win32-x64\jre\21.0.12.1-win32-x86_64\bin\verify.dll
0x00007ffeb2da0000 - 0x00007ffeb2de5000 	C:\Users\jaimi\AppData\Roaming\Code\User\globalStorage\redhat.java\1.56.0\config_ss_win\org.eclipse.equinox.launcher\org.eclipse.equinox.launcher.win32.win32.x86_64_1.3.100.v20260804-1928\eclipse_11924.dll
0x00007ffecfff0000 - 0x00007ffed011b000 	C:\Windows\System32\ole32.dll
0x00007ffecef10000 - 0x00007ffecef28000 	C:\Windows\SYSTEM32\CRYPTSP.dll
0x00007ffece5d0000 - 0x00007ffece608000 	C:\Windows\system32\rsaenh.dll
0x00007ffecf4f0000 - 0x00007ffecf51e000 	C:\Windows\SYSTEM32\USERENV.dll
0x00007ffecef30000 - 0x00007ffecef3c000 	C:\Windows\SYSTEM32\CRYPTBASE.dll
0x00007ffecea00000 - 0x00007ffecea3b000 	C:\Windows\SYSTEM32\IPHLPAPI.DLL
0x00007ffed0380000 - 0x00007ffed0388000 	C:\Windows\System32\NSI.dll
0x00007ffeb5010000 - 0x00007ffeb5059000 	C:\Users\jaimi\AppData\Local\Temp\jna-100887342\jna908054933012091079.dll
0x00007ffed0be0000 - 0x00007ffed0be8000 	C:\Windows\System32\PSAPI.DLL
0x00007ffebdb00000 - 0x00007ffebdb17000 	C:\Windows\SYSTEM32\dhcpcsvc6.DLL
0x00007ffec2a10000 - 0x00007ffec2a2d000 	C:\Windows\SYSTEM32\dhcpcsvc.DLL

JVMTI agents:
c:\Users\jaimi\.vscode\extensions\redhat.java-1.56.0-win32-x64\lombok\lombok-1.18.39-4050.jar path:c:\Users\jaimi\.vscode\extensions\redhat.java-1.56.0-win32-x64\jre\21.0.12.1-win32-x86_64\bin\instrument.dll, loaded, initialized, instrumentlib options:none

dbghelp: loaded successfully - version: 4.0.5 - missing functions: none
symbol engine: initialized successfully - sym options: 0x614 - pdb path: .;c:\Users\jaimi\.vscode\extensions\redhat.java-1.56.0-win32-x64\jre\21.0.12.1-win32-x86_64\bin;C:\Windows\SYSTEM32;C:\Windows\WinSxS\amd64_microsoft.windows.common-controls_6595b64144ccf1df_6.0.19041.6456_none_60b8a6cb71f64256;c:\Users\jaimi\.vscode\extensions\redhat.java-1.56.0-win32-x64\jre\21.0.12.1-win32-x86_64\bin\server;C:\Users\jaimi\AppData\Roaming\Code\User\globalStorage\redhat.java\1.56.0\config_ss_win\org.eclipse.equinox.launcher\org.eclipse.equinox.launcher.win32.win32.x86_64_1.3.100.v20260804-1928;C:\Users\jaimi\AppData\Local\Temp\jna-100887342

VM Arguments:
jvm_args: --add-modules=ALL-SYSTEM --add-opens=java.base/java.util=ALL-UNNAMED --add-opens=java.base/java.lang=ALL-UNNAMED --add-opens=java.base/sun.nio.fs=ALL-UNNAMED -Declipse.application=org.eclipse.jdt.ls.core.id1 -Dosgi.bundles.defaultStartLevel=4 -Declipse.product=org.eclipse.jdt.ls.core.product -Djava.import.generatesMetadataFilesAtProjectRoot=false -Dm2e.project.cache.size=50 -DDetectVMInstallationsJob.disabled=true -Dfile.encoding=utf8 -XX:+UseParallelGC -XX:GCTimeRatio=4 -XX:AdaptiveSizePolicyWeight=90 -Dsun.zip.disableMemoryMapping=true -Xmx4G -Xms100m -Xlog:disable -javaagent:c:\Users\jaimi\.vscode\extensions\redhat.java-1.56.0-win32-x64\lombok\lombok-1.18.39-4050.jar 
java_command: c:\Users\jaimi\.vscode\extensions\redhat.java-1.56.0-win32-x64\server\plugins\org.eclipse.equinox.launcher_1.8.0.v20260804-1928.jar -configuration c:\Users\jaimi\AppData\Roaming\Code\User\globalStorage\redhat.java\1.56.0\config_ss_win -data c:\Users\jaimi\AppData\Roaming\Code\User\workspaceStorage\7b1695ebeb44925a89a06e7ce4c3f07f\redhat.java\ss_ws --pipe=\\.\pipe\lsp-493c5d6cd66f412055334391333ab50c-sock
java_class_path (initial): c:\Users\jaimi\.vscode\extensions\redhat.java-1.56.0-win32-x64\server\plugins\org.eclipse.equinox.launcher_1.8.0.v20260804-1928.jar
Launcher Type: SUN_STANDARD

[Global flags]
    uintx AdaptiveSizePolicyWeight                 = 90                                        {product} {command line}
     intx CICompilerCount                          = 2                                         {product} {ergonomic}
    uintx GCTimeRatio                              = 4                                         {product} {command line}
   size_t InitialHeapSize                          = 104857600                                 {product} {command line}
   size_t MaxHeapSize                              = 4294967296                                {product} {command line}
   size_t MaxNewSize                               = 1431306240                                {product} {ergonomic}
   size_t MinHeapDeltaBytes                        = 524288                                    {product} {ergonomic}
   size_t MinHeapSize                              = 104857600                                 {product} {command line}
   size_t NewSize                                  = 34603008                                  {product} {ergonomic}
    uintx NonNMethodCodeHeapSize                   = 5826188                                {pd product} {ergonomic}
    uintx NonProfiledCodeHeapSize                  = 122916026                              {pd product} {ergonomic}
   size_t OldSize                                  = 70254592                                  {product} {ergonomic}
    uintx ProfiledCodeHeapSize                     = 122916026                              {pd product} {ergonomic}
    uintx ReservedCodeCacheSize                    = 251658240                              {pd product} {ergonomic}
     bool SegmentedCodeCache                       = true                                      {product} {ergonomic}
   size_t SoftMaxHeapSize                          = 4294967296                             {manageable} {ergonomic}
     bool UseCompressedOops                        = true                           {product lp64_product} {ergonomic}
     bool UseLargePagesIndividualAllocation        = false                                  {pd product} {ergonomic}
     bool UseParallelGC                            = true                                      {product} {command line}

Logging:
Log output configuration:
 #0: stdout all=off uptime,level,tags foldmultilines=false
 #1: stderr all=off uptime,level,tags foldmultilines=false

Release file:
JAVA_VERSION="21.0.12.1" 
MODULES="java.base java.compiler java.datatransfer java.xml java.prefs java.desktop java.instrument java.logging java.management java.security.sasl java.naming java.rmi java.management.rmi java.net.http java.scripting java.security.jgss java.transaction.xa java.sql java.sql.rowset java.xml.crypto java.se java.smartcardio jdk.accessibility jdk.internal.jvmstat jdk.attach jdk.charsets jdk.internal.opt jdk.zipfs jdk.compiler jdk.crypto.ec jdk.crypto.cryptoki jdk.crypto.mscapi jdk.dynalink jdk.internal.ed jdk.editpad jdk.hotspot.agent jdk.httpserver jdk.internal.le jdk.internal.vm.ci jdk.internal.vm.compiler jdk.internal.vm.compiler.management jdk.jartool jdk.javadoc jdk.jcmd jdk.management jdk.management.agent jdk.jconsole jdk.jdeps jdk.jdwp.agent jdk.jdi jdk.jfr jdk.jshell jdk.jsobject jdk.jstatd jdk.localedata jdk.management.jfr jdk.naming.dns jdk.naming.rmi jdk.net jdk.nio.mapmode jdk.random jdk.sctp jdk.security.auth jdk.security.jgss jdk.unsupported jdk.unsupported.desktop jdk.xml.dom" 

Environment Variables:
JAVA_HOME=C:\Program Files\Java\jdk1.8.0_503
PATH=C:\Program Files (x86)\Common Files\Oracle\Java\java8path;C:\Program Files (x86)\Common Files\Oracle\Java\javapath;C:\Windows\system32;C:\Windows;C:\Windows\System32\Wbem;C:\Windows\System32\WindowsPowerShell\v1.0\;C:\Windows\System32\OpenSSH\;C:\Program Files\Git\cmd;C:\Users\jaimi\OneDrive\Documentos\programacao\calculatorProject\omniORB\bin;C:\Users\jaimi\AppData\Local\Programs\Python\Python313\;C:\Users\jaimi\AppData\Local\Programs\Python\Launcher\;C:\Users\jaimi\AppData\Local\Microsoft\WindowsApps;C:\Users\jaimi\AppData\Local\Programs\Microsoft VS Code\bin;D:\programs files\PyCharm Community Edition 2024.1.4\bin;;C:\msys64\mingw64\bin;C:\msys64\usr\bin;C:\omniORB\bin\x86_win32;C:\Program Files\Java\jdk1.8.0_503;C:\apache-maven-3.9.16\bin;C:\Program Files\Java\jdk1.8.0_503\bin;
USERNAME=jaimi
OS=Windows_NT
PROCESSOR_IDENTIFIER=Intel64 Family 6 Model 122 Stepping 8, GenuineIntel
TMP=C:\Users\jaimi\AppData\Local\Temp
TEMP=C:\Users\jaimi\AppData\Local\Temp




Periodic native trim disabled

---------------  S Y S T E M  ---------------

OS:
 Windows 10 , 64 bit Build 19041 (10.0.19041.5915)
OS uptime: 0 days 6:31 hours

CPU: total 2 (initial active 2) (2 cores per cpu, 1 threads per core) family 6 model 122 stepping 8 microcode 0x22, cx8, cmov, fxsr, mmx, 3dnowpref, sse, sse2, sse3, ssse3, sse4.1, sse4.2, popcnt, tsc, tscinvbit, aes, erms, clmul, sha, clflush, clflushopt, rdtscp, rdpid
Processor Information for the first 2 processors :
  Max Mhz: 1101, Current Mhz: 1101, Mhz Limit: 1101

Memory: 4k page, system-wide physical 8008M (1375M free)
TotalPageFile size 9971M (AvailPageFile size 3M)
current process WorkingSet (physical memory assigned to process): 188M, peak: 209M
current process commit charge ("private bytes"): 357M, peak: 376M

vm_info: OpenJDK 64-Bit Server VM (21.0.12.1+1-LTS) for windows-amd64 JRE (21.0.12.1+1-LTS), built on 2026-08-18T00:00:00Z by "admin" with MS VC++ 17.12 (VS2022)

END.
