#
# There is insufficient memory for the Java Runtime Environment to continue.
# Native memory allocation (malloc) failed to allocate 32744 bytes. Error detail: Chunk::new
# Possible reasons:
#   The system is out of physical RAM or swap space
#   This process is running with CompressedOops enabled, and the Java Heap may be blocking the growth of the native heap
# Possible solutions:
#   Reduce memory load on the system
#   Increase physical memory or swap space
#   Check if swap backing store is full
#   Decrease Java heap size (-Xmx/-Xms)
#   Decrease number of Java threads
#   Decrease Java thread stack sizes (-Xss)
#   Set larger code cache with -XX:ReservedCodeCacheSize=
#   JVM is running with Zero Based Compressed Oops mode in which the Java heap is
#     placed in the first 32GB address space. The Java Heap base address is the
#     maximum limit for the native heap growth. Please use -XX:HeapBaseMinAddress
#     to set the Java Heap base and to place the Java Heap above 32GB virtual address.
# This output file may be truncated or incomplete.
#
#  Out of Memory Error (arena.cpp:168), pid=9568, tid=11608
#
# JRE version: OpenJDK Runtime Environment Temurin-21.0.12.1+1 (21.0.12.1+1) (build 21.0.12.1+1-LTS)
# Java VM: OpenJDK 64-Bit Server VM Temurin-21.0.12.1+1 (21.0.12.1+1-LTS, mixed mode, sharing, tiered, compressed oops, compressed class ptrs, parallel gc, windows-amd64)
# No core dump will be written. Minidumps are not enabled by default on client versions of Windows
#

---------------  S U M M A R Y ------------

Command Line: --add-modules=ALL-SYSTEM --add-opens=java.base/java.util=ALL-UNNAMED --add-opens=java.base/java.lang=ALL-UNNAMED --add-opens=java.base/sun.nio.fs=ALL-UNNAMED -Declipse.application=org.eclipse.jdt.ls.core.id1 -Dosgi.bundles.defaultStartLevel=4 -Declipse.product=org.eclipse.jdt.ls.core.product -Djava.import.generatesMetadataFilesAtProjectRoot=false -Dm2e.project.cache.size=50 -DDetectVMInstallationsJob.disabled=true -Dfile.encoding=utf8 -XX:+UseParallelGC -XX:GCTimeRatio=4 -XX:AdaptiveSizePolicyWeight=90 -Dsun.zip.disableMemoryMapping=true -Xmx4G -Xms100m -Xlog:disable -javaagent:c:\Users\jaimi\.vscode\extensions\redhat.java-1.56.0-win32-x64\lombok\lombok-1.18.39-4050.jar -XX:+HeapDumpOnOutOfMemoryError -XX:HeapDumpPath=c:\Users\jaimi\AppData\Roaming\Code\User\workspaceStorage\7b1695ebeb44925a89a06e7ce4c3f07f\redhat.java -Daether.dependencyCollector.impl=bf c:\Users\jaimi\.vscode\extensions\redhat.java-1.56.0-win32-x64\server\plugins\org.eclipse.equinox.launcher_1.8.0.v20260804-1928.jar -configuration c:\Users\jaimi\AppData\Roaming\Code\User\globalStorage\redhat.java\1.56.0\config_win -data c:\Users\jaimi\AppData\Roaming\Code\User\workspaceStorage\7b1695ebeb44925a89a06e7ce4c3f07f\redhat.java\jdt_ws --stdio

Host: Intel(R) Celeron(R) N4020 CPU @ 1.10GHz, 2 cores, 7G,  Windows 10 , 64 bit Build 19041 (10.0.19041.5915)
Time: Tue Oct  6 18:17:12 2026 South Africa Standard Time elapsed time: 56.838421 seconds (0d 0h 0m 56s)

---------------  T H R E A D  ---------------

Current thread (0x000001f8f63a1a10):  JavaThread "C2 CompilerThread0" daemon [_thread_in_native, id=11608, stack(0x0000007b76e00000,0x0000007b76f00000) (1024K)]


Current CompileTask:
C2:56838 6197   !   4       org.eclipse.osgi.internal.loader.classpath.ClasspathManager::defineClass (636 bytes)

Stack: [0x0000007b76e00000,0x0000007b76f00000]
Native frames: (J=compiled Java code, j=interpreted, Vv=VM code, C=native code)
V  [jvm.dll+0x6d83e9]
V  [jvm.dll+0x8b5736]
V  [jvm.dll+0x8b7cee]
V  [jvm.dll+0x8b83d3]
V  [jvm.dll+0x284596]
V  [jvm.dll+0xc685d]
V  [jvm.dll+0xc6da1]
V  [jvm.dll+0x703e7d]
V  [jvm.dll+0x1e421a]
V  [jvm.dll+0x24c853]
V  [jvm.dll+0x24bce0]
V  [jvm.dll+0x1cb4ae]
V  [jvm.dll+0x25baad]
V  [jvm.dll+0x25a03a]
V  [jvm.dll+0x3f8aae]
V  [jvm.dll+0x8600cd]
V  [jvm.dll+0x6d6c1d]
C  [ucrtbase.dll+0x21bb2]
C  [KERNEL32.DLL+0x17374]
C  [ntdll.dll+0x4cc91]


---------------  P R O C E S S  ---------------

Threads class SMR info:
_java_thread_list=0x000001f8fc694c00, length=28, elements={
0x000001f8d8ea5020, 0x000001f8f63966f0, 0x000001f8f6398610, 0x000001f8f639b190,
0x000001f8f639c0b0, 0x000001f8f639f160, 0x000001f8f63a0bd0, 0x000001f8f63a1a10,
0x000001f8f6418050, 0x000001f8f6b71c20, 0x000001f8f6d43150, 0x000001f8f6e79610,
0x000001f8fb1b1680, 0x000001f8f6cd1e70, 0x000001f8f6cd28b0, 0x000001f8fbb27a10,
0x000001f8fb489830, 0x000001f8f6df5240, 0x000001f8f6b426f0, 0x000001f8f6b43410,
0x000001f8f6b42060, 0x000001f8f6b42d80, 0x000001f8f6b44e50, 0x000001f8f6b43aa0,
0x000001f8f6b44130, 0x000001f8f6b454e0, 0x000001f8fc73e5d0, 0x000001f8fc742e00
}

Java Threads: ( => current thread )
  0x000001f8d8ea5020 JavaThread "main"                              [_thread_blocked, id=1056, stack(0x0000007b76400000,0x0000007b76500000) (1024K)]
  0x000001f8f63966f0 JavaThread "Reference Handler"          daemon [_thread_blocked, id=12420, stack(0x0000007b76800000,0x0000007b76900000) (1024K)]
  0x000001f8f6398610 JavaThread "Finalizer"                  daemon [_thread_blocked, id=232, stack(0x0000007b76900000,0x0000007b76a00000) (1024K)]
  0x000001f8f639b190 JavaThread "Signal Dispatcher"          daemon [_thread_blocked, id=13336, stack(0x0000007b76a00000,0x0000007b76b00000) (1024K)]
  0x000001f8f639c0b0 JavaThread "Attach Listener"            daemon [_thread_blocked, id=13164, stack(0x0000007b76b00000,0x0000007b76c00000) (1024K)]
  0x000001f8f639f160 JavaThread "Service Thread"             daemon [_thread_blocked, id=6280, stack(0x0000007b76c00000,0x0000007b76d00000) (1024K)]
  0x000001f8f63a0bd0 JavaThread "Monitor Deflation Thread"   daemon [_thread_blocked, id=3912, stack(0x0000007b76d00000,0x0000007b76e00000) (1024K)]
=>0x000001f8f63a1a10 JavaThread "C2 CompilerThread0"         daemon [_thread_in_native, id=11608, stack(0x0000007b76e00000,0x0000007b76f00000) (1024K)]
  0x000001f8f6418050 JavaThread "C1 CompilerThread0"         daemon [_thread_blocked, id=13780, stack(0x0000007b76f00000,0x0000007b77000000) (1024K)]
  0x000001f8f6b71c20 JavaThread "Common-Cleaner"             daemon [_thread_blocked, id=15208, stack(0x0000007b77000000,0x0000007b77100000) (1024K)]
  0x000001f8f6d43150 JavaThread "Notification Thread"        daemon [_thread_blocked, id=13728, stack(0x0000007b77100000,0x0000007b77200000) (1024K)]
  0x000001f8f6e79610 JavaThread "Active Thread: Equinox Container: 17d62f25-5990-49da-8164-c224b9e84c9c"        [_thread_blocked, id=6344, stack(0x0000007b77300000,0x0000007b77400000) (1024K)]
  0x000001f8fb1b1680 JavaThread "Refresh Thread: Equinox Container: 17d62f25-5990-49da-8164-c224b9e84c9c" daemon [_thread_blocked, id=2364, stack(0x0000007b77400000,0x0000007b77500000) (1024K)]
  0x000001f8f6cd1e70 JavaThread "Framework Event Dispatcher: Equinox Container: 17d62f25-5990-49da-8164-c224b9e84c9c" daemon [_thread_blocked, id=14024, stack(0x0000007b77500000,0x0000007b77600000) (1024K)]
  0x000001f8f6cd28b0 JavaThread "Start Level: Equinox Container: 17d62f25-5990-49da-8164-c224b9e84c9c" daemon [_thread_blocked, id=10072, stack(0x0000007b77600000,0x0000007b77700000) (1024K)]
  0x000001f8fbb27a10 JavaThread "Bundle File Closer"         daemon [_thread_blocked, id=12748, stack(0x0000007b77700000,0x0000007b77800000) (1024K)]
  0x000001f8fb489830 JavaThread "SCR Component Actor"        daemon [_thread_blocked, id=10464, stack(0x0000007b77800000,0x0000007b77900000) (1024K)]
  0x000001f8f6df5240 JavaThread "Worker-JM"                         [_thread_blocked, id=2596, stack(0x0000007b77900000,0x0000007b77a00000) (1024K)]
  0x000001f8f6b426f0 JavaThread "JNA Cleaner"                daemon [_thread_blocked, id=9292, stack(0x0000007b77a00000,0x0000007b77b00000) (1024K)]
  0x000001f8f6b43410 JavaThread "Worker-0: Repository registry initialization"        [_thread_in_Java, id=12344, stack(0x0000007b77b00000,0x0000007b77c00000) (1024K)]
  0x000001f8f6b42060 JavaThread "Worker-1"                          [_thread_blocked, id=5244, stack(0x0000007b77c00000,0x0000007b77d00000) (1024K)]
  0x000001f8f6b42d80 JavaThread "Worker-2"                          [_thread_blocked, id=6660, stack(0x0000007b77d00000,0x0000007b77e00000) (1024K)]
  0x000001f8f6b44e50 JavaThread "Java indexing"              daemon [_thread_in_native, id=1204, stack(0x0000007b77e00000,0x0000007b77f00000) (1024K)]
  0x000001f8f6b43aa0 JavaThread "Worker-3: Java indexing... "        [_thread_blocked, id=8076, stack(0x0000007b77f00000,0x0000007b78000000) (1024K)]
  0x000001f8f6b44130 JavaThread "Worker-4: Initialize Workspace"        [_thread_blocked, id=14832, stack(0x0000007b78000000,0x0000007b78100000) (1024K)]
  0x000001f8f6b454e0 JavaThread "pool-2-thread-1"                   [_thread_blocked, id=12480, stack(0x0000007b78100000,0x0000007b78200000) (1024K)]
  0x000001f8fc73e5d0 JavaThread "WorkspaceEventsHandler"            [_thread_blocked, id=9948, stack(0x0000007b78200000,0x0000007b78300000) (1024K)]
  0x000001f8fc742e00 JavaThread "pool-1-thread-1"                   [_thread_in_vm, id=6612, stack(0x0000007b78300000,0x0000007b78400000) (1024K)] _threads_hazard_ptr=0x000001f8fc694c00
Total: 28

Other Threads:
  0x000001f8f637b800 VMThread "VM Thread"                           [id=13204, stack(0x0000007b76700000,0x0000007b76800000) (1024K)]
  0x000001f8db1551e0 WatcherThread "VM Periodic Task Thread"        [id=13428, stack(0x0000007b76600000,0x0000007b76700000) (1024K)]
  0x000001f8db0ad920 WorkerThread "GC Thread#0"                     [id=15056, stack(0x0000007b76500000,0x0000007b76600000) (1024K)]
  0x000001f8f6e35d60 WorkerThread "GC Thread#1"                     [id=216, stack(0x0000007b77200000,0x0000007b77300000) (1024K)]
Total: 4

Threads with active compile tasks:
C2 CompilerThread0  56896 6197   !   4       org.eclipse.osgi.internal.loader.classpath.ClasspathManager::defineClass (636 bytes)
Total: 1

VM state: not at safepoint (normal execution)

VM Mutex/Monitor currently owned by a thread: None

Heap address: 0x0000000700000000, size: 4096 MB, Compressed Oops mode: Zero based, Oop shift amount: 3

CDS archive(s) mapped at: [0x000001f880000000-0x000001f880ba0000-0x000001f880ba0000), size 12189696, SharedBaseAddress: 0x000001f880000000, ArchiveRelocationMode: 1.
Compressed class space mapped at: 0x000001f881000000-0x000001f8c1000000, reserved size: 1073741824
Narrow klass base: 0x000001f880000000, Narrow klass shift: 0, Narrow klass range: 0x100000000

GC Precious Log:
 CardTable entry size: 512
 CPUs: 2 total, 2 available
 Memory: 8008M
 Large Page Support: Disabled
 NUMA Support: Disabled
 Compressed Oops: Enabled (Zero based)
 Alignments: Space 512K, Generation 512K, Heap 2M
 Heap Min Capacity: 100M
 Heap Initial Capacity: 100M
 Heap Max Capacity: 4G
 Pre-touch: Disabled
 Parallel Workers: 2

Heap:
 PSYoungGen      total 23552K, used 23123K [0x00000007aab00000, 0x00000007ac400000, 0x0000000800000000)
  eden space 22016K, 99% used [0x00000007aab00000,0x00000007ac064da0,0x00000007ac080000)
  from space 1536K, 79% used [0x00000007ac200000,0x00000007ac330000,0x00000007ac380000)
  to   space 512K, 0% used [0x00000007ac380000,0x00000007ac380000,0x00000007ac400000)
 ParOldGen       total 68608K, used 22701K [0x0000000700000000, 0x0000000704300000, 0x00000007aab00000)
  object space 68608K, 33% used [0x0000000700000000,0x000000070162b7d0,0x0000000704300000)
 Metaspace       used 47083K, committed 48256K, reserved 1114112K
  class space    used 5130K, committed 5632K, reserved 1048576K

Card table byte_map: [0x000001f8ed2a0000,0x000001f8edab0000] _byte_map_base: 0x000001f8e9aa0000

Marking Bits: (ParMarkBitMap*) 0x00007ffe4efb44a0
 Begin Bits: [0x000001f8edab0000, 0x000001f8f1ab0000)
 End Bits:   [0x000001f8f1ab0000, 0x000001f8f5ab0000)

Polling page: 0x000001f8d8e20000

Metaspace:

Usage:
  Non-class:     40.97 MB used.
      Class:      5.01 MB used.
       Both:     45.98 MB used.

Virtual space:
  Non-class space:       64.00 MB reserved,      41.62 MB ( 65%) committed,  1 nodes.
      Class space:        1.00 GB reserved,       5.50 MB ( <1%) committed,  1 nodes.
             Both:        1.06 GB reserved,      47.12 MB (  4%) committed. 

Chunk freelists:
   Non-Class:  5.53 MB
       Class:  10.38 MB
        Both:  15.91 MB

MaxMetaspaceSize: unlimited
CompressedClassSpaceSize: 1.00 GB
Initial GC threshold: 21.00 MB
Current GC threshold: 58.38 MB
CDS: on
 - commit_granule_bytes: 65536.
 - commit_granule_words: 8192.
 - virtual_space_node_default_size: 8388608.
 - enlarge_chunks_in_place: 1.
 - use_allocation_guard: 0.


Internal statistics:

num_allocs_failed_limit: 6.
num_arena_births: 964.
num_arena_deaths: 14.
num_vsnodes_births: 2.
num_vsnodes_deaths: 0.
num_space_committed: 754.
num_space_uncommitted: 0.
num_chunks_returned_to_freelist: 20.
num_chunks_taken_from_freelist: 3111.
num_chunk_merges: 9.
num_chunk_splits: 1929.
num_chunks_enlarged: 1073.
num_inconsistent_stats: 0.

CodeHeap 'non-profiled nmethods': size=120064Kb used=2972Kb max_used=2972Kb free=117091Kb
 bounds [0x000001f8e5d60000, 0x000001f8e6050000, 0x000001f8ed2a0000]
CodeHeap 'profiled nmethods': size=120000Kb used=12639Kb max_used=12639Kb free=107360Kb
 bounds [0x000001f8de2a0000, 0x000001f8def00000, 0x000001f8e57d0000]
CodeHeap 'non-nmethods': size=5696Kb used=1356Kb max_used=1405Kb free=4339Kb
 bounds [0x000001f8e57d0000, 0x000001f8e5a40000, 0x000001f8e5d60000]
CodeCache: size=245760Kb, used=16967Kb, max_used=17016Kb, free=228790Kb
 total_blobs=6466, nmethods=5811, adapters=562, full_count=0
Compilation: enabled, stopped_count=0, restarted_count=0

Compilation events (20 events):
Event: 56.766 Thread 0x000001f8f6418050 6385       3       org.eclipse.sisu.bean.BeanPropertyField::getAnnotation (9 bytes)
Event: 56.767 Thread 0x000001f8f6418050 nmethod 6385 0x000001f8deef2510 code [0x000001f8deef2740, 0x000001f8deef2e40]
Event: 56.770 Thread 0x000001f8f6418050 6386       3       com.google.inject.internal.Annotations::isRetainedAtRuntime (32 bytes)
Event: 56.771 Thread 0x000001f8f6418050 nmethod 6386 0x000001f8deef3090 code [0x000001f8deef32a0, 0x000001f8deef3890]
Event: 56.775 Thread 0x000001f8f6418050 6387   !   3       com.google.inject.internal.InjectorImpl$1::get (54 bytes)
Event: 56.775 Thread 0x000001f8f6418050 nmethod 6387 0x000001f8deef3a90 code [0x000001f8deef3ca0, 0x000001f8deef4150]
Event: 56.780 Thread 0x000001f8f6418050 6388       3       java.util.concurrent.atomic.AtomicReferenceFieldUpdater$AtomicReferenceFieldUpdaterImpl::compareAndSet (24 bytes)
Event: 56.781 Thread 0x000001f8f6418050 nmethod 6388 0x000001f8deef4490 code [0x000001f8deef4680, 0x000001f8deef4b28]
Event: 56.784 Thread 0x000001f8f6418050 6389       2       java.util.TreeMap::put (221 bytes)
Event: 56.786 Thread 0x000001f8f6418050 nmethod 6389 0x000001f8deef4d10 code [0x000001f8deef4f20, 0x000001f8deef5500]
Event: 56.786 Thread 0x000001f8f6418050 6390       1       org.codehaus.plexus.classworlds.realm.Entry::getPackageName (5 bytes)
Event: 56.786 Thread 0x000001f8f6418050 nmethod 6390 0x000001f8e6046f10 code [0x000001f8e60470a0, 0x000001f8e6047170]
Event: 56.786 Thread 0x000001f8f6418050 6391       3       org.codehaus.plexus.classworlds.realm.Entry::compareTo (9 bytes)
Event: 56.787 Thread 0x000001f8f6418050 nmethod 6391 0x000001f8deef5790 code [0x000001f8deef5960, 0x000001f8deef5c68]
Event: 56.787 Thread 0x000001f8f6418050 6392       3       com.google.inject.Key::ensureRetainedAtRuntime (14 bytes)
Event: 56.788 Thread 0x000001f8f6418050 nmethod 6392 0x000001f8deef5d90 code [0x000001f8deef5fe0, 0x000001f8deef6768]
Event: 56.788 Thread 0x000001f8f6418050 6393       3       com.google.inject.Key::ensureIsBindingAnnotation (14 bytes)
Event: 56.789 Thread 0x000001f8f6418050 nmethod 6393 0x000001f8deef6a10 code [0x000001f8deef6c60, 0x000001f8deef7420]
Event: 56.792 Thread 0x000001f8f6418050 6394       3       org.eclipse.sisu.space.NamedClass::load (14 bytes)
Event: 56.793 Thread 0x000001f8f6418050 nmethod 6394 0x000001f8deef7810 code [0x000001f8deef79c0, 0x000001f8deef7bd8]

GC Heap History (20 events):
Event: 26.791 GC heap before
{Heap before GC invocations=10 (full 1):
 PSYoungGen      total 26624K, used 26230K [0x00000007aab00000, 0x00000007acb00000, 0x0000000800000000)
  eden space 24064K, 100% used [0x00000007aab00000,0x00000007ac280000,0x00000007ac280000)
  from space 2560K, 84% used [0x00000007ac880000,0x00000007aca9da40,0x00000007acb00000)
  to   space 3072K, 0% used [0x00000007ac500000,0x00000007ac500000,0x00000007ac800000)
 ParOldGen       total 68608K, used 13078K [0x0000000700000000, 0x0000000704300000, 0x00000007aab00000)
  object space 68608K, 19% used [0x0000000700000000,0x0000000700cc5b08,0x0000000704300000)
 Metaspace       used 26423K, committed 27328K, reserved 1114112K
  class space    used 2651K, committed 3008K, reserved 1048576K
}
Event: 26.795 GC heap after
{Heap after GC invocations=10 (full 1):
 PSYoungGen      total 25088K, used 1158K [0x00000007aab00000, 0x00000007ac900000, 0x0000000800000000)
  eden space 23552K, 0% used [0x00000007aab00000,0x00000007aab00000,0x00000007ac200000)
  from space 1536K, 75% used [0x00000007ac500000,0x00000007ac621b08,0x00000007ac680000)
  to   space 2048K, 0% used [0x00000007ac700000,0x00000007ac700000,0x00000007ac900000)
 ParOldGen       total 68608K, used 13086K [0x0000000700000000, 0x0000000704300000, 0x00000007aab00000)
  object space 68608K, 19% used [0x0000000700000000,0x0000000700cc7b08,0x0000000704300000)
 Metaspace       used 26423K, committed 27328K, reserved 1114112K
  class space    used 2651K, committed 3008K, reserved 1048576K
}
Event: 28.787 GC heap before
{Heap before GC invocations=11 (full 1):
 PSYoungGen      total 25088K, used 24707K [0x00000007aab00000, 0x00000007ac900000, 0x0000000800000000)
  eden space 23552K, 99% used [0x00000007aab00000,0x00000007ac1ff4c0,0x00000007ac200000)
  from space 1536K, 75% used [0x00000007ac500000,0x00000007ac621b08,0x00000007ac680000)
  to   space 2048K, 0% used [0x00000007ac700000,0x00000007ac700000,0x00000007ac900000)
 ParOldGen       total 68608K, used 13086K [0x0000000700000000, 0x0000000704300000, 0x00000007aab00000)
  object space 68608K, 19% used [0x0000000700000000,0x0000000700cc7b08,0x0000000704300000)
 Metaspace       used 28181K, committed 29184K, reserved 1114112K
  class space    used 2826K, committed 3264K, reserved 1048576K
}
Event: 28.797 GC heap after
{Heap after GC invocations=11 (full 1):
 PSYoungGen      total 25088K, used 2024K [0x00000007aab00000, 0x00000007ac980000, 0x0000000800000000)
  eden space 23040K, 0% used [0x00000007aab00000,0x00000007aab00000,0x00000007ac180000)
  from space 2048K, 98% used [0x00000007ac700000,0x00000007ac8fa2b0,0x00000007ac900000)
  to   space 4096K, 0% used [0x00000007ac180000,0x00000007ac180000,0x00000007ac580000)
 ParOldGen       total 68608K, used 14317K [0x0000000700000000, 0x0000000704300000, 0x00000007aab00000)
  object space 68608K, 20% used [0x0000000700000000,0x0000000700dfb598,0x0000000704300000)
 Metaspace       used 28181K, committed 29184K, reserved 1114112K
  class space    used 2826K, committed 3264K, reserved 1048576K
}
Event: 33.450 GC heap before
{Heap before GC invocations=12 (full 1):
 PSYoungGen      total 25088K, used 25064K [0x00000007aab00000, 0x00000007ac980000, 0x0000000800000000)
  eden space 23040K, 100% used [0x00000007aab00000,0x00000007ac180000,0x00000007ac180000)
  from space 2048K, 98% used [0x00000007ac700000,0x00000007ac8fa2b0,0x00000007ac900000)
  to   space 4096K, 0% used [0x00000007ac180000,0x00000007ac180000,0x00000007ac580000)
 ParOldGen       total 68608K, used 14317K [0x0000000700000000, 0x0000000704300000, 0x00000007aab00000)
  object space 68608K, 20% used [0x0000000700000000,0x0000000700dfb598,0x0000000704300000)
 Metaspace       used 30889K, committed 31872K, reserved 1114112K
  class space    used 3163K, committed 3648K, reserved 1048576K
}
Event: 33.465 GC heap after
{Heap after GC invocations=12 (full 1):
 PSYoungGen      total 26624K, used 1090K [0x00000007aab00000, 0x00000007ac780000, 0x0000000800000000)
  eden space 22528K, 0% used [0x00000007aab00000,0x00000007aab00000,0x00000007ac100000)
  from space 4096K, 26% used [0x00000007ac180000,0x00000007ac290a30,0x00000007ac580000)
  to   space 2048K, 0% used [0x00000007ac580000,0x00000007ac580000,0x00000007ac780000)
 ParOldGen       total 68608K, used 16309K [0x0000000700000000, 0x0000000704300000, 0x00000007aab00000)
  object space 68608K, 23% used [0x0000000700000000,0x0000000700fed7c8,0x0000000704300000)
 Metaspace       used 30889K, committed 31872K, reserved 1114112K
  class space    used 3163K, committed 3648K, reserved 1048576K
}
Event: 37.712 GC heap before
{Heap before GC invocations=13 (full 1):
 PSYoungGen      total 26624K, used 23618K [0x00000007aab00000, 0x00000007ac780000, 0x0000000800000000)
  eden space 22528K, 100% used [0x00000007aab00000,0x00000007ac100000,0x00000007ac100000)
  from space 4096K, 26% used [0x00000007ac180000,0x00000007ac290a30,0x00000007ac580000)
  to   space 2048K, 0% used [0x00000007ac580000,0x00000007ac580000,0x00000007ac780000)
 ParOldGen       total 68608K, used 16309K [0x0000000700000000, 0x0000000704300000, 0x00000007aab00000)
  object space 68608K, 23% used [0x0000000700000000,0x0000000700fed7c8,0x0000000704300000)
 Metaspace       used 33196K, committed 34304K, reserved 1114112K
  class space    used 3418K, committed 3904K, reserved 1048576K
}
Event: 37.721 GC heap after
{Heap after GC invocations=13 (full 1):
 PSYoungGen      total 23040K, used 941K [0x00000007aab00000, 0x00000007ac680000, 0x0000000800000000)
  eden space 22016K, 0% used [0x00000007aab00000,0x00000007aab00000,0x00000007ac080000)
  from space 1024K, 91% used [0x00000007ac580000,0x00000007ac66b460,0x00000007ac680000)
  to   space 1536K, 0% used [0x00000007ac380000,0x00000007ac380000,0x00000007ac500000)
 ParOldGen       total 68608K, used 17309K [0x0000000700000000, 0x0000000704300000, 0x00000007aab00000)
  object space 68608K, 25% used [0x0000000700000000,0x00000007010e77f8,0x0000000704300000)
 Metaspace       used 33196K, committed 34304K, reserved 1114112K
  class space    used 3418K, committed 3904K, reserved 1048576K
}
Event: 40.311 GC heap before
{Heap before GC invocations=14 (full 1):
 PSYoungGen      total 23040K, used 18384K [0x00000007aab00000, 0x00000007ac680000, 0x0000000800000000)
  eden space 22016K, 79% used [0x00000007aab00000,0x00000007abc08eb8,0x00000007ac080000)
  from space 1024K, 91% used [0x00000007ac580000,0x00000007ac66b460,0x00000007ac680000)
  to   space 1536K, 0% used [0x00000007ac380000,0x00000007ac380000,0x00000007ac500000)
 ParOldGen       total 68608K, used 17309K [0x0000000700000000, 0x0000000704300000, 0x00000007aab00000)
  object space 68608K, 25% used [0x0000000700000000,0x00000007010e77f8,0x0000000704300000)
 Metaspace       used 34748K, committed 35840K, reserved 1114112K
  class space    used 3608K, committed 4096K, reserved 1048576K
}
Event: 40.322 GC heap after
{Heap after GC invocations=14 (full 1):
 PSYoungGen      total 23552K, used 1083K [0x00000007aab00000, 0x00000007ac600000, 0x0000000800000000)
  eden space 22016K, 0% used [0x00000007aab00000,0x00000007aab00000,0x00000007ac080000)
  from space 1536K, 70% used [0x00000007ac380000,0x00000007ac48ee30,0x00000007ac500000)
  to   space 1024K, 0% used [0x00000007ac500000,0x00000007ac500000,0x00000007ac600000)
 ParOldGen       total 68608K, used 18156K [0x0000000700000000, 0x0000000704300000, 0x00000007aab00000)
  object space 68608K, 26% used [0x0000000700000000,0x00000007011bb070,0x0000000704300000)
 Metaspace       used 34748K, committed 35840K, reserved 1114112K
  class space    used 3608K, committed 4096K, reserved 1048576K
}
Event: 40.322 GC heap before
{Heap before GC invocations=15 (full 2):
 PSYoungGen      total 23552K, used 1083K [0x00000007aab00000, 0x00000007ac600000, 0x0000000800000000)
  eden space 22016K, 0% used [0x00000007aab00000,0x00000007aab00000,0x00000007ac080000)
  from space 1536K, 70% used [0x00000007ac380000,0x00000007ac48ee30,0x00000007ac500000)
  to   space 1024K, 0% used [0x00000007ac500000,0x00000007ac500000,0x00000007ac600000)
 ParOldGen       total 68608K, used 18156K [0x0000000700000000, 0x0000000704300000, 0x00000007aab00000)
  object space 68608K, 26% used [0x0000000700000000,0x00000007011bb070,0x0000000704300000)
 Metaspace       used 34748K, committed 35840K, reserved 1114112K
  class space    used 3608K, committed 4096K, reserved 1048576K
}
Event: 40.486 GC heap after
{Heap after GC invocations=15 (full 2):
 PSYoungGen      total 23552K, used 0K [0x00000007aab00000, 0x00000007ac600000, 0x0000000800000000)
  eden space 22016K, 0% used [0x00000007aab00000,0x00000007aab00000,0x00000007ac080000)
  from space 1536K, 0% used [0x00000007ac380000,0x00000007ac380000,0x00000007ac500000)
  to   space 1024K, 0% used [0x00000007ac500000,0x00000007ac500000,0x00000007ac600000)
 ParOldGen       total 68608K, used 18366K [0x0000000700000000, 0x0000000704300000, 0x00000007aab00000)
  object space 68608K, 26% used [0x0000000700000000,0x00000007011efb00,0x0000000704300000)
 Metaspace       used 34748K, committed 35840K, reserved 1114112K
  class space    used 3608K, committed 4096K, reserved 1048576K
}
Event: 41.990 GC heap before
{Heap before GC invocations=16 (full 2):
 PSYoungGen      total 23552K, used 22016K [0x00000007aab00000, 0x00000007ac600000, 0x0000000800000000)
  eden space 22016K, 100% used [0x00000007aab00000,0x00000007ac080000,0x00000007ac080000)
  from space 1536K, 0% used [0x00000007ac380000,0x00000007ac380000,0x00000007ac500000)
  to   space 1024K, 0% used [0x00000007ac500000,0x00000007ac500000,0x00000007ac600000)
 ParOldGen       total 68608K, used 18366K [0x0000000700000000, 0x0000000704300000, 0x00000007aab00000)
  object space 68608K, 26% used [0x0000000700000000,0x00000007011efb00,0x0000000704300000)
 Metaspace       used 37066K, committed 38144K, reserved 1114112K
  class space    used 3896K, committed 4352K, reserved 1048576K
}
Event: 42.002 GC heap after
{Heap after GC invocations=16 (full 2):
 PSYoungGen      total 23040K, used 1008K [0x00000007aab00000, 0x00000007ac600000, 0x0000000800000000)
  eden space 22016K, 0% used [0x00000007aab00000,0x00000007aab00000,0x00000007ac080000)
  from space 1024K, 98% used [0x00000007ac500000,0x00000007ac5fc010,0x00000007ac600000)
  to   space 2560K, 0% used [0x00000007ac100000,0x00000007ac100000,0x00000007ac380000)
 ParOldGen       total 68608K, used 19467K [0x0000000700000000, 0x0000000704300000, 0x00000007aab00000)
  object space 68608K, 28% used [0x0000000700000000,0x0000000701302e58,0x0000000704300000)
 Metaspace       used 37066K, committed 38144K, reserved 1114112K
  class space    used 3896K, committed 4352K, reserved 1048576K
}
Event: 44.386 GC heap before
{Heap before GC invocations=17 (full 2):
 PSYoungGen      total 23040K, used 23024K [0x00000007aab00000, 0x00000007ac600000, 0x0000000800000000)
  eden space 22016K, 100% used [0x00000007aab00000,0x00000007ac080000,0x00000007ac080000)
  from space 1024K, 98% used [0x00000007ac500000,0x00000007ac5fc010,0x00000007ac600000)
  to   space 2560K, 0% used [0x00000007ac100000,0x00000007ac100000,0x00000007ac380000)
 ParOldGen       total 68608K, used 19467K [0x0000000700000000, 0x0000000704300000, 0x00000007aab00000)
  object space 68608K, 28% used [0x0000000700000000,0x0000000701302e58,0x0000000704300000)
 Metaspace       used 39155K, committed 40320K, reserved 1114112K
  class space    used 4177K, committed 4672K, reserved 1048576K
}
Event: 44.398 GC heap after
{Heap after GC invocations=17 (full 2):
 PSYoungGen      total 24576K, used 1248K [0x00000007aab00000, 0x00000007ac580000, 0x0000000800000000)
  eden space 22016K, 0% used [0x00000007aab00000,0x00000007aab00000,0x00000007ac080000)
  from space 2560K, 48% used [0x00000007ac100000,0x00000007ac238000,0x00000007ac380000)
  to   space 2048K, 0% used [0x00000007ac380000,0x00000007ac380000,0x00000007ac580000)
 ParOldGen       total 68608K, used 20435K [0x0000000700000000, 0x0000000704300000, 0x00000007aab00000)
  object space 68608K, 29% used [0x0000000700000000,0x00000007013f4e78,0x0000000704300000)
 Metaspace       used 39155K, committed 40320K, reserved 1114112K
  class space    used 4177K, committed 4672K, reserved 1048576K
}
Event: 46.432 GC heap before
{Heap before GC invocations=18 (full 2):
 PSYoungGen      total 24576K, used 23264K [0x00000007aab00000, 0x00000007ac580000, 0x0000000800000000)
  eden space 22016K, 100% used [0x00000007aab00000,0x00000007ac080000,0x00000007ac080000)
  from space 2560K, 48% used [0x00000007ac100000,0x00000007ac238000,0x00000007ac380000)
  to   space 2048K, 0% used [0x00000007ac380000,0x00000007ac380000,0x00000007ac580000)
 ParOldGen       total 68608K, used 20435K [0x0000000700000000, 0x0000000704300000, 0x00000007aab00000)
  object space 68608K, 29% used [0x0000000700000000,0x00000007013f4e78,0x0000000704300000)
 Metaspace       used 41933K, committed 43136K, reserved 1114112K
  class space    used 4461K, committed 4992K, reserved 1048576K
}
Event: 46.449 GC heap after
{Heap after GC invocations=18 (full 2):
 PSYoungGen      total 23552K, used 1280K [0x00000007aab00000, 0x00000007ac500000, 0x0000000800000000)
  eden space 22016K, 0% used [0x00000007aab00000,0x00000007aab00000,0x00000007ac080000)
  from space 1536K, 83% used [0x00000007ac380000,0x00000007ac4c0000,0x00000007ac500000)
  to   space 1536K, 0% used [0x00000007ac200000,0x00000007ac200000,0x00000007ac380000)
 ParOldGen       total 68608K, used 21518K [0x0000000700000000, 0x0000000704300000, 0x00000007aab00000)
  object space 68608K, 31% used [0x0000000700000000,0x0000000701503a50,0x0000000704300000)
 Metaspace       used 41933K, committed 43136K, reserved 1114112K
  class space    used 4461K, committed 4992K, reserved 1048576K
}
Event: 53.095 GC heap before
{Heap before GC invocations=19 (full 2):
 PSYoungGen      total 23552K, used 23296K [0x00000007aab00000, 0x00000007ac500000, 0x0000000800000000)
  eden space 22016K, 100% used [0x00000007aab00000,0x00000007ac080000,0x00000007ac080000)
  from space 1536K, 83% used [0x00000007ac380000,0x00000007ac4c0000,0x00000007ac500000)
  to   space 1536K, 0% used [0x00000007ac200000,0x00000007ac200000,0x00000007ac380000)
 ParOldGen       total 68608K, used 21518K [0x0000000700000000, 0x0000000704300000, 0x00000007aab00000)
  object space 68608K, 31% used [0x0000000700000000,0x0000000701503a50,0x0000000704300000)
 Metaspace       used 44524K, committed 45760K, reserved 1114112K
  class space    used 4793K, committed 5312K, reserved 1048576K
}
Event: 53.107 GC heap after
{Heap after GC invocations=19 (full 2):
 PSYoungGen      total 23552K, used 1216K [0x00000007aab00000, 0x00000007ac400000, 0x0000000800000000)
  eden space 22016K, 0% used [0x00000007aab00000,0x00000007aab00000,0x00000007ac080000)
  from space 1536K, 79% used [0x00000007ac200000,0x00000007ac330000,0x00000007ac380000)
  to   space 512K, 0% used [0x00000007ac380000,0x00000007ac380000,0x00000007ac400000)
 ParOldGen       total 68608K, used 22701K [0x0000000700000000, 0x0000000704300000, 0x00000007aab00000)
  object space 68608K, 33% used [0x0000000700000000,0x000000070162b7d0,0x0000000704300000)
 Metaspace       used 44524K, committed 45760K, reserved 1114112K
  class space    used 4793K, committed 5312K, reserved 1048576K
}

Dll operation events (20 events):
Event: 0.021 Attempting to load shared library c:\Users\jaimi\.vscode\extensions\redhat.java-1.56.0-win32-x64\jre\21.0.12.1-win32-x86_64\bin\java.dll
Event: 0.021 Loaded shared library c:\Users\jaimi\.vscode\extensions\redhat.java-1.56.0-win32-x64\jre\21.0.12.1-win32-x86_64\bin\java.dll
Event: 0.527 Attempting to load shared library c:\Users\jaimi\.vscode\extensions\redhat.java-1.56.0-win32-x64\jre\21.0.12.1-win32-x86_64\bin\zip.dll
Event: 0.528 Loaded shared library c:\Users\jaimi\.vscode\extensions\redhat.java-1.56.0-win32-x64\jre\21.0.12.1-win32-x86_64\bin\zip.dll
Event: 0.929 Attempting to load shared library C:\Users\jaimi\.vscode\extensions\redhat.java-1.56.0-win32-x64\jre\21.0.12.1-win32-x86_64\bin\instrument.dll
Event: 0.929 Loaded shared library C:\Users\jaimi\.vscode\extensions\redhat.java-1.56.0-win32-x64\jre\21.0.12.1-win32-x86_64\bin\instrument.dll
Event: 0.955 Attempting to load shared library C:\Users\jaimi\.vscode\extensions\redhat.java-1.56.0-win32-x64\jre\21.0.12.1-win32-x86_64\bin\net.dll
Event: 0.957 Loaded shared library C:\Users\jaimi\.vscode\extensions\redhat.java-1.56.0-win32-x64\jre\21.0.12.1-win32-x86_64\bin\net.dll
Event: 0.961 Attempting to load shared library C:\Users\jaimi\.vscode\extensions\redhat.java-1.56.0-win32-x64\jre\21.0.12.1-win32-x86_64\bin\nio.dll
Event: 0.962 Loaded shared library C:\Users\jaimi\.vscode\extensions\redhat.java-1.56.0-win32-x64\jre\21.0.12.1-win32-x86_64\bin\nio.dll
Event: 1.058 Attempting to load shared library C:\Users\jaimi\.vscode\extensions\redhat.java-1.56.0-win32-x64\jre\21.0.12.1-win32-x86_64\bin\zip.dll
Event: 1.058 Loaded shared library C:\Users\jaimi\.vscode\extensions\redhat.java-1.56.0-win32-x64\jre\21.0.12.1-win32-x86_64\bin\zip.dll
Event: 1.275 Attempting to load shared library C:\Users\jaimi\.vscode\extensions\redhat.java-1.56.0-win32-x64\jre\21.0.12.1-win32-x86_64\bin\jimage.dll
Event: 1.276 Loaded shared library C:\Users\jaimi\.vscode\extensions\redhat.java-1.56.0-win32-x64\jre\21.0.12.1-win32-x86_64\bin\jimage.dll
Event: 2.604 Attempting to load shared library c:\Users\jaimi\.vscode\extensions\redhat.java-1.56.0-win32-x64\jre\21.0.12.1-win32-x86_64\bin\verify.dll
Event: 2.604 Loaded shared library c:\Users\jaimi\.vscode\extensions\redhat.java-1.56.0-win32-x64\jre\21.0.12.1-win32-x86_64\bin\verify.dll
Event: 13.542 Attempting to load shared library C:\Users\jaimi\AppData\Roaming\Code\User\globalStorage\redhat.java\1.56.0\config_win\org.eclipse.equinox.launcher\org.eclipse.equinox.launcher.win32.win32.x86_64_1.3.100.v20260804-1928\eclipse_11924.dll
Event: 13.558 Loaded shared library C:\Users\jaimi\AppData\Roaming\Code\User\globalStorage\redhat.java\1.56.0\config_win\org.eclipse.equinox.launcher\org.eclipse.equinox.launcher.win32.win32.x86_64_1.3.100.v20260804-1928\eclipse_11924.dll
Event: 20.073 Attempting to load shared library C:\Users\jaimi\AppData\Local\Temp\jna-100887342\jna5959996069746549197.dll
Event: 20.240 Loaded shared library C:\Users\jaimi\AppData\Local\Temp\jna-100887342\jna5959996069746549197.dll

Deoptimization events (20 events):
Event: 54.561 Thread 0x000001f8f6b43410 Uncommon trap: trap_request=0xffffffbe fr.pc=0x000001f8e603bf68 relative=0x0000000000000388
Event: 54.561 Thread 0x000001f8f6b43410 Uncommon trap: reason=profile_predicate action=maybe_recompile pc=0x000001f8e603bf68 method=com.google.inject.internal.aop.ImmutableStringTrie.nextPivotColumn([Ljava/lang/String;III)I @ 21 c2
Event: 54.561 Thread 0x000001f8f6b43410 DEOPT PACKING pc=0x000001f8e603bf68 sp=0x0000007b77bfd400
Event: 54.561 Thread 0x000001f8f6b43410 DEOPT UNPACKING pc=0x000001f8e5823a9c sp=0x0000007b77bfd390 mode 2
Event: 55.324 Thread 0x000001f8f6b43410 Uncommon trap: trap_request=0x00000259 fr.pc=0x000001f8e5f2a688 relative=0x00000000000000e8
Event: 55.324 Thread 0x000001f8f6b43410 Uncommon trap: reason=unloaded action=reinterpret pc=0x000001f8e5f2a688 method=org.codehaus.plexus.util.xml.pull.MXParser.more()C @ 22 c2
Event: 55.324 Thread 0x000001f8f6b43410 DEOPT PACKING pc=0x000001f8e5f2a688 sp=0x0000007b77bfe8b0
Event: 55.324 Thread 0x000001f8f6b43410 DEOPT UNPACKING pc=0x000001f8e5823a9c sp=0x0000007b77bfe850 mode 2
Event: 56.705 Thread 0x000001f8f6b44130 Uncommon trap: trap_request=0xffffff45 fr.pc=0x000001f8e5d936e8 relative=0x00000000000003a8
Event: 56.705 Thread 0x000001f8f6b44130 Uncommon trap: reason=unstable_if action=reinterpret pc=0x000001f8e5d936e8 method=java.io.BufferedOutputStream.implWrite([BII)V @ 5 c2
Event: 56.705 Thread 0x000001f8f6b44130 DEOPT PACKING pc=0x000001f8e5d936e8 sp=0x0000007b780feb50
Event: 56.705 Thread 0x000001f8f6b44130 DEOPT UNPACKING pc=0x000001f8e5823a9c sp=0x0000007b780feaa0 mode 2
Event: 56.707 Thread 0x000001f8f6b44130 Uncommon trap: trap_request=0xffffff45 fr.pc=0x000001f8e5df7d18 relative=0x00000000000001d8
Event: 56.707 Thread 0x000001f8f6b44130 Uncommon trap: reason=unstable_if action=reinterpret pc=0x000001f8e5df7d18 method=java.io.BufferedOutputStream.implWrite([BII)V @ 5 c2
Event: 56.707 Thread 0x000001f8f6b44130 DEOPT PACKING pc=0x000001f8e5df7d18 sp=0x0000007b780fead0
Event: 56.707 Thread 0x000001f8f6b44130 DEOPT UNPACKING pc=0x000001f8e5823a9c sp=0x0000007b780fea98 mode 2
Event: 56.784 Thread 0x000001f8f6b43410 Uncommon trap: trap_request=0xffffff76 fr.pc=0x000001f8e5fb2598 relative=0x0000000000000ab8
Event: 56.784 Thread 0x000001f8f6b43410 Uncommon trap: reason=predicate action=maybe_recompile pc=0x000001f8e5fb2598 method=java.util.TreeMap.put(Ljava/lang/Object;Ljava/lang/Object;Z)Ljava/lang/Object; @ 123 c2
Event: 56.784 Thread 0x000001f8f6b43410 DEOPT PACKING pc=0x000001f8e5fb2598 sp=0x0000007b77bfb300
Event: 56.784 Thread 0x000001f8f6b43410 DEOPT UNPACKING pc=0x000001f8e5823a9c sp=0x0000007b77bfb288 mode 2

Classes loaded (20 events):
Event: 47.207 Loading class sun/reflect/generics/tree/VoidDescriptor
Event: 47.207 Loading class sun/reflect/generics/tree/VoidDescriptor done
Event: 51.545 Loading class java/lang/invoke/MethodHandleImpl$CountingWrapper
Event: 51.546 Loading class java/lang/invoke/MethodHandleImpl$CountingWrapper done
Event: 52.841 Loading class sun/misc/Unsafe
Event: 52.843 Loading class sun/misc/Unsafe done
Event: 52.976 Loading class jdk/internal/org/objectweb/asm/ClassReader
Event: 52.978 Loading class jdk/internal/org/objectweb/asm/ClassReader done
Event: 55.307 Loading class java/lang/ProcessEnvironment$CheckedKeySet
Event: 55.308 Loading class java/lang/ProcessEnvironment$CheckedKeySet done
Event: 56.354 Loading class java/util/concurrent/CompletableFuture$AltResult
Event: 56.354 Loading class java/util/concurrent/CompletableFuture$AltResult done
Event: 56.354 Loading class java/util/concurrent/CompletableFuture$ThreadPerTaskExecutor
Event: 56.355 Loading class java/util/concurrent/CompletableFuture$ThreadPerTaskExecutor done
Event: 56.355 Loading class java/util/concurrent/CompletableFuture$Completion
Event: 56.356 Loading class java/util/concurrent/CompletableFuture$AsynchronousCompletionTask
Event: 56.356 Loading class java/util/concurrent/CompletableFuture$AsynchronousCompletionTask done
Event: 56.356 Loading class java/util/concurrent/CompletableFuture$Completion done
Event: 56.400 Loading class jdk/internal/math/FormattedFPDecimal
Event: 56.400 Loading class jdk/internal/math/FormattedFPDecimal done

Classes unloaded (7 events):
Event: 24.040 Thread 0x000001f8f637b800 Unloading class 0x000001f8811a8c00 'java/lang/invoke/LambdaForm$MH+0x000001f8811a8c00'
Event: 24.040 Thread 0x000001f8f637b800 Unloading class 0x000001f8811a8800 'java/lang/invoke/LambdaForm$MH+0x000001f8811a8800'
Event: 24.040 Thread 0x000001f8f637b800 Unloading class 0x000001f8811a8400 'java/lang/invoke/LambdaForm$MH+0x000001f8811a8400'
Event: 24.040 Thread 0x000001f8f637b800 Unloading class 0x000001f8811a8000 'java/lang/invoke/LambdaForm$MH+0x000001f8811a8000'
Event: 24.040 Thread 0x000001f8f637b800 Unloading class 0x000001f8811a7c00 'java/lang/invoke/LambdaForm$BMH+0x000001f8811a7c00'
Event: 24.040 Thread 0x000001f8f637b800 Unloading class 0x000001f8811a7800 'java/lang/invoke/LambdaForm$DMH+0x000001f8811a7800'
Event: 24.040 Thread 0x000001f8f637b800 Unloading class 0x000001f8811a6400 'java/lang/invoke/LambdaForm$DMH+0x000001f8811a6400'

Classes redefined (0 events):
No events

Internal exceptions (20 events):
Event: 44.684 Thread 0x000001f8d8ea5020 Exception <a 'java/lang/IncompatibleClassChangeError'{0x00000007ab16ea88}: Found class java.lang.Object, but interface was expected> (0x00000007ab16ea88) 
thrown [s\src\hotspot\share\interpreter\linkResolver.cpp, line 840]
Event: 44.684 Thread 0x000001f8d8ea5020 Exception <a 'java/lang/IncompatibleClassChangeError'{0x00000007ab16fc10}: Found class java.lang.Object, but interface was expected> (0x00000007ab16fc10) 
thrown [s\src\hotspot\share\interpreter\linkResolver.cpp, line 840]
Event: 44.977 Thread 0x000001f8f6b42d80 Exception <a 'java/io/FileNotFoundException'{0x00000007ab348e20}> (0x00000007ab348e20) 
thrown [s\src\hotspot\share\prims\jni.cpp, line 520]
Event: 44.977 Thread 0x000001f8f6b42d80 Exception <a 'java/io/FileNotFoundException'{0x00000007ab34a3f0}> (0x00000007ab34a3f0) 
thrown [s\src\hotspot\share\prims\jni.cpp, line 520]
Event: 44.981 Thread 0x000001f8f6b42d80 Exception <a 'java/lang/NoSuchMethodError'{0x00000007ab358528}: 'java.lang.Object java.lang.invoke.DirectMethodHandle$Holder.newInvokeSpecial(java.lang.Object, java.lang.Object, java.lang.Object, int)'> (0x00000007ab358528) 
thrown [s\src\hotspot\share\interpreter\linkResolver.cpp, line 773]
Event: 44.982 Thread 0x000001f8f6b42d80 Exception <a 'java/lang/NoSuchMethodError'{0x00000007ab35c1a0}: 'java.lang.Object java.lang.invoke.DirectMethodHandle$Holder.invokeSpecial(java.lang.Object, java.lang.Object, java.lang.Object, java.lang.Object, int)'> (0x00000007ab35c1a0) 
thrown [s\src\hotspot\share\interpreter\linkResolver.cpp, line 773]
Event: 44.982 Thread 0x000001f8f6b42d80 Exception <a 'java/lang/NoSuchMethodError'{0x00000007ab35f8a8}: 'java.lang.Object java.lang.invoke.Invokers$Holder.linkToTargetMethod(java.lang.Object, java.lang.Object, int, java.lang.Object)'> (0x00000007ab35f8a8) 
thrown [s\src\hotspot\share\interpreter\linkResolver.cpp, line 773]
Event: 44.992 Thread 0x000001f8f6b42d80 Exception <a 'java/lang/NoSuchMethodError'{0x00000007ab36b758}: 'void java.lang.invoke.DirectMethodHandle$Holder.invokeStaticInit(java.lang.Object, java.lang.Object, java.lang.Object)'> (0x00000007ab36b758) 
thrown [s\src\hotspot\share\interpreter\linkResolver.cpp, line 773]
Event: 51.155 Thread 0x000001f8fc742e00 Exception <a 'java/io/FileNotFoundException'{0x00000007ab2a3a70}> (0x00000007ab2a3a70) 
thrown [s\src\hotspot\share\prims\jni.cpp, line 520]
Event: 51.543 Thread 0x000001f8fc742e00 Exception <a 'java/lang/NoSuchMethodError'{0x00000007ab6149c0}: 'java.lang.Object java.lang.invoke.DirectMethodHandle$Holder.invokeStatic(java.lang.Object, int, java.lang.Object, java.lang.Object)'> (0x00000007ab6149c0) 
thrown [s\src\hotspot\share\interpreter\linkResolver.cpp, line 773]
Event: 51.544 Thread 0x000001f8fc742e00 Exception <a 'java/lang/NoSuchMethodError'{0x00000007ab6181a0}: 'java.lang.Object java.lang.invoke.DelegatingMethodHandle$Holder.delegate(java.lang.Object, int, java.lang.Object, java.lang.Object)'> (0x00000007ab6181a0) 
thrown [s\src\hotspot\share\interpreter\linkResolver.cpp, line 773]
Event: 51.547 Thread 0x000001f8fc742e00 Implicit null exception at 0x000001f8e5f012f6 to 0x000001f8e5f01618
Event: 51.555 Thread 0x000001f8fc742e00 Exception <a 'java/lang/NoSuchMethodError'{0x00000007ab678fe8}: 'int java.lang.invoke.Invokers$Holder.linkToTargetMethod(java.lang.Object, java.lang.Object, java.lang.Object)'> (0x00000007ab678fe8) 
thrown [s\src\hotspot\share\interpreter\linkResolver.cpp, line 773]
Event: 52.844 Thread 0x000001f8f6b43410 Exception <a 'java/lang/ExceptionInInitializerError'{0x00000007abe8f1c0}> (0x00000007abe8f1c0) 
thrown [s\src\hotspot\share\oops\instanceKlass.cpp, line 1218]
Event: 52.961 Thread 0x000001f8f6b43410 Implicit null exception at 0x000001f8e601eb83 to 0x000001f8e601ee04
Event: 52.980 Thread 0x000001f8f6b43410 Implicit null exception at 0x000001f8e5e8f77e to 0x000001f8e5e8f98c
Event: 52.980 Thread 0x000001f8f6b43410 Implicit null exception at 0x000001f8e5e13617 to 0x000001f8e5e14534
Event: 52.987 Thread 0x000001f8f6b43410 Exception <a 'java/lang/NoSuchMethodError'{0x00000007abf9c6d8}: 'java.lang.Object java.lang.invoke.Invokers$Holder.invokeExact_MT(java.lang.Object, int, java.lang.Object)'> (0x00000007abf9c6d8) 
thrown [s\src\hotspot\share\interpreter\linkResolver.cpp, line 773]
Event: 55.176 Thread 0x000001f8f6b43410 Exception <a 'java/lang/NoClassDefFoundError'{0x00000007ab79d860}: com/google/inject/servlet/ServletModuleTargetVisitor> (0x00000007ab79d860) 
thrown [s\src\hotspot\share\classfile\systemDictionary.cpp, line 302]
Event: 56.701 Thread 0x000001f8f6b44130 Exception <a 'java/lang/NoSuchMethodError'{0x00000007abf8c6d8}: 'int java.lang.invoke.DirectMethodHandle$Holder.invokeSpecialIFC(java.lang.Object, java.lang.Object, java.lang.Object, java.lang.Object)'> (0x00000007abf8c6d8) 
thrown [s\src\hotspot\share\interpreter\linkResolver.cpp, line 773]

ZGC Phase Switch (0 events):
No events

VM Operations (20 events):
Event: 46.028 Executing safepoint VM operation: Cleanup
Event: 46.119 Executing safepoint VM operation: Cleanup done
Event: 46.403 Executing safepoint VM operation: ParallelGCFailedAllocation (Allocation Failure)
Event: 46.449 Executing safepoint VM operation: ParallelGCFailedAllocation (Allocation Failure) done
Event: 47.454 Executing safepoint VM operation: Cleanup
Event: 50.920 Executing safepoint VM operation: Cleanup done
Event: 51.079 Executing non-safepoint VM operation: HandshakeAllThreads (Deoptimize)
Event: 51.116 Executing non-safepoint VM operation: HandshakeAllThreads (Deoptimize) done
Event: 52.117 Executing safepoint VM operation: Cleanup
Event: 52.735 Executing safepoint VM operation: Cleanup done
Event: 53.077 Executing safepoint VM operation: ParallelGCFailedAllocation (Allocation Failure)
Event: 53.107 Executing safepoint VM operation: ParallelGCFailedAllocation (Allocation Failure) done
Event: 53.166 Executing non-safepoint VM operation: HandshakeAllThreads (Deoptimize)
Event: 53.167 Executing non-safepoint VM operation: HandshakeAllThreads (Deoptimize) done
Event: 54.174 Executing safepoint VM operation: Cleanup
Event: 54.182 Executing safepoint VM operation: Cleanup done
Event: 55.196 Executing safepoint VM operation: Cleanup
Event: 55.197 Executing safepoint VM operation: Cleanup done
Event: 56.216 Executing safepoint VM operation: Cleanup
Event: 56.245 Executing safepoint VM operation: Cleanup done

Memory protections (0 events):
No events

Nmethod flushes (20 events):
Event: 40.390 Thread 0x000001f8f637b800 flushing  nmethod 0x000001f8de8cf410
Event: 40.390 Thread 0x000001f8f637b800 flushing  nmethod 0x000001f8de8d1590
Event: 40.390 Thread 0x000001f8f637b800 flushing  nmethod 0x000001f8de8d1e90
Event: 40.390 Thread 0x000001f8f637b800 flushing  nmethod 0x000001f8de8d3090
Event: 40.390 Thread 0x000001f8f637b800 flushing  nmethod 0x000001f8de8d3890
Event: 40.390 Thread 0x000001f8f637b800 flushing  nmethod 0x000001f8de8d5590
Event: 40.390 Thread 0x000001f8f637b800 flushing  nmethod 0x000001f8de8d5a90
Event: 40.390 Thread 0x000001f8f637b800 flushing  nmethod 0x000001f8de8d5f90
Event: 40.390 Thread 0x000001f8f637b800 flushing  nmethod 0x000001f8de8d6390
Event: 40.390 Thread 0x000001f8f637b800 flushing  nmethod 0x000001f8de8d6810
Event: 40.390 Thread 0x000001f8f637b800 flushing  nmethod 0x000001f8de8d7390
Event: 40.390 Thread 0x000001f8f637b800 flushing  nmethod 0x000001f8de8d9290
Event: 40.390 Thread 0x000001f8f637b800 flushing  nmethod 0x000001f8de8e3d10
Event: 40.390 Thread 0x000001f8f637b800 flushing  nmethod 0x000001f8de92ab10
Event: 40.390 Thread 0x000001f8f637b800 flushing  nmethod 0x000001f8de931090
Event: 40.390 Thread 0x000001f8f637b800 flushing  nmethod 0x000001f8de938290
Event: 40.390 Thread 0x000001f8f637b800 flushing  nmethod 0x000001f8de993510
Event: 40.390 Thread 0x000001f8f637b800 flushing  nmethod 0x000001f8de9b5710
Event: 40.390 Thread 0x000001f8f637b800 flushing  nmethod 0x000001f8dea02a10
Event: 40.390 Thread 0x000001f8f637b800 flushing  nmethod 0x000001f8dea02e90

Events (20 events):
Event: 0.256 Thread 0x000001f8d8ea5020 Thread added: 0x000001f8f6418050
Event: 0.945 Thread 0x000001f8d8ea5020 Thread added: 0x000001f8f6b71c20
Event: 4.144 Thread 0x000001f8d8ea5020 Thread added: 0x000001f8f6d43150
Event: 12.111 Thread 0x000001f8d8ea5020 Thread added: 0x000001f8f6e79610
Event: 13.493 Thread 0x000001f8d8ea5020 Thread added: 0x000001f8fb1b1680
Event: 13.705 Thread 0x000001f8fb1b1680 Thread added: 0x000001f8f6cd1e70
Event: 13.722 Thread 0x000001f8d8ea5020 Thread added: 0x000001f8f6cd28b0
Event: 16.038 Thread 0x000001f8f6cd28b0 Thread added: 0x000001f8fbb27a10
Event: 18.155 Thread 0x000001f8f6cd28b0 Thread added: 0x000001f8fb489830
Event: 19.182 Thread 0x000001f8f6cd28b0 Thread added: 0x000001f8f6df5240
Event: 20.324 Thread 0x000001f8f6cd28b0 Thread added: 0x000001f8f6b426f0
Event: 20.551 Thread 0x000001f8f6cd28b0 Thread added: 0x000001f8f6b43410
Event: 20.700 Thread 0x000001f8f6cd28b0 Thread added: 0x000001f8f6b42060
Event: 26.813 Thread 0x000001f8f6b43410 Thread added: 0x000001f8f6b42d80
Event: 33.126 Thread 0x000001f8f6cd28b0 Thread added: 0x000001f8f6b44e50
Event: 39.753 Thread 0x000001f8f6b42060 Thread added: 0x000001f8f6b43aa0
Event: 40.895 Thread 0x000001f8f6b43aa0 Thread added: 0x000001f8f6b44130
Event: 41.636 Thread 0x000001f8d8ea5020 Thread added: 0x000001f8f6b454e0
Event: 45.019 Thread 0x000001f8d8ea5020 Thread added: 0x000001f8fc73e5d0
Event: 45.019 Thread 0x000001f8d8ea5020 Thread added: 0x000001f8fc742e00


Dynamic libraries:
0x00007ff623bb0000 - 0x00007ff623bbe000 	c:\Users\jaimi\.vscode\extensions\redhat.java-1.56.0-win32-x64\jre\21.0.12.1-win32-x86_64\bin\java.exe
0x00007ffed1f70000 - 0x00007ffed2168000 	C:\Windows\SYSTEM32\ntdll.dll
0x00007ffed0ee0000 - 0x00007ffed0fa2000 	C:\Windows\System32\KERNEL32.DLL
0x00007ffecf700000 - 0x00007ffecf9f6000 	C:\Windows\System32\KERNELBASE.dll
0x00007ffecfba0000 - 0x00007ffecfca0000 	C:\Windows\System32\ucrtbase.dll
0x00007ffec68b0000 - 0x00007ffec68c8000 	c:\Users\jaimi\.vscode\extensions\redhat.java-1.56.0-win32-x64\jre\21.0.12.1-win32-x86_64\bin\jli.dll
0x00007ffed0d30000 - 0x00007ffed0ed1000 	C:\Windows\System32\USER32.dll
0x00007ffecfe90000 - 0x00007ffecfeb2000 	C:\Windows\System32\win32u.dll
0x00007ffed0560000 - 0x00007ffed058b000 	C:\Windows\System32\GDI32.dll
0x00007ffecfa00000 - 0x00007ffecfb19000 	C:\Windows\System32\gdi32full.dll
0x00007ffecfec0000 - 0x00007ffecff5d000 	C:\Windows\System32\msvcp_win.dll
0x00007ffeb6390000 - 0x00007ffeb63ae000 	c:\Users\jaimi\.vscode\extensions\redhat.java-1.56.0-win32-x64\jre\21.0.12.1-win32-x86_64\bin\VCRUNTIME140.dll
0x00007ffeb6680000 - 0x00007ffeb691b000 	C:\Windows\WinSxS\amd64_microsoft.windows.common-controls_6595b64144ccf1df_6.0.19041.6456_none_60b8a6cb71f64256\COMCTL32.dll
0x00007ffed0240000 - 0x00007ffed02de000 	C:\Windows\System32\msvcrt.dll
0x00007ffed0bb0000 - 0x00007ffed0bdf000 	C:\Windows\System32\IMM32.DLL
0x00007ffeca500000 - 0x00007ffeca50c000 	c:\Users\jaimi\.vscode\extensions\redhat.java-1.56.0-win32-x64\jre\21.0.12.1-win32-x86_64\bin\vcruntime140_1.dll
0x00007ffeab800000 - 0x00007ffeab88d000 	c:\Users\jaimi\.vscode\extensions\redhat.java-1.56.0-win32-x64\jre\21.0.12.1-win32-x86_64\bin\msvcp140.dll
0x00007ffe4e2f0000 - 0x00007ffe4f092000 	c:\Users\jaimi\.vscode\extensions\redhat.java-1.56.0-win32-x64\jre\21.0.12.1-win32-x86_64\bin\server\jvm.dll
0x00007ffed0af0000 - 0x00007ffed0ba1000 	C:\Windows\System32\ADVAPI32.dll
0x00007ffed1e90000 - 0x00007ffed1f2f000 	C:\Windows\System32\sechost.dll
0x00007ffed0120000 - 0x00007ffed0240000 	C:\Windows\System32\RPCRT4.dll
0x00007ffecff60000 - 0x00007ffecff87000 	C:\Windows\System32\bcrypt.dll
0x00007ffed0bf0000 - 0x00007ffed0c5b000 	C:\Windows\System32\WS2_32.dll
0x00007ffecf080000 - 0x00007ffecf0cb000 	C:\Windows\SYSTEM32\POWRPROF.dll
0x00007ffeb15b0000 - 0x00007ffeb15d7000 	C:\Windows\SYSTEM32\WINMM.dll
0x00007ffebd780000 - 0x00007ffebd78a000 	C:\Windows\SYSTEM32\VERSION.dll
0x00007ffecefc0000 - 0x00007ffecefd2000 	C:\Windows\SYSTEM32\UMPDC.dll
0x00007ffecde10000 - 0x00007ffecde22000 	C:\Windows\SYSTEM32\kernel.appcore.dll
0x00007ffec8690000 - 0x00007ffec869a000 	c:\Users\jaimi\.vscode\extensions\redhat.java-1.56.0-win32-x64\jre\21.0.12.1-win32-x86_64\bin\jimage.dll
0x00007ffecdaf0000 - 0x00007ffecdcf1000 	C:\Windows\SYSTEM32\DBGHELP.DLL
0x00007ffeb0c50000 - 0x00007ffeb0c84000 	C:\Windows\SYSTEM32\dbgcore.DLL
0x00007ffecfca0000 - 0x00007ffecfd22000 	C:\Windows\System32\bcryptPrimitives.dll
0x00007ffec85a0000 - 0x00007ffec85af000 	c:\Users\jaimi\.vscode\extensions\redhat.java-1.56.0-win32-x64\jre\21.0.12.1-win32-x86_64\bin\instrument.dll
0x00007ffeb6370000 - 0x00007ffeb6390000 	c:\Users\jaimi\.vscode\extensions\redhat.java-1.56.0-win32-x64\jre\21.0.12.1-win32-x86_64\bin\java.dll
0x00007ffed12b0000 - 0x00007ffed1a20000 	C:\Windows\System32\SHELL32.dll
0x00007ffecd270000 - 0x00007ffecda15000 	C:\Windows\SYSTEM32\windows.storage.dll
0x00007ffed0730000 - 0x00007ffed0a84000 	C:\Windows\System32\combase.dll
0x00007ffecefe0000 - 0x00007ffecf00b000 	C:\Windows\SYSTEM32\Wldp.dll
0x00007ffed0fb0000 - 0x00007ffed107d000 	C:\Windows\System32\OLEAUT32.dll
0x00007ffed0c80000 - 0x00007ffed0d2d000 	C:\Windows\System32\SHCORE.dll
0x00007ffed0670000 - 0x00007ffed06cb000 	C:\Windows\System32\shlwapi.dll
0x00007ffecf530000 - 0x00007ffecf554000 	C:\Windows\SYSTEM32\profapi.dll
0x00007ffeb6350000 - 0x00007ffeb6368000 	c:\Users\jaimi\.vscode\extensions\redhat.java-1.56.0-win32-x64\jre\21.0.12.1-win32-x86_64\bin\zip.dll
0x00007ffeb62d0000 - 0x00007ffeb62e0000 	C:\Users\jaimi\.vscode\extensions\redhat.java-1.56.0-win32-x64\jre\21.0.12.1-win32-x86_64\bin\net.dll
0x00007ffec58e0000 - 0x00007ffec59ea000 	C:\Windows\SYSTEM32\WINHTTP.dll
0x00007ffeced20000 - 0x00007ffeced8a000 	C:\Windows\system32\mswsock.dll
0x00007ffeb61d0000 - 0x00007ffeb61e6000 	C:\Users\jaimi\.vscode\extensions\redhat.java-1.56.0-win32-x64\jre\21.0.12.1-win32-x86_64\bin\nio.dll
0x00007ffeb62c0000 - 0x00007ffeb62d0000 	c:\Users\jaimi\.vscode\extensions\redhat.java-1.56.0-win32-x64\jre\21.0.12.1-win32-x86_64\bin\verify.dll
0x00007ffeb5010000 - 0x00007ffeb5055000 	C:\Users\jaimi\AppData\Roaming\Code\User\globalStorage\redhat.java\1.56.0\config_win\org.eclipse.equinox.launcher\org.eclipse.equinox.launcher.win32.win32.x86_64_1.3.100.v20260804-1928\eclipse_11924.dll
0x00007ffecfff0000 - 0x00007ffed011b000 	C:\Windows\System32\ole32.dll
0x00007ffecef10000 - 0x00007ffecef28000 	C:\Windows\SYSTEM32\CRYPTSP.dll
0x00007ffece5d0000 - 0x00007ffece608000 	C:\Windows\system32\rsaenh.dll
0x00007ffecf4f0000 - 0x00007ffecf51e000 	C:\Windows\SYSTEM32\USERENV.dll
0x00007ffecef30000 - 0x00007ffecef3c000 	C:\Windows\SYSTEM32\CRYPTBASE.dll
0x00007ffecea00000 - 0x00007ffecea3b000 	C:\Windows\SYSTEM32\IPHLPAPI.DLL
0x00007ffed0380000 - 0x00007ffed0388000 	C:\Windows\System32\NSI.dll
0x00007ffeb2da0000 - 0x00007ffeb2de9000 	C:\Users\jaimi\AppData\Local\Temp\jna-100887342\jna5959996069746549197.dll
0x00007ffed0be0000 - 0x00007ffed0be8000 	C:\Windows\System32\PSAPI.DLL
0x00007ffebdb00000 - 0x00007ffebdb17000 	C:\Windows\SYSTEM32\dhcpcsvc6.DLL
0x00007ffec2a10000 - 0x00007ffec2a2d000 	C:\Windows\SYSTEM32\dhcpcsvc.DLL

JVMTI agents:
c:\Users\jaimi\.vscode\extensions\redhat.java-1.56.0-win32-x64\lombok\lombok-1.18.39-4050.jar path:c:\Users\jaimi\.vscode\extensions\redhat.java-1.56.0-win32-x64\jre\21.0.12.1-win32-x86_64\bin\instrument.dll, loaded, initialized, instrumentlib options:none

dbghelp: loaded successfully - version: 4.0.5 - missing functions: none
symbol engine: initialized successfully - sym options: 0x614 - pdb path: .;c:\Users\jaimi\.vscode\extensions\redhat.java-1.56.0-win32-x64\jre\21.0.12.1-win32-x86_64\bin;C:\Windows\SYSTEM32;C:\Windows\WinSxS\amd64_microsoft.windows.common-controls_6595b64144ccf1df_6.0.19041.6456_none_60b8a6cb71f64256;c:\Users\jaimi\.vscode\extensions\redhat.java-1.56.0-win32-x64\jre\21.0.12.1-win32-x86_64\bin\server;C:\Users\jaimi\AppData\Roaming\Code\User\globalStorage\redhat.java\1.56.0\config_win\org.eclipse.equinox.launcher\org.eclipse.equinox.launcher.win32.win32.x86_64_1.3.100.v20260804-1928;C:\Users\jaimi\AppData\Local\Temp\jna-100887342

VM Arguments:
jvm_args: --add-modules=ALL-SYSTEM --add-opens=java.base/java.util=ALL-UNNAMED --add-opens=java.base/java.lang=ALL-UNNAMED --add-opens=java.base/sun.nio.fs=ALL-UNNAMED -Declipse.application=org.eclipse.jdt.ls.core.id1 -Dosgi.bundles.defaultStartLevel=4 -Declipse.product=org.eclipse.jdt.ls.core.product -Djava.import.generatesMetadataFilesAtProjectRoot=false -Dm2e.project.cache.size=50 -DDetectVMInstallationsJob.disabled=true -Dfile.encoding=utf8 -XX:+UseParallelGC -XX:GCTimeRatio=4 -XX:AdaptiveSizePolicyWeight=90 -Dsun.zip.disableMemoryMapping=true -Xmx4G -Xms100m -Xlog:disable -javaagent:c:\Users\jaimi\.vscode\extensions\redhat.java-1.56.0-win32-x64\lombok\lombok-1.18.39-4050.jar -XX:+HeapDumpOnOutOfMemoryError -XX:HeapDumpPath=c:\Users\jaimi\AppData\Roaming\Code\User\workspaceStorage\7b1695ebeb44925a89a06e7ce4c3f07f\redhat.java -Daether.dependencyCollector.impl=bf 
java_command: c:\Users\jaimi\.vscode\extensions\redhat.java-1.56.0-win32-x64\server\plugins\org.eclipse.equinox.launcher_1.8.0.v20260804-1928.jar -configuration c:\Users\jaimi\AppData\Roaming\Code\User\globalStorage\redhat.java\1.56.0\config_win -data c:\Users\jaimi\AppData\Roaming\Code\User\workspaceStorage\7b1695ebeb44925a89a06e7ce4c3f07f\redhat.java\jdt_ws --stdio
java_class_path (initial): c:\Users\jaimi\.vscode\extensions\redhat.java-1.56.0-win32-x64\server\plugins\org.eclipse.equinox.launcher_1.8.0.v20260804-1928.jar
Launcher Type: SUN_STANDARD

[Global flags]
    uintx AdaptiveSizePolicyWeight                 = 90                                        {product} {command line}
     intx CICompilerCount                          = 2                                         {product} {ergonomic}
    uintx GCTimeRatio                              = 4                                         {product} {command line}
     bool HeapDumpOnOutOfMemoryError               = true                                   {manageable} {command line}
    ccstr HeapDumpPath                             = c:\Users\jaimi\AppData\Roaming\Code\User\workspaceStorage\7b1695ebeb44925a89a06e7ce4c3f07f\redhat.java         {manageable} {command line}
   size_t InitialHeapSize                          = 104857600                                 {product} {command line}
   size_t MaxHeapSize                              = 4294967296                                {product} {command line}
   size_t MaxNewSize                               = 1431306240                                {product} {ergonomic}
   size_t MinHeapDeltaBytes                        = 524288                                    {product} {ergonomic}
   size_t MinHeapSize                              = 104857600                                 {product} {command line}
   size_t NewSize                                  = 34603008                                  {product} {ergonomic}
    uintx NonNMethodCodeHeapSize                   = 5826188                                {pd product} {ergonomic}
    uintx NonProfiledCodeHeapSize                  = 122916026                              {pd product} {ergonomic}
   size_t OldSize                                  = 70254592                                  {product} {ergonomic}
    uintx ProfiledCodeHeapSize                     = 122916026                              {pd product} {ergonomic}
    uintx ReservedCodeCacheSize                    = 251658240                              {pd product} {ergonomic}
     bool SegmentedCodeCache                       = true                                      {product} {ergonomic}
   size_t SoftMaxHeapSize                          = 4294967296                             {manageable} {ergonomic}
     bool UseCompressedOops                        = true                           {product lp64_product} {ergonomic}
     bool UseLargePagesIndividualAllocation        = false                                  {pd product} {ergonomic}
     bool UseParallelGC                            = true                                      {product} {command line}

Logging:
Log output configuration:
 #0: stdout all=off uptime,level,tags foldmultilines=false
 #1: stderr all=off uptime,level,tags foldmultilines=false

Release file:
JAVA_VERSION="21.0.12.1" 
MODULES="java.base java.compiler java.datatransfer java.xml java.prefs java.desktop java.instrument java.logging java.management java.security.sasl java.naming java.rmi java.management.rmi java.net.http java.scripting java.security.jgss java.transaction.xa java.sql java.sql.rowset java.xml.crypto java.se java.smartcardio jdk.accessibility jdk.internal.jvmstat jdk.attach jdk.charsets jdk.internal.opt jdk.zipfs jdk.compiler jdk.crypto.ec jdk.crypto.cryptoki jdk.crypto.mscapi jdk.dynalink jdk.internal.ed jdk.editpad jdk.hotspot.agent jdk.httpserver jdk.internal.le jdk.internal.vm.ci jdk.internal.vm.compiler jdk.internal.vm.compiler.management jdk.jartool jdk.javadoc jdk.jcmd jdk.management jdk.management.agent jdk.jconsole jdk.jdeps jdk.jdwp.agent jdk.jdi jdk.jfr jdk.jshell jdk.jsobject jdk.jstatd jdk.localedata jdk.management.jfr jdk.naming.dns jdk.naming.rmi jdk.net jdk.nio.mapmode jdk.random jdk.sctp jdk.security.auth jdk.security.jgss jdk.unsupported jdk.unsupported.desktop jdk.xml.dom" 

Environment Variables:
JAVA_HOME=C:\Program Files\Java\jdk1.8.0_503
PATH=C:\Program Files (x86)\Common Files\Oracle\Java\java8path;C:\Program Files (x86)\Common Files\Oracle\Java\javapath;C:\Windows\system32;C:\Windows;C:\Windows\System32\Wbem;C:\Windows\System32\WindowsPowerShell\v1.0\;C:\Windows\System32\OpenSSH\;C:\Program Files\Git\cmd;C:\Users\jaimi\OneDrive\Documentos\programacao\calculatorProject\omniORB\bin;C:\Users\jaimi\AppData\Local\Programs\Python\Python313\;C:\Users\jaimi\AppData\Local\Programs\Python\Launcher\;C:\Users\jaimi\AppData\Local\Microsoft\WindowsApps;C:\Users\jaimi\AppData\Local\Programs\Microsoft VS Code\bin;D:\programs files\PyCharm Community Edition 2024.1.4\bin;;C:\msys64\mingw64\bin;C:\msys64\usr\bin;C:\omniORB\bin\x86_win32;C:\Program Files\Java\jdk1.8.0_503;C:\apache-maven-3.9.16\bin;C:\Program Files\Java\jdk1.8.0_503\bin;
USERNAME=jaimi
OS=Windows_NT
PROCESSOR_IDENTIFIER=Intel64 Family 6 Model 122 Stepping 8, GenuineIntel
TMP=C:\Users\jaimi\AppData\Local\Temp
TEMP=C:\Users\jaimi\AppData\Local\Temp




Periodic native trim disabled

---------------  S Y S T E M  ---------------

OS:
 Windows 10 , 64 bit Build 19041 (10.0.19041.5915)
OS uptime: 0 days 6:07 hours

CPU: total 2 (initial active 2) (2 cores per cpu, 1 threads per core) family 6 model 122 stepping 8 microcode 0x22, cx8, cmov, fxsr, mmx, 3dnowpref, sse, sse2, sse3, ssse3, sse4.1, sse4.2, popcnt, tsc, tscinvbit, aes, erms, clmul, sha, clflush, clflushopt, rdtscp, rdpid
Processor Information for the first 2 processors :
  Max Mhz: 1101, Current Mhz: 1101, Mhz Limit: 1101

Memory: 4k page, system-wide physical 8008M (1282M free)
TotalPageFile size 9971M (AvailPageFile size 1M)
current process WorkingSet (physical memory assigned to process): 208M, peak: 208M
current process commit charge ("private bytes"): 378M, peak: 378M

vm_info: OpenJDK 64-Bit Server VM (21.0.12.1+1-LTS) for windows-amd64 JRE (21.0.12.1+1-LTS), built on 2026-08-18T00:00:00Z by "admin" with MS VC++ 17.12 (VS2022)

END.
