#
# There is insufficient memory for the Java Runtime Environment to continue.
# Native memory allocation (malloc) failed to allocate 1110752 bytes. Error detail: Chunk::new
# Possible reasons:
#   The system is out of physical RAM or swap space
#   This process is running with CompressedOops enabled, and the Java Heap may be blocking the growth of the native heap
# Possible solutions:
#   Reduce memory load on the system
#   Increase physical memory or swap space
#   Check if swap backing store is full
#   Decrease Java heap size (-Xmx/-Xms)
#   Decrease number of Java threads
#   Decrease Java thread stack sizes (-Xss)
#   Set larger code cache with -XX:ReservedCodeCacheSize=
#   JVM is running with Unscaled Compressed Oops mode in which the Java heap is
#     placed in the first 4GB address space. The Java Heap base address is the
#     maximum limit for the native heap growth. Please use -XX:HeapBaseMinAddress
#     to set the Java Heap base and to place the Java Heap above 4GB virtual address.
# This output file may be truncated or incomplete.
#
#  Out of Memory Error (arena.cpp:168), pid=10588, tid=13664
#
# JRE version: OpenJDK Runtime Environment Temurin-21.0.12.1+1 (21.0.12.1+1) (build 21.0.12.1+1-LTS)
# Java VM: OpenJDK 64-Bit Server VM Temurin-21.0.12.1+1 (21.0.12.1+1-LTS, mixed mode, sharing, tiered, compressed oops, compressed class ptrs, parallel gc, windows-amd64)
# No core dump will be written. Minidumps are not enabled by default on client versions of Windows
#

---------------  S U M M A R Y ------------

Command Line: --add-modules=ALL-SYSTEM --add-opens=java.base/java.util=ALL-UNNAMED --add-opens=java.base/java.lang=ALL-UNNAMED --add-opens=java.base/sun.nio.fs=ALL-UNNAMED -Declipse.application=org.eclipse.jdt.ls.core.id1 -Dosgi.bundles.defaultStartLevel=4 -Declipse.product=org.eclipse.jdt.ls.core.product -Djava.import.generatesMetadataFilesAtProjectRoot=false -Dm2e.project.cache.size=50 -DDetectVMInstallationsJob.disabled=true -Dfile.encoding=utf8 -XX:+UseParallelGC -XX:GCTimeRatio=4 -XX:AdaptiveSizePolicyWeight=90 -Dsun.zip.disableMemoryMapping=true -Xmx2G -Xms100m -Xlog:disable -javaagent:c:\Users\jaimi\.vscode\extensions\redhat.java-1.56.0-win32-x64\lombok\lombok-1.18.39-4050.jar -XX:+HeapDumpOnOutOfMemoryError -XX:HeapDumpPath=c:\Users\jaimi\AppData\Roaming\Code\User\workspaceStorage\7b1695ebeb44925a89a06e7ce4c3f07f\redhat.java -Daether.dependencyCollector.impl=bf c:\Users\jaimi\.vscode\extensions\redhat.java-1.56.0-win32-x64\server\plugins\org.eclipse.equinox.launcher_1.8.0.v20260804-1928.jar -configuration c:\Users\jaimi\AppData\Roaming\Code\User\globalStorage\redhat.java\1.56.0\config_win -data c:\Users\jaimi\AppData\Roaming\Code\User\workspaceStorage\7b1695ebeb44925a89a06e7ce4c3f07f\redhat.java\jdt_ws --stdio

Host: Intel(R) Celeron(R) N4020 CPU @ 1.10GHz, 2 cores, 7G,  Windows 10 , 64 bit Build 19041 (10.0.19041.5915)
Time: Sat Sep 26 20:37:16 2026 South Africa Standard Time elapsed time: 12.318382 seconds (0d 0h 0m 12s)

---------------  T H R E A D  ---------------

Current thread (0x000001b67bc149a0):  JavaThread "C2 CompilerThread0" daemon [_thread_in_native, id=13664, stack(0x000000648b700000,0x000000648b800000) (1024K)]


Current CompileTask:
C2:12318 3903       4       java.lang.invoke.MethodType::makeImpl (109 bytes)

Stack: [0x000000648b700000,0x000000648b800000]
Native frames: (J=compiled Java code, j=interpreted, Vv=VM code, C=native code)
V  [jvm.dll+0x6d83e9]
V  [jvm.dll+0x8b5736]
V  [jvm.dll+0x8b7cee]
V  [jvm.dll+0x8b83d3]
V  [jvm.dll+0x284596]
V  [jvm.dll+0xc685d]
V  [jvm.dll+0xc6da1]
V  [jvm.dll+0x3bf18b]
V  [jvm.dll+0x1e3f42]
V  [jvm.dll+0x24c853]
V  [jvm.dll+0x24bce0]
V  [jvm.dll+0x1cb4ae]
V  [jvm.dll+0x25baad]
V  [jvm.dll+0x25a03a]
V  [jvm.dll+0x3f8aae]
V  [jvm.dll+0x8600cd]
V  [jvm.dll+0x6d6c1d]
C  [ucrtbase.dll+0x21bb2]
C  [KERNEL32.DLL+0x17374]
C  [ntdll.dll+0x4cc91]


---------------  P R O C E S S  ---------------

Threads class SMR info:
_java_thread_list=0x000001b67d51b700, length=22, elements={
0x000001b66525e540, 0x000001b67bc08a30, 0x000001b67bc0a950, 0x000001b67bc0e580,
0x000001b67bc112b0, 0x000001b67bc13100, 0x000001b67bc13b60, 0x000001b67bc149a0,
0x000001b67bc83820, 0x000001b67c381e80, 0x000001b67c4b1460, 0x000001b67cb7ff50,
0x000001b67c970860, 0x000001b67c678770, 0x000001b67c9c97d0, 0x000001b67d37c270,
0x000001b67d482e20, 0x000001b67bc7c570, 0x000001b67caf2030, 0x000001b67caf2d50,
0x000001b67caf33e0, 0x000001b67cdde4d0
}

Java Threads: ( => current thread )
  0x000001b66525e540 JavaThread "main"                              [_thread_blocked, id=7680, stack(0x000000648ac00000,0x000000648ad00000) (1024K)]
  0x000001b67bc08a30 JavaThread "Reference Handler"          daemon [_thread_blocked, id=12512, stack(0x000000648b100000,0x000000648b200000) (1024K)]
  0x000001b67bc0a950 JavaThread "Finalizer"                  daemon [_thread_blocked, id=3436, stack(0x000000648b200000,0x000000648b300000) (1024K)]
  0x000001b67bc0e580 JavaThread "Signal Dispatcher"          daemon [_thread_blocked, id=11740, stack(0x000000648b300000,0x000000648b400000) (1024K)]
  0x000001b67bc112b0 JavaThread "Attach Listener"            daemon [_thread_blocked, id=13220, stack(0x000000648b400000,0x000000648b500000) (1024K)]
  0x000001b67bc13100 JavaThread "Service Thread"             daemon [_thread_blocked, id=8396, stack(0x000000648b500000,0x000000648b600000) (1024K)]
  0x000001b67bc13b60 JavaThread "Monitor Deflation Thread"   daemon [_thread_blocked, id=2568, stack(0x000000648b600000,0x000000648b700000) (1024K)]
=>0x000001b67bc149a0 JavaThread "C2 CompilerThread0"         daemon [_thread_in_native, id=13664, stack(0x000000648b700000,0x000000648b800000) (1024K)]
  0x000001b67bc83820 JavaThread "C1 CompilerThread0"         daemon [_thread_blocked, id=14000, stack(0x000000648b800000,0x000000648b900000) (1024K)]
  0x000001b67c381e80 JavaThread "Common-Cleaner"             daemon [_thread_blocked, id=5660, stack(0x000000648b900000,0x000000648ba00000) (1024K)]
  0x000001b67c4b1460 JavaThread "Notification Thread"        daemon [_thread_blocked, id=8712, stack(0x000000648ba00000,0x000000648bb00000) (1024K)]
  0x000001b67cb7ff50 JavaThread "Active Thread: Equinox Container: 6d0e8051-35f3-4f2d-ba1a-78e12634df93"        [_thread_blocked, id=5592, stack(0x000000648bc00000,0x000000648bd00000) (1024K)]
  0x000001b67c970860 JavaThread "Refresh Thread: Equinox Container: 6d0e8051-35f3-4f2d-ba1a-78e12634df93" daemon [_thread_blocked, id=13428, stack(0x000000648bd00000,0x000000648be00000) (1024K)]
  0x000001b67c678770 JavaThread "Framework Event Dispatcher: Equinox Container: 6d0e8051-35f3-4f2d-ba1a-78e12634df93" daemon [_thread_blocked, id=944, stack(0x000000648be00000,0x000000648bf00000) (1024K)]
  0x000001b67c9c97d0 JavaThread "Start Level: Equinox Container: 6d0e8051-35f3-4f2d-ba1a-78e12634df93" daemon [_thread_in_Java, id=12784, stack(0x000000648bf00000,0x000000648c000000) (1024K)]
  0x000001b67d37c270 JavaThread "Bundle File Closer"         daemon [_thread_blocked, id=7528, stack(0x000000648c000000,0x000000648c100000) (1024K)]
  0x000001b67d482e20 JavaThread "SCR Component Actor"        daemon [_thread_blocked, id=7380, stack(0x000000648c100000,0x000000648c200000) (1024K)]
  0x000001b67bc7c570 JavaThread "Worker-JM"                         [_thread_blocked, id=7352, stack(0x000000648c200000,0x000000648c300000) (1024K)]
  0x000001b67caf2030 JavaThread "JNA Cleaner"                daemon [_thread_blocked, id=12768, stack(0x000000648c300000,0x000000648c400000) (1024K)]
  0x000001b67caf2d50 JavaThread "Worker-0: Updating Maven Dependencies"        [_thread_blocked, id=11656, stack(0x000000648c400000,0x000000648c500000) (1024K)]
  0x000001b67caf33e0 JavaThread "Worker-1"                          [_thread_blocked, id=7348, stack(0x000000648c500000,0x000000648c600000) (1024K)]
  0x000001b67cdde4d0 JavaThread "Worker-2: Repository registry initialization"        [_thread_blocked, id=10448, stack(0x000000648c600000,0x000000648c700000) (1024K)]
Total: 22

Other Threads:
  0x000001b66531dc70 VMThread "VM Thread"                           [id=5904, stack(0x000000648b000000,0x000000648b100000) (1024K)] _threads_hazard_ptr=0x000001b67d51b700
  0x000001b67bbecb00 WatcherThread "VM Periodic Task Thread"        [id=10936, stack(0x000000648af00000,0x000000648b000000) (1024K)]
  0x000001b66527c120 WorkerThread "GC Thread#0"                     [id=13512, stack(0x000000648ae00000,0x000000648af00000) (1024K)]
  0x000001b67c4c85e0 WorkerThread "GC Thread#1"                     [id=9184, stack(0x000000648bb00000,0x000000648bc00000) (1024K)]
Total: 4

Threads with active compile tasks:
C2 CompilerThread0  12369 3903       4       java.lang.invoke.MethodType::makeImpl (109 bytes)
Total: 1

VM state: not at safepoint (normal execution)

VM Mutex/Monitor currently owned by a thread: None

Heap address: 0x0000000080000000, size: 2048 MB, Compressed Oops mode: 32-bit

CDS archive(s) mapped at: [0x000001b600000000-0x000001b600ba0000-0x000001b600ba0000), size 12189696, SharedBaseAddress: 0x000001b600000000, ArchiveRelocationMode: 1.
Compressed class space mapped at: 0x000001b601000000-0x000001b641000000, reserved size: 1073741824
Narrow klass base: 0x000001b600000000, Narrow klass shift: 0, Narrow klass range: 0x100000000

GC Precious Log:
 CardTable entry size: 512
 CPUs: 2 total, 2 available
 Memory: 8008M
 Large Page Support: Disabled
 NUMA Support: Disabled
 Compressed Oops: Enabled (32-bit)
 Alignments: Space 512K, Generation 512K, Heap 2M
 Heap Min Capacity: 100M
 Heap Initial Capacity: 100M
 Heap Max Capacity: 2G
 Pre-touch: Disabled
 Parallel Workers: 2

Heap:
 PSYoungGen      total 25088K, used 5484K [0x00000000d5580000, 0x00000000d7400000, 0x0000000100000000)
  eden space 24064K, 20% used [0x00000000d5580000,0x00000000d5a4dc80,0x00000000d6d00000)
  from space 1024K, 55% used [0x00000000d7300000,0x00000000d738d3f0,0x00000000d7400000)
  to   space 2048K, 0% used [0x00000000d7000000,0x00000000d7000000,0x00000000d7200000)
 ParOldGen       total 68608K, used 13084K [0x0000000080000000, 0x0000000084300000, 0x00000000d5580000)
  object space 68608K, 19% used [0x0000000080000000,0x0000000080cc70e0,0x0000000084300000)
 Metaspace       used 24040K, committed 24896K, reserved 1114112K
  class space    used 2423K, committed 2816K, reserved 1048576K

Card table byte_map: [0x000001b664c10000,0x000001b665020000] _byte_map_base: 0x000001b664810000

Marking Bits: (ParMarkBitMap*) 0x00007ff9600c44a0
 Begin Bits: [0x000001b677710000, 0x000001b679710000)
 End Bits:   [0x000001b679710000, 0x000001b67b710000)

Polling page: 0x000001b663250000

Metaspace:

Usage:
  Non-class:     21.11 MB used.
      Class:      2.37 MB used.
       Both:     23.48 MB used.

Virtual space:
  Non-class space:       64.00 MB reserved,      21.56 MB ( 34%) committed,  1 nodes.
      Class space:        1.00 GB reserved,       2.75 MB ( <1%) committed,  1 nodes.
             Both:        1.06 GB reserved,      24.31 MB (  2%) committed. 

Chunk freelists:
   Non-Class:  10.39 MB
       Class:  13.15 MB
        Both:  23.54 MB

MaxMetaspaceSize: unlimited
CompressedClassSpaceSize: 1.00 GB
Initial GC threshold: 21.00 MB
Current GC threshold: 35.00 MB
CDS: on
 - commit_granule_bytes: 65536.
 - commit_granule_words: 8192.
 - virtual_space_node_default_size: 8388608.
 - enlarge_chunks_in_place: 1.
 - use_allocation_guard: 0.


Internal statistics:

num_allocs_failed_limit: 3.
num_arena_births: 664.
num_arena_deaths: 14.
num_vsnodes_births: 2.
num_vsnodes_deaths: 0.
num_space_committed: 389.
num_space_uncommitted: 0.
num_chunks_returned_to_freelist: 17.
num_chunks_taken_from_freelist: 1614.
num_chunk_merges: 8.
num_chunk_splits: 1035.
num_chunks_enlarged: 664.
num_inconsistent_stats: 0.

CodeHeap 'non-profiled nmethods': size=120064Kb used=1618Kb max_used=1618Kb free=118445Kb
 bounds [0x000001b66ff20000, 0x000001b670190000, 0x000001b677460000]
CodeHeap 'profiled nmethods': size=120000Kb used=8121Kb max_used=8121Kb free=111878Kb
 bounds [0x000001b668460000, 0x000001b668c50000, 0x000001b66f990000]
CodeHeap 'non-nmethods': size=5696Kb used=1288Kb max_used=1308Kb free=4407Kb
 bounds [0x000001b66f990000, 0x000001b66fc00000, 0x000001b66ff20000]
CodeCache: size=245760Kb, used=11027Kb, max_used=11047Kb, free=234730Kb
 total_blobs=4522, nmethods=3950, adapters=479, full_count=0
Compilation: enabled, stopped_count=0, restarted_count=0

Compilation events (20 events):
Event: 12.256 Thread 0x000001b67bc83820 3932       3       java.lang.Module::isStaticallyExportedOrOpen (70 bytes)
Event: 12.257 Thread 0x000001b67bc83820 nmethod 3932 0x000001b668c45810 code [0x000001b668c45a20, 0x000001b668c460d0]
Event: 12.260 Thread 0x000001b67bc83820 3935       3       java.lang.invoke.LambdaForm$Name::<init> (19 bytes)
Event: 12.261 Thread 0x000001b67bc83820 nmethod 3935 0x000001b668c46290 code [0x000001b668c464c0, 0x000001b668c46ca8]
Event: 12.266 Thread 0x000001b67bc83820 3941  s    3       java.lang.invoke.MethodTypeForm::setCachedLambdaForm (44 bytes)
Event: 12.267 Thread 0x000001b67bc83820 nmethod 3941 0x000001b668c47010 code [0x000001b668c47220, 0x000001b668c47aa8]
Event: 12.269 Thread 0x000001b67bc83820 3945       3       java.lang.System$2::defineClass (21 bytes)
Event: 12.269 Thread 0x000001b67bc83820 nmethod 3945 0x000001b668c47d90 code [0x000001b668c47f40, 0x000001b668c480b8]
Event: 12.270 Thread 0x000001b67bc83820 3946       3       java.lang.invoke.MethodHandles$Lookup::makeHiddenClassDefiner (44 bytes)
Event: 12.271 Thread 0x000001b67bc83820 nmethod 3946 0x000001b668c48190 code [0x000001b668c483c0, 0x000001b668c48a90]
Event: 12.272 Thread 0x000001b67bc83820 3947       3       java.lang.invoke.InvokerBytecodeGenerator::<init> (12 bytes)
Event: 12.272 Thread 0x000001b67bc83820 nmethod 3947 0x000001b668c48d90 code [0x000001b668c48f40, 0x000001b668c490f8]
Event: 12.272 Thread 0x000001b67bc83820 3948       3       java.lang.invoke.InvokerBytecodeGenerator::generateCustomizedCodeBytes (37 bytes)
Event: 12.273 Thread 0x000001b67bc83820 nmethod 3948 0x000001b668c49210 code [0x000001b668c49420, 0x000001b668c49800]
Event: 12.274 Thread 0x000001b67bc83820 3949       3       java.lang.invoke.InvokerBytecodeGenerator::loadMethod (39 bytes)
Event: 12.274 Thread 0x000001b67bc83820 nmethod 3949 0x000001b668c49a10 code [0x000001b668c49c00, 0x000001b668c49ef8]
Event: 12.286 Thread 0x000001b67bc83820 3952       3       java.lang.invoke.LambdaForm$Name::withConstraint (20 bytes)
Event: 12.287 Thread 0x000001b67bc83820 nmethod 3952 0x000001b668c4a090 code [0x000001b668c4a240, 0x000001b668c4a458]
Event: 12.292 Thread 0x000001b67bc83820 3955       3       jdk.internal.org.objectweb.asm.SymbolTable::addConstant (330 bytes)
Event: 12.296 Thread 0x000001b67bc83820 nmethod 3955 0x000001b668c4a510 code [0x000001b668c4aa80, 0x000001b668c4da70]

GC Heap History (18 events):
Event: 2.694 GC heap before
{Heap before GC invocations=1 (full 0):
 PSYoungGen      total 29696K, used 25600K [0x00000000d5580000, 0x00000000d7680000, 0x0000000100000000)
  eden space 25600K, 100% used [0x00000000d5580000,0x00000000d6e80000,0x00000000d6e80000)
  from space 4096K, 0% used [0x00000000d7280000,0x00000000d7280000,0x00000000d7680000)
  to   space 4096K, 0% used [0x00000000d6e80000,0x00000000d6e80000,0x00000000d7280000)
 ParOldGen       total 68608K, used 0K [0x0000000080000000, 0x0000000084300000, 0x00000000d5580000)
  object space 68608K, 0% used [0x0000000080000000,0x0000000080000000,0x0000000084300000)
 Metaspace       used 4351K, committed 4544K, reserved 1114112K
  class space    used 474K, committed 576K, reserved 1048576K
}
Event: 2.717 GC heap after
{Heap after GC invocations=1 (full 0):
 PSYoungGen      total 29696K, used 3280K [0x00000000d5580000, 0x00000000d7680000, 0x0000000100000000)
  eden space 25600K, 0% used [0x00000000d5580000,0x00000000d5580000,0x00000000d6e80000)
  from space 4096K, 80% used [0x00000000d6e80000,0x00000000d71b4148,0x00000000d7280000)
  to   space 4096K, 0% used [0x00000000d7280000,0x00000000d7280000,0x00000000d7680000)
 ParOldGen       total 68608K, used 0K [0x0000000080000000, 0x0000000084300000, 0x00000000d5580000)
  object space 68608K, 0% used [0x0000000080000000,0x0000000080000000,0x0000000084300000)
 Metaspace       used 4351K, committed 4544K, reserved 1114112K
  class space    used 474K, committed 576K, reserved 1048576K
}
Event: 4.449 GC heap before
{Heap before GC invocations=2 (full 0):
 PSYoungGen      total 29696K, used 28880K [0x00000000d5580000, 0x00000000d7680000, 0x0000000100000000)
  eden space 25600K, 100% used [0x00000000d5580000,0x00000000d6e80000,0x00000000d6e80000)
  from space 4096K, 80% used [0x00000000d6e80000,0x00000000d71b4148,0x00000000d7280000)
  to   space 4096K, 0% used [0x00000000d7280000,0x00000000d7280000,0x00000000d7680000)
 ParOldGen       total 68608K, used 0K [0x0000000080000000, 0x0000000084300000, 0x00000000d5580000)
  object space 68608K, 0% used [0x0000000080000000,0x0000000080000000,0x0000000084300000)
 Metaspace       used 8069K, committed 8384K, reserved 1114112K
  class space    used 833K, committed 960K, reserved 1048576K
}
Event: 4.476 GC heap after
{Heap after GC invocations=2 (full 0):
 PSYoungGen      total 29696K, used 4071K [0x00000000d5580000, 0x00000000d7680000, 0x0000000100000000)
  eden space 25600K, 0% used [0x00000000d5580000,0x00000000d5580000,0x00000000d6e80000)
  from space 4096K, 99% used [0x00000000d7280000,0x00000000d7679e98,0x00000000d7680000)
  to   space 4096K, 0% used [0x00000000d6e80000,0x00000000d6e80000,0x00000000d7280000)
 ParOldGen       total 68608K, used 1954K [0x0000000080000000, 0x0000000084300000, 0x00000000d5580000)
  object space 68608K, 2% used [0x0000000080000000,0x00000000801e8840,0x0000000084300000)
 Metaspace       used 8069K, committed 8384K, reserved 1114112K
  class space    used 833K, committed 960K, reserved 1048576K
}
Event: 5.365 GC heap before
{Heap before GC invocations=3 (full 0):
 PSYoungGen      total 29696K, used 29671K [0x00000000d5580000, 0x00000000d7680000, 0x0000000100000000)
  eden space 25600K, 100% used [0x00000000d5580000,0x00000000d6e80000,0x00000000d6e80000)
  from space 4096K, 99% used [0x00000000d7280000,0x00000000d7679e98,0x00000000d7680000)
  to   space 4096K, 0% used [0x00000000d6e80000,0x00000000d6e80000,0x00000000d7280000)
 ParOldGen       total 68608K, used 1954K [0x0000000080000000, 0x0000000084300000, 0x00000000d5580000)
  object space 68608K, 2% used [0x0000000080000000,0x00000000801e8840,0x0000000084300000)
 Metaspace       used 9533K, committed 9856K, reserved 1114112K
  class space    used 1011K, committed 1152K, reserved 1048576K
}
Event: 5.386 GC heap after
{Heap after GC invocations=3 (full 0):
 PSYoungGen      total 29696K, used 4069K [0x00000000d5580000, 0x00000000d7680000, 0x0000000100000000)
  eden space 25600K, 0% used [0x00000000d5580000,0x00000000d5580000,0x00000000d6e80000)
  from space 4096K, 99% used [0x00000000d6e80000,0x00000000d7279748,0x00000000d7280000)
  to   space 4096K, 0% used [0x00000000d7280000,0x00000000d7280000,0x00000000d7680000)
 ParOldGen       total 68608K, used 4645K [0x0000000080000000, 0x0000000084300000, 0x00000000d5580000)
  object space 68608K, 6% used [0x0000000080000000,0x0000000080489580,0x0000000084300000)
 Metaspace       used 9533K, committed 9856K, reserved 1114112K
  class space    used 1011K, committed 1152K, reserved 1048576K
}
Event: 7.953 GC heap before
{Heap before GC invocations=4 (full 0):
 PSYoungGen      total 29696K, used 29669K [0x00000000d5580000, 0x00000000d7680000, 0x0000000100000000)
  eden space 25600K, 100% used [0x00000000d5580000,0x00000000d6e80000,0x00000000d6e80000)
  from space 4096K, 99% used [0x00000000d6e80000,0x00000000d7279748,0x00000000d7280000)
  to   space 4096K, 0% used [0x00000000d7280000,0x00000000d7280000,0x00000000d7680000)
 ParOldGen       total 68608K, used 4645K [0x0000000080000000, 0x0000000084300000, 0x00000000d5580000)
  object space 68608K, 6% used [0x0000000080000000,0x0000000080489580,0x0000000084300000)
 Metaspace       used 11670K, committed 12032K, reserved 1114112K
  class space    used 1228K, committed 1408K, reserved 1048576K
}
Event: 7.972 GC heap after
{Heap after GC invocations=4 (full 0):
 PSYoungGen      total 29696K, used 4081K [0x00000000d5580000, 0x00000000d7680000, 0x0000000100000000)
  eden space 25600K, 0% used [0x00000000d5580000,0x00000000d5580000,0x00000000d6e80000)
  from space 4096K, 99% used [0x00000000d7280000,0x00000000d767c560,0x00000000d7680000)
  to   space 4096K, 0% used [0x00000000d6e80000,0x00000000d6e80000,0x00000000d7280000)
 ParOldGen       total 68608K, used 6592K [0x0000000080000000, 0x0000000084300000, 0x00000000d5580000)
  object space 68608K, 9% used [0x0000000080000000,0x0000000080670188,0x0000000084300000)
 Metaspace       used 11670K, committed 12032K, reserved 1114112K
  class space    used 1228K, committed 1408K, reserved 1048576K
}
Event: 9.148 GC heap before
{Heap before GC invocations=5 (full 0):
 PSYoungGen      total 29696K, used 29681K [0x00000000d5580000, 0x00000000d7680000, 0x0000000100000000)
  eden space 25600K, 100% used [0x00000000d5580000,0x00000000d6e80000,0x00000000d6e80000)
  from space 4096K, 99% used [0x00000000d7280000,0x00000000d767c560,0x00000000d7680000)
  to   space 4096K, 0% used [0x00000000d6e80000,0x00000000d6e80000,0x00000000d7280000)
 ParOldGen       total 68608K, used 6592K [0x0000000080000000, 0x0000000084300000, 0x00000000d5580000)
  object space 68608K, 9% used [0x0000000080000000,0x0000000080670188,0x0000000084300000)
 Metaspace       used 15571K, committed 16128K, reserved 1114112K
  class space    used 1601K, committed 1856K, reserved 1048576K
}
Event: 9.168 GC heap after
{Heap after GC invocations=5 (full 0):
 PSYoungGen      total 29184K, used 4072K [0x00000000d5580000, 0x00000000d7a00000, 0x0000000100000000)
  eden space 25088K, 0% used [0x00000000d5580000,0x00000000d5580000,0x00000000d6e00000)
  from space 4096K, 99% used [0x00000000d6e80000,0x00000000d727a3c8,0x00000000d7280000)
  to   space 6144K, 0% used [0x00000000d7400000,0x00000000d7400000,0x00000000d7a00000)
 ParOldGen       total 68608K, used 8033K [0x0000000080000000, 0x0000000084300000, 0x00000000d5580000)
  object space 68608K, 11% used [0x0000000080000000,0x00000000807d8788,0x0000000084300000)
 Metaspace       used 15571K, committed 16128K, reserved 1114112K
  class space    used 1601K, committed 1856K, reserved 1048576K
}
Event: 10.286 GC heap before
{Heap before GC invocations=6 (full 0):
 PSYoungGen      total 29184K, used 29160K [0x00000000d5580000, 0x00000000d7a00000, 0x0000000100000000)
  eden space 25088K, 100% used [0x00000000d5580000,0x00000000d6e00000,0x00000000d6e00000)
  from space 4096K, 99% used [0x00000000d6e80000,0x00000000d727a3c8,0x00000000d7280000)
  to   space 6144K, 0% used [0x00000000d7400000,0x00000000d7400000,0x00000000d7a00000)
 ParOldGen       total 68608K, used 8033K [0x0000000080000000, 0x0000000084300000, 0x00000000d5580000)
  object space 68608K, 11% used [0x0000000080000000,0x00000000807d8788,0x0000000084300000)
 Metaspace       used 18717K, committed 19392K, reserved 1114112K
  class space    used 1953K, committed 2240K, reserved 1048576K
}
Event: 10.306 GC heap after
{Heap after GC invocations=6 (full 0):
 PSYoungGen      total 29696K, used 4806K [0x00000000d5580000, 0x00000000d7900000, 0x0000000100000000)
  eden space 24576K, 0% used [0x00000000d5580000,0x00000000d5580000,0x00000000d6d80000)
  from space 5120K, 93% used [0x00000000d7400000,0x00000000d78b1bc8,0x00000000d7900000)
  to   space 5120K, 0% used [0x00000000d6f00000,0x00000000d6f00000,0x00000000d7400000)
 ParOldGen       total 68608K, used 8041K [0x0000000080000000, 0x0000000084300000, 0x00000000d5580000)
  object space 68608K, 11% used [0x0000000080000000,0x00000000807da788,0x0000000084300000)
 Metaspace       used 18717K, committed 19392K, reserved 1114112K
  class space    used 1953K, committed 2240K, reserved 1048576K
}
Event: 11.132 GC heap before
{Heap before GC invocations=7 (full 0):
 PSYoungGen      total 29696K, used 26279K [0x00000000d5580000, 0x00000000d7900000, 0x0000000100000000)
  eden space 24576K, 87% used [0x00000000d5580000,0x00000000d6a78400,0x00000000d6d80000)
  from space 5120K, 93% used [0x00000000d7400000,0x00000000d78b1bc8,0x00000000d7900000)
  to   space 5120K, 0% used [0x00000000d6f00000,0x00000000d6f00000,0x00000000d7400000)
 ParOldGen       total 68608K, used 8041K [0x0000000080000000, 0x0000000084300000, 0x00000000d5580000)
  object space 68608K, 11% used [0x0000000080000000,0x00000000807da788,0x0000000084300000)
 Metaspace       used 20769K, committed 21504K, reserved 1114112K
  class space    used 2193K, committed 2560K, reserved 1048576K
}
Event: 11.152 GC heap after
{Heap after GC invocations=7 (full 0):
 PSYoungGen      total 28672K, used 3844K [0x00000000d5580000, 0x00000000d7680000, 0x0000000100000000)
  eden space 24576K, 0% used [0x00000000d5580000,0x00000000d5580000,0x00000000d6d80000)
  from space 4096K, 93% used [0x00000000d6f00000,0x00000000d72c1270,0x00000000d7300000)
  to   space 3584K, 0% used [0x00000000d7300000,0x00000000d7300000,0x00000000d7680000)
 ParOldGen       total 68608K, used 9689K [0x0000000080000000, 0x0000000084300000, 0x00000000d5580000)
  object space 68608K, 14% used [0x0000000080000000,0x0000000080976720,0x0000000084300000)
 Metaspace       used 20769K, committed 21504K, reserved 1114112K
  class space    used 2193K, committed 2560K, reserved 1048576K
}
Event: 11.152 GC heap before
{Heap before GC invocations=8 (full 1):
 PSYoungGen      total 28672K, used 3844K [0x00000000d5580000, 0x00000000d7680000, 0x0000000100000000)
  eden space 24576K, 0% used [0x00000000d5580000,0x00000000d5580000,0x00000000d6d80000)
  from space 4096K, 93% used [0x00000000d6f00000,0x00000000d72c1270,0x00000000d7300000)
  to   space 3584K, 0% used [0x00000000d7300000,0x00000000d7300000,0x00000000d7680000)
 ParOldGen       total 68608K, used 9689K [0x0000000080000000, 0x0000000084300000, 0x00000000d5580000)
  object space 68608K, 14% used [0x0000000080000000,0x0000000080976720,0x0000000084300000)
 Metaspace       used 20769K, committed 21504K, reserved 1114112K
  class space    used 2193K, committed 2560K, reserved 1048576K
}
Event: 11.280 GC heap after
{Heap after GC invocations=8 (full 1):
 PSYoungGen      total 28672K, used 0K [0x00000000d5580000, 0x00000000d7680000, 0x0000000100000000)
  eden space 24576K, 0% used [0x00000000d5580000,0x00000000d5580000,0x00000000d6d80000)
  from space 4096K, 0% used [0x00000000d6f00000,0x00000000d6f00000,0x00000000d7300000)
  to   space 3584K, 0% used [0x00000000d7300000,0x00000000d7300000,0x00000000d7680000)
 ParOldGen       total 68608K, used 13084K [0x0000000080000000, 0x0000000084300000, 0x00000000d5580000)
  object space 68608K, 19% used [0x0000000080000000,0x0000000080cc70e0,0x0000000084300000)
 Metaspace       used 20756K, committed 21504K, reserved 1114112K
  class space    used 2189K, committed 2560K, reserved 1048576K
}
Event: 12.045 GC heap before
{Heap before GC invocations=9 (full 1):
 PSYoungGen      total 28672K, used 24576K [0x00000000d5580000, 0x00000000d7680000, 0x0000000100000000)
  eden space 24576K, 100% used [0x00000000d5580000,0x00000000d6d80000,0x00000000d6d80000)
  from space 4096K, 0% used [0x00000000d6f00000,0x00000000d6f00000,0x00000000d7300000)
  to   space 3584K, 0% used [0x00000000d7300000,0x00000000d7300000,0x00000000d7680000)
 ParOldGen       total 68608K, used 13084K [0x0000000080000000, 0x0000000084300000, 0x00000000d5580000)
  object space 68608K, 19% used [0x0000000080000000,0x0000000080cc70e0,0x0000000084300000)
 Metaspace       used 23126K, committed 23936K, reserved 1114112K
  class space    used 2355K, committed 2688K, reserved 1048576K
}
Event: 12.051 GC heap after
{Heap after GC invocations=9 (full 1):
 PSYoungGen      total 25088K, used 564K [0x00000000d5580000, 0x00000000d7400000, 0x0000000100000000)
  eden space 24064K, 0% used [0x00000000d5580000,0x00000000d5580000,0x00000000d6d00000)
  from space 1024K, 55% used [0x00000000d7300000,0x00000000d738d3f0,0x00000000d7400000)
  to   space 2048K, 0% used [0x00000000d7000000,0x00000000d7000000,0x00000000d7200000)
 ParOldGen       total 68608K, used 13084K [0x0000000080000000, 0x0000000084300000, 0x00000000d5580000)
  object space 68608K, 19% used [0x0000000080000000,0x0000000080cc70e0,0x0000000084300000)
 Metaspace       used 23126K, committed 23936K, reserved 1114112K
  class space    used 2355K, committed 2688K, reserved 1048576K
}

Dll operation events (20 events):
Event: 0.018 Attempting to load shared library c:\Users\jaimi\.vscode\extensions\redhat.java-1.56.0-win32-x64\jre\21.0.12.1-win32-x86_64\bin\java.dll
Event: 0.018 Loaded shared library c:\Users\jaimi\.vscode\extensions\redhat.java-1.56.0-win32-x64\jre\21.0.12.1-win32-x86_64\bin\java.dll
Event: 0.292 Attempting to load shared library c:\Users\jaimi\.vscode\extensions\redhat.java-1.56.0-win32-x64\jre\21.0.12.1-win32-x86_64\bin\zip.dll
Event: 0.293 Loaded shared library c:\Users\jaimi\.vscode\extensions\redhat.java-1.56.0-win32-x64\jre\21.0.12.1-win32-x86_64\bin\zip.dll
Event: 0.372 Attempting to load shared library C:\Users\jaimi\.vscode\extensions\redhat.java-1.56.0-win32-x64\jre\21.0.12.1-win32-x86_64\bin\instrument.dll
Event: 0.372 Loaded shared library C:\Users\jaimi\.vscode\extensions\redhat.java-1.56.0-win32-x64\jre\21.0.12.1-win32-x86_64\bin\instrument.dll
Event: 0.442 Attempting to load shared library C:\Users\jaimi\.vscode\extensions\redhat.java-1.56.0-win32-x64\jre\21.0.12.1-win32-x86_64\bin\net.dll
Event: 0.445 Loaded shared library C:\Users\jaimi\.vscode\extensions\redhat.java-1.56.0-win32-x64\jre\21.0.12.1-win32-x86_64\bin\net.dll
Event: 0.449 Attempting to load shared library C:\Users\jaimi\.vscode\extensions\redhat.java-1.56.0-win32-x64\jre\21.0.12.1-win32-x86_64\bin\nio.dll
Event: 0.450 Loaded shared library C:\Users\jaimi\.vscode\extensions\redhat.java-1.56.0-win32-x64\jre\21.0.12.1-win32-x86_64\bin\nio.dll
Event: 0.459 Attempting to load shared library C:\Users\jaimi\.vscode\extensions\redhat.java-1.56.0-win32-x64\jre\21.0.12.1-win32-x86_64\bin\zip.dll
Event: 0.459 Loaded shared library C:\Users\jaimi\.vscode\extensions\redhat.java-1.56.0-win32-x64\jre\21.0.12.1-win32-x86_64\bin\zip.dll
Event: 0.519 Attempting to load shared library C:\Users\jaimi\.vscode\extensions\redhat.java-1.56.0-win32-x64\jre\21.0.12.1-win32-x86_64\bin\jimage.dll
Event: 0.519 Loaded shared library C:\Users\jaimi\.vscode\extensions\redhat.java-1.56.0-win32-x64\jre\21.0.12.1-win32-x86_64\bin\jimage.dll
Event: 0.824 Attempting to load shared library c:\Users\jaimi\.vscode\extensions\redhat.java-1.56.0-win32-x64\jre\21.0.12.1-win32-x86_64\bin\verify.dll
Event: 0.825 Loaded shared library c:\Users\jaimi\.vscode\extensions\redhat.java-1.56.0-win32-x64\jre\21.0.12.1-win32-x86_64\bin\verify.dll
Event: 4.552 Attempting to load shared library C:\Users\jaimi\AppData\Roaming\Code\User\globalStorage\redhat.java\1.56.0\config_win\org.eclipse.equinox.launcher\org.eclipse.equinox.launcher.win32.win32.x86_64_1.3.100.v20260804-1928\eclipse_11924.dll
Event: 4.556 Loaded shared library C:\Users\jaimi\AppData\Roaming\Code\User\globalStorage\redhat.java\1.56.0\config_win\org.eclipse.equinox.launcher\org.eclipse.equinox.launcher.win32.win32.x86_64_1.3.100.v20260804-1928\eclipse_11924.dll
Event: 9.420 Attempting to load shared library C:\Users\jaimi\AppData\Local\Temp\jna-100887342\jna9376524762977788669.dll
Event: 9.570 Loaded shared library C:\Users\jaimi\AppData\Local\Temp\jna-100887342\jna9376524762977788669.dll

Deoptimization events (20 events):
Event: 10.693 Thread 0x000001b67c9c97d0 DEOPT PACKING pc=0x000001b66ff472b0 sp=0x000000648bff2e20
Event: 10.693 Thread 0x000001b67c9c97d0 DEOPT UNPACKING pc=0x000001b66f9e3a9c sp=0x000000648bff2db0 mode 2
Event: 10.884 Thread 0x000001b67c9c97d0 Uncommon trap: trap_request=0xffffff45 fr.pc=0x000001b66ff9f160 relative=0x0000000000000520
Event: 10.884 Thread 0x000001b67c9c97d0 Uncommon trap: reason=unstable_if action=reinterpret pc=0x000001b66ff9f160 method=java.io.BufferedInputStream.read1([BII)I @ 73 c2
Event: 10.884 Thread 0x000001b67c9c97d0 DEOPT PACKING pc=0x000001b66ff9f160 sp=0x000000648bff46f0
Event: 10.884 Thread 0x000001b67c9c97d0 DEOPT UNPACKING pc=0x000001b66f9e3a9c sp=0x000000648bff4640 mode 2
Event: 11.394 Thread 0x000001b67c9c97d0 Uncommon trap: trap_request=0xffffff45 fr.pc=0x000001b670059928 relative=0x0000000000000fc8
Event: 11.394 Thread 0x000001b67c9c97d0 Uncommon trap: reason=unstable_if action=reinterpret pc=0x000001b670059928 method=jdk.internal.org.objectweb.asm.Frame.execute(IILjdk/internal/org/objectweb/asm/Symbol;Ljdk/internal/org/objectweb/asm/SymbolTable;)V @ 1 c2
Event: 11.394 Thread 0x000001b67c9c97d0 DEOPT PACKING pc=0x000001b670059928 sp=0x000000648bff7f50
Event: 11.394 Thread 0x000001b67c9c97d0 DEOPT UNPACKING pc=0x000001b66f9e3a9c sp=0x000000648bff7ed8 mode 2
Event: 11.450 Thread 0x000001b67caf33e0 DEOPT PACKING pc=0x000001b6687a17c6 sp=0x000000648c5fe310
Event: 11.450 Thread 0x000001b67caf33e0 DEOPT UNPACKING pc=0x000001b66f9e4223 sp=0x000000648c5fd890 mode 0
Event: 11.450 Thread 0x000001b67caf33e0 Uncommon trap: trap_request=0xffffff45 fr.pc=0x000001b66ffd28ec relative=0x000000000000004c
Event: 11.450 Thread 0x000001b67caf33e0 Uncommon trap: reason=unstable_if action=reinterpret pc=0x000001b66ffd28ec method=sun.nio.fs.WindowsPathParser.isSlash(C)Z @ 9 c2
Event: 11.450 Thread 0x000001b67caf33e0 DEOPT PACKING pc=0x000001b66ffd28ec sp=0x000000648c5fe3a0
Event: 11.450 Thread 0x000001b67caf33e0 DEOPT UNPACKING pc=0x000001b66f9e3a9c sp=0x000000648c5fe328 mode 2
Event: 12.291 Thread 0x000001b67caf2d50 Uncommon trap: trap_request=0xffffff45 fr.pc=0x000001b66ff8132c relative=0x000000000000010c
Event: 12.291 Thread 0x000001b67caf2d50 Uncommon trap: reason=unstable_if action=reinterpret pc=0x000001b66ff8132c method=jdk.internal.org.objectweb.asm.ByteVector.putShort(I)Ljdk/internal/org/objectweb/asm/ByteVector; @ 13 c2
Event: 12.291 Thread 0x000001b67caf2d50 DEOPT PACKING pc=0x000001b66ff8132c sp=0x000000648c4fcff0
Event: 12.291 Thread 0x000001b67caf2d50 DEOPT UNPACKING pc=0x000001b66f9e3a9c sp=0x000000648c4fcf88 mode 2

Classes loaded (20 events):
Event: 11.621 Loading class java/lang/ThreadLocal$SuppliedThreadLocal
Event: 11.621 Loading class java/lang/ThreadLocal$SuppliedThreadLocal done
Event: 11.829 Loading class java/io/FileWriter
Event: 11.829 Loading class java/io/FileWriter done
Event: 11.831 Loading class java/lang/NegativeArraySizeException
Event: 11.831 Loading class java/lang/NegativeArraySizeException done
Event: 12.104 Loading class java/lang/runtime/ObjectMethods
Event: 12.105 Loading class java/lang/runtime/ObjectMethods done
Event: 12.124 Loading class java/lang/invoke/MethodHandleImpl$Makers
Event: 12.124 Loading class java/lang/invoke/MethodHandleImpl$Makers done
Event: 12.124 Loading class java/lang/invoke/MethodHandleImpl$Makers$1
Event: 12.125 Loading class java/lang/invoke/MethodHandleImpl$Makers$1 done
Event: 12.125 Loading class java/lang/invoke/MethodHandleImpl$Makers$2
Event: 12.125 Loading class java/lang/invoke/MethodHandleImpl$Makers$2 done
Event: 12.125 Loading class java/lang/invoke/MethodHandleImpl$Makers$3
Event: 12.125 Loading class java/lang/invoke/MethodHandleImpl$Makers$3 done
Event: 12.255 Loading class java/lang/runtime/ObjectMethods$1
Event: 12.255 Loading class java/lang/runtime/ObjectMethods$1 done
Event: 12.288 Loading class java/lang/invoke/MethodHandleImpl$CountingWrapper
Event: 12.289 Loading class java/lang/invoke/MethodHandleImpl$CountingWrapper done

Classes unloaded (7 events):
Event: 11.175 Thread 0x000001b66531dc70 Unloading class 0x000001b6011a2800 'java/lang/invoke/LambdaForm$MH+0x000001b6011a2800'
Event: 11.175 Thread 0x000001b66531dc70 Unloading class 0x000001b6011a2400 'java/lang/invoke/LambdaForm$MH+0x000001b6011a2400'
Event: 11.175 Thread 0x000001b66531dc70 Unloading class 0x000001b6011a2000 'java/lang/invoke/LambdaForm$MH+0x000001b6011a2000'
Event: 11.175 Thread 0x000001b66531dc70 Unloading class 0x000001b6011a1c00 'java/lang/invoke/LambdaForm$MH+0x000001b6011a1c00'
Event: 11.175 Thread 0x000001b66531dc70 Unloading class 0x000001b6011a1800 'java/lang/invoke/LambdaForm$BMH+0x000001b6011a1800'
Event: 11.175 Thread 0x000001b66531dc70 Unloading class 0x000001b6011a1400 'java/lang/invoke/LambdaForm$DMH+0x000001b6011a1400'
Event: 11.175 Thread 0x000001b66531dc70 Unloading class 0x000001b6011a0000 'java/lang/invoke/LambdaForm$DMH+0x000001b6011a0000'

Classes redefined (0 events):
No events

Internal exceptions (20 events):
Event: 10.315 Thread 0x000001b67c9c97d0 Exception <a 'java/lang/NoSuchMethodError'{0x00000000d55b0280}: 'java.lang.Object java.lang.invoke.Invokers$Holder.linkToTargetMethod(java.lang.Object, long, java.lang.Object, java.lang.Object)'> (0x00000000d55b0280) 
thrown [s\src\hotspot\share\interpreter\linkResolver.cpp, line 773]
Event: 11.076 Thread 0x000001b67caf2d50 Exception <a 'java/lang/NoSuchMethodError'{0x00000000d6925e90}: 'java.lang.Object java.lang.invoke.DirectMethodHandle$Holder.newInvokeSpecial(java.lang.Object, java.lang.Object, java.lang.Object, java.lang.Object, java.lang.Object)'> (0x00000000d6925e90) 
thrown [s\src\hotspot\share\interpreter\linkResolver.cpp, line 773]
Event: 11.393 Thread 0x000001b67c9c97d0 Exception <a 'java/lang/NoSuchMethodError'{0x00000000d58800c8}: 'double java.lang.invoke.DirectMethodHandle$Holder.invokeStatic(java.lang.Object, java.lang.Object)'> (0x00000000d58800c8) 
thrown [s\src\hotspot\share\interpreter\linkResolver.cpp, line 773]
Event: 11.394 Thread 0x000001b67c9c97d0 Exception <a 'java/lang/NoSuchMethodError'{0x00000000d5883788}: 'double java.lang.invoke.DirectMethodHandle$Holder.invokeStaticInit(java.lang.Object, java.lang.Object)'> (0x00000000d5883788) 
thrown [s\src\hotspot\share\interpreter\linkResolver.cpp, line 773]
Event: 11.844 Thread 0x000001b67c9c97d0 Exception <a 'java/io/FileNotFoundException'{0x00000000d69f86e0}> (0x00000000d69f86e0) 
thrown [s\src\hotspot\share\prims\jni.cpp, line 520]
Event: 11.844 Thread 0x000001b67c9c97d0 Exception <a 'java/io/FileNotFoundException'{0x00000000d69f9510}> (0x00000000d69f9510) 
thrown [s\src\hotspot\share\prims\jni.cpp, line 520]
Event: 11.845 Thread 0x000001b67c9c97d0 Exception <a 'java/io/FileNotFoundException'{0x00000000d69fa448}> (0x00000000d69fa448) 
thrown [s\src\hotspot\share\prims\jni.cpp, line 520]
Event: 12.106 Thread 0x000001b67caf2d50 Exception <a 'java/lang/NoSuchMethodError'{0x00000000d5739b40}: 'java.lang.Object java.lang.invoke.DirectMethodHandle$Holder.invokeStaticInit(java.lang.Object, java.lang.Object, java.lang.Object, java.lang.Object, java.lang.Object, java.lang.Object, java.lang.Object)'> (0x00000000d5739b40) 
thrown [s\src\hotspot\share\interpreter\linkResolver.cpp, line 773]
Event: 12.122 Thread 0x000001b67caf2d50 Exception <a 'java/lang/NoSuchMethodError'{0x00000000d573e6d8}: 'java.lang.Object java.lang.invoke.Invokers$Holder.invoke_MT(java.lang.Object, java.lang.Object, java.lang.Object, java.lang.Object, java.lang.Object, java.lang.Object, java.lang.Object, java.lang.Object, java.lang.Object)'> (0x00000000d573e6d8) 
thrown [s\src\hotspot\share\interpreter\linkResolver.cpp, line 773]
Event: 12.255 Thread 0x000001b67cdde4d0 Exception <a 'java/lang/NoSuchMethodError'{0x00000000d59ad2f0}: 'int java.lang.invoke.DirectMethodHandle$Holder.invokeVirtual(java.lang.Object, java.lang.Object, java.lang.Object)'> (0x00000000d59ad2f0) 
thrown [s\src\hotspot\share\interpreter\linkResolver.cpp, line 773]
Event: 12.258 Thread 0x000001b67cdde4d0 Exception <a 'java/lang/NoSuchMethodError'{0x00000000d59b1370}: 'int java.lang.invoke.DirectMethodHandle$Holder.invokeStaticInit(java.lang.Object, int, int)'> (0x00000000d59b1370) 
thrown [s\src\hotspot\share\interpreter\linkResolver.cpp, line 773]
Event: 12.259 Thread 0x000001b67cdde4d0 Exception <a 'java/lang/NoSuchMethodError'{0x00000000d59b8a58}: 'int java.lang.invoke.DirectMethodHandle$Holder.invokeStaticInit(java.lang.Object, long, long)'> (0x00000000d59b8a58) 
thrown [s\src\hotspot\share\interpreter\linkResolver.cpp, line 773]
Event: 12.261 Thread 0x000001b67cdde4d0 Exception <a 'java/lang/NoSuchMethodError'{0x00000000d59bf4f8}: 'int java.lang.invoke.DirectMethodHandle$Holder.invokeStaticInit(java.lang.Object, float, float)'> (0x00000000d59bf4f8) 
thrown [s\src\hotspot\share\interpreter\linkResolver.cpp, line 773]
Event: 12.263 Thread 0x000001b67cdde4d0 Exception <a 'java/lang/NoSuchMethodError'{0x00000000d59c6048}: 'int java.lang.invoke.DirectMethodHandle$Holder.invokeStaticInit(java.lang.Object, double, double)'> (0x00000000d59c6048) 
thrown [s\src\hotspot\share\interpreter\linkResolver.cpp, line 773]
Event: 12.263 Thread 0x000001b67cdde4d0 Exception <a 'java/lang/NoSuchMethodError'{0x00000000d59ca558}: 'int java.lang.invoke.DirectMethodHandle$Holder.invokeStatic(java.lang.Object, long)'> (0x00000000d59ca558) 
thrown [s\src\hotspot\share\interpreter\linkResolver.cpp, line 773]
Event: 12.275 Thread 0x000001b67cdde4d0 Exception <a 'java/lang/NoSuchMethodError'{0x00000000d59e9580}: 'int java.lang.invoke.Invokers$Holder.linkToTargetMethod(java.lang.Object, java.lang.Object)'> (0x00000000d59e9580) 
thrown [s\src\hotspot\share\interpreter\linkResolver.cpp, line 773]
Event: 12.285 Thread 0x000001b67caf2d50 Exception <a 'java/lang/NoSuchMethodError'{0x00000000d5a218a0}: 'int java.lang.invoke.DirectMethodHandle$Holder.invokeSpecial(java.lang.Object, java.lang.Object, java.lang.Object, java.lang.Object)'> (0x00000000d5a218a0) 
thrown [s\src\hotspot\share\interpreter\linkResolver.cpp, line 773]
Event: 12.288 Thread 0x000001b67caf2d50 Exception <a 'java/lang/NoSuchMethodError'{0x00000000d5a2f600}: 'java.lang.Object java.lang.invoke.DirectMethodHandle$Holder.invokeStatic(java.lang.Object, int, java.lang.Object, java.lang.Object)'> (0x00000000d5a2f600) 
thrown [s\src\hotspot\share\interpreter\linkResolver.cpp, line 773]
Event: 12.288 Thread 0x000001b67caf2d50 Exception <a 'java/lang/NoSuchMethodError'{0x00000000d5a33330}: 'java.lang.Object java.lang.invoke.DelegatingMethodHandle$Holder.delegate(java.lang.Object, int, java.lang.Object, java.lang.Object)'> (0x00000000d5a33330) 
thrown [s\src\hotspot\share\interpreter\linkResolver.cpp, line 773]
Event: 12.292 Thread 0x000001b67caf2d50 Exception <a 'java/lang/NoSuchMethodError'{0x00000000d5a47138}: 'int java.lang.invoke.Invokers$Holder.linkToTargetMethod(java.lang.Object, java.lang.Object, java.lang.Object)'> (0x00000000d5a47138) 
thrown [s\src\hotspot\share\interpreter\linkResolver.cpp, line 773]

ZGC Phase Switch (0 events):
No events

VM Operations (20 events):
Event: 9.395 Executing non-safepoint VM operation: HandshakeAllThreads (Deoptimize) done
Event: 9.586 Executing non-safepoint VM operation: HandshakeAllThreads (Deoptimize)
Event: 9.586 Executing non-safepoint VM operation: HandshakeAllThreads (Deoptimize) done
Event: 9.919 Executing non-safepoint VM operation: HandshakeAllThreads (Deoptimize)
Event: 9.919 Executing non-safepoint VM operation: HandshakeAllThreads (Deoptimize) done
Event: 9.997 Executing non-safepoint VM operation: HandshakeAllThreads (Deoptimize)
Event: 9.997 Executing non-safepoint VM operation: HandshakeAllThreads (Deoptimize) done
Event: 10.007 Executing safepoint VM operation: ICBufferFull
Event: 10.007 Executing safepoint VM operation: ICBufferFull done
Event: 10.024 Executing non-safepoint VM operation: HandshakeAllThreads (Deoptimize)
Event: 10.025 Executing non-safepoint VM operation: HandshakeAllThreads (Deoptimize) done
Event: 10.285 Executing safepoint VM operation: ParallelGCFailedAllocation (Allocation Failure)
Event: 10.306 Executing safepoint VM operation: ParallelGCFailedAllocation (Allocation Failure) done
Event: 11.115 Executing non-safepoint VM operation: HandshakeAllThreads (Deoptimize)
Event: 11.116 Executing non-safepoint VM operation: HandshakeAllThreads (Deoptimize) done
Event: 11.131 Executing safepoint VM operation: CollectForMetadataAllocation (Metadata GC Threshold)
Event: 11.281 Executing safepoint VM operation: CollectForMetadataAllocation (Metadata GC Threshold) done
Event: 12.045 Executing safepoint VM operation: ParallelGCFailedAllocation (Allocation Failure)
Event: 12.051 Executing safepoint VM operation: ParallelGCFailedAllocation (Allocation Failure) done
Event: 12.283 Executing non-safepoint VM operation: HandshakeAllThreads (Deoptimize)

Memory protections (0 events):
No events

Nmethod flushes (0 events):
No events

Events (20 events):
Event: 0.126 Thread 0x000001b66525e540 Thread added: 0x000001b67bc0a950
Event: 0.127 Thread 0x000001b66525e540 Thread added: 0x000001b67bc0e580
Event: 0.127 Thread 0x000001b66525e540 Thread added: 0x000001b67bc112b0
Event: 0.127 Thread 0x000001b66525e540 Thread added: 0x000001b67bc13100
Event: 0.127 Thread 0x000001b66525e540 Thread added: 0x000001b67bc13b60
Event: 0.127 Thread 0x000001b66525e540 Thread added: 0x000001b67bc149a0
Event: 0.143 Thread 0x000001b66525e540 Thread added: 0x000001b67bc83820
Event: 0.435 Thread 0x000001b66525e540 Thread added: 0x000001b67c381e80
Event: 1.203 Thread 0x000001b66525e540 Thread added: 0x000001b67c4b1460
Event: 3.872 Thread 0x000001b66525e540 Thread added: 0x000001b67cb7ff50
Event: 4.546 Thread 0x000001b66525e540 Thread added: 0x000001b67c970860
Event: 4.625 Thread 0x000001b67c970860 Thread added: 0x000001b67c678770
Event: 4.632 Thread 0x000001b66525e540 Thread added: 0x000001b67c9c97d0
Event: 5.518 Thread 0x000001b67c9c97d0 Thread added: 0x000001b67d37c270
Event: 7.711 Thread 0x000001b67c9c97d0 Thread added: 0x000001b67d482e20
Event: 8.598 Thread 0x000001b67c9c97d0 Thread added: 0x000001b67bc7c570
Event: 9.626 Thread 0x000001b67c9c97d0 Thread added: 0x000001b67caf2030
Event: 9.725 Thread 0x000001b67c9c97d0 Thread added: 0x000001b67caf2d50
Event: 9.774 Thread 0x000001b67c9c97d0 Thread added: 0x000001b67caf33e0
Event: 9.984 Thread 0x000001b67caf33e0 Thread added: 0x000001b67cdde4d0


Dynamic libraries:
0x00007ff6f2180000 - 0x00007ff6f218e000 	c:\Users\jaimi\.vscode\extensions\redhat.java-1.56.0-win32-x64\jre\21.0.12.1-win32-x86_64\bin\java.exe
0x00007ff9c6eb0000 - 0x00007ff9c70a8000 	C:\Windows\SYSTEM32\ntdll.dll
0x00007ff9c6c50000 - 0x00007ff9c6d12000 	C:\Windows\System32\KERNEL32.DLL
0x00007ff9c4610000 - 0x00007ff9c4906000 	C:\Windows\System32\KERNELBASE.dll
0x00007ff9c1730000 - 0x00007ff9c17c4000 	C:\Windows\SYSTEM32\apphelp.dll
0x00007ff9c4dd0000 - 0x00007ff9c4ed0000 	C:\Windows\System32\ucrtbase.dll
0x00007ff9c15c0000 - 0x00007ff9c15d8000 	c:\Users\jaimi\.vscode\extensions\redhat.java-1.56.0-win32-x64\jre\21.0.12.1-win32-x86_64\bin\jli.dll
0x00007ff9c5d70000 - 0x00007ff9c5f11000 	C:\Windows\System32\USER32.dll
0x00007ff9c4da0000 - 0x00007ff9c4dc2000 	C:\Windows\System32\win32u.dll
0x00007ff9c57c0000 - 0x00007ff9c57eb000 	C:\Windows\System32\GDI32.dll
0x00007ff9c4910000 - 0x00007ff9c4a29000 	C:\Windows\System32\gdi32full.dll
0x00007ff9c4bc0000 - 0x00007ff9c4c5d000 	C:\Windows\System32\msvcp_win.dll
0x00007ff9beff0000 - 0x00007ff9bf00e000 	c:\Users\jaimi\.vscode\extensions\redhat.java-1.56.0-win32-x64\jre\21.0.12.1-win32-x86_64\bin\VCRUNTIME140.dll
0x00007ff9ac2e0000 - 0x00007ff9ac57b000 	C:\Windows\WinSxS\amd64_microsoft.windows.common-controls_6595b64144ccf1df_6.0.19041.6456_none_60b8a6cb71f64256\COMCTL32.dll
0x00007ff9c6d20000 - 0x00007ff9c6dbe000 	C:\Windows\System32\msvcrt.dll
0x00007ff9c5ad0000 - 0x00007ff9c5aff000 	C:\Windows\System32\IMM32.DLL
0x00007ff9bdc80000 - 0x00007ff9bdc8c000 	c:\Users\jaimi\.vscode\extensions\redhat.java-1.56.0-win32-x64\jre\21.0.12.1-win32-x86_64\bin\vcruntime140_1.dll
0x00007ff9930b0000 - 0x00007ff99313d000 	c:\Users\jaimi\.vscode\extensions\redhat.java-1.56.0-win32-x64\jre\21.0.12.1-win32-x86_64\bin\msvcp140.dll
0x00007ff95f400000 - 0x00007ff9601a2000 	c:\Users\jaimi\.vscode\extensions\redhat.java-1.56.0-win32-x64\jre\21.0.12.1-win32-x86_64\bin\server\jvm.dll
0x00007ff9c67c0000 - 0x00007ff9c6871000 	C:\Windows\System32\ADVAPI32.dll
0x00007ff9c6720000 - 0x00007ff9c67bf000 	C:\Windows\System32\sechost.dll
0x00007ff9c59b0000 - 0x00007ff9c5ad0000 	C:\Windows\System32\RPCRT4.dll
0x00007ff9c4a30000 - 0x00007ff9c4a57000 	C:\Windows\System32\bcrypt.dll
0x00007ff9c6130000 - 0x00007ff9c619b000 	C:\Windows\System32\WS2_32.dll
0x00007ff9c3ed0000 - 0x00007ff9c3f1b000 	C:\Windows\SYSTEM32\POWRPROF.dll
0x00007ff9a91d0000 - 0x00007ff9a91f7000 	C:\Windows\SYSTEM32\WINMM.dll
0x00007ff9b8660000 - 0x00007ff9b866a000 	C:\Windows\SYSTEM32\VERSION.dll
0x00007ff9c3eb0000 - 0x00007ff9c3ec2000 	C:\Windows\SYSTEM32\UMPDC.dll
0x00007ff9c2d80000 - 0x00007ff9c2d92000 	C:\Windows\SYSTEM32\kernel.appcore.dll
0x00007ff9bd870000 - 0x00007ff9bd87a000 	c:\Users\jaimi\.vscode\extensions\redhat.java-1.56.0-win32-x64\jre\21.0.12.1-win32-x86_64\bin\jimage.dll
0x00007ff9c2a30000 - 0x00007ff9c2c31000 	C:\Windows\SYSTEM32\DBGHELP.DLL
0x00007ff9a86d0000 - 0x00007ff9a8704000 	C:\Windows\SYSTEM32\dbgcore.DLL
0x00007ff9c4c60000 - 0x00007ff9c4ce2000 	C:\Windows\System32\bcryptPrimitives.dll
0x00007ff9bd660000 - 0x00007ff9bd66f000 	c:\Users\jaimi\.vscode\extensions\redhat.java-1.56.0-win32-x64\jre\21.0.12.1-win32-x86_64\bin\instrument.dll
0x00007ff9acb60000 - 0x00007ff9acb80000 	c:\Users\jaimi\.vscode\extensions\redhat.java-1.56.0-win32-x64\jre\21.0.12.1-win32-x86_64\bin\java.dll
0x00007ff9c4ff0000 - 0x00007ff9c5760000 	C:\Windows\System32\SHELL32.dll
0x00007ff9c21b0000 - 0x00007ff9c2955000 	C:\Windows\SYSTEM32\windows.storage.dll
0x00007ff9c68f0000 - 0x00007ff9c6c44000 	C:\Windows\System32\combase.dll
0x00007ff9c3f70000 - 0x00007ff9c3f9b000 	C:\Windows\SYSTEM32\Wldp.dll
0x00007ff9c5ca0000 - 0x00007ff9c5d6d000 	C:\Windows\System32\OLEAUT32.dll
0x00007ff9c6dc0000 - 0x00007ff9c6e6d000 	C:\Windows\System32\SHCORE.dll
0x00007ff9c5760000 - 0x00007ff9c57bb000 	C:\Windows\System32\shlwapi.dll
0x00007ff9c4470000 - 0x00007ff9c4494000 	C:\Windows\SYSTEM32\profapi.dll
0x00007ff9ac6b0000 - 0x00007ff9ac6c8000 	c:\Users\jaimi\.vscode\extensions\redhat.java-1.56.0-win32-x64\jre\21.0.12.1-win32-x86_64\bin\zip.dll
0x00007ff9bafb0000 - 0x00007ff9bafc0000 	C:\Users\jaimi\.vscode\extensions\redhat.java-1.56.0-win32-x64\jre\21.0.12.1-win32-x86_64\bin\net.dll
0x00007ff9b42b0000 - 0x00007ff9b43ba000 	C:\Windows\SYSTEM32\WINHTTP.dll
0x00007ff9c3c60000 - 0x00007ff9c3cca000 	C:\Windows\system32\mswsock.dll
0x00007ff9ac690000 - 0x00007ff9ac6a6000 	C:\Users\jaimi\.vscode\extensions\redhat.java-1.56.0-win32-x64\jre\21.0.12.1-win32-x86_64\bin\nio.dll
0x00007ff9ae690000 - 0x00007ff9ae6a0000 	c:\Users\jaimi\.vscode\extensions\redhat.java-1.56.0-win32-x64\jre\21.0.12.1-win32-x86_64\bin\verify.dll
0x00007ff992ba0000 - 0x00007ff992be5000 	C:\Users\jaimi\AppData\Roaming\Code\User\globalStorage\redhat.java\1.56.0\config_win\org.eclipse.equinox.launcher\org.eclipse.equinox.launcher.win32.win32.x86_64_1.3.100.v20260804-1928\eclipse_11924.dll
0x00007ff9c57f0000 - 0x00007ff9c591b000 	C:\Windows\System32\ole32.dll
0x00007ff9c3e50000 - 0x00007ff9c3e68000 	C:\Windows\SYSTEM32\CRYPTSP.dll
0x00007ff9c3510000 - 0x00007ff9c3548000 	C:\Windows\system32\rsaenh.dll
0x00007ff9c4430000 - 0x00007ff9c445e000 	C:\Windows\SYSTEM32\USERENV.dll
0x00007ff9c3e70000 - 0x00007ff9c3e7c000 	C:\Windows\SYSTEM32\CRYPTBASE.dll
0x00007ff9c3940000 - 0x00007ff9c397b000 	C:\Windows\SYSTEM32\IPHLPAPI.DLL
0x00007ff9c5b00000 - 0x00007ff9c5b08000 	C:\Windows\System32\NSI.dll
0x00007ff9a5210000 - 0x00007ff9a5259000 	C:\Users\jaimi\AppData\Local\Temp\jna-100887342\jna9376524762977788669.dll
0x00007ff9c6880000 - 0x00007ff9c6888000 	C:\Windows\System32\PSAPI.DLL

JVMTI agents:
c:\Users\jaimi\.vscode\extensions\redhat.java-1.56.0-win32-x64\lombok\lombok-1.18.39-4050.jar path:c:\Users\jaimi\.vscode\extensions\redhat.java-1.56.0-win32-x64\jre\21.0.12.1-win32-x86_64\bin\instrument.dll, loaded, initialized, instrumentlib options:none

dbghelp: loaded successfully - version: 4.0.5 - missing functions: none
symbol engine: initialized successfully - sym options: 0x614 - pdb path: .;c:\Users\jaimi\.vscode\extensions\redhat.java-1.56.0-win32-x64\jre\21.0.12.1-win32-x86_64\bin;C:\Windows\SYSTEM32;C:\Windows\WinSxS\amd64_microsoft.windows.common-controls_6595b64144ccf1df_6.0.19041.6456_none_60b8a6cb71f64256;c:\Users\jaimi\.vscode\extensions\redhat.java-1.56.0-win32-x64\jre\21.0.12.1-win32-x86_64\bin\server;C:\Users\jaimi\AppData\Roaming\Code\User\globalStorage\redhat.java\1.56.0\config_win\org.eclipse.equinox.launcher\org.eclipse.equinox.launcher.win32.win32.x86_64_1.3.100.v20260804-1928;C:\Users\jaimi\AppData\Local\Temp\jna-100887342

VM Arguments:
jvm_args: --add-modules=ALL-SYSTEM --add-opens=java.base/java.util=ALL-UNNAMED --add-opens=java.base/java.lang=ALL-UNNAMED --add-opens=java.base/sun.nio.fs=ALL-UNNAMED -Declipse.application=org.eclipse.jdt.ls.core.id1 -Dosgi.bundles.defaultStartLevel=4 -Declipse.product=org.eclipse.jdt.ls.core.product -Djava.import.generatesMetadataFilesAtProjectRoot=false -Dm2e.project.cache.size=50 -DDetectVMInstallationsJob.disabled=true -Dfile.encoding=utf8 -XX:+UseParallelGC -XX:GCTimeRatio=4 -XX:AdaptiveSizePolicyWeight=90 -Dsun.zip.disableMemoryMapping=true -Xmx2G -Xms100m -Xlog:disable -javaagent:c:\Users\jaimi\.vscode\extensions\redhat.java-1.56.0-win32-x64\lombok\lombok-1.18.39-4050.jar -XX:+HeapDumpOnOutOfMemoryError -XX:HeapDumpPath=c:\Users\jaimi\AppData\Roaming\Code\User\workspaceStorage\7b1695ebeb44925a89a06e7ce4c3f07f\redhat.java -Daether.dependencyCollector.impl=bf 
java_command: c:\Users\jaimi\.vscode\extensions\redhat.java-1.56.0-win32-x64\server\plugins\org.eclipse.equinox.launcher_1.8.0.v20260804-1928.jar -configuration c:\Users\jaimi\AppData\Roaming\Code\User\globalStorage\redhat.java\1.56.0\config_win -data c:\Users\jaimi\AppData\Roaming\Code\User\workspaceStorage\7b1695ebeb44925a89a06e7ce4c3f07f\redhat.java\jdt_ws --stdio
java_class_path (initial): c:\Users\jaimi\.vscode\extensions\redhat.java-1.56.0-win32-x64\server\plugins\org.eclipse.equinox.launcher_1.8.0.v20260804-1928.jar
Launcher Type: SUN_STANDARD

[Global flags]
    uintx AdaptiveSizePolicyWeight                 = 90                                        {product} {command line}
     intx CICompilerCount                          = 2                                         {product} {ergonomic}
    uintx GCTimeRatio                              = 4                                         {product} {command line}
     bool HeapDumpOnOutOfMemoryError               = true                                   {manageable} {command line}
    ccstr HeapDumpPath                             = c:\Users\jaimi\AppData\Roaming\Code\User\workspaceStorage\7b1695ebeb44925a89a06e7ce4c3f07f\redhat.java         {manageable} {command line}
   size_t InitialHeapSize                          = 104857600                                 {product} {command line}
   size_t MaxHeapSize                              = 2147483648                                {product} {command line}
   size_t MaxNewSize                               = 715653120                                 {product} {ergonomic}
   size_t MinHeapDeltaBytes                        = 524288                                    {product} {ergonomic}
   size_t MinHeapSize                              = 104857600                                 {product} {command line}
   size_t NewSize                                  = 34603008                                  {product} {ergonomic}
    uintx NonNMethodCodeHeapSize                   = 5826188                                {pd product} {ergonomic}
    uintx NonProfiledCodeHeapSize                  = 122916026                              {pd product} {ergonomic}
   size_t OldSize                                  = 70254592                                  {product} {ergonomic}
    uintx ProfiledCodeHeapSize                     = 122916026                              {pd product} {ergonomic}
    uintx ReservedCodeCacheSize                    = 251658240                              {pd product} {ergonomic}
     bool SegmentedCodeCache                       = true                                      {product} {ergonomic}
   size_t SoftMaxHeapSize                          = 2147483648                             {manageable} {ergonomic}
     bool UseCompressedOops                        = true                           {product lp64_product} {ergonomic}
     bool UseLargePagesIndividualAllocation        = false                                  {pd product} {ergonomic}
     bool UseParallelGC                            = true                                      {product} {command line}

Logging:
Log output configuration:
 #0: stdout all=off uptime,level,tags foldmultilines=false
 #1: stderr all=off uptime,level,tags foldmultilines=false

Release file:
JAVA_VERSION="21.0.12.1" 
MODULES="java.base java.compiler java.datatransfer java.xml java.prefs java.desktop java.instrument java.logging java.management java.security.sasl java.naming java.rmi java.management.rmi java.net.http java.scripting java.security.jgss java.transaction.xa java.sql java.sql.rowset java.xml.crypto java.se java.smartcardio jdk.accessibility jdk.internal.jvmstat jdk.attach jdk.charsets jdk.internal.opt jdk.zipfs jdk.compiler jdk.crypto.ec jdk.crypto.cryptoki jdk.crypto.mscapi jdk.dynalink jdk.internal.ed jdk.editpad jdk.hotspot.agent jdk.httpserver jdk.internal.le jdk.internal.vm.ci jdk.internal.vm.compiler jdk.internal.vm.compiler.management jdk.jartool jdk.javadoc jdk.jcmd jdk.management jdk.management.agent jdk.jconsole jdk.jdeps jdk.jdwp.agent jdk.jdi jdk.jfr jdk.jshell jdk.jsobject jdk.jstatd jdk.localedata jdk.management.jfr jdk.naming.dns jdk.naming.rmi jdk.net jdk.nio.mapmode jdk.random jdk.sctp jdk.security.auth jdk.security.jgss jdk.unsupported jdk.unsupported.desktop jdk.xml.dom" 

Environment Variables:
JAVA_HOME=C:\Program Files\Java\jdk1.8.0_503\bin
PATH=C:\Program Files (x86)\Common Files\Oracle\Java\java8path;C:\Program Files (x86)\Common Files\Oracle\Java\javapath;C:\Windows\system32;C:\Windows;C:\Windows\System32\Wbem;C:\Windows\System32\WindowsPowerShell\v1.0\;C:\Windows\System32\OpenSSH\;C:\Program Files\Git\cmd;C:\Users\jaimi\OneDrive\Documentos\programacao\calculatorProject\omniORB\bin;C:\Users\jaimi\AppData\Local\Programs\Python\Python313\;C:\Users\jaimi\AppData\Local\Programs\Python\Launcher\;C:\Users\jaimi\AppData\Local\Microsoft\WindowsApps;C:\Users\jaimi\AppData\Local\Programs\Microsoft VS Code\bin;D:\programs files\PyCharm Community Edition 2024.1.4\bin;;C:\msys64\mingw64\bin;C:\msys64\usr\bin;C:\omniORB\bin\x86_win32;C:\Program Files\Java\jdk1.8.0_503\bin;
USERNAME=jaimi
OS=Windows_NT
PROCESSOR_IDENTIFIER=Intel64 Family 6 Model 122 Stepping 8, GenuineIntel
TMP=C:\Users\jaimi\AppData\Local\Temp
TEMP=C:\Users\jaimi\AppData\Local\Temp




Periodic native trim disabled

---------------  S Y S T E M  ---------------

OS:
 Windows 10 , 64 bit Build 19041 (10.0.19041.5915)
OS uptime: 0 days 2:38 hours

CPU: total 2 (initial active 2) (2 cores per cpu, 1 threads per core) family 6 model 122 stepping 8 microcode 0x22, cx8, cmov, fxsr, mmx, 3dnowpref, sse, sse2, sse3, ssse3, sse4.1, sse4.2, popcnt, tsc, tscinvbit, aes, erms, clmul, sha, clflush, clflushopt, rdtscp, rdpid
Processor Information for the first 2 processors :
  Max Mhz: 1101, Current Mhz: 1101, Mhz Limit: 1101

Memory: 4k page, system-wide physical 8008M (1300M free)
TotalPageFile size 12188M (AvailPageFile size 5M)
current process WorkingSet (physical memory assigned to process): 150M, peak: 151M
current process commit charge ("private bytes"): 263M, peak: 264M

vm_info: OpenJDK 64-Bit Server VM (21.0.12.1+1-LTS) for windows-amd64 JRE (21.0.12.1+1-LTS), built on 2026-08-18T00:00:00Z by "admin" with MS VC++ 17.12 (VS2022)

END.
