#
# There is insufficient memory for the Java Runtime Environment to continue.
# Native memory allocation (malloc) failed to allocate 73104 bytes. Error detail: Chunk::new
# Possible reasons:
#   The system is out of physical RAM or swap space
#   This process is running with CompressedOops enabled, and the Java Heap may be blocking the growth of the native heap
# Possible solutions:
#   Reduce memory load on the system
#   Increase physical memory or swap space
#   Check if swap backing store is full
#   Decrease Java heap size (-Xmx/-Xms)
#   Decrease number of Java threads
#   Decrease Java thread stack sizes (-Xss)
#   Set larger code cache with -XX:ReservedCodeCacheSize=
#   JVM is running with Zero Based Compressed Oops mode in which the Java heap is
#     placed in the first 32GB address space. The Java Heap base address is the
#     maximum limit for the native heap growth. Please use -XX:HeapBaseMinAddress
#     to set the Java Heap base and to place the Java Heap above 32GB virtual address.
# This output file may be truncated or incomplete.
#
#  Out of Memory Error (arena.cpp:168), pid=10332, tid=14232
#
# JRE version: OpenJDK Runtime Environment Temurin-21.0.12.1+1 (21.0.12.1+1) (build 21.0.12.1+1-LTS)
# Java VM: OpenJDK 64-Bit Server VM Temurin-21.0.12.1+1 (21.0.12.1+1-LTS, mixed mode, sharing, tiered, compressed oops, compressed class ptrs, parallel gc, windows-amd64)
# No core dump will be written. Minidumps are not enabled by default on client versions of Windows
#

---------------  S U M M A R Y ------------

Command Line: --add-modules=ALL-SYSTEM --add-opens=java.base/java.util=ALL-UNNAMED --add-opens=java.base/java.lang=ALL-UNNAMED --add-opens=java.base/sun.nio.fs=ALL-UNNAMED -Declipse.application=org.eclipse.jdt.ls.core.id1 -Dosgi.bundles.defaultStartLevel=4 -Declipse.product=org.eclipse.jdt.ls.core.product -Djava.import.generatesMetadataFilesAtProjectRoot=false -Dm2e.project.cache.size=50 -DDetectVMInstallationsJob.disabled=true -Dfile.encoding=utf8 -XX:+UseParallelGC -XX:GCTimeRatio=4 -XX:AdaptiveSizePolicyWeight=90 -Dsun.zip.disableMemoryMapping=true -Xmx4G -Xms100m -Xlog:disable -javaagent:c:\Users\jaimi\.vscode\extensions\redhat.java-1.56.0-win32-x64\lombok\lombok-1.18.39-4050.jar -XX:+HeapDumpOnOutOfMemoryError -XX:HeapDumpPath=c:\Users\jaimi\AppData\Roaming\Code\User\workspaceStorage\7b1695ebeb44925a89a06e7ce4c3f07f\redhat.java -Daether.dependencyCollector.impl=bf c:\Users\jaimi\.vscode\extensions\redhat.java-1.56.0-win32-x64\server\plugins\org.eclipse.equinox.launcher_1.8.0.v20260804-1928.jar -configuration c:\Users\jaimi\AppData\Roaming\Code\User\globalStorage\redhat.java\1.56.0\config_win -data c:\Users\jaimi\AppData\Roaming\Code\User\workspaceStorage\7b1695ebeb44925a89a06e7ce4c3f07f\redhat.java\jdt_ws --stdio

Host: Intel(R) Celeron(R) N4020 CPU @ 1.10GHz, 2 cores, 7G,  Windows 10 , 64 bit Build 19041 (10.0.19041.5915)
Time: Fri Oct  2 22:21:53 2026 South Africa Standard Time elapsed time: 15.675638 seconds (0d 0h 0m 15s)

---------------  T H R E A D  ---------------

Current thread (0x000001f3d9b0e580):  JavaThread "C2 CompilerThread0" daemon [_thread_in_native, id=14232, stack(0x000000c3aa900000,0x000000c3aaa00000) (1024K)]


Current CompileTask:
C2:15675 1646   !   4       lombok.patcher.ScriptManager$OurClassFileTransformer::transform (473 bytes)

Stack: [0x000000c3aa900000,0x000000c3aaa00000]
Native frames: (J=compiled Java code, j=interpreted, Vv=VM code, C=native code)
V  [jvm.dll+0x6d83e9]
V  [jvm.dll+0x8b5736]
V  [jvm.dll+0x8b7cee]
V  [jvm.dll+0x8b83d3]
V  [jvm.dll+0x284596]
V  [jvm.dll+0xc685d]
V  [jvm.dll+0xc6da1]
V  [jvm.dll+0x1422bf]
V  [jvm.dll+0x666c03]
V  [jvm.dll+0x66510b]
V  [jvm.dll+0x24c57b]
V  [jvm.dll+0x24bce0]
V  [jvm.dll+0x1cb4ae]
V  [jvm.dll+0x25baad]
V  [jvm.dll+0x25a03a]
V  [jvm.dll+0x3f8aae]
V  [jvm.dll+0x8600cd]
V  [jvm.dll+0x6d6c1d]
C  [ucrtbase.dll+0x21bb2]
C  [KERNEL32.DLL+0x17374]
C  [ntdll.dll+0x4cc91]


---------------  P R O C E S S  ---------------

Threads class SMR info:
_java_thread_list=0x000001f41b54c430, length=11, elements={
0x000001f3bc535e70, 0x000001f3d9b05350, 0x000001f3d9b069a0, 0x000001f3d9b09610,
0x000001f3d9b0a270, 0x000001f3d9b0cce0, 0x000001f3d9b0d740, 0x000001f3d9b0e580,
0x000001f3d9b86b30, 0x000001f3d9c1e8b0, 0x000001f41b53db10
}

Java Threads: ( => current thread )
  0x000001f3bc535e70 JavaThread "main"                              [_thread_in_vm, id=6700, stack(0x000000c3a9f00000,0x000000c3aa000000) (1024K)]
  0x000001f3d9b05350 JavaThread "Reference Handler"          daemon [_thread_blocked, id=13020, stack(0x000000c3aa300000,0x000000c3aa400000) (1024K)]
  0x000001f3d9b069a0 JavaThread "Finalizer"                  daemon [_thread_blocked, id=5580, stack(0x000000c3aa400000,0x000000c3aa500000) (1024K)]
  0x000001f3d9b09610 JavaThread "Signal Dispatcher"          daemon [_thread_blocked, id=10140, stack(0x000000c3aa500000,0x000000c3aa600000) (1024K)]
  0x000001f3d9b0a270 JavaThread "Attach Listener"            daemon [_thread_blocked, id=13504, stack(0x000000c3aa600000,0x000000c3aa700000) (1024K)]
  0x000001f3d9b0cce0 JavaThread "Service Thread"             daemon [_thread_blocked, id=10636, stack(0x000000c3aa700000,0x000000c3aa800000) (1024K)]
  0x000001f3d9b0d740 JavaThread "Monitor Deflation Thread"   daemon [_thread_blocked, id=10936, stack(0x000000c3aa800000,0x000000c3aa900000) (1024K)]
=>0x000001f3d9b0e580 JavaThread "C2 CompilerThread0"         daemon [_thread_in_native, id=14232, stack(0x000000c3aa900000,0x000000c3aaa00000) (1024K)]
  0x000001f3d9b86b30 JavaThread "C1 CompilerThread0"         daemon [_thread_blocked, id=12588, stack(0x000000c3aaa00000,0x000000c3aab00000) (1024K)]
  0x000001f3d9c1e8b0 JavaThread "Common-Cleaner"             daemon [_thread_blocked, id=8428, stack(0x000000c3aab00000,0x000000c3aac00000) (1024K)]
  0x000001f41b53db10 JavaThread "Notification Thread"        daemon [_thread_blocked, id=13536, stack(0x000000c3aac00000,0x000000c3aad00000) (1024K)]
Total: 11

Other Threads:
  0x000001f3d9aeb0a0 VMThread "VM Thread"                           [id=14072, stack(0x000000c3aa200000,0x000000c3aa300000) (1024K)]
  0x000001f3be8c4af0 WatcherThread "VM Periodic Task Thread"        [id=14028, stack(0x000000c3aa100000,0x000000c3aa200000) (1024K)]
  0x000001f3be81e0a0 WorkerThread "GC Thread#0"                     [id=10364, stack(0x000000c3aa000000,0x000000c3aa100000) (1024K)]
  0x000001f41b6408e0 WorkerThread "GC Thread#1"                     [id=7540, stack(0x000000c3aad00000,0x000000c3aae00000) (1024K)]
Total: 4

Threads with active compile tasks:
C2 CompilerThread0  15712 1646   !   4       lombok.patcher.ScriptManager$OurClassFileTransformer::transform (473 bytes)
Total: 1

VM state: not at safepoint (normal execution)

VM Mutex/Monitor currently owned by a thread: None

Heap address: 0x0000000700000000, size: 4096 MB, Compressed Oops mode: Zero based, Oop shift amount: 3

CDS archive(s) mapped at: [0x000001f3da000000-0x000001f3daba0000-0x000001f3daba0000), size 12189696, SharedBaseAddress: 0x000001f3da000000, ArchiveRelocationMode: 1.
Compressed class space mapped at: 0x000001f3db000000-0x000001f41b000000, reserved size: 1073741824
Narrow klass base: 0x000001f3da000000, Narrow klass shift: 0, Narrow klass range: 0x100000000

GC Precious Log:
 CardTable entry size: 512
 CPUs: 2 total, 2 available
 Memory: 8008M
 Large Page Support: Disabled
 NUMA Support: Disabled
 Compressed Oops: Enabled (Zero based)
 Alignments: Space 512K, Generation 512K, Heap 2M
 Heap Min Capacity: 100M
 Heap Initial Capacity: 100M
 Heap Max Capacity: 4G
 Pre-touch: Disabled
 Parallel Workers: 2

Heap:
 PSYoungGen      total 29696K, used 20373K [0x00000007aab00000, 0x00000007acc00000, 0x0000000800000000)
  eden space 25600K, 66% used [0x00000007aab00000,0x00000007abbb1530,0x00000007ac400000)
  from space 4096K, 80% used [0x00000007ac400000,0x00000007ac734148,0x00000007ac800000)
  to   space 4096K, 0% used [0x00000007ac800000,0x00000007ac800000,0x00000007acc00000)
 ParOldGen       total 68608K, used 0K [0x0000000700000000, 0x0000000704300000, 0x00000007aab00000)
  object space 68608K, 0% used [0x0000000700000000,0x0000000700000000,0x0000000704300000)
 Metaspace       used 6981K, committed 7232K, reserved 1114112K
  class space    used 701K, committed 832K, reserved 1048576K

Card table byte_map: [0x000001f3d0a10000,0x000001f3d1220000] _byte_map_base: 0x000001f3cd210000

Marking Bits: (ParMarkBitMap*) 0x00007ffdb67544a0
 Begin Bits: [0x000001f3d1220000, 0x000001f3d5220000)
 End Bits:   [0x000001f3d5220000, 0x000001f3d9220000)

Polling page: 0x000001f3bc710000

Metaspace:

Usage:
  Non-class:      6.13 MB used.
      Class:    701.73 KB used.
       Both:      6.82 MB used.

Virtual space:
  Non-class space:       64.00 MB reserved,       6.25 MB ( 10%) committed,  1 nodes.
      Class space:        1.00 GB reserved,     832.00 KB ( <1%) committed,  1 nodes.
             Both:        1.06 GB reserved,       7.06 MB ( <1%) committed. 

Chunk freelists:
   Non-Class:  9.51 MB
       Class:  15.01 MB
        Both:  24.52 MB

MaxMetaspaceSize: unlimited
CompressedClassSpaceSize: 1.00 GB
Initial GC threshold: 21.00 MB
Current GC threshold: 21.00 MB
CDS: on
 - commit_granule_bytes: 65536.
 - commit_granule_words: 8192.
 - virtual_space_node_default_size: 8388608.
 - enlarge_chunks_in_place: 1.
 - use_allocation_guard: 0.


Internal statistics:

num_allocs_failed_limit: 0.
num_arena_births: 212.
num_arena_deaths: 0.
num_vsnodes_births: 2.
num_vsnodes_deaths: 0.
num_space_committed: 113.
num_space_uncommitted: 0.
num_chunks_returned_to_freelist: 0.
num_chunks_taken_from_freelist: 358.
num_chunk_merges: 0.
num_chunk_splits: 236.
num_chunks_enlarged: 152.
num_inconsistent_stats: 0.

CodeHeap 'non-profiled nmethods': size=120064Kb used=685Kb max_used=685Kb free=119378Kb
 bounds [0x000001f3c94d0000, 0x000001f3c9740000, 0x000001f3d0a10000]
CodeHeap 'profiled nmethods': size=120000Kb used=2932Kb max_used=2932Kb free=117067Kb
 bounds [0x000001f3c1a10000, 0x000001f3c1cf0000, 0x000001f3c8f40000]
CodeHeap 'non-nmethods': size=5696Kb used=1202Kb max_used=1224Kb free=4493Kb
 bounds [0x000001f3c8f40000, 0x000001f3c91b0000, 0x000001f3c94d0000]
CodeCache: size=245760Kb, used=4819Kb, max_used=4841Kb, free=240938Kb
 total_blobs=2114, nmethods=1643, adapters=379, full_count=0
Compilation: enabled, stopped_count=0, restarted_count=0

Compilation events (20 events):
Event: 15.523 Thread 0x000001f3d9b86b30 nmethod 1636 0x000001f3c1ce7110 code [0x000001f3c1ce7320, 0x000001f3c1ce7970]
Event: 15.525 Thread 0x000001f3d9b86b30 1637   !   3       java.security.AccessController::doPrivileged (26 bytes)
Event: 15.526 Thread 0x000001f3d9b86b30 nmethod 1637 0x000001f3c1ce7b90 code [0x000001f3c1ce7da0, 0x000001f3c1ce82e0]
Event: 15.529 Thread 0x000001f3d9b86b30 1638       3       java.lang.ClassLoader::setSigners (6 bytes)
Event: 15.529 Thread 0x000001f3d9b86b30 nmethod 1638 0x000001f3c1ce8590 code [0x000001f3c1ce8740, 0x000001f3c1ce8888]
Event: 15.531 Thread 0x000001f3d9b86b30 1639       3       java.lang.invoke.DirectMethodHandle::preparedLambdaForm (244 bytes)
Event: 15.533 Thread 0x000001f3d9b86b30 nmethod 1639 0x000001f3c1ce8990 code [0x000001f3c1ce8c80, 0x000001f3c1ce9ba8]
Event: 15.537 Thread 0x000001f3d9b86b30 1640       3       java.lang.invoke.MethodHandles$Lookup::checkSecurityManager (97 bytes)
Event: 15.538 Thread 0x000001f3d9b86b30 nmethod 1640 0x000001f3c1cea190 code [0x000001f3c1cea380, 0x000001f3c1cea878]
Event: 15.539 Thread 0x000001f3d9b86b30 1641       3       jdk.internal.org.objectweb.asm.MethodWriter::visitCode (1 bytes)
Event: 15.540 Thread 0x000001f3d9b86b30 nmethod 1641 0x000001f3c1ceaa90 code [0x000001f3c1ceac20, 0x000001f3c1cead28]
Event: 15.542 Thread 0x000001f3d9b86b30 1642       3       java.lang.invoke.DirectMethodHandle::preparedLambdaForm (6 bytes)
Event: 15.542 Thread 0x000001f3d9b86b30 nmethod 1642 0x000001f3c1cead90 code [0x000001f3c1ceaf40, 0x000001f3c1ceb060]
Event: 15.543 Thread 0x000001f3d9b0e580 1643       4       jdk.internal.org.objectweb.asm.ByteVector::putByte (39 bytes)
Event: 15.545 Thread 0x000001f3d9b0e580 nmethod 1643 0x000001f3c957a610 code [0x000001f3c957a7a0, 0x000001f3c957a910]
Event: 15.631 Thread 0x000001f3d9b0e580 1644       4       jdk.internal.org.objectweb.asm.SymbolTable$Entry::<init> (17 bytes)
Event: 15.632 Thread 0x000001f3d9b0e580 nmethod 1644 0x000001f3c957aa10 code [0x000001f3c957aba0, 0x000001f3c957ac60]
Event: 15.636 Thread 0x000001f3d9b0e580 1645       4       jdk.internal.jimage.ImageStringsReader::hashCode (33 bytes)
Event: 15.645 Thread 0x000001f3d9b0e580 nmethod 1645 0x000001f3c957ad10 code [0x000001f3c957aee0, 0x000001f3c957b298]
Event: 15.645 Thread 0x000001f3d9b0e580 1646   !   4       lombok.patcher.ScriptManager$OurClassFileTransformer::transform (473 bytes)

GC Heap History (2 events):
Event: 8.527 GC heap before
{Heap before GC invocations=1 (full 0):
 PSYoungGen      total 29696K, used 25600K [0x00000007aab00000, 0x00000007acc00000, 0x0000000800000000)
  eden space 25600K, 100% used [0x00000007aab00000,0x00000007ac400000,0x00000007ac400000)
  from space 4096K, 0% used [0x00000007ac800000,0x00000007ac800000,0x00000007acc00000)
  to   space 4096K, 0% used [0x00000007ac400000,0x00000007ac400000,0x00000007ac800000)
 ParOldGen       total 68608K, used 0K [0x0000000700000000, 0x0000000704300000, 0x00000007aab00000)
  object space 68608K, 0% used [0x0000000700000000,0x0000000700000000,0x0000000704300000)
 Metaspace       used 4376K, committed 4672K, reserved 1114112K
  class space    used 476K, committed 576K, reserved 1048576K
}
Event: 8.555 GC heap after
{Heap after GC invocations=1 (full 0):
 PSYoungGen      total 29696K, used 3280K [0x00000007aab00000, 0x00000007acc00000, 0x0000000800000000)
  eden space 25600K, 0% used [0x00000007aab00000,0x00000007aab00000,0x00000007ac400000)
  from space 4096K, 80% used [0x00000007ac400000,0x00000007ac734148,0x00000007ac800000)
  to   space 4096K, 0% used [0x00000007ac800000,0x00000007ac800000,0x00000007acc00000)
 ParOldGen       total 68608K, used 0K [0x0000000700000000, 0x0000000704300000, 0x00000007aab00000)
  object space 68608K, 0% used [0x0000000700000000,0x0000000700000000,0x0000000704300000)
 Metaspace       used 4376K, committed 4672K, reserved 1114112K
  class space    used 476K, committed 576K, reserved 1048576K
}

Dll operation events (16 events):
Event: 0.022 Attempting to load shared library c:\Users\jaimi\.vscode\extensions\redhat.java-1.56.0-win32-x64\jre\21.0.12.1-win32-x86_64\bin\java.dll
Event: 0.022 Loaded shared library c:\Users\jaimi\.vscode\extensions\redhat.java-1.56.0-win32-x64\jre\21.0.12.1-win32-x86_64\bin\java.dll
Event: 1.180 Attempting to load shared library c:\Users\jaimi\.vscode\extensions\redhat.java-1.56.0-win32-x64\jre\21.0.12.1-win32-x86_64\bin\zip.dll
Event: 1.181 Loaded shared library c:\Users\jaimi\.vscode\extensions\redhat.java-1.56.0-win32-x64\jre\21.0.12.1-win32-x86_64\bin\zip.dll
Event: 1.892 Attempting to load shared library C:\Users\jaimi\.vscode\extensions\redhat.java-1.56.0-win32-x64\jre\21.0.12.1-win32-x86_64\bin\instrument.dll
Event: 1.892 Loaded shared library C:\Users\jaimi\.vscode\extensions\redhat.java-1.56.0-win32-x64\jre\21.0.12.1-win32-x86_64\bin\instrument.dll
Event: 2.280 Attempting to load shared library C:\Users\jaimi\.vscode\extensions\redhat.java-1.56.0-win32-x64\jre\21.0.12.1-win32-x86_64\bin\net.dll
Event: 2.282 Loaded shared library C:\Users\jaimi\.vscode\extensions\redhat.java-1.56.0-win32-x64\jre\21.0.12.1-win32-x86_64\bin\net.dll
Event: 2.286 Attempting to load shared library C:\Users\jaimi\.vscode\extensions\redhat.java-1.56.0-win32-x64\jre\21.0.12.1-win32-x86_64\bin\nio.dll
Event: 2.287 Loaded shared library C:\Users\jaimi\.vscode\extensions\redhat.java-1.56.0-win32-x64\jre\21.0.12.1-win32-x86_64\bin\nio.dll
Event: 2.311 Attempting to load shared library C:\Users\jaimi\.vscode\extensions\redhat.java-1.56.0-win32-x64\jre\21.0.12.1-win32-x86_64\bin\zip.dll
Event: 2.311 Loaded shared library C:\Users\jaimi\.vscode\extensions\redhat.java-1.56.0-win32-x64\jre\21.0.12.1-win32-x86_64\bin\zip.dll
Event: 3.596 Attempting to load shared library C:\Users\jaimi\.vscode\extensions\redhat.java-1.56.0-win32-x64\jre\21.0.12.1-win32-x86_64\bin\jimage.dll
Event: 3.596 Loaded shared library C:\Users\jaimi\.vscode\extensions\redhat.java-1.56.0-win32-x64\jre\21.0.12.1-win32-x86_64\bin\jimage.dll
Event: 4.740 Attempting to load shared library c:\Users\jaimi\.vscode\extensions\redhat.java-1.56.0-win32-x64\jre\21.0.12.1-win32-x86_64\bin\verify.dll
Event: 4.742 Loaded shared library c:\Users\jaimi\.vscode\extensions\redhat.java-1.56.0-win32-x64\jre\21.0.12.1-win32-x86_64\bin\verify.dll

Deoptimization events (20 events):
Event: 13.335 Thread 0x000001f3bc535e70 Uncommon trap: trap_request=0xffffffde fr.pc=0x000001f3c951a660 relative=0x0000000000000540
Event: 13.335 Thread 0x000001f3bc535e70 Uncommon trap: reason=class_check action=maybe_recompile pc=0x000001f3c951a660 method=java.util.Collections$UnmodifiableCollection$1.<init>(Ljava/util/Collections$UnmodifiableCollection;)V @ 17 c2
Event: 13.335 Thread 0x000001f3bc535e70 DEOPT PACKING pc=0x000001f3c951a660 sp=0x000000c3a9ffe690
Event: 13.335 Thread 0x000001f3bc535e70 DEOPT UNPACKING pc=0x000001f3c8f93a9c sp=0x000000c3a9ffe648 mode 2
Event: 14.448 Thread 0x000001f3bc535e70 Uncommon trap: trap_request=0xffffffc6 fr.pc=0x000001f3c956f65c relative=0x00000000000006bc
Event: 14.448 Thread 0x000001f3bc535e70 Uncommon trap: reason=bimorphic_or_optimized_type_check action=maybe_recompile pc=0x000001f3c956f65c method=java.util.Collections$UnmodifiableCollection$1.<init>(Ljava/util/Collections$UnmodifiableCollection;)V @ 17 c2
Event: 14.448 Thread 0x000001f3bc535e70 DEOPT PACKING pc=0x000001f3c956f65c sp=0x000000c3a9ffeb40
Event: 14.449 Thread 0x000001f3bc535e70 DEOPT UNPACKING pc=0x000001f3c8f93a9c sp=0x000000c3a9ffea88 mode 2
Event: 14.483 Thread 0x000001f3bc535e70 Uncommon trap: trap_request=0xffffffc6 fr.pc=0x000001f3c956f65c relative=0x00000000000006bc
Event: 14.483 Thread 0x000001f3bc535e70 Uncommon trap: reason=bimorphic_or_optimized_type_check action=maybe_recompile pc=0x000001f3c956f65c method=java.util.Collections$UnmodifiableCollection$1.<init>(Ljava/util/Collections$UnmodifiableCollection;)V @ 17 c2
Event: 14.483 Thread 0x000001f3bc535e70 DEOPT PACKING pc=0x000001f3c956f65c sp=0x000000c3a9ffeb60
Event: 14.483 Thread 0x000001f3bc535e70 DEOPT UNPACKING pc=0x000001f3c8f93a9c sp=0x000000c3a9ffeaa8 mode 2
Event: 14.817 Thread 0x000001f3bc535e70 Uncommon trap: trap_request=0xffffff45 fr.pc=0x000001f3c9555050 relative=0x00000000000000b0
Event: 14.817 Thread 0x000001f3bc535e70 Uncommon trap: reason=unstable_if action=reinterpret pc=0x000001f3c9555050 method=java.util.concurrent.locks.ReentrantLock$NonfairSync.initialTryLock()Z @ 10 c2
Event: 14.817 Thread 0x000001f3bc535e70 DEOPT PACKING pc=0x000001f3c9555050 sp=0x000000c3a9ffe9f0
Event: 14.817 Thread 0x000001f3bc535e70 DEOPT UNPACKING pc=0x000001f3c8f93a9c sp=0x000000c3a9ffe980 mode 2
Event: 14.844 Thread 0x000001f3bc535e70 Uncommon trap: trap_request=0xffffff45 fr.pc=0x000001f3c9554cb8 relative=0x0000000000000098
Event: 14.844 Thread 0x000001f3bc535e70 Uncommon trap: reason=unstable_if action=reinterpret pc=0x000001f3c9554cb8 method=java.util.concurrent.locks.ReentrantLock$Sync.tryRelease(I)Z @ 26 c2
Event: 14.844 Thread 0x000001f3bc535e70 DEOPT PACKING pc=0x000001f3c9554cb8 sp=0x000000c3a9ffeac0
Event: 14.844 Thread 0x000001f3bc535e70 DEOPT UNPACKING pc=0x000001f3c8f93a9c sp=0x000000c3a9ffea40 mode 2

Classes loaded (20 events):
Event: 13.001 Loading class java/security/cert/CertificateException
Event: 13.001 Loading class java/security/cert/CertificateException done
Event: 13.001 Loading class java/security/NoSuchAlgorithmException
Event: 13.001 Loading class java/security/NoSuchAlgorithmException done
Event: 13.001 Loading class java/security/NoSuchProviderException
Event: 13.001 Loading class java/security/NoSuchProviderException done
Event: 13.310 Loading class java/util/Collections$UnmodifiableMap$UnmodifiableEntrySet
Event: 13.311 Loading class java/util/Collections$UnmodifiableMap$UnmodifiableEntrySet done
Event: 13.314 Loading class java/util/Collections$UnmodifiableMap$UnmodifiableEntrySet$1
Event: 13.314 Loading class java/util/Collections$UnmodifiableMap$UnmodifiableEntrySet$1 done
Event: 13.314 Loading class java/util/Collections$UnmodifiableMap$UnmodifiableEntrySet$UnmodifiableEntry
Event: 13.315 Loading class java/util/Collections$UnmodifiableMap$UnmodifiableEntrySet$UnmodifiableEntry done
Event: 14.288 Loading class java/lang/reflect/TypeVariable
Event: 14.288 Loading class java/lang/reflect/TypeVariable done
Event: 14.288 Loading class java/lang/InstantiationException
Event: 14.288 Loading class java/lang/InstantiationException done
Event: 14.289 Loading class java/lang/reflect/AnnotatedType
Event: 14.289 Loading class java/lang/reflect/AnnotatedType done
Event: 14.449 Loading class java/util/ArrayList$SubList$1
Event: 14.449 Loading class java/util/ArrayList$SubList$1 done

Classes unloaded (0 events):
No events

Classes redefined (0 events):
No events

Internal exceptions (20 events):
Event: 7.551 Thread 0x000001f3bc535e70 Exception <a 'java/lang/NoSuchMethodError'{0x00000007abac18e0}: 'java.lang.Object java.lang.invoke.DirectMethodHandle$Holder.invokeInterface(java.lang.Object, java.lang.Object)'> (0x00000007abac18e0) 
thrown [s\src\hotspot\share\interpreter\linkResolver.cpp, line 773]
Event: 7.560 Thread 0x000001f3bc535e70 Exception <a 'java/lang/NoSuchMethodError'{0x00000007abad4f18}: 'java.lang.Object java.lang.invoke.Invokers$Holder.invokeExact_MT(java.lang.Object, java.lang.Object, java.lang.Object, java.lang.Object, java.lang.Object, java.lang.Object)'> (0x00000007abad4f18) 
thrown [s\src\hotspot\share\interpreter\linkResolver.cpp, line 773]
Event: 7.577 Thread 0x000001f3bc535e70 Exception <a 'java/lang/NoSuchMethodError'{0x00000007abaebff0}: 'int java.lang.invoke.DirectMethodHandle$Holder.invokeStatic(java.lang.Object, java.lang.Object, java.lang.Object, java.lang.Object, java.lang.Object)'> (0x00000007abaebff0) 
thrown [s\src\hotspot\share\interpreter\linkResolver.cpp, line 773]
Event: 7.686 Thread 0x000001f3bc535e70 Exception <a 'java/lang/NoSuchMethodError'{0x00000007abb7f9a8}: 'java.lang.Object java.lang.invoke.DirectMethodHandle$Holder.invokeInterface(java.lang.Object, java.lang.Object, int)'> (0x00000007abb7f9a8) 
thrown [s\src\hotspot\share\interpreter\linkResolver.cpp, line 773]
Event: 8.280 Thread 0x000001f3bc535e70 Exception <a 'java/lang/NoSuchMethodError'{0x00000007ac003408}: 'java.lang.ClassLoader java.lang.ClassLoader.getPlatformClassLoader(java.lang.Class)'> (0x00000007ac003408) 
thrown [s\src\hotspot\share\interpreter\linkResolver.cpp, line 773]
Event: 8.611 Thread 0x000001f3bc535e70 Exception <a 'java/lang/ClassNotFoundException'{0x00000007aab39438}: sun/net/www/protocol/c/Handler> (0x00000007aab39438) 
thrown [s\src\hotspot\share\classfile\systemDictionary.cpp, line 313]
Event: 8.611 Thread 0x000001f3bc535e70 Exception <a 'java/lang/ClassNotFoundException'{0x00000007aab3a838}: sun/net/www/protocol/c/Handler> (0x00000007aab3a838) 
thrown [s\src\hotspot\share\classfile\systemDictionary.cpp, line 313]
Event: 8.612 Thread 0x000001f3bc535e70 Exception <a 'java/lang/ClassNotFoundException'{0x00000007aab3bac0}: sun/net/www/protocol/c/Handler> (0x00000007aab3bac0) 
thrown [s\src\hotspot\share\classfile\systemDictionary.cpp, line 313]
Event: 8.720 Thread 0x000001f3bc535e70 Exception <a 'java/io/FileNotFoundException'{0x00000007aab64e98}> (0x00000007aab64e98) 
thrown [s\src\hotspot\share\prims\jni.cpp, line 520]
Event: 9.151 Thread 0x000001f3bc535e70 Implicit null exception at 0x000001f3c952b6a9 to 0x000001f3c952bf44
Event: 9.162 Thread 0x000001f3bc535e70 Implicit null exception at 0x000001f3c953ce9d to 0x000001f3c953d0b4
Event: 9.164 Thread 0x000001f3bc535e70 Exception <a 'java/lang/NoSuchMethodError'{0x00000007aac98068}: 'void java.lang.invoke.DirectMethodHandle$Holder.invokeStatic(java.lang.Object, java.lang.Object, java.lang.Object, java.lang.Object)'> (0x00000007aac98068) 
thrown [s\src\hotspot\share\interpreter\linkResolver.cpp, line 773]
Event: 9.174 Thread 0x000001f3bc535e70 Implicit null exception at 0x000001f3c953c29d to 0x000001f3c953c4b4
Event: 9.174 Thread 0x000001f3bc535e70 Implicit null exception at 0x000001f3c952e33d to 0x000001f3c952e3c1
Event: 10.663 Thread 0x000001f3bc535e70 Exception <a 'java/lang/NoSuchMethodError'{0x00000007aaf80598}: 'void java.lang.invoke.DirectMethodHandle$Holder.invokeSpecial(java.lang.Object, java.lang.Object, java.lang.Object)'> (0x00000007aaf80598) 
thrown [s\src\hotspot\share\interpreter\linkResolver.cpp, line 773]
Event: 14.292 Thread 0x000001f3bc535e70 Exception <a 'java/lang/NoSuchMethodError'{0x00000007ab9ef930}: 'int java.lang.invoke.DirectMethodHandle$Holder.invokeVirtual(java.lang.Object, java.lang.Object)'> (0x00000007ab9ef930) 
thrown [s\src\hotspot\share\interpreter\linkResolver.cpp, line 773]
Event: 15.535 Thread 0x000001f3bc535e70 Exception <a 'java/lang/NoSuchMethodError'{0x00000007abb6ca20}: 'int java.lang.invoke.DirectMethodHandle$Holder.invokeStaticInit(java.lang.Object, java.lang.Object, java.lang.Object, java.lang.Object)'> (0x00000007abb6ca20) 
thrown [s\src\hotspot\share\interpreter\linkResolver.cpp, line 773]
Event: 15.538 Thread 0x000001f3bc535e70 Exception <a 'java/lang/IncompatibleClassChangeError'{0x00000007abb75108}: Found class java.lang.Object, but interface was expected> (0x00000007abb75108) 
thrown [s\src\hotspot\share\interpreter\linkResolver.cpp, line 840]
Event: 15.539 Thread 0x000001f3bc535e70 Exception <a 'java/lang/NoSuchMethodError'{0x00000007abb7b698}: 'void java.lang.invoke.DirectMethodHandle$Holder.invokeStaticInit(java.lang.Object, java.lang.Object)'> (0x00000007abb7b698) 
thrown [s\src\hotspot\share\interpreter\linkResolver.cpp, line 773]
Event: 15.542 Thread 0x000001f3bc535e70 Exception <a 'java/lang/NoSuchMethodError'{0x00000007abb84870}: 'int java.lang.invoke.DirectMethodHandle$Holder.invokeStaticInit(java.lang.Object, java.lang.Object)'> (0x00000007abb84870) 
thrown [s\src\hotspot\share\interpreter\linkResolver.cpp, line 773]

ZGC Phase Switch (0 events):
No events

VM Operations (20 events):
Event: 7.115 Executing non-safepoint VM operation: HandshakeAllThreads (Deoptimize)
Event: 7.115 Executing non-safepoint VM operation: HandshakeAllThreads (Deoptimize) done
Event: 8.121 Executing safepoint VM operation: Cleanup
Event: 8.122 Executing safepoint VM operation: Cleanup done
Event: 8.470 Executing non-safepoint VM operation: HandshakeAllThreads (Deoptimize)
Event: 8.470 Executing non-safepoint VM operation: HandshakeAllThreads (Deoptimize) done
Event: 8.526 Executing safepoint VM operation: ParallelGCFailedAllocation (Allocation Failure)
Event: 8.556 Executing safepoint VM operation: ParallelGCFailedAllocation (Allocation Failure) done
Event: 9.567 Executing safepoint VM operation: Cleanup
Event: 9.930 Executing safepoint VM operation: Cleanup done
Event: 10.939 Executing safepoint VM operation: Cleanup
Event: 10.965 Executing safepoint VM operation: Cleanup done
Event: 11.979 Executing safepoint VM operation: Cleanup
Event: 11.979 Executing safepoint VM operation: Cleanup done
Event: 12.993 Executing safepoint VM operation: Cleanup
Event: 12.993 Executing safepoint VM operation: Cleanup done
Event: 14.015 Executing safepoint VM operation: Cleanup
Event: 14.039 Executing safepoint VM operation: Cleanup done
Event: 15.059 Executing safepoint VM operation: Cleanup
Event: 15.068 Executing safepoint VM operation: Cleanup done

Memory protections (0 events):
No events

Nmethod flushes (0 events):
No events

Events (11 events):
Event: 0.087 Thread 0x000001f3bc535e70 Thread added: 0x000001f3bc535e70
Event: 0.199 Thread 0x000001f3bc535e70 Thread added: 0x000001f3d9b05350
Event: 0.200 Thread 0x000001f3bc535e70 Thread added: 0x000001f3d9b069a0
Event: 0.200 Thread 0x000001f3bc535e70 Thread added: 0x000001f3d9b09610
Event: 0.200 Thread 0x000001f3bc535e70 Thread added: 0x000001f3d9b0a270
Event: 0.201 Thread 0x000001f3bc535e70 Thread added: 0x000001f3d9b0cce0
Event: 0.201 Thread 0x000001f3bc535e70 Thread added: 0x000001f3d9b0d740
Event: 0.201 Thread 0x000001f3bc535e70 Thread added: 0x000001f3d9b0e580
Event: 0.239 Thread 0x000001f3bc535e70 Thread added: 0x000001f3d9b86b30
Event: 2.255 Thread 0x000001f3bc535e70 Thread added: 0x000001f3d9c1e8b0
Event: 6.104 Thread 0x000001f3bc535e70 Thread added: 0x000001f41b53db10


Dynamic libraries:
0x00007ff7250c0000 - 0x00007ff7250ce000 	c:\Users\jaimi\.vscode\extensions\redhat.java-1.56.0-win32-x64\jre\21.0.12.1-win32-x86_64\bin\java.exe
0x00007ffe32830000 - 0x00007ffe32a28000 	C:\Windows\SYSTEM32\ntdll.dll
0x00007ffe31600000 - 0x00007ffe316c2000 	C:\Windows\System32\KERNEL32.DLL
0x00007ffe30550000 - 0x00007ffe30846000 	C:\Windows\System32\KERNELBASE.dll
0x00007ffe30250000 - 0x00007ffe30350000 	C:\Windows\System32\ucrtbase.dll
0x00007ffe27e20000 - 0x00007ffe27e38000 	c:\Users\jaimi\.vscode\extensions\redhat.java-1.56.0-win32-x64\jre\21.0.12.1-win32-x86_64\bin\jli.dll
0x00007ffe31bc0000 - 0x00007ffe31d61000 	C:\Windows\System32\USER32.dll
0x00007ffe2ffe0000 - 0x00007ffe30002000 	C:\Windows\System32\win32u.dll
0x00007ffe309a0000 - 0x00007ffe309cb000 	C:\Windows\System32\GDI32.dll
0x00007ffe2fec0000 - 0x00007ffe2ffd9000 	C:\Windows\System32\gdi32full.dll
0x00007ffe30350000 - 0x00007ffe303ed000 	C:\Windows\System32\msvcp_win.dll
0x00007ffe18c50000 - 0x00007ffe18c6e000 	c:\Users\jaimi\.vscode\extensions\redhat.java-1.56.0-win32-x64\jre\21.0.12.1-win32-x86_64\bin\VCRUNTIME140.dll
0x00007ffe18550000 - 0x00007ffe187eb000 	C:\Windows\WinSxS\amd64_microsoft.windows.common-controls_6595b64144ccf1df_6.0.19041.6456_none_60b8a6cb71f64256\COMCTL32.dll
0x00007ffe31020000 - 0x00007ffe310be000 	C:\Windows\System32\msvcrt.dll
0x00007ffe30b90000 - 0x00007ffe30bbf000 	C:\Windows\System32\IMM32.DLL
0x00007ffe2cfd0000 - 0x00007ffe2cfdc000 	c:\Users\jaimi\.vscode\extensions\redhat.java-1.56.0-win32-x64\jre\21.0.12.1-win32-x86_64\bin\vcruntime140_1.dll
0x00007ffdfe360000 - 0x00007ffdfe3ed000 	c:\Users\jaimi\.vscode\extensions\redhat.java-1.56.0-win32-x64\jre\21.0.12.1-win32-x86_64\bin\msvcp140.dll
0x00007ffdb5a90000 - 0x00007ffdb6832000 	c:\Users\jaimi\.vscode\extensions\redhat.java-1.56.0-win32-x64\jre\21.0.12.1-win32-x86_64\bin\server\jvm.dll
0x00007ffe31540000 - 0x00007ffe315f1000 	C:\Windows\System32\ADVAPI32.dll
0x00007ffe30ea0000 - 0x00007ffe30f3f000 	C:\Windows\System32\sechost.dll
0x00007ffe31420000 - 0x00007ffe31540000 	C:\Windows\System32\RPCRT4.dll
0x00007ffe30060000 - 0x00007ffe30087000 	C:\Windows\System32\bcrypt.dll
0x00007ffe316d0000 - 0x00007ffe3173b000 	C:\Windows\System32\WS2_32.dll
0x00007ffe2f6d0000 - 0x00007ffe2f71b000 	C:\Windows\SYSTEM32\POWRPROF.dll
0x00007ffe13e40000 - 0x00007ffe13e67000 	C:\Windows\SYSTEM32\WINMM.dll
0x00007ffe1fbe0000 - 0x00007ffe1fbea000 	C:\Windows\SYSTEM32\VERSION.dll
0x00007ffe2f650000 - 0x00007ffe2f662000 	C:\Windows\SYSTEM32\UMPDC.dll
0x00007ffe2e6d0000 - 0x00007ffe2e6e2000 	C:\Windows\SYSTEM32\kernel.appcore.dll
0x00007ffe29250000 - 0x00007ffe2925a000 	c:\Users\jaimi\.vscode\extensions\redhat.java-1.56.0-win32-x64\jre\21.0.12.1-win32-x86_64\bin\jimage.dll
0x00007ffe2e3b0000 - 0x00007ffe2e5b1000 	C:\Windows\SYSTEM32\DBGHELP.DLL
0x00007ffe14c50000 - 0x00007ffe14c84000 	C:\Windows\SYSTEM32\dbgcore.DLL
0x00007ffe30140000 - 0x00007ffe301c2000 	C:\Windows\System32\bcryptPrimitives.dll
0x00007ffe29220000 - 0x00007ffe2922f000 	c:\Users\jaimi\.vscode\extensions\redhat.java-1.56.0-win32-x64\jre\21.0.12.1-win32-x86_64\bin\instrument.dll
0x00007ffe189f0000 - 0x00007ffe18a10000 	c:\Users\jaimi\.vscode\extensions\redhat.java-1.56.0-win32-x64\jre\21.0.12.1-win32-x86_64\bin\java.dll
0x00007ffe31d70000 - 0x00007ffe324e0000 	C:\Windows\System32\SHELL32.dll
0x00007ffe2db30000 - 0x00007ffe2e2d5000 	C:\Windows\SYSTEM32\windows.storage.dll
0x00007ffe310c0000 - 0x00007ffe31414000 	C:\Windows\System32\combase.dll
0x00007ffe2f8f0000 - 0x00007ffe2f91b000 	C:\Windows\SYSTEM32\Wldp.dll
0x00007ffe30f50000 - 0x00007ffe3101d000 	C:\Windows\System32\OLEAUT32.dll
0x00007ffe309d0000 - 0x00007ffe30a7d000 	C:\Windows\System32\SHCORE.dll
0x00007ffe30850000 - 0x00007ffe308ab000 	C:\Windows\System32\shlwapi.dll
0x00007ffe2fdf0000 - 0x00007ffe2fe14000 	C:\Windows\SYSTEM32\profapi.dll
0x00007ffe2aa80000 - 0x00007ffe2aa98000 	c:\Users\jaimi\.vscode\extensions\redhat.java-1.56.0-win32-x64\jre\21.0.12.1-win32-x86_64\bin\zip.dll
0x00007ffe2aa70000 - 0x00007ffe2aa80000 	C:\Users\jaimi\.vscode\extensions\redhat.java-1.56.0-win32-x64\jre\21.0.12.1-win32-x86_64\bin\net.dll
0x00007ffe248a0000 - 0x00007ffe249aa000 	C:\Windows\SYSTEM32\WINHTTP.dll
0x00007ffe2f5e0000 - 0x00007ffe2f64a000 	C:\Windows\system32\mswsock.dll
0x00007ffe2aa50000 - 0x00007ffe2aa66000 	C:\Users\jaimi\.vscode\extensions\redhat.java-1.56.0-win32-x64\jre\21.0.12.1-win32-x86_64\bin\nio.dll
0x00007ffe2aa40000 - 0x00007ffe2aa50000 	c:\Users\jaimi\.vscode\extensions\redhat.java-1.56.0-win32-x64\jre\21.0.12.1-win32-x86_64\bin\verify.dll

JVMTI agents:
c:\Users\jaimi\.vscode\extensions\redhat.java-1.56.0-win32-x64\lombok\lombok-1.18.39-4050.jar path:c:\Users\jaimi\.vscode\extensions\redhat.java-1.56.0-win32-x64\jre\21.0.12.1-win32-x86_64\bin\instrument.dll, loaded, initialized, instrumentlib options:none

dbghelp: loaded successfully - version: 4.0.5 - missing functions: none
symbol engine: initialized successfully - sym options: 0x614 - pdb path: .;c:\Users\jaimi\.vscode\extensions\redhat.java-1.56.0-win32-x64\jre\21.0.12.1-win32-x86_64\bin;C:\Windows\SYSTEM32;C:\Windows\WinSxS\amd64_microsoft.windows.common-controls_6595b64144ccf1df_6.0.19041.6456_none_60b8a6cb71f64256;c:\Users\jaimi\.vscode\extensions\redhat.java-1.56.0-win32-x64\jre\21.0.12.1-win32-x86_64\bin\server

VM Arguments:
jvm_args: --add-modules=ALL-SYSTEM --add-opens=java.base/java.util=ALL-UNNAMED --add-opens=java.base/java.lang=ALL-UNNAMED --add-opens=java.base/sun.nio.fs=ALL-UNNAMED -Declipse.application=org.eclipse.jdt.ls.core.id1 -Dosgi.bundles.defaultStartLevel=4 -Declipse.product=org.eclipse.jdt.ls.core.product -Djava.import.generatesMetadataFilesAtProjectRoot=false -Dm2e.project.cache.size=50 -DDetectVMInstallationsJob.disabled=true -Dfile.encoding=utf8 -XX:+UseParallelGC -XX:GCTimeRatio=4 -XX:AdaptiveSizePolicyWeight=90 -Dsun.zip.disableMemoryMapping=true -Xmx4G -Xms100m -Xlog:disable -javaagent:c:\Users\jaimi\.vscode\extensions\redhat.java-1.56.0-win32-x64\lombok\lombok-1.18.39-4050.jar -XX:+HeapDumpOnOutOfMemoryError -XX:HeapDumpPath=c:\Users\jaimi\AppData\Roaming\Code\User\workspaceStorage\7b1695ebeb44925a89a06e7ce4c3f07f\redhat.java -Daether.dependencyCollector.impl=bf 
java_command: c:\Users\jaimi\.vscode\extensions\redhat.java-1.56.0-win32-x64\server\plugins\org.eclipse.equinox.launcher_1.8.0.v20260804-1928.jar -configuration c:\Users\jaimi\AppData\Roaming\Code\User\globalStorage\redhat.java\1.56.0\config_win -data c:\Users\jaimi\AppData\Roaming\Code\User\workspaceStorage\7b1695ebeb44925a89a06e7ce4c3f07f\redhat.java\jdt_ws --stdio
java_class_path (initial): c:\Users\jaimi\.vscode\extensions\redhat.java-1.56.0-win32-x64\server\plugins\org.eclipse.equinox.launcher_1.8.0.v20260804-1928.jar
Launcher Type: SUN_STANDARD

[Global flags]
    uintx AdaptiveSizePolicyWeight                 = 90                                        {product} {command line}
     intx CICompilerCount                          = 2                                         {product} {ergonomic}
    uintx GCTimeRatio                              = 4                                         {product} {command line}
     bool HeapDumpOnOutOfMemoryError               = true                                   {manageable} {command line}
    ccstr HeapDumpPath                             = c:\Users\jaimi\AppData\Roaming\Code\User\workspaceStorage\7b1695ebeb44925a89a06e7ce4c3f07f\redhat.java         {manageable} {command line}
   size_t InitialHeapSize                          = 104857600                                 {product} {command line}
   size_t MaxHeapSize                              = 4294967296                                {product} {command line}
   size_t MaxNewSize                               = 1431306240                                {product} {ergonomic}
   size_t MinHeapDeltaBytes                        = 524288                                    {product} {ergonomic}
   size_t MinHeapSize                              = 104857600                                 {product} {command line}
   size_t NewSize                                  = 34603008                                  {product} {ergonomic}
    uintx NonNMethodCodeHeapSize                   = 5826188                                {pd product} {ergonomic}
    uintx NonProfiledCodeHeapSize                  = 122916026                              {pd product} {ergonomic}
   size_t OldSize                                  = 70254592                                  {product} {ergonomic}
    uintx ProfiledCodeHeapSize                     = 122916026                              {pd product} {ergonomic}
    uintx ReservedCodeCacheSize                    = 251658240                              {pd product} {ergonomic}
     bool SegmentedCodeCache                       = true                                      {product} {ergonomic}
   size_t SoftMaxHeapSize                          = 4294967296                             {manageable} {ergonomic}
     bool UseCompressedOops                        = true                           {product lp64_product} {ergonomic}
     bool UseLargePagesIndividualAllocation        = false                                  {pd product} {ergonomic}
     bool UseParallelGC                            = true                                      {product} {command line}

Logging:
Log output configuration:
 #0: stdout all=off uptime,level,tags foldmultilines=false
 #1: stderr all=off uptime,level,tags foldmultilines=false

Release file:
JAVA_VERSION="21.0.12.1" 
MODULES="java.base java.compiler java.datatransfer java.xml java.prefs java.desktop java.instrument java.logging java.management java.security.sasl java.naming java.rmi java.management.rmi java.net.http java.scripting java.security.jgss java.transaction.xa java.sql java.sql.rowset java.xml.crypto java.se java.smartcardio jdk.accessibility jdk.internal.jvmstat jdk.attach jdk.charsets jdk.internal.opt jdk.zipfs jdk.compiler jdk.crypto.ec jdk.crypto.cryptoki jdk.crypto.mscapi jdk.dynalink jdk.internal.ed jdk.editpad jdk.hotspot.agent jdk.httpserver jdk.internal.le jdk.internal.vm.ci jdk.internal.vm.compiler jdk.internal.vm.compiler.management jdk.jartool jdk.javadoc jdk.jcmd jdk.management jdk.management.agent jdk.jconsole jdk.jdeps jdk.jdwp.agent jdk.jdi jdk.jfr jdk.jshell jdk.jsobject jdk.jstatd jdk.localedata jdk.management.jfr jdk.naming.dns jdk.naming.rmi jdk.net jdk.nio.mapmode jdk.random jdk.sctp jdk.security.auth jdk.security.jgss jdk.unsupported jdk.unsupported.desktop jdk.xml.dom" 

Environment Variables:
JAVA_HOME=C:\Program Files\Java\jdk1.8.0_503
PATH=C:\Program Files (x86)\Common Files\Oracle\Java\java8path;C:\Program Files (x86)\Common Files\Oracle\Java\javapath;C:\Windows\system32;C:\Windows;C:\Windows\System32\Wbem;C:\Windows\System32\WindowsPowerShell\v1.0\;C:\Windows\System32\OpenSSH\;C:\Program Files\Git\cmd;C:\Users\jaimi\OneDrive\Documentos\programacao\calculatorProject\omniORB\bin;C:\Users\jaimi\AppData\Local\Programs\Python\Python313\;C:\Users\jaimi\AppData\Local\Programs\Python\Launcher\;C:\Users\jaimi\AppData\Local\Microsoft\WindowsApps;C:\Users\jaimi\AppData\Local\Programs\Microsoft VS Code\bin;D:\programs files\PyCharm Community Edition 2024.1.4\bin;;C:\msys64\mingw64\bin;C:\msys64\usr\bin;C:\omniORB\bin\x86_win32;C:\Program Files\Java\jdk1.8.0_503;C:\apache-maven-3.9.16\bin;C:\Program Files\Java\jdk1.8.0_503\bin;
USERNAME=jaimi
OS=Windows_NT
PROCESSOR_IDENTIFIER=Intel64 Family 6 Model 122 Stepping 8, GenuineIntel
TMP=C:\Users\jaimi\AppData\Local\Temp
TEMP=C:\Users\jaimi\AppData\Local\Temp




Periodic native trim disabled

---------------  S Y S T E M  ---------------

OS:
 Windows 10 , 64 bit Build 19041 (10.0.19041.5915)
OS uptime: 0 days 3:02 hours

CPU: total 2 (initial active 2) (2 cores per cpu, 1 threads per core) family 6 model 122 stepping 8 microcode 0x22, cx8, cmov, fxsr, mmx, 3dnowpref, sse, sse2, sse3, ssse3, sse4.1, sse4.2, popcnt, tsc, tscinvbit, aes, erms, clmul, sha, clflush, clflushopt, rdtscp, rdpid
Processor Information for the first 2 processors :
  Max Mhz: 1101, Current Mhz: 1101, Mhz Limit: 1101

Memory: 4k page, system-wide physical 8008M (2136M free)
TotalPageFile size 10227M (AvailPageFile size 0M)
current process WorkingSet (physical memory assigned to process): 81M, peak: 82M
current process commit charge ("private bytes"): 284M, peak: 285M

vm_info: OpenJDK 64-Bit Server VM (21.0.12.1+1-LTS) for windows-amd64 JRE (21.0.12.1+1-LTS), built on 2026-08-18T00:00:00Z by "admin" with MS VC++ 17.12 (VS2022)

END.
