#
# There is insufficient memory for the Java Runtime Environment to continue.
# Native memory allocation (malloc) failed to allocate 568656 bytes. Error detail: Chunk::new
# Possible reasons:
#   The system is out of physical RAM or swap space
#   This process is running with CompressedOops enabled, and the Java Heap may be blocking the growth of the native heap
# Possible solutions:
#   Reduce memory load on the system
#   Increase physical memory or swap space
#   Check if swap backing store is full
#   Decrease Java heap size (-Xmx/-Xms)
#   Decrease number of Java threads
#   Decrease Java thread stack sizes (-Xss)
#   Set larger code cache with -XX:ReservedCodeCacheSize=
#   JVM is running with Zero Based Compressed Oops mode in which the Java heap is
#     placed in the first 32GB address space. The Java Heap base address is the
#     maximum limit for the native heap growth. Please use -XX:HeapBaseMinAddress
#     to set the Java Heap base and to place the Java Heap above 32GB virtual address.
# This output file may be truncated or incomplete.
#
#  Out of Memory Error (arena.cpp:168), pid=9224, tid=9968
#
# JRE version: OpenJDK Runtime Environment Temurin-21.0.12.1+1 (21.0.12.1+1) (build 21.0.12.1+1-LTS)
# Java VM: OpenJDK 64-Bit Server VM Temurin-21.0.12.1+1 (21.0.12.1+1-LTS, mixed mode, sharing, tiered, compressed oops, compressed class ptrs, parallel gc, windows-amd64)
# No core dump will be written. Minidumps are not enabled by default on client versions of Windows
#

---------------  S U M M A R Y ------------

Command Line: --add-modules=ALL-SYSTEM --add-opens=java.base/java.util=ALL-UNNAMED --add-opens=java.base/java.lang=ALL-UNNAMED --add-opens=java.base/sun.nio.fs=ALL-UNNAMED -Declipse.application=org.eclipse.jdt.ls.core.id1 -Dosgi.bundles.defaultStartLevel=4 -Declipse.product=org.eclipse.jdt.ls.core.product -Djava.import.generatesMetadataFilesAtProjectRoot=false -Dm2e.project.cache.size=50 -DDetectVMInstallationsJob.disabled=true -Dfile.encoding=utf8 -XX:+UseParallelGC -XX:GCTimeRatio=4 -XX:AdaptiveSizePolicyWeight=90 -Dsun.zip.disableMemoryMapping=true -Xmx4G -Xms100m -Xlog:disable -javaagent:c:\Users\jaimi\.vscode\extensions\redhat.java-1.56.0-win32-x64\lombok\lombok-1.18.39-4050.jar -XX:+HeapDumpOnOutOfMemoryError -XX:HeapDumpPath=c:\Users\jaimi\AppData\Roaming\Code\User\workspaceStorage\7b1695ebeb44925a89a06e7ce4c3f07f\redhat.java -Daether.dependencyCollector.impl=bf c:\Users\jaimi\.vscode\extensions\redhat.java-1.56.0-win32-x64\server\plugins\org.eclipse.equinox.launcher_1.8.0.v20260804-1928.jar -configuration c:\Users\jaimi\AppData\Roaming\Code\User\globalStorage\redhat.java\1.56.0\config_win -data c:\Users\jaimi\AppData\Roaming\Code\User\workspaceStorage\7b1695ebeb44925a89a06e7ce4c3f07f\redhat.java\jdt_ws --stdio

Host: Intel(R) Celeron(R) N4020 CPU @ 1.10GHz, 2 cores, 7G,  Windows 10 , 64 bit Build 19041 (10.0.19041.5915)
Time: Fri Oct  2 22:21:36 2026 South Africa Standard Time elapsed time: 16.006958 seconds (0d 0h 0m 16s)

---------------  T H R E A D  ---------------

Current thread (0x0000019e44234910):  JavaThread "C2 CompilerThread0" daemon [_thread_in_native, id=9968, stack(0x00000056b0f00000,0x00000056b1000000) (1024K)]


Current CompileTask:
C2:16007 3026       4       java.io.FilterInputStream::read (11 bytes)

Stack: [0x00000056b0f00000,0x00000056b1000000]
Native frames: (J=compiled Java code, j=interpreted, Vv=VM code, C=native code)
V  [jvm.dll+0x6d83e9]
V  [jvm.dll+0x8b5736]
V  [jvm.dll+0x8b7cee]
V  [jvm.dll+0x8b83d3]
V  [jvm.dll+0x284596]
V  [jvm.dll+0xc685d]
V  [jvm.dll+0xc6da1]
V  [jvm.dll+0x3bf151]
V  [jvm.dll+0x38b6d2]
V  [jvm.dll+0x38ab1a]
V  [jvm.dll+0x24c700]
V  [jvm.dll+0x24bce0]
V  [jvm.dll+0x1cb4ae]
V  [jvm.dll+0x25baad]
V  [jvm.dll+0x25a03a]
V  [jvm.dll+0x3f8aae]
V  [jvm.dll+0x8600cd]
V  [jvm.dll+0x6d6c1d]
C  [ucrtbase.dll+0x21bb2]
C  [KERNEL32.DLL+0x17374]
C  [ntdll.dll+0x4cc91]


---------------  P R O C E S S  ---------------

Threads class SMR info:
_java_thread_list=0x0000019e8a245990, length=18, elements={
0x0000019e28f21f30, 0x0000019e44226a60, 0x0000019e442280b0, 0x0000019e4422b710,
0x0000019e4422c370, 0x0000019e4422ede0, 0x0000019e4422fac0, 0x0000019e44234910,
0x0000019e44257060, 0x0000019e44aa4d00, 0x0000019e44bc61b0, 0x0000019e8a53afa0,
0x0000019e8a5775d0, 0x0000019e8a40be00, 0x0000019e8a40c840, 0x0000019e8a6b27a0,
0x0000019e8a81a790, 0x0000019e8a4212b0
}

Java Threads: ( => current thread )
  0x0000019e28f21f30 JavaThread "main"                              [_thread_blocked, id=10952, stack(0x00000056b0500000,0x00000056b0600000) (1024K)]
  0x0000019e44226a60 JavaThread "Reference Handler"          daemon [_thread_blocked, id=6080, stack(0x00000056b0900000,0x00000056b0a00000) (1024K)]
  0x0000019e442280b0 JavaThread "Finalizer"                  daemon [_thread_blocked, id=11244, stack(0x00000056b0a00000,0x00000056b0b00000) (1024K)]
  0x0000019e4422b710 JavaThread "Signal Dispatcher"          daemon [_thread_blocked, id=7824, stack(0x00000056b0b00000,0x00000056b0c00000) (1024K)]
  0x0000019e4422c370 JavaThread "Attach Listener"            daemon [_thread_blocked, id=1604, stack(0x00000056b0c00000,0x00000056b0d00000) (1024K)]
  0x0000019e4422ede0 JavaThread "Service Thread"             daemon [_thread_blocked, id=4048, stack(0x00000056b0d00000,0x00000056b0e00000) (1024K)]
  0x0000019e4422fac0 JavaThread "Monitor Deflation Thread"   daemon [_thread_blocked, id=7728, stack(0x00000056b0e00000,0x00000056b0f00000) (1024K)]
=>0x0000019e44234910 JavaThread "C2 CompilerThread0"         daemon [_thread_in_native, id=9968, stack(0x00000056b0f00000,0x00000056b1000000) (1024K)]
  0x0000019e44257060 JavaThread "C1 CompilerThread0"         daemon [_thread_blocked, id=10096, stack(0x00000056b1000000,0x00000056b1100000) (1024K)]
  0x0000019e44aa4d00 JavaThread "Common-Cleaner"             daemon [_thread_blocked, id=7180, stack(0x00000056b1100000,0x00000056b1200000) (1024K)]
  0x0000019e44bc61b0 JavaThread "Notification Thread"        daemon [_thread_blocked, id=4716, stack(0x00000056b1200000,0x00000056b1300000) (1024K)]
  0x0000019e8a53afa0 JavaThread "Active Thread: Equinox Container: 4fd4ce90-8c17-4c41-9863-36d173977e9f"        [_thread_blocked, id=3824, stack(0x00000056b1400000,0x00000056b1500000) (1024K)]
  0x0000019e8a5775d0 JavaThread "Refresh Thread: Equinox Container: 4fd4ce90-8c17-4c41-9863-36d173977e9f" daemon [_thread_blocked, id=9868, stack(0x00000056b1500000,0x00000056b1600000) (1024K)]
  0x0000019e8a40be00 JavaThread "Framework Event Dispatcher: Equinox Container: 4fd4ce90-8c17-4c41-9863-36d173977e9f" daemon [_thread_blocked, id=10344, stack(0x00000056b1600000,0x00000056b1700000) (1024K)]
  0x0000019e8a40c840 JavaThread "Start Level: Equinox Container: 4fd4ce90-8c17-4c41-9863-36d173977e9f" daemon [_thread_in_vm, id=9296, stack(0x00000056b1700000,0x00000056b1800000) (1024K)]
  0x0000019e8a6b27a0 JavaThread "Bundle File Closer"         daemon [_thread_blocked, id=9248, stack(0x00000056b1800000,0x00000056b1900000) (1024K)]
  0x0000019e8a81a790 JavaThread "SCR Component Actor"        daemon [_thread_blocked, id=6716, stack(0x00000056b1900000,0x00000056b1a00000) (1024K)]
  0x0000019e8a4212b0 JavaThread "Worker-JM"                         [_thread_blocked, id=14172, stack(0x00000056b1a00000,0x00000056b1b00000) (1024K)]
Total: 18

Other Threads:
  0x0000019e28fddd20 VMThread "VM Thread"                           [id=12492, stack(0x00000056b0800000,0x00000056b0900000) (1024K)]
  0x0000019e28f89e40 WatcherThread "VM Periodic Task Thread"        [id=6704, stack(0x00000056b0700000,0x00000056b0800000) (1024K)]
  0x0000019e28f3f830 WorkerThread "GC Thread#0"                     [id=9712, stack(0x00000056b0600000,0x00000056b0700000) (1024K)]
  0x0000019e8a3143f0 WorkerThread "GC Thread#1"                     [id=12376, stack(0x00000056b1300000,0x00000056b1400000) (1024K)]
Total: 4

Threads with active compile tasks:
C2 CompilerThread0  16044 3026       4       java.io.FilterInputStream::read (11 bytes)
Total: 1

VM state: not at safepoint (normal execution)

VM Mutex/Monitor currently owned by a thread:  ([mutex/lock_event])
[0x00007ffdb674e0b0] MethodCompileQueue_lock - owner thread: 0x0000019e8a40c840

Heap address: 0x0000000700000000, size: 4096 MB, Compressed Oops mode: Zero based, Oop shift amount: 3

CDS archive(s) mapped at: [0x0000019e45000000-0x0000019e45ba0000-0x0000019e45ba0000), size 12189696, SharedBaseAddress: 0x0000019e45000000, ArchiveRelocationMode: 1.
Compressed class space mapped at: 0x0000019e46000000-0x0000019e86000000, reserved size: 1073741824
Narrow klass base: 0x0000019e45000000, Narrow klass shift: 0, Narrow klass range: 0x100000000

GC Precious Log:
 CardTable entry size: 512
 CPUs: 2 total, 2 available
 Memory: 8008M
 Large Page Support: Disabled
 NUMA Support: Disabled
 Compressed Oops: Enabled (Zero based)
 Alignments: Space 512K, Generation 512K, Heap 2M
 Heap Min Capacity: 100M
 Heap Initial Capacity: 100M
 Heap Max Capacity: 4G
 Pre-touch: Disabled
 Parallel Workers: 2

Heap:
 PSYoungGen      total 29696K, used 4914K [0x00000007aab00000, 0x00000007acc00000, 0x0000000800000000)
  eden space 25600K, 3% used [0x00000007aab00000,0x00000007aabced90,0x00000007ac400000)
  from space 4096K, 99% used [0x00000007ac400000,0x00000007ac7fdc58,0x00000007ac800000)
  to   space 4096K, 0% used [0x00000007ac800000,0x00000007ac800000,0x00000007acc00000)
 ParOldGen       total 68608K, used 8012K [0x0000000700000000, 0x0000000704300000, 0x00000007aab00000)
  object space 68608K, 11% used [0x0000000700000000,0x00000007007d3120,0x0000000704300000)
 Metaspace       used 15747K, committed 16384K, reserved 1114112K
  class space    used 1626K, committed 1920K, reserved 1048576K

Card table byte_map: [0x0000019e3b130000,0x0000019e3b940000] _byte_map_base: 0x0000019e37930000

Marking Bits: (ParMarkBitMap*) 0x00007ffdb67544a0
 Begin Bits: [0x0000019e3b940000, 0x0000019e3f940000)
 End Bits:   [0x0000019e3f940000, 0x0000019e43940000)

Polling page: 0x0000019e26b90000

Metaspace:

Usage:
  Non-class:     13.79 MB used.
      Class:      1.59 MB used.
       Both:     15.38 MB used.

Virtual space:
  Non-class space:       64.00 MB reserved,      14.12 MB ( 22%) committed,  1 nodes.
      Class space:        1.00 GB reserved,       1.88 MB ( <1%) committed,  1 nodes.
             Both:        1.06 GB reserved,      16.00 MB (  1%) committed. 

Chunk freelists:
   Non-Class:  1.52 MB
       Class:  13.97 MB
        Both:  15.49 MB

MaxMetaspaceSize: unlimited
CompressedClassSpaceSize: 1.00 GB
Initial GC threshold: 21.00 MB
Current GC threshold: 21.00 MB
CDS: on
 - commit_granule_bytes: 65536.
 - commit_granule_words: 8192.
 - virtual_space_node_default_size: 8388608.
 - enlarge_chunks_in_place: 1.
 - use_allocation_guard: 0.


Internal statistics:

num_allocs_failed_limit: 0.
num_arena_births: 438.
num_arena_deaths: 0.
num_vsnodes_births: 2.
num_vsnodes_deaths: 0.
num_space_committed: 256.
num_space_uncommitted: 0.
num_chunks_returned_to_freelist: 0.
num_chunks_taken_from_freelist: 987.
num_chunk_merges: 0.
num_chunk_splits: 624.
num_chunks_enlarged: 398.
num_inconsistent_stats: 0.

CodeHeap 'non-profiled nmethods': size=120064Kb used=1218Kb max_used=1218Kb free=118845Kb
 bounds [0x0000019e33bf0000, 0x0000019e33e60000, 0x0000019e3b130000]
CodeHeap 'profiled nmethods': size=120000Kb used=6286Kb max_used=6286Kb free=113713Kb
 bounds [0x0000019e2c130000, 0x0000019e2c760000, 0x0000019e33660000]
CodeHeap 'non-nmethods': size=5696Kb used=1259Kb max_used=1272Kb free=4437Kb
 bounds [0x0000019e33660000, 0x0000019e338d0000, 0x0000019e33bf0000]
CodeCache: size=245760Kb, used=8763Kb, max_used=8776Kb, free=236995Kb
 total_blobs=3554, nmethods=3021, adapters=440, full_count=0
Compilation: enabled, stopped_count=0, restarted_count=0

Compilation events (20 events):
Event: 15.856 Thread 0x0000019e44257060 nmethod 3015 0x0000019e2c74c710 code [0x0000019e2c74c900, 0x0000019e2c74cd88]
Event: 15.876 Thread 0x0000019e44257060 3016   !   3       java.lang.ref.NativeReferenceQueue::enqueue (20 bytes)
Event: 15.877 Thread 0x0000019e44257060 nmethod 3016 0x0000019e2c74ce90 code [0x0000019e2c74d040, 0x0000019e2c74d278]
Event: 15.877 Thread 0x0000019e44257060 3017       3       java.lang.ref.NativeReferenceQueue::signal (8 bytes)
Event: 15.877 Thread 0x0000019e44257060 nmethod 3017 0x0000019e2c74d390 code [0x0000019e2c74d540, 0x0000019e2c74d688]
Event: 15.882 Thread 0x0000019e44257060 3019       3       org.eclipse.core.runtime.Path::<init> (37 bytes)
Event: 15.882 Thread 0x0000019e44257060 nmethod 3019 0x0000019e2c74d790 code [0x0000019e2c74d940, 0x0000019e2c74db20]
Event: 15.913 Thread 0x0000019e44257060 3020   !   3       java.io.BufferedInputStream::read (69 bytes)
Event: 15.914 Thread 0x0000019e44257060 nmethod 3020 0x0000019e2c74dc10 code [0x0000019e2c74dea0, 0x0000019e2c74eb18]
Event: 15.915 Thread 0x0000019e44257060 3021       3       java.io.DataInputStream::readUTF (501 bytes)
Event: 15.917 Thread 0x0000019e44257060 nmethod 3021 0x0000019e2c74f010 code [0x0000019e2c74f440, 0x0000019e2c7511c0]
Event: 15.919 Thread 0x0000019e44257060 3022       3       java.lang.invoke.DirectMethodHandle$Holder::invokeStatic (17 bytes)
Event: 15.920 Thread 0x0000019e44257060 nmethod 3022 0x0000019e2c751d90 code [0x0000019e2c751f60, 0x0000019e2c752470]
Event: 15.941 Thread 0x0000019e44257060 3024       3       java.io.BufferedInputStream::implRead (112 bytes)
Event: 15.941 Thread 0x0000019e44257060 nmethod 3024 0x0000019e2c752590 code [0x0000019e2c7527c0, 0x0000019e2c752f18]
Event: 15.942 Thread 0x0000019e44257060 3025       3       java.io.DataInputStream::readFully (59 bytes)
Event: 15.943 Thread 0x0000019e44257060 nmethod 3025 0x0000019e2c753190 code [0x0000019e2c753380, 0x0000019e2c7538c8]
Event: 15.944 Thread 0x0000019e44234910 3026       4       java.io.FilterInputStream::read (11 bytes)
Event: 15.965 Thread 0x0000019e44257060 3027       1       org.eclipse.core.internal.dtree.AbstractDataTreeNode::isDelta (2 bytes)
Event: 15.965 Thread 0x0000019e44257060 nmethod 3027 0x0000019e33d20790 code [0x0000019e33d20920, 0x0000019e33d209e8]

GC Heap History (10 events):
Event: 2.095 GC heap before
{Heap before GC invocations=1 (full 0):
 PSYoungGen      total 29696K, used 25600K [0x00000007aab00000, 0x00000007acc00000, 0x0000000800000000)
  eden space 25600K, 100% used [0x00000007aab00000,0x00000007ac400000,0x00000007ac400000)
  from space 4096K, 0% used [0x00000007ac800000,0x00000007ac800000,0x00000007acc00000)
  to   space 4096K, 0% used [0x00000007ac400000,0x00000007ac400000,0x00000007ac800000)
 ParOldGen       total 68608K, used 0K [0x0000000700000000, 0x0000000704300000, 0x00000007aab00000)
  object space 68608K, 0% used [0x0000000700000000,0x0000000700000000,0x0000000704300000)
 Metaspace       used 4374K, committed 4608K, reserved 1114112K
  class space    used 475K, committed 576K, reserved 1048576K
}
Event: 2.119 GC heap after
{Heap after GC invocations=1 (full 0):
 PSYoungGen      total 29696K, used 3271K [0x00000007aab00000, 0x00000007acc00000, 0x0000000800000000)
  eden space 25600K, 0% used [0x00000007aab00000,0x00000007aab00000,0x00000007ac400000)
  from space 4096K, 79% used [0x00000007ac400000,0x00000007ac731e98,0x00000007ac800000)
  to   space 4096K, 0% used [0x00000007ac800000,0x00000007ac800000,0x00000007acc00000)
 ParOldGen       total 68608K, used 0K [0x0000000700000000, 0x0000000704300000, 0x00000007aab00000)
  object space 68608K, 0% used [0x0000000700000000,0x0000000700000000,0x0000000704300000)
 Metaspace       used 4374K, committed 4608K, reserved 1114112K
  class space    used 475K, committed 576K, reserved 1048576K
}
Event: 3.804 GC heap before
{Heap before GC invocations=2 (full 0):
 PSYoungGen      total 29696K, used 28871K [0x00000007aab00000, 0x00000007acc00000, 0x0000000800000000)
  eden space 25600K, 100% used [0x00000007aab00000,0x00000007ac400000,0x00000007ac400000)
  from space 4096K, 79% used [0x00000007ac400000,0x00000007ac731e98,0x00000007ac800000)
  to   space 4096K, 0% used [0x00000007ac800000,0x00000007ac800000,0x00000007acc00000)
 ParOldGen       total 68608K, used 0K [0x0000000700000000, 0x0000000704300000, 0x00000007aab00000)
  object space 68608K, 0% used [0x0000000700000000,0x0000000700000000,0x0000000704300000)
 Metaspace       used 8066K, committed 8384K, reserved 1114112K
  class space    used 833K, committed 960K, reserved 1048576K
}
Event: 3.825 GC heap after
{Heap after GC invocations=2 (full 0):
 PSYoungGen      total 29696K, used 4064K [0x00000007aab00000, 0x00000007acc00000, 0x0000000800000000)
  eden space 25600K, 0% used [0x00000007aab00000,0x00000007aab00000,0x00000007ac400000)
  from space 4096K, 99% used [0x00000007ac800000,0x00000007acbf8158,0x00000007acc00000)
  to   space 4096K, 0% used [0x00000007ac400000,0x00000007ac400000,0x00000007ac800000)
 ParOldGen       total 68608K, used 1950K [0x0000000700000000, 0x0000000704300000, 0x00000007aab00000)
  object space 68608K, 2% used [0x0000000700000000,0x00000007001e7840,0x0000000704300000)
 Metaspace       used 8066K, committed 8384K, reserved 1114112K
  class space    used 833K, committed 960K, reserved 1048576K
}
Event: 7.851 GC heap before
{Heap before GC invocations=3 (full 0):
 PSYoungGen      total 29696K, used 29664K [0x00000007aab00000, 0x00000007acc00000, 0x0000000800000000)
  eden space 25600K, 100% used [0x00000007aab00000,0x00000007ac400000,0x00000007ac400000)
  from space 4096K, 99% used [0x00000007ac800000,0x00000007acbf8158,0x00000007acc00000)
  to   space 4096K, 0% used [0x00000007ac400000,0x00000007ac400000,0x00000007ac800000)
 ParOldGen       total 68608K, used 1950K [0x0000000700000000, 0x0000000704300000, 0x00000007aab00000)
  object space 68608K, 2% used [0x0000000700000000,0x00000007001e7840,0x0000000704300000)
 Metaspace       used 9523K, committed 9856K, reserved 1114112K
  class space    used 1011K, committed 1152K, reserved 1048576K
}
Event: 7.874 GC heap after
{Heap after GC invocations=3 (full 0):
 PSYoungGen      total 29696K, used 4086K [0x00000007aab00000, 0x00000007acc00000, 0x0000000800000000)
  eden space 25600K, 0% used [0x00000007aab00000,0x00000007aab00000,0x00000007ac400000)
  from space 4096K, 99% used [0x00000007ac400000,0x00000007ac7fdad8,0x00000007ac800000)
  to   space 4096K, 0% used [0x00000007ac800000,0x00000007ac800000,0x00000007acc00000)
 ParOldGen       total 68608K, used 4707K [0x0000000700000000, 0x0000000704300000, 0x00000007aab00000)
  object space 68608K, 6% used [0x0000000700000000,0x0000000700498d80,0x0000000704300000)
 Metaspace       used 9523K, committed 9856K, reserved 1114112K
  class space    used 1011K, committed 1152K, reserved 1048576K
}
Event: 12.233 GC heap before
{Heap before GC invocations=4 (full 0):
 PSYoungGen      total 29696K, used 29686K [0x00000007aab00000, 0x00000007acc00000, 0x0000000800000000)
  eden space 25600K, 100% used [0x00000007aab00000,0x00000007ac400000,0x00000007ac400000)
  from space 4096K, 99% used [0x00000007ac400000,0x00000007ac7fdad8,0x00000007ac800000)
  to   space 4096K, 0% used [0x00000007ac800000,0x00000007ac800000,0x00000007acc00000)
 ParOldGen       total 68608K, used 4707K [0x0000000700000000, 0x0000000704300000, 0x00000007aab00000)
  object space 68608K, 6% used [0x0000000700000000,0x0000000700498d80,0x0000000704300000)
 Metaspace       used 11662K, committed 12032K, reserved 1114112K
  class space    used 1228K, committed 1408K, reserved 1048576K
}
Event: 12.253 GC heap after
{Heap after GC invocations=4 (full 0):
 PSYoungGen      total 29696K, used 4090K [0x00000007aab00000, 0x00000007acc00000, 0x0000000800000000)
  eden space 25600K, 0% used [0x00000007aab00000,0x00000007aab00000,0x00000007ac400000)
  from space 4096K, 99% used [0x00000007ac800000,0x00000007acbfebf8,0x00000007acc00000)
  to   space 4096K, 0% used [0x00000007ac400000,0x00000007ac400000,0x00000007ac800000)
 ParOldGen       total 68608K, used 6652K [0x0000000700000000, 0x0000000704300000, 0x00000007aab00000)
  object space 68608K, 9% used [0x0000000700000000,0x000000070067f100,0x0000000704300000)
 Metaspace       used 11662K, committed 12032K, reserved 1114112K
  class space    used 1228K, committed 1408K, reserved 1048576K
}
Event: 15.860 GC heap before
{Heap before GC invocations=5 (full 0):
 PSYoungGen      total 29696K, used 29690K [0x00000007aab00000, 0x00000007acc00000, 0x0000000800000000)
  eden space 25600K, 100% used [0x00000007aab00000,0x00000007ac400000,0x00000007ac400000)
  from space 4096K, 99% used [0x00000007ac800000,0x00000007acbfebf8,0x00000007acc00000)
  to   space 4096K, 0% used [0x00000007ac400000,0x00000007ac400000,0x00000007ac800000)
 ParOldGen       total 68608K, used 6652K [0x0000000700000000, 0x0000000704300000, 0x00000007aab00000)
  object space 68608K, 9% used [0x0000000700000000,0x000000070067f100,0x0000000704300000)
 Metaspace       used 15653K, committed 16320K, reserved 1114112K
  class space    used 1615K, committed 1920K, reserved 1048576K
}
Event: 15.876 GC heap after
{Heap after GC invocations=5 (full 0):
 PSYoungGen      total 29696K, used 4087K [0x00000007aab00000, 0x00000007acc00000, 0x0000000800000000)
  eden space 25600K, 0% used [0x00000007aab00000,0x00000007aab00000,0x00000007ac400000)
  from space 4096K, 99% used [0x00000007ac400000,0x00000007ac7fdc58,0x00000007ac800000)
  to   space 4096K, 0% used [0x00000007ac800000,0x00000007ac800000,0x00000007acc00000)
 ParOldGen       total 68608K, used 8012K [0x0000000700000000, 0x0000000704300000, 0x00000007aab00000)
  object space 68608K, 11% used [0x0000000700000000,0x00000007007d3120,0x0000000704300000)
 Metaspace       used 15653K, committed 16320K, reserved 1114112K
  class space    used 1615K, committed 1920K, reserved 1048576K
}

Dll operation events (18 events):
Event: 0.033 Attempting to load shared library c:\Users\jaimi\.vscode\extensions\redhat.java-1.56.0-win32-x64\jre\21.0.12.1-win32-x86_64\bin\java.dll
Event: 0.033 Loaded shared library c:\Users\jaimi\.vscode\extensions\redhat.java-1.56.0-win32-x64\jre\21.0.12.1-win32-x86_64\bin\java.dll
Event: 0.201 Attempting to load shared library c:\Users\jaimi\.vscode\extensions\redhat.java-1.56.0-win32-x64\jre\21.0.12.1-win32-x86_64\bin\zip.dll
Event: 0.202 Loaded shared library c:\Users\jaimi\.vscode\extensions\redhat.java-1.56.0-win32-x64\jre\21.0.12.1-win32-x86_64\bin\zip.dll
Event: 0.267 Attempting to load shared library C:\Users\jaimi\.vscode\extensions\redhat.java-1.56.0-win32-x64\jre\21.0.12.1-win32-x86_64\bin\instrument.dll
Event: 0.267 Loaded shared library C:\Users\jaimi\.vscode\extensions\redhat.java-1.56.0-win32-x64\jre\21.0.12.1-win32-x86_64\bin\instrument.dll
Event: 0.279 Attempting to load shared library C:\Users\jaimi\.vscode\extensions\redhat.java-1.56.0-win32-x64\jre\21.0.12.1-win32-x86_64\bin\net.dll
Event: 0.280 Loaded shared library C:\Users\jaimi\.vscode\extensions\redhat.java-1.56.0-win32-x64\jre\21.0.12.1-win32-x86_64\bin\net.dll
Event: 0.283 Attempting to load shared library C:\Users\jaimi\.vscode\extensions\redhat.java-1.56.0-win32-x64\jre\21.0.12.1-win32-x86_64\bin\nio.dll
Event: 0.283 Loaded shared library C:\Users\jaimi\.vscode\extensions\redhat.java-1.56.0-win32-x64\jre\21.0.12.1-win32-x86_64\bin\nio.dll
Event: 0.291 Attempting to load shared library C:\Users\jaimi\.vscode\extensions\redhat.java-1.56.0-win32-x64\jre\21.0.12.1-win32-x86_64\bin\zip.dll
Event: 0.291 Loaded shared library C:\Users\jaimi\.vscode\extensions\redhat.java-1.56.0-win32-x64\jre\21.0.12.1-win32-x86_64\bin\zip.dll
Event: 0.342 Attempting to load shared library C:\Users\jaimi\.vscode\extensions\redhat.java-1.56.0-win32-x64\jre\21.0.12.1-win32-x86_64\bin\jimage.dll
Event: 0.342 Loaded shared library C:\Users\jaimi\.vscode\extensions\redhat.java-1.56.0-win32-x64\jre\21.0.12.1-win32-x86_64\bin\jimage.dll
Event: 0.592 Attempting to load shared library c:\Users\jaimi\.vscode\extensions\redhat.java-1.56.0-win32-x64\jre\21.0.12.1-win32-x86_64\bin\verify.dll
Event: 0.593 Loaded shared library c:\Users\jaimi\.vscode\extensions\redhat.java-1.56.0-win32-x64\jre\21.0.12.1-win32-x86_64\bin\verify.dll
Event: 4.122 Attempting to load shared library C:\Users\jaimi\AppData\Roaming\Code\User\globalStorage\redhat.java\1.56.0\config_win\org.eclipse.equinox.launcher\org.eclipse.equinox.launcher.win32.win32.x86_64_1.3.100.v20260804-1928\eclipse_11924.dll
Event: 4.125 Loaded shared library C:\Users\jaimi\AppData\Roaming\Code\User\globalStorage\redhat.java\1.56.0\config_win\org.eclipse.equinox.launcher\org.eclipse.equinox.launcher.win32.win32.x86_64_1.3.100.v20260804-1928\eclipse_11924.dll

Deoptimization events (20 events):
Event: 15.892 Thread 0x0000019e8a40c840 Uncommon trap: trap_request=0xffffff45 fr.pc=0x0000019e33cfcb5c relative=0x0000000000000c5c
Event: 15.892 Thread 0x0000019e8a40c840 Uncommon trap: reason=unstable_if action=reinterpret pc=0x0000019e33cfcb5c method=java.io.DataInputStream.readFully([BII)V @ 37 c2
Event: 15.892 Thread 0x0000019e8a40c840 DEOPT PACKING pc=0x0000019e33cfcb5c sp=0x00000056b17f4f30
Event: 15.892 Thread 0x0000019e8a40c840 DEOPT UNPACKING pc=0x0000019e336b3a9c sp=0x00000056b17f4e10 mode 2
Event: 15.918 Thread 0x0000019e8a40c840 DEOPT PACKING pc=0x0000019e2c750c4e sp=0x00000056b17f4d60
Event: 15.918 Thread 0x0000019e8a40c840 DEOPT UNPACKING pc=0x0000019e336b4223 sp=0x00000056b17f42a0 mode 0
Event: 15.919 Thread 0x0000019e8a40c840 Uncommon trap: trap_request=0xffffff45 fr.pc=0x0000019e33c6aae4 relative=0x0000000000000524
Event: 15.919 Thread 0x0000019e8a40c840 Uncommon trap: reason=unstable_if action=reinterpret pc=0x0000019e33c6aae4 method=java.io.BufferedInputStream.read1([BII)I @ 73 c2
Event: 15.919 Thread 0x0000019e8a40c840 DEOPT PACKING pc=0x0000019e33c6aae4 sp=0x00000056b17f4be0
Event: 15.919 Thread 0x0000019e8a40c840 DEOPT UNPACKING pc=0x0000019e336b3a9c sp=0x00000056b17f4b10 mode 2
Event: 15.919 Thread 0x0000019e8a40c840 Uncommon trap: trap_request=0xffffff45 fr.pc=0x0000019e33cfba2c relative=0x000000000000016c
Event: 15.919 Thread 0x0000019e8a40c840 Uncommon trap: reason=unstable_if action=reinterpret pc=0x0000019e33cfba2c method=java.io.DataInputStream.readFully([BII)V @ 37 c2
Event: 15.919 Thread 0x0000019e8a40c840 DEOPT PACKING pc=0x0000019e33cfba2c sp=0x00000056b17f4d70
Event: 15.919 Thread 0x0000019e8a40c840 DEOPT UNPACKING pc=0x0000019e336b3a9c sp=0x00000056b17f4d00 mode 2
Event: 15.943 Thread 0x0000019e8a40c840 DEOPT PACKING pc=0x0000019e2c750c4e sp=0x00000056b17f4d60
Event: 15.943 Thread 0x0000019e8a40c840 DEOPT UNPACKING pc=0x0000019e336b4223 sp=0x00000056b17f42a0 mode 0
Event: 15.963 Thread 0x0000019e8a40c840 Uncommon trap: trap_request=0xffffff45 fr.pc=0x0000019e33c6c6d4 relative=0x0000000000000174
Event: 15.963 Thread 0x0000019e8a40c840 Uncommon trap: reason=unstable_if action=reinterpret pc=0x0000019e33c6c6d4 method=java.io.BufferedInputStream.read1([BII)I @ 73 c2
Event: 15.963 Thread 0x0000019e8a40c840 DEOPT PACKING pc=0x0000019e33c6c6d4 sp=0x00000056b17f4af0
Event: 15.963 Thread 0x0000019e8a40c840 DEOPT UNPACKING pc=0x0000019e336b3a9c sp=0x00000056b17f4a90 mode 2

Classes loaded (20 events):
Event: 15.127 Loading class java/text/FieldPosition$Delegate
Event: 15.127 Loading class java/text/FieldPosition$Delegate done
Event: 15.127 Loading class java/text/MessageFormat$Field
Event: 15.128 Loading class java/text/MessageFormat$Field done
Event: 15.162 Loading class java/util/stream/SortedOps
Event: 15.162 Loading class java/util/stream/SortedOps done
Event: 15.162 Loading class java/util/stream/SortedOps$OfRef
Event: 15.162 Loading class java/util/stream/ReferencePipeline$StatefulOp
Event: 15.163 Loading class java/util/stream/ReferencePipeline$StatefulOp done
Event: 15.163 Loading class java/util/stream/SortedOps$OfRef done
Event: 15.164 Loading class java/util/stream/SortedOps$RefSortingSink
Event: 15.164 Loading class java/util/stream/SortedOps$AbstractRefSortingSink
Event: 15.164 Loading class java/util/stream/SortedOps$AbstractRefSortingSink done
Event: 15.164 Loading class java/util/stream/SortedOps$RefSortingSink done
Event: 15.260 Loading class java/util/zip/ZipOutputStream
Event: 15.260 Loading class java/util/zip/DeflaterOutputStream
Event: 15.260 Loading class java/util/zip/DeflaterOutputStream done
Event: 15.260 Loading class java/util/zip/ZipOutputStream done
Event: 15.880 Loading class java/io/FilenameFilter
Event: 15.880 Loading class java/io/FilenameFilter done

Classes unloaded (0 events):
No events

Classes redefined (0 events):
No events

Internal exceptions (20 events):
Event: 3.403 Thread 0x0000019e28f21f30 Exception <a 'java/lang/ClassNotFoundException'{0x00000007ac01bcf8}: sun/net/www/protocol/plurl/Handler> (0x00000007ac01bcf8) 
thrown [s\src\hotspot\share\classfile\systemDictionary.cpp, line 313]
Event: 4.118 Thread 0x0000019e28f21f30 Exception <a 'java/lang/UnsatisfiedLinkError'{0x00000007aaba4748}: 'void org.eclipse.equinox.launcher.JNIBridge._update_splash()'> (0x00000007aaba4748) 
thrown [s\src\hotspot\share\prims\nativeLookup.cpp, line 415]
Event: 4.396 Thread 0x0000019e8a5775d0 Exception <a 'java/lang/NoSuchMethodError'{0x00000007aae668c0}: 'void java.lang.invoke.DirectMethodHandle$Holder.invokeInterface(java.lang.Object, java.lang.Object, java.lang.Object)'> (0x00000007aae668c0) 
thrown [s\src\hotspot\share\interpreter\linkResolver.cpp, line 773]
Event: 4.942 Thread 0x0000019e8a40c840 Exception <a 'java/lang/NoSuchMethodError'{0x00000007ab24d528}: 'java.lang.Object java.lang.invoke.DirectMethodHandle$Holder.newInvokeSpecial(java.lang.Object, java.lang.Object, int, java.lang.Object)'> (0x00000007ab24d528) 
thrown [s\src\hotspot\share\interpreter\linkResolver.cpp, line 773]
Event: 4.944 Thread 0x0000019e8a40c840 Exception <a 'java/lang/NoSuchMethodError'{0x00000007ab251358}: 'java.lang.Object java.lang.invoke.DirectMethodHandle$Holder.invokeSpecial(java.lang.Object, java.lang.Object, java.lang.Object, int, java.lang.Object)'> (0x00000007ab251358) 
thrown [s\src\hotspot\share\interpreter\linkResolver.cpp, line 773]
Event: 4.999 Thread 0x0000019e8a40c840 Exception <a 'java/lang/NoClassDefFoundError'{0x00000007ab2f7c50}: jakarta/servlet/ServletContainerInitializer> (0x00000007ab2f7c50) 
thrown [s\src\hotspot\share\classfile\systemDictionary.cpp, line 302]
Event: 5.079 Thread 0x0000019e8a40c840 Exception <a 'java/lang/ClassNotFoundException'{0x00000007ab453a38}: sun/util/logging/resources/spi/loggingProvider> (0x00000007ab453a38) 
thrown [s\src\hotspot\share\classfile\systemDictionary.cpp, line 313]
Event: 11.323 Thread 0x0000019e8a40c840 Exception <a 'java/lang/NullPointerException'{0x00000007abd22f48}> (0x00000007abd22f48) 
thrown [s\src\hotspot\share\interpreter\linkResolver.cpp, line 1372]
Event: 11.323 Thread 0x0000019e8a40c840 Exception <a 'java/lang/NullPointerException'{0x00000007abd23228}> (0x00000007abd23228) 
thrown [s\src\hotspot\share\interpreter\linkResolver.cpp, line 1372]
Event: 12.592 Thread 0x0000019e8a40c840 Exception <a 'java/lang/NoSuchMethodError'{0x00000007aade25c0}: 'long java.lang.invoke.DirectMethodHandle$Holder.invokeSpecial(java.lang.Object, java.lang.Object)'> (0x00000007aade25c0) 
thrown [s\src\hotspot\share\interpreter\linkResolver.cpp, line 773]
Event: 12.839 Thread 0x0000019e8a40c840 Exception <a 'java/io/FileNotFoundException'{0x00000007aafea408}> (0x00000007aafea408) 
thrown [s\src\hotspot\share\prims\jni.cpp, line 520]
Event: 13.861 Thread 0x0000019e8a40c840 Exception <a 'java/lang/NoSuchMethodError'{0x00000007ab522548}: 'java.lang.Object java.lang.invoke.Invokers$Holder.linkToTargetMethod(java.lang.Object, long, java.lang.Object)'> (0x00000007ab522548) 
thrown [s\src\hotspot\share\interpreter\linkResolver.cpp, line 773]
Event: 14.604 Thread 0x0000019e8a40c840 Exception <a 'java/lang/NoSuchMethodError'{0x00000007abac24c8}: 'void java.lang.invoke.Invokers$Holder.invokeExact_MT(java.lang.Object, java.lang.Object, java.lang.Object)'> (0x00000007abac24c8) 
thrown [s\src\hotspot\share\interpreter\linkResolver.cpp, line 773]
Event: 14.926 Thread 0x0000019e8a40c840 Exception <a 'java/lang/NoSuchMethodError'{0x00000007abdbb658}: 'java.lang.Object java.lang.invoke.DirectMethodHandle$Holder.invokeVirtual(java.lang.Object, java.lang.Object, java.lang.Object)'> (0x00000007abdbb658) 
thrown [s\src\hotspot\share\interpreter\linkResolver.cpp, line 773]
Event: 14.931 Thread 0x0000019e8a40c840 Exception <a 'java/lang/NoSuchMethodError'{0x00000007abdd39f0}: 'java.lang.Object java.lang.invoke.DelegatingMethodHandle$Holder.reinvoke_L(java.lang.Object, java.lang.Object, java.lang.Object, java.lang.Object, int, int)'> (0x00000007abdd39f0) 
thrown [s\src\hotspot\share\interpreter\linkResolver.cpp, line 773]
Event: 14.946 Thread 0x0000019e8a40c840 Exception <a 'java/lang/NoSuchMethodError'{0x00000007abdf0078}: 'java.lang.Object java.lang.invoke.DirectMethodHandle$Holder.newInvokeSpecial(java.lang.Object, java.lang.Object, java.lang.Object, java.lang.Object, java.lang.Object, java.lang.Object)'> (0x00000007abdf0078) 
thrown [s\src\hotspot\share\interpreter\linkResolver.cpp, line 773]
Event: 14.957 Thread 0x0000019e8a40c840 Exception <a 'java/lang/NoSuchMethodError'{0x00000007abe1be18}: 'void java.lang.invoke.Invokers$Holder.invokeExact_MT(java.lang.Object, java.lang.Object, java.lang.Object, java.lang.Object)'> (0x00000007abe1be18) 
thrown [s\src\hotspot\share\interpreter\linkResolver.cpp, line 773]
Event: 15.137 Thread 0x0000019e8a40c840 Exception <a 'java/io/FileNotFoundException'{0x00000007ac0dfd90}> (0x00000007ac0dfd90) 
thrown [s\src\hotspot\share\prims\jni.cpp, line 520]
Event: 15.140 Thread 0x0000019e8a40c840 Exception <a 'java/io/FileNotFoundException'{0x00000007ac0f3248}> (0x00000007ac0f3248) 
thrown [s\src\hotspot\share\prims\jni.cpp, line 520]
Event: 15.879 Thread 0x0000019e8a40c840 Exception <a 'java/lang/NoSuchMethodError'{0x00000007aab056e0}: 'java.lang.Object java.lang.invoke.DirectMethodHandle$Holder.newInvokeSpecial(java.lang.Object, java.lang.Object, java.lang.Object, java.lang.Object, java.lang.Object)'> (0x00000007aab056e0) 
thrown [s\src\hotspot\share\interpreter\linkResolver.cpp, line 773]

ZGC Phase Switch (0 events):
No events

VM Operations (20 events):
Event: 8.206 Executing non-safepoint VM operation: HandshakeAllThreads (Deoptimize)
Event: 8.206 Executing non-safepoint VM operation: HandshakeAllThreads (Deoptimize) done
Event: 9.209 Executing safepoint VM operation: Cleanup
Event: 9.432 Executing safepoint VM operation: Cleanup done
Event: 10.447 Executing safepoint VM operation: Cleanup
Event: 10.447 Executing safepoint VM operation: Cleanup done
Event: 11.463 Executing safepoint VM operation: Cleanup
Event: 11.463 Executing safepoint VM operation: Cleanup done
Event: 12.051 Executing non-safepoint VM operation: HandshakeAllThreads (Deoptimize)
Event: 12.051 Executing non-safepoint VM operation: HandshakeAllThreads (Deoptimize) done
Event: 12.233 Executing safepoint VM operation: ParallelGCFailedAllocation (Allocation Failure)
Event: 12.254 Executing safepoint VM operation: ParallelGCFailedAllocation (Allocation Failure) done
Event: 13.256 Executing safepoint VM operation: Cleanup
Event: 13.307 Executing safepoint VM operation: Cleanup done
Event: 14.314 Executing safepoint VM operation: Cleanup
Event: 14.314 Executing safepoint VM operation: Cleanup done
Event: 15.163 Executing non-safepoint VM operation: HandshakeAllThreads (Deoptimize)
Event: 15.164 Executing non-safepoint VM operation: HandshakeAllThreads (Deoptimize) done
Event: 15.860 Executing safepoint VM operation: ParallelGCFailedAllocation (Allocation Failure)
Event: 15.876 Executing safepoint VM operation: ParallelGCFailedAllocation (Allocation Failure) done

Memory protections (0 events):
No events

Nmethod flushes (0 events):
No events

Events (18 events):
Event: 0.071 Thread 0x0000019e28f21f30 Thread added: 0x0000019e28f21f30
Event: 0.103 Thread 0x0000019e28f21f30 Thread added: 0x0000019e44226a60
Event: 0.104 Thread 0x0000019e28f21f30 Thread added: 0x0000019e442280b0
Event: 0.104 Thread 0x0000019e28f21f30 Thread added: 0x0000019e4422b710
Event: 0.104 Thread 0x0000019e28f21f30 Thread added: 0x0000019e4422c370
Event: 0.104 Thread 0x0000019e28f21f30 Thread added: 0x0000019e4422ede0
Event: 0.105 Thread 0x0000019e28f21f30 Thread added: 0x0000019e4422fac0
Event: 0.105 Thread 0x0000019e28f21f30 Thread added: 0x0000019e44234910
Event: 0.106 Thread 0x0000019e28f21f30 Thread added: 0x0000019e44257060
Event: 0.274 Thread 0x0000019e28f21f30 Thread added: 0x0000019e44aa4d00
Event: 0.843 Thread 0x0000019e28f21f30 Thread added: 0x0000019e44bc61b0
Event: 3.228 Thread 0x0000019e28f21f30 Thread added: 0x0000019e8a53afa0
Event: 4.114 Thread 0x0000019e28f21f30 Thread added: 0x0000019e8a5775d0
Event: 4.405 Thread 0x0000019e8a5775d0 Thread added: 0x0000019e8a40be00
Event: 4.470 Thread 0x0000019e28f21f30 Thread added: 0x0000019e8a40c840
Event: 8.168 Thread 0x0000019e8a40c840 Thread added: 0x0000019e8a6b27a0
Event: 11.156 Thread 0x0000019e8a40c840 Thread added: 0x0000019e8a81a790
Event: 14.449 Thread 0x0000019e8a40c840 Thread added: 0x0000019e8a4212b0


Dynamic libraries:
0x00007ff7250c0000 - 0x00007ff7250ce000 	c:\Users\jaimi\.vscode\extensions\redhat.java-1.56.0-win32-x64\jre\21.0.12.1-win32-x86_64\bin\java.exe
0x00007ffe32830000 - 0x00007ffe32a28000 	C:\Windows\SYSTEM32\ntdll.dll
0x00007ffe31600000 - 0x00007ffe316c2000 	C:\Windows\System32\KERNEL32.DLL
0x00007ffe30550000 - 0x00007ffe30846000 	C:\Windows\System32\KERNELBASE.dll
0x00007ffe30250000 - 0x00007ffe30350000 	C:\Windows\System32\ucrtbase.dll
0x00007ffe27e20000 - 0x00007ffe27e38000 	c:\Users\jaimi\.vscode\extensions\redhat.java-1.56.0-win32-x64\jre\21.0.12.1-win32-x86_64\bin\jli.dll
0x00007ffe31bc0000 - 0x00007ffe31d61000 	C:\Windows\System32\USER32.dll
0x00007ffe2ffe0000 - 0x00007ffe30002000 	C:\Windows\System32\win32u.dll
0x00007ffe309a0000 - 0x00007ffe309cb000 	C:\Windows\System32\GDI32.dll
0x00007ffe2fec0000 - 0x00007ffe2ffd9000 	C:\Windows\System32\gdi32full.dll
0x00007ffe30350000 - 0x00007ffe303ed000 	C:\Windows\System32\msvcp_win.dll
0x00007ffe18c50000 - 0x00007ffe18c6e000 	c:\Users\jaimi\.vscode\extensions\redhat.java-1.56.0-win32-x64\jre\21.0.12.1-win32-x86_64\bin\VCRUNTIME140.dll
0x00007ffe18550000 - 0x00007ffe187eb000 	C:\Windows\WinSxS\amd64_microsoft.windows.common-controls_6595b64144ccf1df_6.0.19041.6456_none_60b8a6cb71f64256\COMCTL32.dll
0x00007ffe31020000 - 0x00007ffe310be000 	C:\Windows\System32\msvcrt.dll
0x00007ffe30b90000 - 0x00007ffe30bbf000 	C:\Windows\System32\IMM32.DLL
0x00007ffe2cfd0000 - 0x00007ffe2cfdc000 	c:\Users\jaimi\.vscode\extensions\redhat.java-1.56.0-win32-x64\jre\21.0.12.1-win32-x86_64\bin\vcruntime140_1.dll
0x00007ffdfe360000 - 0x00007ffdfe3ed000 	c:\Users\jaimi\.vscode\extensions\redhat.java-1.56.0-win32-x64\jre\21.0.12.1-win32-x86_64\bin\msvcp140.dll
0x00007ffdb5a90000 - 0x00007ffdb6832000 	c:\Users\jaimi\.vscode\extensions\redhat.java-1.56.0-win32-x64\jre\21.0.12.1-win32-x86_64\bin\server\jvm.dll
0x00007ffe31540000 - 0x00007ffe315f1000 	C:\Windows\System32\ADVAPI32.dll
0x00007ffe30ea0000 - 0x00007ffe30f3f000 	C:\Windows\System32\sechost.dll
0x00007ffe31420000 - 0x00007ffe31540000 	C:\Windows\System32\RPCRT4.dll
0x00007ffe30060000 - 0x00007ffe30087000 	C:\Windows\System32\bcrypt.dll
0x00007ffe316d0000 - 0x00007ffe3173b000 	C:\Windows\System32\WS2_32.dll
0x00007ffe2f6d0000 - 0x00007ffe2f71b000 	C:\Windows\SYSTEM32\POWRPROF.dll
0x00007ffe13e40000 - 0x00007ffe13e67000 	C:\Windows\SYSTEM32\WINMM.dll
0x00007ffe1fbe0000 - 0x00007ffe1fbea000 	C:\Windows\SYSTEM32\VERSION.dll
0x00007ffe2f650000 - 0x00007ffe2f662000 	C:\Windows\SYSTEM32\UMPDC.dll
0x00007ffe2e6d0000 - 0x00007ffe2e6e2000 	C:\Windows\SYSTEM32\kernel.appcore.dll
0x00007ffe29250000 - 0x00007ffe2925a000 	c:\Users\jaimi\.vscode\extensions\redhat.java-1.56.0-win32-x64\jre\21.0.12.1-win32-x86_64\bin\jimage.dll
0x00007ffe2e3b0000 - 0x00007ffe2e5b1000 	C:\Windows\SYSTEM32\DBGHELP.DLL
0x00007ffe14c50000 - 0x00007ffe14c84000 	C:\Windows\SYSTEM32\dbgcore.DLL
0x00007ffe30140000 - 0x00007ffe301c2000 	C:\Windows\System32\bcryptPrimitives.dll
0x00007ffe29220000 - 0x00007ffe2922f000 	c:\Users\jaimi\.vscode\extensions\redhat.java-1.56.0-win32-x64\jre\21.0.12.1-win32-x86_64\bin\instrument.dll
0x00007ffe189f0000 - 0x00007ffe18a10000 	c:\Users\jaimi\.vscode\extensions\redhat.java-1.56.0-win32-x64\jre\21.0.12.1-win32-x86_64\bin\java.dll
0x00007ffe31d70000 - 0x00007ffe324e0000 	C:\Windows\System32\SHELL32.dll
0x00007ffe2db30000 - 0x00007ffe2e2d5000 	C:\Windows\SYSTEM32\windows.storage.dll
0x00007ffe310c0000 - 0x00007ffe31414000 	C:\Windows\System32\combase.dll
0x00007ffe2f8f0000 - 0x00007ffe2f91b000 	C:\Windows\SYSTEM32\Wldp.dll
0x00007ffe30f50000 - 0x00007ffe3101d000 	C:\Windows\System32\OLEAUT32.dll
0x00007ffe309d0000 - 0x00007ffe30a7d000 	C:\Windows\System32\SHCORE.dll
0x00007ffe30850000 - 0x00007ffe308ab000 	C:\Windows\System32\shlwapi.dll
0x00007ffe2fdf0000 - 0x00007ffe2fe14000 	C:\Windows\SYSTEM32\profapi.dll
0x00007ffe2aa80000 - 0x00007ffe2aa98000 	c:\Users\jaimi\.vscode\extensions\redhat.java-1.56.0-win32-x64\jre\21.0.12.1-win32-x86_64\bin\zip.dll
0x00007ffe2aa70000 - 0x00007ffe2aa80000 	C:\Users\jaimi\.vscode\extensions\redhat.java-1.56.0-win32-x64\jre\21.0.12.1-win32-x86_64\bin\net.dll
0x00007ffe248a0000 - 0x00007ffe249aa000 	C:\Windows\SYSTEM32\WINHTTP.dll
0x00007ffe2f5e0000 - 0x00007ffe2f64a000 	C:\Windows\system32\mswsock.dll
0x00007ffe2aa50000 - 0x00007ffe2aa66000 	C:\Users\jaimi\.vscode\extensions\redhat.java-1.56.0-win32-x64\jre\21.0.12.1-win32-x86_64\bin\nio.dll
0x00007ffe2aa40000 - 0x00007ffe2aa50000 	c:\Users\jaimi\.vscode\extensions\redhat.java-1.56.0-win32-x64\jre\21.0.12.1-win32-x86_64\bin\verify.dll
0x00007ffe10880000 - 0x00007ffe108c5000 	C:\Users\jaimi\AppData\Roaming\Code\User\globalStorage\redhat.java\1.56.0\config_win\org.eclipse.equinox.launcher\org.eclipse.equinox.launcher.win32.win32.x86_64_1.3.100.v20260804-1928\eclipse_11924.dll
0x00007ffe30bc0000 - 0x00007ffe30ceb000 	C:\Windows\System32\ole32.dll

JVMTI agents:
c:\Users\jaimi\.vscode\extensions\redhat.java-1.56.0-win32-x64\lombok\lombok-1.18.39-4050.jar path:c:\Users\jaimi\.vscode\extensions\redhat.java-1.56.0-win32-x64\jre\21.0.12.1-win32-x86_64\bin\instrument.dll, loaded, initialized, instrumentlib options:none

dbghelp: loaded successfully - version: 4.0.5 - missing functions: none
symbol engine: initialized successfully - sym options: 0x614 - pdb path: .;c:\Users\jaimi\.vscode\extensions\redhat.java-1.56.0-win32-x64\jre\21.0.12.1-win32-x86_64\bin;C:\Windows\SYSTEM32;C:\Windows\WinSxS\amd64_microsoft.windows.common-controls_6595b64144ccf1df_6.0.19041.6456_none_60b8a6cb71f64256;c:\Users\jaimi\.vscode\extensions\redhat.java-1.56.0-win32-x64\jre\21.0.12.1-win32-x86_64\bin\server;C:\Users\jaimi\AppData\Roaming\Code\User\globalStorage\redhat.java\1.56.0\config_win\org.eclipse.equinox.launcher\org.eclipse.equinox.launcher.win32.win32.x86_64_1.3.100.v20260804-1928

VM Arguments:
jvm_args: --add-modules=ALL-SYSTEM --add-opens=java.base/java.util=ALL-UNNAMED --add-opens=java.base/java.lang=ALL-UNNAMED --add-opens=java.base/sun.nio.fs=ALL-UNNAMED -Declipse.application=org.eclipse.jdt.ls.core.id1 -Dosgi.bundles.defaultStartLevel=4 -Declipse.product=org.eclipse.jdt.ls.core.product -Djava.import.generatesMetadataFilesAtProjectRoot=false -Dm2e.project.cache.size=50 -DDetectVMInstallationsJob.disabled=true -Dfile.encoding=utf8 -XX:+UseParallelGC -XX:GCTimeRatio=4 -XX:AdaptiveSizePolicyWeight=90 -Dsun.zip.disableMemoryMapping=true -Xmx4G -Xms100m -Xlog:disable -javaagent:c:\Users\jaimi\.vscode\extensions\redhat.java-1.56.0-win32-x64\lombok\lombok-1.18.39-4050.jar -XX:+HeapDumpOnOutOfMemoryError -XX:HeapDumpPath=c:\Users\jaimi\AppData\Roaming\Code\User\workspaceStorage\7b1695ebeb44925a89a06e7ce4c3f07f\redhat.java -Daether.dependencyCollector.impl=bf 
java_command: c:\Users\jaimi\.vscode\extensions\redhat.java-1.56.0-win32-x64\server\plugins\org.eclipse.equinox.launcher_1.8.0.v20260804-1928.jar -configuration c:\Users\jaimi\AppData\Roaming\Code\User\globalStorage\redhat.java\1.56.0\config_win -data c:\Users\jaimi\AppData\Roaming\Code\User\workspaceStorage\7b1695ebeb44925a89a06e7ce4c3f07f\redhat.java\jdt_ws --stdio
java_class_path (initial): c:\Users\jaimi\.vscode\extensions\redhat.java-1.56.0-win32-x64\server\plugins\org.eclipse.equinox.launcher_1.8.0.v20260804-1928.jar
Launcher Type: SUN_STANDARD

[Global flags]
    uintx AdaptiveSizePolicyWeight                 = 90                                        {product} {command line}
     intx CICompilerCount                          = 2                                         {product} {ergonomic}
    uintx GCTimeRatio                              = 4                                         {product} {command line}
     bool HeapDumpOnOutOfMemoryError               = true                                   {manageable} {command line}
    ccstr HeapDumpPath                             = c:\Users\jaimi\AppData\Roaming\Code\User\workspaceStorage\7b1695ebeb44925a89a06e7ce4c3f07f\redhat.java         {manageable} {command line}
   size_t InitialHeapSize                          = 104857600                                 {product} {command line}
   size_t MaxHeapSize                              = 4294967296                                {product} {command line}
   size_t MaxNewSize                               = 1431306240                                {product} {ergonomic}
   size_t MinHeapDeltaBytes                        = 524288                                    {product} {ergonomic}
   size_t MinHeapSize                              = 104857600                                 {product} {command line}
   size_t NewSize                                  = 34603008                                  {product} {ergonomic}
    uintx NonNMethodCodeHeapSize                   = 5826188                                {pd product} {ergonomic}
    uintx NonProfiledCodeHeapSize                  = 122916026                              {pd product} {ergonomic}
   size_t OldSize                                  = 70254592                                  {product} {ergonomic}
    uintx ProfiledCodeHeapSize                     = 122916026                              {pd product} {ergonomic}
    uintx ReservedCodeCacheSize                    = 251658240                              {pd product} {ergonomic}
     bool SegmentedCodeCache                       = true                                      {product} {ergonomic}
   size_t SoftMaxHeapSize                          = 4294967296                             {manageable} {ergonomic}
     bool UseCompressedOops                        = true                           {product lp64_product} {ergonomic}
     bool UseLargePagesIndividualAllocation        = false                                  {pd product} {ergonomic}
     bool UseParallelGC                            = true                                      {product} {command line}

Logging:
Log output configuration:
 #0: stdout all=off uptime,level,tags foldmultilines=false
 #1: stderr all=off uptime,level,tags foldmultilines=false

Release file:
JAVA_VERSION="21.0.12.1" 
MODULES="java.base java.compiler java.datatransfer java.xml java.prefs java.desktop java.instrument java.logging java.management java.security.sasl java.naming java.rmi java.management.rmi java.net.http java.scripting java.security.jgss java.transaction.xa java.sql java.sql.rowset java.xml.crypto java.se java.smartcardio jdk.accessibility jdk.internal.jvmstat jdk.attach jdk.charsets jdk.internal.opt jdk.zipfs jdk.compiler jdk.crypto.ec jdk.crypto.cryptoki jdk.crypto.mscapi jdk.dynalink jdk.internal.ed jdk.editpad jdk.hotspot.agent jdk.httpserver jdk.internal.le jdk.internal.vm.ci jdk.internal.vm.compiler jdk.internal.vm.compiler.management jdk.jartool jdk.javadoc jdk.jcmd jdk.management jdk.management.agent jdk.jconsole jdk.jdeps jdk.jdwp.agent jdk.jdi jdk.jfr jdk.jshell jdk.jsobject jdk.jstatd jdk.localedata jdk.management.jfr jdk.naming.dns jdk.naming.rmi jdk.net jdk.nio.mapmode jdk.random jdk.sctp jdk.security.auth jdk.security.jgss jdk.unsupported jdk.unsupported.desktop jdk.xml.dom" 

Environment Variables:
JAVA_HOME=C:\Program Files\Java\jdk1.8.0_503
PATH=C:\Program Files (x86)\Common Files\Oracle\Java\java8path;C:\Program Files (x86)\Common Files\Oracle\Java\javapath;C:\Windows\system32;C:\Windows;C:\Windows\System32\Wbem;C:\Windows\System32\WindowsPowerShell\v1.0\;C:\Windows\System32\OpenSSH\;C:\Program Files\Git\cmd;C:\Users\jaimi\OneDrive\Documentos\programacao\calculatorProject\omniORB\bin;C:\Users\jaimi\AppData\Local\Programs\Python\Python313\;C:\Users\jaimi\AppData\Local\Programs\Python\Launcher\;C:\Users\jaimi\AppData\Local\Microsoft\WindowsApps;C:\Users\jaimi\AppData\Local\Programs\Microsoft VS Code\bin;D:\programs files\PyCharm Community Edition 2024.1.4\bin;;C:\msys64\mingw64\bin;C:\msys64\usr\bin;C:\omniORB\bin\x86_win32;C:\Program Files\Java\jdk1.8.0_503;C:\apache-maven-3.9.16\bin;C:\Program Files\Java\jdk1.8.0_503\bin;
USERNAME=jaimi
OS=Windows_NT
PROCESSOR_IDENTIFIER=Intel64 Family 6 Model 122 Stepping 8, GenuineIntel
TMP=C:\Users\jaimi\AppData\Local\Temp
TEMP=C:\Users\jaimi\AppData\Local\Temp




Periodic native trim disabled

---------------  S Y S T E M  ---------------

OS:
 Windows 10 , 64 bit Build 19041 (10.0.19041.5915)
OS uptime: 0 days 3:02 hours

CPU: total 2 (initial active 2) (2 cores per cpu, 1 threads per core) family 6 model 122 stepping 8 microcode 0x22, cx8, cmov, fxsr, mmx, 3dnowpref, sse, sse2, sse3, ssse3, sse4.1, sse4.2, popcnt, tsc, tscinvbit, aes, erms, clmul, sha, clflush, clflushopt, rdtscp, rdpid
Processor Information for the first 2 processors :
  Max Mhz: 1101, Current Mhz: 1101, Mhz Limit: 1101

Memory: 4k page, system-wide physical 8008M (2165M free)
TotalPageFile size 10227M (AvailPageFile size 3M)
current process WorkingSet (physical memory assigned to process): 118M, peak: 118M
current process commit charge ("private bytes"): 307M, peak: 310M

vm_info: OpenJDK 64-Bit Server VM (21.0.12.1+1-LTS) for windows-amd64 JRE (21.0.12.1+1-LTS), built on 2026-08-18T00:00:00Z by "admin" with MS VC++ 17.12 (VS2022)

END.
