#
# There is insufficient memory for the Java Runtime Environment to continue.
# Native memory allocation (malloc) failed to allocate 4088 bytes. Error detail: AllocateHeap
# Possible reasons:
#   The system is out of physical RAM or swap space
#   This process is running with CompressedOops enabled, and the Java Heap may be blocking the growth of the native heap
# Possible solutions:
#   Reduce memory load on the system
#   Increase physical memory or swap space
#   Check if swap backing store is full
#   Decrease Java heap size (-Xmx/-Xms)
#   Decrease number of Java threads
#   Decrease Java thread stack sizes (-Xss)
#   Set larger code cache with -XX:ReservedCodeCacheSize=
#   JVM is running with Zero Based Compressed Oops mode in which the Java heap is
#     placed in the first 32GB address space. The Java Heap base address is the
#     maximum limit for the native heap growth. Please use -XX:HeapBaseMinAddress
#     to set the Java Heap base and to place the Java Heap above 32GB virtual address.
# This output file may be truncated or incomplete.
#
#  Out of Memory Error (allocation.cpp:44), pid=10488, tid=8892
#
# JRE version: OpenJDK Runtime Environment Temurin-21.0.12.1+1 (21.0.12.1+1) (build 21.0.12.1+1-LTS)
# Java VM: OpenJDK 64-Bit Server VM Temurin-21.0.12.1+1 (21.0.12.1+1-LTS, mixed mode, sharing, tiered, compressed oops, compressed class ptrs, parallel gc, windows-amd64)
# No core dump will be written. Minidumps are not enabled by default on client versions of Windows
#

---------------  S U M M A R Y ------------

Command Line: --add-modules=ALL-SYSTEM --add-opens=java.base/java.util=ALL-UNNAMED --add-opens=java.base/java.lang=ALL-UNNAMED --add-opens=java.base/sun.nio.fs=ALL-UNNAMED -Declipse.application=org.eclipse.jdt.ls.core.id1 -Dosgi.bundles.defaultStartLevel=4 -Declipse.product=org.eclipse.jdt.ls.core.product -Djava.import.generatesMetadataFilesAtProjectRoot=false -Dm2e.project.cache.size=50 -DDetectVMInstallationsJob.disabled=true -Dfile.encoding=utf8 -XX:+UseParallelGC -XX:GCTimeRatio=4 -XX:AdaptiveSizePolicyWeight=90 -Dsun.zip.disableMemoryMapping=true -Xmx4G -Xms100m -Xlog:disable -javaagent:c:\Users\jaimi\.vscode\extensions\redhat.java-1.56.0-win32-x64\lombok\lombok-1.18.39-4050.jar -XX:+HeapDumpOnOutOfMemoryError -XX:HeapDumpPath=c:\Users\jaimi\AppData\Roaming\Code\User\workspaceStorage\7b1695ebeb44925a89a06e7ce4c3f07f\redhat.java -Daether.dependencyCollector.impl=bf c:\Users\jaimi\.vscode\extensions\redhat.java-1.56.0-win32-x64\server\plugins\org.eclipse.equinox.launcher_1.8.0.v20260804-1928.jar -configuration c:\Users\jaimi\AppData\Roaming\Code\User\globalStorage\redhat.java\1.56.0\config_win -data c:\Users\jaimi\AppData\Roaming\Code\User\workspaceStorage\7b1695ebeb44925a89a06e7ce4c3f07f\redhat.java\jdt_ws --pipe=\\.\pipe\lsp-5ba6b6e0bf76ccc31d39c7be96543f87-sock

Host: Intel(R) Celeron(R) N4020 CPU @ 1.10GHz, 2 cores, 7G,  Windows 10 , 64 bit Build 19041 (10.0.19041.5915)
Time: Tue Oct  6 17:54:42 2026 South Africa Standard Time elapsed time: 832.418488 seconds (0d 0h 13m 52s)

---------------  T H R E A D  ---------------

Current thread (0x000002d0ea2108c0):  WorkerThread "GC Thread#1"    [id=8892, stack(0x000000d62a900000,0x000000d62aa00000) (1024K)]

Stack: [0x000000d62a900000,0x000000d62aa00000]
Native frames: (J=compiled Java code, j=interpreted, Vv=VM code, C=native code)
V  [jvm.dll+0x6d83e9]
V  [jvm.dll+0x8b5736]
V  [jvm.dll+0x8b7cee]
V  [jvm.dll+0x8b83d3]
V  [jvm.dll+0x284596]
V  [jvm.dll+0xc13c7]
V  [jvm.dll+0x28bca3]
V  [jvm.dll+0x715978]
V  [jvm.dll+0x7160b9]
V  [jvm.dll+0x70bd2a]
V  [jvm.dll+0x70c2c2]
V  [jvm.dll+0x718abe]
V  [jvm.dll+0x8e3751]
V  [jvm.dll+0x8600cd]
V  [jvm.dll+0x6d6c1d]
C  [ucrtbase.dll+0x21bb2]
C  [KERNEL32.DLL+0x17374]
C  [ntdll.dll+0x4cc91]


---------------  P R O C E S S  ---------------

Threads class SMR info:
_java_thread_list=0x000002d0ec1c0960, length=35, elements={
0x000002d0889613a0, 0x000002d0a3c66a30, 0x000002d0a3c68080, 0x000002d0a3c6b6e0,
0x000002d0a3c6c340, 0x000002d0a3c6f030, 0x000002d0a3c6fa90, 0x000002d0a3c748e0,
0x000002d0a3cea260, 0x000002d0e553b1d0, 0x000002d0e5684fd0, 0x000002d0e57d7fa0,
0x000002d0ea1d10b0, 0x000002d0e56e9d80, 0x000002d0ea02e460, 0x000002d0ea2c6320,
0x000002d0ea0e5d10, 0x000002d0e54675e0, 0x000002d0eaa2b7a0, 0x000002d0eaa29d60,
0x000002d0eaa2b110, 0x000002d0eaa2be30, 0x000002d0eaa289b0, 0x000002d0eaa296d0,
0x000002d0eac5ca40, 0x000002d0eac5bd20, 0x000002d0eac5d0d0, 0x000002d0eac5c3b0,
0x000002d0ec1f3160, 0x000002d0ec1f65e0, 0x000002d0eac5e480, 0x000002d0eac5ddf0,
0x000002d0eac5eb10, 0x000002d0eac5d760, 0x000002d0eac5f1a0
}

Java Threads: ( => current thread )
  0x000002d0889613a0 JavaThread "main"                              [_thread_blocked, id=12340, stack(0x000000d629b00000,0x000000d629c00000) (1024K)]
  0x000002d0a3c66a30 JavaThread "Reference Handler"          daemon [_thread_blocked, id=9656, stack(0x000000d629f00000,0x000000d62a000000) (1024K)]
  0x000002d0a3c68080 JavaThread "Finalizer"                  daemon [_thread_blocked, id=14964, stack(0x000000d62a000000,0x000000d62a100000) (1024K)]
  0x000002d0a3c6b6e0 JavaThread "Signal Dispatcher"          daemon [_thread_blocked, id=12400, stack(0x000000d62a100000,0x000000d62a200000) (1024K)]
  0x000002d0a3c6c340 JavaThread "Attach Listener"            daemon [_thread_blocked, id=15184, stack(0x000000d62a200000,0x000000d62a300000) (1024K)]
  0x000002d0a3c6f030 JavaThread "Service Thread"             daemon [_thread_blocked, id=10600, stack(0x000000d62a300000,0x000000d62a400000) (1024K)]
  0x000002d0a3c6fa90 JavaThread "Monitor Deflation Thread"   daemon [_thread_blocked, id=11576, stack(0x000000d62a400000,0x000000d62a500000) (1024K)]
  0x000002d0a3c748e0 JavaThread "C2 CompilerThread0"         daemon [_thread_blocked, id=480, stack(0x000000d62a500000,0x000000d62a600000) (1024K)]
  0x000002d0a3cea260 JavaThread "C1 CompilerThread0"         daemon [_thread_blocked, id=13268, stack(0x000000d62a600000,0x000000d62a700000) (1024K)]
  0x000002d0e553b1d0 JavaThread "Common-Cleaner"             daemon [_thread_blocked, id=12724, stack(0x000000d62a700000,0x000000d62a800000) (1024K)]
  0x000002d0e5684fd0 JavaThread "Notification Thread"        daemon [_thread_blocked, id=6760, stack(0x000000d62a800000,0x000000d62a900000) (1024K)]
  0x000002d0e57d7fa0 JavaThread "Active Thread: Equinox Container: 35d7fd7f-0c83-4300-a532-8c2625abed86"        [_thread_blocked, id=13760, stack(0x000000d62aa00000,0x000000d62ab00000) (1024K)]
  0x000002d0ea1d10b0 JavaThread "Refresh Thread: Equinox Container: 35d7fd7f-0c83-4300-a532-8c2625abed86" daemon [_thread_blocked, id=10624, stack(0x000000d62ab00000,0x000000d62ac00000) (1024K)]
  0x000002d0e56e9d80 JavaThread "Framework Event Dispatcher: Equinox Container: 35d7fd7f-0c83-4300-a532-8c2625abed86" daemon [_thread_blocked, id=14536, stack(0x000000d62ac00000,0x000000d62ad00000) (1024K)]
  0x000002d0ea02e460 JavaThread "Start Level: Equinox Container: 35d7fd7f-0c83-4300-a532-8c2625abed86" daemon [_thread_blocked, id=9132, stack(0x000000d62ad00000,0x000000d62ae00000) (1024K)]
  0x000002d0ea2c6320 JavaThread "Bundle File Closer"         daemon [_thread_blocked, id=8500, stack(0x000000d62ae00000,0x000000d62af00000) (1024K)]
  0x000002d0ea0e5d10 JavaThread "SCR Component Actor"        daemon [_thread_blocked, id=13096, stack(0x000000d62af00000,0x000000d62b000000) (1024K)]
  0x000002d0e54675e0 JavaThread "Worker-JM"                         [_thread_blocked, id=13600, stack(0x000000d62b000000,0x000000d62b100000) (1024K)]
  0x000002d0eaa2b7a0 JavaThread "JNA Cleaner"                daemon [_thread_blocked, id=10324, stack(0x000000d62b100000,0x000000d62b200000) (1024K)]
  0x000002d0eaa29d60 JavaThread "Worker-1"                          [_thread_blocked, id=13236, stack(0x000000d62b300000,0x000000d62b400000) (1024K)]
  0x000002d0eaa2b110 JavaThread "Java indexing"              daemon [_thread_blocked, id=13488, stack(0x000000d62b500000,0x000000d62b600000) (1024K)]
  0x000002d0eaa2be30 JavaThread "Worker-4: Updating workspace"        [_thread_blocked, id=8584, stack(0x000000d62b700000,0x000000d62b800000) (1024K)]
  0x000002d0eaa289b0 JavaThread "Thread-1"                   daemon [_thread_in_native, id=8420, stack(0x000000d62b800000,0x000000d62b900000) (1024K)]
  0x000002d0eaa296d0 JavaThread "Thread-2"                   daemon [_thread_blocked, id=12700, stack(0x000000d62b900000,0x000000d62ba00000) (1024K)]
  0x000002d0eac5ca40 JavaThread "Thread-3"                   daemon [_thread_in_native, id=4360, stack(0x000000d62ba00000,0x000000d62bb00000) (1024K)]
  0x000002d0eac5bd20 JavaThread "pool-2-thread-1"                   [_thread_blocked, id=4448, stack(0x000000d62bb00000,0x000000d62bc00000) (1024K)]
  0x000002d0eac5d0d0 JavaThread "WorkspaceEventsHandler"            [_thread_blocked, id=14228, stack(0x000000d62bc00000,0x000000d62bd00000) (1024K)]
  0x000002d0eac5c3b0 JavaThread "pool-1-thread-1"                   [_thread_blocked, id=13028, stack(0x000000d62bd00000,0x000000d62be00000) (1024K)]
  0x000002d0ec1f3160 JavaThread "Worker-5: Building"                [_thread_blocked, id=14568, stack(0x000000d629a00000,0x000000d629b00000) (1024K)]
  0x000002d0ec1f65e0 JavaThread "PatternSearchJob-worker-2"  daemon [_thread_blocked, id=12372, stack(0x000000d62be00000,0x000000d62bf00000) (1024K)]
  0x000002d0eac5e480 JavaThread "Worker-6: Publish Diagnostics"        [_thread_blocked, id=2860, stack(0x000000d629900000,0x000000d629a00000) (1024K)]
  0x000002d0eac5ddf0 JavaThread "LocalFile Deleter"          daemon [_thread_blocked, id=12808, stack(0x000000d62b200000,0x000000d62b300000) (1024K)]
  0x000002d0eac5eb10 JavaThread "LocalFile Deleter"          daemon [_thread_blocked, id=6660, stack(0x000000d62b600000,0x000000d62b700000) (1024K)]
  0x000002d0eac5d760 JavaThread "Compiler Processing Task"   daemon [_thread_blocked, id=13936, stack(0x000000d62b400000,0x000000d62b500000) (1024K)]
  0x000002d0eac5f1a0 JavaThread "Compiler Class File Writer" daemon [_thread_blocked, id=1596, stack(0x000000d62bf00000,0x000000d62c000000) (1024K)]
Total: 35

Other Threads:
  0x000002d088a1dd90 VMThread "VM Thread"                           [id=10452, stack(0x000000d629e00000,0x000000d629f00000) (1024K)]
  0x000002d0889caf50 WatcherThread "VM Periodic Task Thread"        [id=9128, stack(0x000000d629d00000,0x000000d629e00000) (1024K)]
  0x000002d08897f110 WorkerThread "GC Thread#0"                     [id=4204, stack(0x000000d629c00000,0x000000d629d00000) (1024K)]
=>0x000002d0ea2108c0 WorkerThread "GC Thread#1"                     [id=8892, stack(0x000000d62a900000,0x000000d62aa00000) (1024K)]
Total: 4

Threads with active compile tasks:
Total: 0

VM state: at safepoint (normal execution)

VM Mutex/Monitor currently owned by a thread:  ([mutex/lock_event])
[0x00007ffe4efaf5b0] Threads_lock - owner thread: 0x000002d088a1dd90
[0x00007ffe4efaf6b0] Heap_lock - owner thread: 0x000002d0eac5e480

Heap address: 0x0000000700000000, size: 4096 MB, Compressed Oops mode: Zero based, Oop shift amount: 3

CDS archive(s) mapped at: [0x000002d0a4000000-0x000002d0a4ba0000-0x000002d0a4ba0000), size 12189696, SharedBaseAddress: 0x000002d0a4000000, ArchiveRelocationMode: 1.
Compressed class space mapped at: 0x000002d0a5000000-0x000002d0e5000000, reserved size: 1073741824
Narrow klass base: 0x000002d0a4000000, Narrow klass shift: 0, Narrow klass range: 0x100000000

GC Precious Log:
 CardTable entry size: 512
 CPUs: 2 total, 2 available
 Memory: 8008M
 Large Page Support: Disabled
 NUMA Support: Disabled
 Compressed Oops: Enabled (Zero based)
 Alignments: Space 512K, Generation 512K, Heap 2M
 Heap Min Capacity: 100M
 Heap Initial Capacity: 100M
 Heap Max Capacity: 4G
 Pre-touch: Disabled
 Parallel Workers: 2

Heap:
 PSYoungGen      total 18944K, used 18940K [0x00000007aab00000, 0x00000007ac980000, 0x0000000800000000)
  eden space 15872K, 100% used [0x00000007aab00000,0x00000007aba80000,0x00000007aba80000)
  from space 3072K, 99% used [0x00000007aba80000,0x00000007abd7f020,0x00000007abd80000)
  to   space 7680K, 11% used [0x00000007ac200000,0x00000007ac2e0000,0x00000007ac980000)
 ParOldGen       total 75264K, used 75256K [0x0000000700000000, 0x0000000704980000, 0x00000007aab00000)
  object space 75264K, 99% used [0x0000000700000000,0x000000070497e068,0x0000000704980000)
 Metaspace       used 69553K, committed 71104K, reserved 1114112K
  class space    used 7220K, committed 7872K, reserved 1048576K

Card table byte_map: [0x000002d09ab70000,0x000002d09b380000] _byte_map_base: 0x000002d097370000

Marking Bits: (ParMarkBitMap*) 0x00007ffe4efb44a0
 Begin Bits: [0x000002d09b380000, 0x000002d09f380000)
 End Bits:   [0x000002d09f380000, 0x000002d0a3380000)

Polling page: 0x000002d0866f0000

Metaspace:

Usage:
  Non-class:     60.87 MB used.
      Class:      7.05 MB used.
       Both:     67.92 MB used.

Virtual space:
  Non-class space:       64.00 MB reserved,      61.75 MB ( 96%) committed,  1 nodes.
      Class space:        1.00 GB reserved,       7.69 MB ( <1%) committed,  1 nodes.
             Both:        1.06 GB reserved,      69.44 MB (  6%) committed. 

Chunk freelists:
   Non-Class:  1.47 MB
       Class:  8.32 MB
        Both:  9.79 MB

MaxMetaspaceSize: unlimited
CompressedClassSpaceSize: 1.00 GB
Initial GC threshold: 21.00 MB
Current GC threshold: 97.31 MB
CDS: on
 - commit_granule_bytes: 65536.
 - commit_granule_words: 8192.
 - virtual_space_node_default_size: 8388608.
 - enlarge_chunks_in_place: 1.
 - use_allocation_guard: 0.


Internal statistics:

num_allocs_failed_limit: 9.
num_arena_births: 1362.
num_arena_deaths: 14.
num_vsnodes_births: 2.
num_vsnodes_deaths: 0.
num_space_committed: 1111.
num_space_uncommitted: 0.
num_chunks_returned_to_freelist: 23.
num_chunks_taken_from_freelist: 4742.
num_chunk_merges: 12.
num_chunk_splits: 2865.
num_chunks_enlarged: 1569.
num_inconsistent_stats: 0.

CodeHeap 'non-profiled nmethods': size=120064Kb used=9928Kb max_used=9928Kb free=110135Kb
 bounds [0x000002d093630000, 0x000002d093ff0000, 0x000002d09ab70000]
CodeHeap 'profiled nmethods': size=120000Kb used=30724Kb max_used=30724Kb free=89275Kb
 bounds [0x000002d08bb70000, 0x000002d08d980000, 0x000002d0930a0000]
CodeHeap 'non-nmethods': size=5696Kb used=1449Kb max_used=1509Kb free=4246Kb
 bounds [0x000002d0930a0000, 0x000002d093310000, 0x000002d093630000]
CodeCache: size=245760Kb, used=42101Kb, max_used=42161Kb, free=203656Kb
 total_blobs=12440, nmethods=11669, adapters=674, full_count=0
Compilation: enabled, stopped_count=0, restarted_count=0

Compilation events (20 events):
Event: 831.968 Thread 0x000002d0a3cea260 12573       1       org.eclipse.jdt.internal.compiler.ASTVisitor::visit (2 bytes)
Event: 831.968 Thread 0x000002d0a3cea260 nmethod 12573 0x000002d093fe0e90 code [0x000002d093fe1020, 0x000002d093fe10e8]
Event: 831.969 Thread 0x000002d0a3c748e0 12574       4       org.eclipse.jdt.internal.compiler.codegen.OperandStack$NullStack::pop (1 bytes)
Event: 831.969 Thread 0x000002d0a3c748e0 nmethod 12574 0x000002d093fe1190 code [0x000002d093fe1320, 0x000002d093fe13a8]
Event: 831.970 Thread 0x000002d0a3cea260 12575       3       org.eclipse.jdt.internal.compiler.ClassFile::traverse (7238 bytes)
Event: 832.038 Thread 0x000002d0a3cea260 nmethod 12575 0x000002d08d94a390 code [0x000002d08d94c6e0, 0x000002d08d964208]
Event: 832.042 Thread 0x000002d0a3cea260 12576       3       org.eclipse.jdt.internal.compiler.lookup.ReferenceBinding::getAccessFlags (9 bytes)
Event: 832.042 Thread 0x000002d0a3cea260 nmethod 12576 0x000002d08d96ed10 code [0x000002d08d96eea0, 0x000002d08d96efb0]
Event: 832.043 Thread 0x000002d0a3cea260 12577       3       org.eclipse.jdt.internal.compiler.ast.ThisReference::implicitThis (22 bytes)
Event: 832.044 Thread 0x000002d0a3cea260 nmethod 12577 0x000002d08d96f090 code [0x000002d08d96f260, 0x000002d08d96f608]
Event: 832.045 Thread 0x000002d0a3c748e0 12578       4       org.eclipse.jdt.internal.compiler.lookup.SourceTypeBinding::superInterfaces (65 bytes)
Event: 832.047 Thread 0x000002d0a3c748e0 nmethod 12578 0x000002d093fe1490 code [0x000002d093fe1620, 0x000002d093fe16f8]
Event: 832.049 Thread 0x000002d0a3cea260 12579       3       org.eclipse.jdt.internal.compiler.flow.UnconditionalFlowInfo::nullInfoLessUnconditionalCopy (236 bytes)
Event: 832.051 Thread 0x000002d0a3cea260 nmethod 12579 0x000002d08d96f790 code [0x000002d08d96fa20, 0x000002d08d970898]
Event: 832.051 Thread 0x000002d0a3c748e0 12580       4       org.eclipse.jdt.internal.compiler.lookup.ReferenceBinding::signature (29 bytes)
Event: 832.054 Thread 0x000002d0a3c748e0 nmethod 12580 0x000002d093fe1810 code [0x000002d093fe19a0, 0x000002d093fe1ab0]
Event: 832.057 Thread 0x000002d0a3cea260 12581       3       org.eclipse.jdt.internal.compiler.codegen.StackMapFrameCodeStream::areturn (13 bytes)
Event: 832.058 Thread 0x000002d0a3cea260 nmethod 12581 0x000002d08d970e10 code [0x000002d08d970fc0, 0x000002d08d9711d0]
Event: 832.059 Thread 0x000002d0a3c748e0 12582       4       org.eclipse.jdt.internal.compiler.codegen.StackMapFrame::getCachedValue (63 bytes)
Event: 832.064 Thread 0x000002d0a3c748e0 nmethod 12582 0x000002d093fe1b90 code [0x000002d093fe1d20, 0x000002d093fe1f38]

GC Heap History (20 events):
Event: 725.711 GC heap after
{Heap after GC invocations=115 (full 3):
 PSYoungGen      total 17408K, used 352K [0x00000007aab00000, 0x00000007abe00000, 0x0000000800000000)
  eden space 16896K, 0% used [0x00000007aab00000,0x00000007aab00000,0x00000007abb80000)
  from space 512K, 68% used [0x00000007abd80000,0x00000007abdd8000,0x00000007abe00000)
  to   space 512K, 0% used [0x00000007abd00000,0x00000007abd00000,0x00000007abd80000)
 ParOldGen       total 69632K, used 57218K [0x0000000700000000, 0x0000000704400000, 0x00000007aab00000)
  object space 69632K, 82% used [0x0000000700000000,0x00000007037e0b18,0x0000000704400000)
 Metaspace       used 64566K, committed 65984K, reserved 1114112K
  class space    used 6869K, committed 7424K, reserved 1048576K
}
Event: 734.043 GC heap before
{Heap before GC invocations=116 (full 3):
 PSYoungGen      total 17408K, used 17236K [0x00000007aab00000, 0x00000007abe00000, 0x0000000800000000)
  eden space 16896K, 99% used [0x00000007aab00000,0x00000007abb7d3d8,0x00000007abb80000)
  from space 512K, 68% used [0x00000007abd80000,0x00000007abdd8000,0x00000007abe00000)
  to   space 512K, 0% used [0x00000007abd00000,0x00000007abd00000,0x00000007abd80000)
 ParOldGen       total 69632K, used 57218K [0x0000000700000000, 0x0000000704400000, 0x00000007aab00000)
  object space 69632K, 82% used [0x0000000700000000,0x00000007037e0b18,0x0000000704400000)
 Metaspace       used 65205K, committed 66624K, reserved 1114112K
  class space    used 6887K, committed 7488K, reserved 1048576K
}
Event: 734.048 GC heap after
{Heap after GC invocations=116 (full 3):
 PSYoungGen      total 17408K, used 496K [0x00000007aab00000, 0x00000007abe80000, 0x0000000800000000)
  eden space 16896K, 0% used [0x00000007aab00000,0x00000007aab00000,0x00000007abb80000)
  from space 512K, 96% used [0x00000007abd00000,0x00000007abd7c030,0x00000007abd80000)
  to   space 1024K, 0% used [0x00000007abd80000,0x00000007abd80000,0x00000007abe80000)
 ParOldGen       total 69632K, used 57697K [0x0000000700000000, 0x0000000704400000, 0x00000007aab00000)
  object space 69632K, 82% used [0x0000000700000000,0x0000000703858788,0x0000000704400000)
 Metaspace       used 65205K, committed 66624K, reserved 1114112K
  class space    used 6887K, committed 7488K, reserved 1048576K
}
Event: 761.972 GC heap before
{Heap before GC invocations=117 (full 3):
 PSYoungGen      total 17408K, used 17392K [0x00000007aab00000, 0x00000007abe80000, 0x0000000800000000)
  eden space 16896K, 100% used [0x00000007aab00000,0x00000007abb80000,0x00000007abb80000)
  from space 512K, 96% used [0x00000007abd00000,0x00000007abd7c030,0x00000007abd80000)
  to   space 1024K, 0% used [0x00000007abd80000,0x00000007abd80000,0x00000007abe80000)
 ParOldGen       total 69632K, used 57697K [0x0000000700000000, 0x0000000704400000, 0x00000007aab00000)
  object space 69632K, 82% used [0x0000000700000000,0x0000000703858788,0x0000000704400000)
 Metaspace       used 65854K, committed 67264K, reserved 1114112K
  class space    used 6945K, committed 7488K, reserved 1048576K
}
Event: 761.988 GC heap after
{Heap after GC invocations=117 (full 3):
 PSYoungGen      total 17920K, used 976K [0x00000007aab00000, 0x00000007abe80000, 0x0000000800000000)
  eden space 16896K, 0% used [0x00000007aab00000,0x00000007aab00000,0x00000007abb80000)
  from space 1024K, 95% used [0x00000007abd80000,0x00000007abe74070,0x00000007abe80000)
  to   space 1024K, 0% used [0x00000007abc80000,0x00000007abc80000,0x00000007abd80000)
 ParOldGen       total 69632K, used 58185K [0x0000000700000000, 0x0000000704400000, 0x00000007aab00000)
  object space 69632K, 83% used [0x0000000700000000,0x00000007038d2540,0x0000000704400000)
 Metaspace       used 65854K, committed 67264K, reserved 1114112K
  class space    used 6945K, committed 7488K, reserved 1048576K
}
Event: 767.193 GC heap before
{Heap before GC invocations=118 (full 3):
 PSYoungGen      total 17920K, used 17872K [0x00000007aab00000, 0x00000007abe80000, 0x0000000800000000)
  eden space 16896K, 100% used [0x00000007aab00000,0x00000007abb80000,0x00000007abb80000)
  from space 1024K, 95% used [0x00000007abd80000,0x00000007abe74070,0x00000007abe80000)
  to   space 1024K, 0% used [0x00000007abc80000,0x00000007abc80000,0x00000007abd80000)
 ParOldGen       total 69632K, used 58185K [0x0000000700000000, 0x0000000704400000, 0x00000007aab00000)
  object space 69632K, 83% used [0x0000000700000000,0x00000007038d2540,0x0000000704400000)
 Metaspace       used 66421K, committed 67776K, reserved 1114112K
  class space    used 6999K, committed 7552K, reserved 1048576K
}
Event: 767.200 GC heap after
{Heap after GC invocations=118 (full 3):
 PSYoungGen      total 17920K, used 998K [0x00000007aab00000, 0x00000007ac580000, 0x0000000800000000)
  eden space 16896K, 0% used [0x00000007aab00000,0x00000007aab00000,0x00000007abb80000)
  from space 1024K, 97% used [0x00000007abc80000,0x00000007abd79a70,0x00000007abd80000)
  to   space 5120K, 0% used [0x00000007ac080000,0x00000007ac080000,0x00000007ac580000)
 ParOldGen       total 69632K, used 61664K [0x0000000700000000, 0x0000000704400000, 0x00000007aab00000)
  object space 69632K, 88% used [0x0000000700000000,0x0000000703c38098,0x0000000704400000)
 Metaspace       used 66421K, committed 67776K, reserved 1114112K
  class space    used 6999K, committed 7552K, reserved 1048576K
}
Event: 779.621 GC heap before
{Heap before GC invocations=119 (full 3):
 PSYoungGen      total 17920K, used 17894K [0x00000007aab00000, 0x00000007ac580000, 0x0000000800000000)
  eden space 16896K, 100% used [0x00000007aab00000,0x00000007abb80000,0x00000007abb80000)
  from space 1024K, 97% used [0x00000007abc80000,0x00000007abd79a70,0x00000007abd80000)
  to   space 5120K, 0% used [0x00000007ac080000,0x00000007ac080000,0x00000007ac580000)
 ParOldGen       total 69632K, used 61664K [0x0000000700000000, 0x0000000704400000, 0x00000007aab00000)
  object space 69632K, 88% used [0x0000000700000000,0x0000000703c38098,0x0000000704400000)
 Metaspace       used 67153K, committed 68672K, reserved 1114112K
  class space    used 7044K, committed 7680K, reserved 1048576K
}
Event: 779.634 GC heap after
{Heap after GC invocations=119 (full 3):
 PSYoungGen      total 20992K, used 5117K [0x00000007aab00000, 0x00000007ac780000, 0x0000000800000000)
  eden space 15872K, 0% used [0x00000007aab00000,0x00000007aab00000,0x00000007aba80000)
  from space 5120K, 99% used [0x00000007ac080000,0x00000007ac57f790,0x00000007ac580000)
  to   space 6144K, 0% used [0x00000007aba80000,0x00000007aba80000,0x00000007ac080000)
 ParOldGen       total 69632K, used 61977K [0x0000000700000000, 0x0000000704400000, 0x00000007aab00000)
  object space 69632K, 89% used [0x0000000700000000,0x0000000703c86600,0x0000000704400000)
 Metaspace       used 67153K, committed 68672K, reserved 1114112K
  class space    used 7044K, committed 7680K, reserved 1048576K
}
Event: 785.094 GC heap before
{Heap before GC invocations=120 (full 3):
 PSYoungGen      total 20992K, used 20989K [0x00000007aab00000, 0x00000007ac780000, 0x0000000800000000)
  eden space 15872K, 100% used [0x00000007aab00000,0x00000007aba80000,0x00000007aba80000)
  from space 5120K, 99% used [0x00000007ac080000,0x00000007ac57f790,0x00000007ac580000)
  to   space 6144K, 0% used [0x00000007aba80000,0x00000007aba80000,0x00000007ac080000)
 ParOldGen       total 69632K, used 61977K [0x0000000700000000, 0x0000000704400000, 0x00000007aab00000)
  object space 69632K, 89% used [0x0000000700000000,0x0000000703c86600,0x0000000704400000)
 Metaspace       used 67504K, committed 68928K, reserved 1114112K
  class space    used 7061K, committed 7680K, reserved 1048576K
}
Event: 785.109 GC heap after
{Heap after GC invocations=120 (full 3):
 PSYoungGen      total 18944K, used 2948K [0x00000007aab00000, 0x00000007ac280000, 0x0000000800000000)
  eden space 15872K, 0% used [0x00000007aab00000,0x00000007aab00000,0x00000007aba80000)
  from space 3072K, 95% used [0x00000007aba80000,0x00000007abd61390,0x00000007abd80000)
  to   space 4096K, 0% used [0x00000007abe80000,0x00000007abe80000,0x00000007ac280000)
 ParOldGen       total 69632K, used 66898K [0x0000000700000000, 0x0000000704400000, 0x00000007aab00000)
  object space 69632K, 96% used [0x0000000700000000,0x00000007041549b0,0x0000000704400000)
 Metaspace       used 67504K, committed 68928K, reserved 1114112K
  class space    used 7061K, committed 7680K, reserved 1048576K
}
Event: 796.698 GC heap before
{Heap before GC invocations=121 (full 3):
 PSYoungGen      total 18944K, used 18820K [0x00000007aab00000, 0x00000007ac280000, 0x0000000800000000)
  eden space 15872K, 100% used [0x00000007aab00000,0x00000007aba80000,0x00000007aba80000)
  from space 3072K, 95% used [0x00000007aba80000,0x00000007abd61390,0x00000007abd80000)
  to   space 4096K, 0% used [0x00000007abe80000,0x00000007abe80000,0x00000007ac280000)
 ParOldGen       total 69632K, used 66898K [0x0000000700000000, 0x0000000704400000, 0x00000007aab00000)
  object space 69632K, 96% used [0x0000000700000000,0x00000007041549b0,0x0000000704400000)
 Metaspace       used 67913K, committed 69440K, reserved 1114112K
  class space    used 7105K, committed 7744K, reserved 1048576K
}
Event: 796.720 GC heap after
{Heap after GC invocations=121 (full 3):
 PSYoungGen      total 17408K, used 1184K [0x00000007aab00000, 0x00000007ac000000, 0x0000000800000000)
  eden space 15872K, 0% used [0x00000007aab00000,0x00000007aab00000,0x00000007aba80000)
  from space 1536K, 77% used [0x00000007abe80000,0x00000007abfa8350,0x00000007ac000000)
  to   space 2048K, 0% used [0x00000007abc00000,0x00000007abc00000,0x00000007abe00000)
 ParOldGen       total 69632K, used 68879K [0x0000000700000000, 0x0000000704400000, 0x00000007aab00000)
  object space 69632K, 98% used [0x0000000700000000,0x0000000704343c40,0x0000000704400000)
 Metaspace       used 67913K, committed 69440K, reserved 1114112K
  class space    used 7105K, committed 7744K, reserved 1048576K
}
Event: 806.412 GC heap before
{Heap before GC invocations=122 (full 3):
 PSYoungGen      total 17408K, used 17056K [0x00000007aab00000, 0x00000007ac000000, 0x0000000800000000)
  eden space 15872K, 100% used [0x00000007aab00000,0x00000007aba80000,0x00000007aba80000)
  from space 1536K, 77% used [0x00000007abe80000,0x00000007abfa8350,0x00000007ac000000)
  to   space 2048K, 0% used [0x00000007abc00000,0x00000007abc00000,0x00000007abe00000)
 ParOldGen       total 69632K, used 68879K [0x0000000700000000, 0x0000000704400000, 0x00000007aab00000)
  object space 69632K, 98% used [0x0000000700000000,0x0000000704343c40,0x0000000704400000)
 Metaspace       used 68232K, committed 69760K, reserved 1114112K
  class space    used 7138K, committed 7808K, reserved 1048576K
}
Event: 806.420 GC heap after
{Heap after GC invocations=122 (full 3):
 PSYoungGen      total 17408K, used 1408K [0x00000007aab00000, 0x00000007abf00000, 0x0000000800000000)
  eden space 15872K, 0% used [0x00000007aab00000,0x00000007aab00000,0x00000007aba80000)
  from space 1536K, 91% used [0x00000007abc00000,0x00000007abd60020,0x00000007abd80000)
  to   space 1536K, 0% used [0x00000007abd80000,0x00000007abd80000,0x00000007abf00000)
 ParOldGen       total 70144K, used 69789K [0x0000000700000000, 0x0000000704480000, 0x00000007aab00000)
  object space 70144K, 99% used [0x0000000700000000,0x00000007044277e8,0x0000000704480000)
 Metaspace       used 68232K, committed 69760K, reserved 1114112K
  class space    used 7138K, committed 7808K, reserved 1048576K
}
Event: 813.971 GC heap before
{Heap before GC invocations=123 (full 3):
 PSYoungGen      total 17408K, used 17280K [0x00000007aab00000, 0x00000007abf00000, 0x0000000800000000)
  eden space 15872K, 100% used [0x00000007aab00000,0x00000007aba80000,0x00000007aba80000)
  from space 1536K, 91% used [0x00000007abc00000,0x00000007abd60020,0x00000007abd80000)
  to   space 1536K, 0% used [0x00000007abd80000,0x00000007abd80000,0x00000007abf00000)
 ParOldGen       total 70144K, used 69789K [0x0000000700000000, 0x0000000704480000, 0x00000007aab00000)
  object space 70144K, 99% used [0x0000000700000000,0x00000007044277e8,0x0000000704480000)
 Metaspace       used 68918K, committed 70400K, reserved 1114112K
  class space    used 7205K, committed 7872K, reserved 1048576K
}
Event: 813.983 GC heap after
{Heap after GC invocations=123 (full 3):
 PSYoungGen      total 17408K, used 1521K [0x00000007aab00000, 0x00000007ac080000, 0x0000000800000000)
  eden space 15872K, 0% used [0x00000007aab00000,0x00000007aab00000,0x00000007aba80000)
  from space 1536K, 99% used [0x00000007abd80000,0x00000007abefc500,0x00000007abf00000)
  to   space 3072K, 0% used [0x00000007aba80000,0x00000007aba80000,0x00000007abd80000)
 ParOldGen       total 71168K, used 71042K [0x0000000700000000, 0x0000000704580000, 0x00000007aab00000)
  object space 71168K, 99% used [0x0000000700000000,0x0000000704560a28,0x0000000704580000)
 Metaspace       used 68918K, committed 70400K, reserved 1114112K
  class space    used 7205K, committed 7872K, reserved 1048576K
}
Event: 827.521 GC heap before
{Heap before GC invocations=124 (full 3):
 PSYoungGen      total 17408K, used 17393K [0x00000007aab00000, 0x00000007ac080000, 0x0000000800000000)
  eden space 15872K, 100% used [0x00000007aab00000,0x00000007aba80000,0x00000007aba80000)
  from space 1536K, 99% used [0x00000007abd80000,0x00000007abefc500,0x00000007abf00000)
  to   space 3072K, 0% used [0x00000007aba80000,0x00000007aba80000,0x00000007abd80000)
 ParOldGen       total 71168K, used 71042K [0x0000000700000000, 0x0000000704580000, 0x00000007aab00000)
  object space 71168K, 99% used [0x0000000700000000,0x0000000704560a28,0x0000000704580000)
 Metaspace       used 69362K, committed 70912K, reserved 1114112K
  class space    used 7216K, committed 7872K, reserved 1048576K
}
Event: 827.536 GC heap after
{Heap after GC invocations=124 (full 3):
 PSYoungGen      total 18944K, used 3068K [0x00000007aab00000, 0x00000007ac980000, 0x0000000800000000)
  eden space 15872K, 0% used [0x00000007aab00000,0x00000007aab00000,0x00000007aba80000)
  from space 3072K, 99% used [0x00000007aba80000,0x00000007abd7f020,0x00000007abd80000)
  to   space 7680K, 0% used [0x00000007ac200000,0x00000007ac200000,0x00000007ac980000)
 ParOldGen       total 74752K, used 74671K [0x0000000700000000, 0x0000000704900000, 0x00000007aab00000)
  object space 74752K, 99% used [0x0000000700000000,0x00000007048ebda0,0x0000000704900000)
 Metaspace       used 69362K, committed 70912K, reserved 1114112K
  class space    used 7216K, committed 7872K, reserved 1048576K
}
Event: 832.412 GC heap before
{Heap before GC invocations=125 (full 3):
 PSYoungGen      total 18944K, used 18940K [0x00000007aab00000, 0x00000007ac980000, 0x0000000800000000)
  eden space 15872K, 100% used [0x00000007aab00000,0x00000007aba80000,0x00000007aba80000)
  from space 3072K, 99% used [0x00000007aba80000,0x00000007abd7f020,0x00000007abd80000)
  to   space 7680K, 0% used [0x00000007ac200000,0x00000007ac200000,0x00000007ac980000)
 ParOldGen       total 74752K, used 74671K [0x0000000700000000, 0x0000000704900000, 0x00000007aab00000)
  object space 74752K, 99% used [0x0000000700000000,0x00000007048ebda0,0x0000000704900000)
 Metaspace       used 69553K, committed 71104K, reserved 1114112K
  class space    used 7220K, committed 7872K, reserved 1048576K
}

Dll operation events (20 events):
Event: 0.021 Attempting to load shared library c:\Users\jaimi\.vscode\extensions\redhat.java-1.56.0-win32-x64\jre\21.0.12.1-win32-x86_64\bin\java.dll
Event: 0.021 Loaded shared library c:\Users\jaimi\.vscode\extensions\redhat.java-1.56.0-win32-x64\jre\21.0.12.1-win32-x86_64\bin\java.dll
Event: 0.597 Attempting to load shared library c:\Users\jaimi\.vscode\extensions\redhat.java-1.56.0-win32-x64\jre\21.0.12.1-win32-x86_64\bin\zip.dll
Event: 0.598 Loaded shared library c:\Users\jaimi\.vscode\extensions\redhat.java-1.56.0-win32-x64\jre\21.0.12.1-win32-x86_64\bin\zip.dll
Event: 0.885 Attempting to load shared library C:\Users\jaimi\.vscode\extensions\redhat.java-1.56.0-win32-x64\jre\21.0.12.1-win32-x86_64\bin\instrument.dll
Event: 0.950 Loaded shared library C:\Users\jaimi\.vscode\extensions\redhat.java-1.56.0-win32-x64\jre\21.0.12.1-win32-x86_64\bin\instrument.dll
Event: 0.976 Attempting to load shared library C:\Users\jaimi\.vscode\extensions\redhat.java-1.56.0-win32-x64\jre\21.0.12.1-win32-x86_64\bin\net.dll
Event: 0.978 Loaded shared library C:\Users\jaimi\.vscode\extensions\redhat.java-1.56.0-win32-x64\jre\21.0.12.1-win32-x86_64\bin\net.dll
Event: 0.983 Attempting to load shared library C:\Users\jaimi\.vscode\extensions\redhat.java-1.56.0-win32-x64\jre\21.0.12.1-win32-x86_64\bin\nio.dll
Event: 0.984 Loaded shared library C:\Users\jaimi\.vscode\extensions\redhat.java-1.56.0-win32-x64\jre\21.0.12.1-win32-x86_64\bin\nio.dll
Event: 1.023 Attempting to load shared library C:\Users\jaimi\.vscode\extensions\redhat.java-1.56.0-win32-x64\jre\21.0.12.1-win32-x86_64\bin\zip.dll
Event: 1.023 Loaded shared library C:\Users\jaimi\.vscode\extensions\redhat.java-1.56.0-win32-x64\jre\21.0.12.1-win32-x86_64\bin\zip.dll
Event: 1.246 Attempting to load shared library C:\Users\jaimi\.vscode\extensions\redhat.java-1.56.0-win32-x64\jre\21.0.12.1-win32-x86_64\bin\jimage.dll
Event: 1.246 Loaded shared library C:\Users\jaimi\.vscode\extensions\redhat.java-1.56.0-win32-x64\jre\21.0.12.1-win32-x86_64\bin\jimage.dll
Event: 2.009 Attempting to load shared library c:\Users\jaimi\.vscode\extensions\redhat.java-1.56.0-win32-x64\jre\21.0.12.1-win32-x86_64\bin\verify.dll
Event: 2.010 Loaded shared library c:\Users\jaimi\.vscode\extensions\redhat.java-1.56.0-win32-x64\jre\21.0.12.1-win32-x86_64\bin\verify.dll
Event: 12.151 Attempting to load shared library C:\Users\jaimi\AppData\Roaming\Code\User\globalStorage\redhat.java\1.56.0\config_win\org.eclipse.equinox.launcher\org.eclipse.equinox.launcher.win32.win32.x86_64_1.3.100.v20260804-1928\eclipse_11924.dll
Event: 12.155 Loaded shared library C:\Users\jaimi\AppData\Roaming\Code\User\globalStorage\redhat.java\1.56.0\config_win\org.eclipse.equinox.launcher\org.eclipse.equinox.launcher.win32.win32.x86_64_1.3.100.v20260804-1928\eclipse_11924.dll
Event: 29.285 Attempting to load shared library C:\Users\jaimi\AppData\Local\Temp\jna-100887342\jna4079185595707650395.dll
Event: 29.759 Loaded shared library C:\Users\jaimi\AppData\Local\Temp\jna-100887342\jna4079185595707650395.dll

Deoptimization events (20 events):
Event: 827.080 Thread 0x000002d0eac5d760 DEOPT PACKING pc=0x000002d093fa4774 sp=0x000000d62b4feec0
Event: 827.080 Thread 0x000002d0eac5d760 DEOPT UNPACKING pc=0x000002d0930f3a9c sp=0x000000d62b4fee98 mode 2
Event: 827.080 Thread 0x000002d0eac5d760 Uncommon trap: trap_request=0xffffffd6 fr.pc=0x000002d093fae760 relative=0x00000000000001c0
Event: 827.080 Thread 0x000002d0eac5d760 Uncommon trap: reason=array_check action=maybe_recompile pc=0x000002d093fae760 method=java.util.Arrays.fill([Ljava/lang/Object;Ljava/lang/Object;)V @ 13 c2
Event: 827.080 Thread 0x000002d0eac5d760 DEOPT PACKING pc=0x000002d093fae760 sp=0x000000d62b4feee0
Event: 827.080 Thread 0x000002d0eac5d760 DEOPT UNPACKING pc=0x000002d0930f3a9c sp=0x000000d62b4fee80 mode 2
Event: 827.374 Thread 0x000002d0ec1f65e0 Uncommon trap: trap_request=0xffffff45 fr.pc=0x000002d093db798c relative=0x000000000000052c
Event: 827.374 Thread 0x000002d0ec1f65e0 Uncommon trap: reason=unstable_if action=reinterpret pc=0x000002d093db798c method=org.eclipse.jdt.core.compiler.CharOperation.match([CII[CIIZ)Z @ 223 c2
Event: 827.374 Thread 0x000002d0ec1f65e0 DEOPT PACKING pc=0x000002d093db798c sp=0x000000d62befe840
Event: 827.374 Thread 0x000002d0ec1f65e0 DEOPT UNPACKING pc=0x000002d0930f3a9c sp=0x000000d62befe7e0 mode 2
Event: 828.432 Thread 0x000002d0eac5d760 Uncommon trap: trap_request=0xffffffde fr.pc=0x000002d093931c34 relative=0x0000000000000554
Event: 828.432 Thread 0x000002d0eac5d760 Uncommon trap: reason=class_check action=maybe_recompile pc=0x000002d093931c34 method=java.util.HashMap.removeNode(ILjava/lang/Object;Ljava/lang/Object;ZZ)Ljava/util/HashMap$Node; @ 143 c2
Event: 828.432 Thread 0x000002d0eac5d760 DEOPT PACKING pc=0x000002d093931c34 sp=0x000000d62b4febd0
Event: 828.432 Thread 0x000002d0eac5d760 DEOPT UNPACKING pc=0x000002d0930f3a9c sp=0x000000d62b4feac8 mode 2
Event: 828.432 Thread 0x000002d0eac5d760 Uncommon trap: trap_request=0xffffffde fr.pc=0x000002d093931c34 relative=0x0000000000000554
Event: 828.432 Thread 0x000002d0eac5d760 Uncommon trap: reason=class_check action=maybe_recompile pc=0x000002d093931c34 method=java.util.HashMap.removeNode(ILjava/lang/Object;Ljava/lang/Object;ZZ)Ljava/util/HashMap$Node; @ 143 c2
Event: 828.432 Thread 0x000002d0eac5d760 DEOPT PACKING pc=0x000002d093931c34 sp=0x000000d62b4fe9a0
Event: 828.432 Thread 0x000002d0eac5d760 DEOPT UNPACKING pc=0x000002d0930f3a9c sp=0x000000d62b4fe898 mode 2
Event: 828.512 Thread 0x000002d0eac5d760 DEOPT PACKING pc=0x000002d08cab0252 sp=0x000000d62b4fe3d0
Event: 828.513 Thread 0x000002d0eac5d760 DEOPT UNPACKING pc=0x000002d0930f4223 sp=0x000000d62b4fd948 mode 0

Classes loaded (20 events):
Event: 765.251 Loading class java/util/TreeMap$NavigableSubMap$SubMapKeyIterator
Event: 765.251 Loading class java/util/TreeMap$NavigableSubMap$SubMapIterator
Event: 765.251 Loading class java/util/TreeMap$NavigableSubMap$SubMapIterator done
Event: 765.252 Loading class java/util/TreeMap$NavigableSubMap$SubMapKeyIterator done
Event: 767.214 Loading class java/util/concurrent/ArrayBlockingQueue
Event: 767.214 Loading class java/util/concurrent/ArrayBlockingQueue done
Event: 767.383 Loading class java/util/concurrent/ConcurrentHashMap$KeySpliterator
Event: 767.384 Loading class java/util/concurrent/ConcurrentHashMap$KeySpliterator done
Event: 767.449 Loading class sun/nio/ch/ChannelOutputStream
Event: 767.450 Loading class sun/nio/ch/ChannelOutputStream done
Event: 773.939 Loading class java/util/ArrayDeque$DeqSpliterator
Event: 773.939 Loading class java/util/ArrayDeque$DeqSpliterator done
Event: 814.059 Loading class java/util/AbstractList$RandomAccessSubList
Event: 814.059 Loading class java/util/AbstractList$SubList
Event: 814.059 Loading class java/util/AbstractList$SubList done
Event: 814.059 Loading class java/util/AbstractList$RandomAccessSubList done
Event: 814.059 Loading class java/util/AbstractList$SubList$1
Event: 814.060 Loading class java/util/AbstractList$SubList$1 done
Event: 814.104 Loading class java/util/ImmutableCollections$SubList
Event: 814.105 Loading class java/util/ImmutableCollections$SubList done

Classes unloaded (7 events):
Event: 37.566 Thread 0x000002d088a1dd90 Unloading class 0x000002d0a51a9400 'java/lang/invoke/LambdaForm$MH+0x000002d0a51a9400'
Event: 37.566 Thread 0x000002d088a1dd90 Unloading class 0x000002d0a51a9000 'java/lang/invoke/LambdaForm$MH+0x000002d0a51a9000'
Event: 37.566 Thread 0x000002d088a1dd90 Unloading class 0x000002d0a51a8c00 'java/lang/invoke/LambdaForm$MH+0x000002d0a51a8c00'
Event: 37.566 Thread 0x000002d088a1dd90 Unloading class 0x000002d0a51a8800 'java/lang/invoke/LambdaForm$MH+0x000002d0a51a8800'
Event: 37.566 Thread 0x000002d088a1dd90 Unloading class 0x000002d0a51a8400 'java/lang/invoke/LambdaForm$BMH+0x000002d0a51a8400'
Event: 37.566 Thread 0x000002d088a1dd90 Unloading class 0x000002d0a51a8000 'java/lang/invoke/LambdaForm$DMH+0x000002d0a51a8000'
Event: 37.566 Thread 0x000002d088a1dd90 Unloading class 0x000002d0a51a6c00 'java/lang/invoke/LambdaForm$DMH+0x000002d0a51a6c00'

Classes redefined (0 events):
No events

Internal exceptions (20 events):
Event: 789.421 Thread 0x000002d0eac5c3b0 Exception <a 'java/lang/ArrayIndexOutOfBoundsException'{0x00000007ab0be760}> (0x00000007ab0be760) 
thrown [s\src\hotspot\share\runtime\sharedRuntime.cpp, line 625]
Event: 789.421 Thread 0x000002d0eac5c3b0 Exception <a 'java/lang/ArrayIndexOutOfBoundsException'{0x00000007ab0beae8}> (0x00000007ab0beae8) 
thrown [s\src\hotspot\share\runtime\sharedRuntime.cpp, line 625]
Event: 789.445 Thread 0x000002d0ec1f3160 Exception <a 'java/lang/NoSuchMethodError'{0x00000007ab1146b8}: 'java.lang.Object java.lang.invoke.DirectMethodHandle$Holder.newInvokeSpecial(java.lang.Object, java.lang.Object, int, java.lang.Object, java.lang.Object)'> (0x00000007ab1146b8) 
thrown [s\src\hotspot\share\interpreter\linkResolver.cpp, line 773]
Event: 789.445 Thread 0x000002d0ec1f3160 Exception <a 'java/lang/NoSuchMethodError'{0x00000007ab118478}: 'java.lang.Object java.lang.invoke.Invokers$Holder.linkToTargetMethod(java.lang.Object, int, java.lang.Object, java.lang.Object, java.lang.Object)'> (0x00000007ab118478) 
thrown [s\src\hotspot\share\interpreter\linkResolver.cpp, line 773]
Event: 789.453 Thread 0x000002d0ec1f3160 Exception <a 'java/lang/NoSuchMethodError'{0x00000007ab12ec28}: 'java.lang.Object java.lang.invoke.DirectMethodHandle$Holder.invokeSpecial(java.lang.Object, java.lang.Object, java.lang.Object, int, java.lang.Object, java.lang.Object, java.lang.Object)'> (0x00000007ab12ec28) 
thrown [s\src\hotspot\share\interpreter\linkResolver.cpp, line 773]
Event: 789.457 Thread 0x000002d0ec1f3160 Exception <a 'java/lang/NoSuchMethodError'{0x00000007ab136998}: 'java.lang.Object java.lang.invoke.DirectMethodHandle$Holder.invokeStatic(java.lang.Object, java.lang.Object, int, java.lang.Object, java.lang.Object)'> (0x00000007ab136998) 
thrown [s\src\hotspot\share\interpreter\linkResolver.cpp, line 773]
Event: 789.678 Thread 0x000002d0ec1f3160 Exception <a 'java/lang/NoSuchMethodError'{0x00000007ab1f5908}: 'void java.lang.invoke.DirectMethodHandle$Holder.invokeStatic(java.lang.Object, int)'> (0x00000007ab1f5908) 
thrown [s\src\hotspot\share\interpreter\linkResolver.cpp, line 773]
Event: 796.692 Thread 0x000002d0ec1f3160 Exception <a 'java/io/FileNotFoundException'{0x00000007aba62e30}> (0x00000007aba62e30) 
thrown [s\src\hotspot\share\prims\jni.cpp, line 520]
Event: 796.693 Thread 0x000002d0ec1f3160 Exception <a 'java/io/FileNotFoundException'{0x00000007aba64320}> (0x00000007aba64320) 
thrown [s\src\hotspot\share\prims\jni.cpp, line 520]
Event: 796.696 Thread 0x000002d0ec1f3160 Exception <a 'java/io/FileNotFoundException'{0x00000007aba65310}> (0x00000007aba65310) 
thrown [s\src\hotspot\share\prims\jni.cpp, line 520]
Event: 799.826 Thread 0x000002d0eac5c3b0 Exception <a 'java/lang/ArrayIndexOutOfBoundsException'{0x00000007aaddf9e0}> (0x00000007aaddf9e0) 
thrown [s\src\hotspot\share\runtime\sharedRuntime.cpp, line 625]
Event: 799.826 Thread 0x000002d0eac5c3b0 Exception <a 'java/lang/ArrayIndexOutOfBoundsException'{0x00000007aade0018}> (0x00000007aade0018) 
thrown [s\src\hotspot\share\runtime\sharedRuntime.cpp, line 625]
Event: 799.826 Thread 0x000002d0eac5c3b0 Exception <a 'java/lang/ArrayIndexOutOfBoundsException'{0x00000007aade03a0}> (0x00000007aade03a0) 
thrown [s\src\hotspot\share\runtime\sharedRuntime.cpp, line 625]
Event: 806.728 Thread 0x000002d0ec1f3160 Implicit null exception at 0x000002d09395f9fa to 0x000002d0939606b4
Event: 820.143 Thread 0x000002d0ec1f3160 Exception <a 'sun/nio/fs/WindowsException'{0x00000007aac88490}> (0x00000007aac88490) 
thrown [s\src\hotspot\share\prims\jni.cpp, line 520]
Event: 820.144 Thread 0x000002d0eac5eb10 Exception <a 'sun/nio/fs/WindowsException'{0x00000007aac8b690}> (0x00000007aac8b690) 
thrown [s\src\hotspot\share\prims\jni.cpp, line 520]
Event: 820.145 Thread 0x000002d0eac5ddf0 Exception <a 'sun/nio/fs/WindowsException'{0x00000007aac8dc90}> (0x00000007aac8dc90) 
thrown [s\src\hotspot\share\prims\jni.cpp, line 520]
Event: 821.847 Thread 0x000002d0ec1f3160 Exception <a 'sun/nio/fs/WindowsException'{0x00000007aaca3960}> (0x00000007aaca3960) 
thrown [s\src\hotspot\share\prims\jni.cpp, line 520]
Event: 821.851 Thread 0x000002d0ec1f3160 Exception <a 'sun/nio/fs/WindowsException'{0x00000007aaca8c40}> (0x00000007aaca8c40) 
thrown [s\src\hotspot\share\prims\jni.cpp, line 520]
Event: 821.854 Thread 0x000002d0ec1f3160 Exception <a 'sun/nio/fs/WindowsException'{0x00000007aacae7e0}> (0x00000007aacae7e0) 
thrown [s\src\hotspot\share\prims\jni.cpp, line 520]

ZGC Phase Switch (0 events):
No events

VM Operations (20 events):
Event: 819.998 Executing safepoint VM operation: Cleanup done
Event: 821.000 Executing safepoint VM operation: Cleanup
Event: 821.000 Executing safepoint VM operation: Cleanup done
Event: 822.017 Executing safepoint VM operation: Cleanup
Event: 822.679 Executing safepoint VM operation: Cleanup done
Event: 823.694 Executing safepoint VM operation: Cleanup
Event: 823.892 Executing safepoint VM operation: Cleanup done
Event: 824.898 Executing safepoint VM operation: Cleanup
Event: 824.898 Executing safepoint VM operation: Cleanup done
Event: 825.907 Executing safepoint VM operation: Cleanup
Event: 826.145 Executing safepoint VM operation: Cleanup done
Event: 827.164 Executing safepoint VM operation: Cleanup
Event: 827.258 Executing safepoint VM operation: Cleanup done
Event: 827.380 Executing safepoint VM operation: ParallelGCFailedAllocation (Allocation Failure)
Event: 827.536 Executing safepoint VM operation: ParallelGCFailedAllocation (Allocation Failure) done
Event: 829.536 Executing safepoint VM operation: Cleanup
Event: 829.933 Executing safepoint VM operation: Cleanup done
Event: 830.934 Executing safepoint VM operation: Cleanup
Event: 831.363 Executing safepoint VM operation: Cleanup done
Event: 832.135 Executing safepoint VM operation: ParallelGCFailedAllocation (Allocation Failure)

Memory protections (0 events):
No events

Nmethod flushes (20 events):
Event: 164.365 Thread 0x000002d088a1dd90 flushing  nmethod 0x000002d08c477190
Event: 164.365 Thread 0x000002d088a1dd90 flushing  nmethod 0x000002d08c47f510
Event: 164.365 Thread 0x000002d088a1dd90 flushing  nmethod 0x000002d08c47fb10
Event: 164.365 Thread 0x000002d088a1dd90 flushing  nmethod 0x000002d08c481a90
Event: 164.365 Thread 0x000002d088a1dd90 flushing  nmethod 0x000002d08c488010
Event: 164.365 Thread 0x000002d088a1dd90 flushing  nmethod 0x000002d08c491590
Event: 164.365 Thread 0x000002d088a1dd90 flushing  nmethod 0x000002d08c496990
Event: 164.365 Thread 0x000002d088a1dd90 flushing  nmethod 0x000002d08c4a4290
Event: 164.365 Thread 0x000002d088a1dd90 flushing  nmethod 0x000002d08c4c0310
Event: 164.365 Thread 0x000002d088a1dd90 flushing  nmethod 0x000002d08c4c8d90
Event: 164.365 Thread 0x000002d088a1dd90 flushing  nmethod 0x000002d08c4ccc90
Event: 164.365 Thread 0x000002d088a1dd90 flushing  nmethod 0x000002d08c50cb10
Event: 164.365 Thread 0x000002d088a1dd90 flushing  nmethod 0x000002d08c50d810
Event: 164.365 Thread 0x000002d088a1dd90 flushing  nmethod 0x000002d08c525a10
Event: 164.365 Thread 0x000002d088a1dd90 flushing  nmethod 0x000002d08c526690
Event: 164.365 Thread 0x000002d088a1dd90 flushing osr nmethod 0x000002d08c53da90
Event: 164.365 Thread 0x000002d088a1dd90 flushing  nmethod 0x000002d08c54bf10
Event: 164.365 Thread 0x000002d088a1dd90 flushing  nmethod 0x000002d08c56d710
Event: 164.365 Thread 0x000002d088a1dd90 flushing  nmethod 0x000002d08c58a010
Event: 164.365 Thread 0x000002d088a1dd90 flushing  nmethod 0x000002d08c5a6010

Events (20 events):
Event: 808.176 Thread 0x000002d0ec1f4ba0 Thread exited: 0x000002d0ec1f4ba0
Event: 808.220 Thread 0x000002d0eaa29040 Thread exited: 0x000002d0eaa29040
Event: 808.226 Thread 0x000002d0ecabee80 Thread exited: 0x000002d0ecabee80
Event: 808.339 Thread 0x000002d0eac5c3b0 Thread added: 0x000002d0ec1f4ba0
Event: 808.792 Thread 0x000002d0ec1f4ba0 Thread exited: 0x000002d0ec1f4ba0
Event: 810.064 Thread 0x000002d0eac5c3b0 Thread added: 0x000002d0ec1f58c0
Event: 810.064 Thread 0x000002d0eac5c3b0 Thread added: 0x000002d0ec1f4ba0
Event: 810.180 Thread 0x000002d0eaa2a3f0 Thread exited: 0x000002d0eaa2a3f0
Event: 813.140 Thread 0x000002d0eac5c3b0 Thread added: 0x000002d0ec1f5230
Event: 813.386 Thread 0x000002d0ec1f58c0 Thread exited: 0x000002d0ec1f58c0
Event: 813.386 Thread 0x000002d0ec1f4ba0 Thread exited: 0x000002d0ec1f4ba0
Event: 814.086 Thread 0x000002d0ec1f5230 Thread exited: 0x000002d0ec1f5230
Event: 826.987 Thread 0x000002d0eac5c3b0 Thread added: 0x000002d0ec1f4ba0
Event: 829.219 Thread 0x000002d0eac5c3b0 Thread added: 0x000002d0ec1f5230
Event: 829.299 Thread 0x000002d0eac5c3b0 Thread added: 0x000002d0ec1f58c0
Event: 829.336 Thread 0x000002d0eac5c3b0 Thread added: 0x000002d0eaa29040
Event: 830.083 Thread 0x000002d0ec1f5230 Thread exited: 0x000002d0ec1f5230
Event: 831.444 Thread 0x000002d0ec1f4ba0 Thread exited: 0x000002d0ec1f4ba0
Event: 831.448 Thread 0x000002d0eaa29040 Thread exited: 0x000002d0eaa29040
Event: 831.449 Thread 0x000002d0ec1f58c0 Thread exited: 0x000002d0ec1f58c0


Dynamic libraries:
0x00007ff623bb0000 - 0x00007ff623bbe000 	c:\Users\jaimi\.vscode\extensions\redhat.java-1.56.0-win32-x64\jre\21.0.12.1-win32-x86_64\bin\java.exe
0x00007ffed1f70000 - 0x00007ffed2168000 	C:\Windows\SYSTEM32\ntdll.dll
0x00007ffed0ee0000 - 0x00007ffed0fa2000 	C:\Windows\System32\KERNEL32.DLL
0x00007ffecf700000 - 0x00007ffecf9f6000 	C:\Windows\System32\KERNELBASE.dll
0x00007ffecfba0000 - 0x00007ffecfca0000 	C:\Windows\System32\ucrtbase.dll
0x00007ffec68b0000 - 0x00007ffec68c8000 	c:\Users\jaimi\.vscode\extensions\redhat.java-1.56.0-win32-x64\jre\21.0.12.1-win32-x86_64\bin\jli.dll
0x00007ffed0d30000 - 0x00007ffed0ed1000 	C:\Windows\System32\USER32.dll
0x00007ffecfe90000 - 0x00007ffecfeb2000 	C:\Windows\System32\win32u.dll
0x00007ffed0560000 - 0x00007ffed058b000 	C:\Windows\System32\GDI32.dll
0x00007ffecfa00000 - 0x00007ffecfb19000 	C:\Windows\System32\gdi32full.dll
0x00007ffecfec0000 - 0x00007ffecff5d000 	C:\Windows\System32\msvcp_win.dll
0x00007ffeb6390000 - 0x00007ffeb63ae000 	c:\Users\jaimi\.vscode\extensions\redhat.java-1.56.0-win32-x64\jre\21.0.12.1-win32-x86_64\bin\VCRUNTIME140.dll
0x00007ffeb6680000 - 0x00007ffeb691b000 	C:\Windows\WinSxS\amd64_microsoft.windows.common-controls_6595b64144ccf1df_6.0.19041.6456_none_60b8a6cb71f64256\COMCTL32.dll
0x00007ffed0240000 - 0x00007ffed02de000 	C:\Windows\System32\msvcrt.dll
0x00007ffed0bb0000 - 0x00007ffed0bdf000 	C:\Windows\System32\IMM32.DLL
0x00007ffeca500000 - 0x00007ffeca50c000 	c:\Users\jaimi\.vscode\extensions\redhat.java-1.56.0-win32-x64\jre\21.0.12.1-win32-x86_64\bin\vcruntime140_1.dll
0x00007ffeb4f60000 - 0x00007ffeb4fed000 	c:\Users\jaimi\.vscode\extensions\redhat.java-1.56.0-win32-x64\jre\21.0.12.1-win32-x86_64\bin\msvcp140.dll
0x00007ffe4e2f0000 - 0x00007ffe4f092000 	c:\Users\jaimi\.vscode\extensions\redhat.java-1.56.0-win32-x64\jre\21.0.12.1-win32-x86_64\bin\server\jvm.dll
0x00007ffed0af0000 - 0x00007ffed0ba1000 	C:\Windows\System32\ADVAPI32.dll
0x00007ffed1e90000 - 0x00007ffed1f2f000 	C:\Windows\System32\sechost.dll
0x00007ffed0120000 - 0x00007ffed0240000 	C:\Windows\System32\RPCRT4.dll
0x00007ffecff60000 - 0x00007ffecff87000 	C:\Windows\System32\bcrypt.dll
0x00007ffed0bf0000 - 0x00007ffed0c5b000 	C:\Windows\System32\WS2_32.dll
0x00007ffecf080000 - 0x00007ffecf0cb000 	C:\Windows\SYSTEM32\POWRPROF.dll
0x00007ffeb15b0000 - 0x00007ffeb15d7000 	C:\Windows\SYSTEM32\WINMM.dll
0x00007ffebd780000 - 0x00007ffebd78a000 	C:\Windows\SYSTEM32\VERSION.dll
0x00007ffecefc0000 - 0x00007ffecefd2000 	C:\Windows\SYSTEM32\UMPDC.dll
0x00007ffecde10000 - 0x00007ffecde22000 	C:\Windows\SYSTEM32\kernel.appcore.dll
0x00007ffec85a0000 - 0x00007ffec85aa000 	c:\Users\jaimi\.vscode\extensions\redhat.java-1.56.0-win32-x64\jre\21.0.12.1-win32-x86_64\bin\jimage.dll
0x00007ffecdaf0000 - 0x00007ffecdcf1000 	C:\Windows\SYSTEM32\DBGHELP.DLL
0x00007ffeb0c50000 - 0x00007ffeb0c84000 	C:\Windows\SYSTEM32\dbgcore.DLL
0x00007ffecfca0000 - 0x00007ffecfd22000 	C:\Windows\System32\bcryptPrimitives.dll
0x00007ffeb6380000 - 0x00007ffeb638f000 	c:\Users\jaimi\.vscode\extensions\redhat.java-1.56.0-win32-x64\jre\21.0.12.1-win32-x86_64\bin\instrument.dll
0x00007ffeb62d0000 - 0x00007ffeb62f0000 	c:\Users\jaimi\.vscode\extensions\redhat.java-1.56.0-win32-x64\jre\21.0.12.1-win32-x86_64\bin\java.dll
0x00007ffed12b0000 - 0x00007ffed1a20000 	C:\Windows\System32\SHELL32.dll
0x00007ffecd270000 - 0x00007ffecda15000 	C:\Windows\SYSTEM32\windows.storage.dll
0x00007ffed0730000 - 0x00007ffed0a84000 	C:\Windows\System32\combase.dll
0x00007ffecefe0000 - 0x00007ffecf00b000 	C:\Windows\SYSTEM32\Wldp.dll
0x00007ffed0fb0000 - 0x00007ffed107d000 	C:\Windows\System32\OLEAUT32.dll
0x00007ffed0c80000 - 0x00007ffed0d2d000 	C:\Windows\System32\SHCORE.dll
0x00007ffed0670000 - 0x00007ffed06cb000 	C:\Windows\System32\shlwapi.dll
0x00007ffecf530000 - 0x00007ffecf554000 	C:\Windows\SYSTEM32\profapi.dll
0x00007ffeb61d0000 - 0x00007ffeb61e8000 	c:\Users\jaimi\.vscode\extensions\redhat.java-1.56.0-win32-x64\jre\21.0.12.1-win32-x86_64\bin\zip.dll
0x00007ffeb62c0000 - 0x00007ffeb62d0000 	C:\Users\jaimi\.vscode\extensions\redhat.java-1.56.0-win32-x64\jre\21.0.12.1-win32-x86_64\bin\net.dll
0x00007ffec58e0000 - 0x00007ffec59ea000 	C:\Windows\SYSTEM32\WINHTTP.dll
0x00007ffeced20000 - 0x00007ffeced8a000 	C:\Windows\system32\mswsock.dll
0x00007ffeb5dd0000 - 0x00007ffeb5de6000 	C:\Users\jaimi\.vscode\extensions\redhat.java-1.56.0-win32-x64\jre\21.0.12.1-win32-x86_64\bin\nio.dll
0x00007ffeb6120000 - 0x00007ffeb6130000 	c:\Users\jaimi\.vscode\extensions\redhat.java-1.56.0-win32-x64\jre\21.0.12.1-win32-x86_64\bin\verify.dll
0x00007ffeb2da0000 - 0x00007ffeb2de5000 	C:\Users\jaimi\AppData\Roaming\Code\User\globalStorage\redhat.java\1.56.0\config_win\org.eclipse.equinox.launcher\org.eclipse.equinox.launcher.win32.win32.x86_64_1.3.100.v20260804-1928\eclipse_11924.dll
0x00007ffecfff0000 - 0x00007ffed011b000 	C:\Windows\System32\ole32.dll
0x00007ffecef10000 - 0x00007ffecef28000 	C:\Windows\SYSTEM32\CRYPTSP.dll
0x00007ffece5d0000 - 0x00007ffece608000 	C:\Windows\system32\rsaenh.dll
0x00007ffecf4f0000 - 0x00007ffecf51e000 	C:\Windows\SYSTEM32\USERENV.dll
0x00007ffecef30000 - 0x00007ffecef3c000 	C:\Windows\SYSTEM32\CRYPTBASE.dll
0x00007ffecea00000 - 0x00007ffecea3b000 	C:\Windows\SYSTEM32\IPHLPAPI.DLL
0x00007ffed0380000 - 0x00007ffed0388000 	C:\Windows\System32\NSI.dll
0x00007ffeab7b0000 - 0x00007ffeab7f9000 	C:\Users\jaimi\AppData\Local\Temp\jna-100887342\jna4079185595707650395.dll
0x00007ffed0be0000 - 0x00007ffed0be8000 	C:\Windows\System32\PSAPI.DLL
0x00007ffebdb00000 - 0x00007ffebdb17000 	C:\Windows\SYSTEM32\dhcpcsvc6.DLL
0x00007ffec2a10000 - 0x00007ffec2a2d000 	C:\Windows\SYSTEM32\dhcpcsvc.DLL

JVMTI agents:
c:\Users\jaimi\.vscode\extensions\redhat.java-1.56.0-win32-x64\lombok\lombok-1.18.39-4050.jar path:c:\Users\jaimi\.vscode\extensions\redhat.java-1.56.0-win32-x64\jre\21.0.12.1-win32-x86_64\bin\instrument.dll, loaded, initialized, instrumentlib options:none

dbghelp: loaded successfully - version: 4.0.5 - missing functions: none
symbol engine: initialized successfully - sym options: 0x614 - pdb path: .;c:\Users\jaimi\.vscode\extensions\redhat.java-1.56.0-win32-x64\jre\21.0.12.1-win32-x86_64\bin;C:\Windows\SYSTEM32;C:\Windows\WinSxS\amd64_microsoft.windows.common-controls_6595b64144ccf1df_6.0.19041.6456_none_60b8a6cb71f64256;c:\Users\jaimi\.vscode\extensions\redhat.java-1.56.0-win32-x64\jre\21.0.12.1-win32-x86_64\bin\server;C:\Users\jaimi\AppData\Roaming\Code\User\globalStorage\redhat.java\1.56.0\config_win\org.eclipse.equinox.launcher\org.eclipse.equinox.launcher.win32.win32.x86_64_1.3.100.v20260804-1928;C:\Users\jaimi\AppData\Local\Temp\jna-100887342

VM Arguments:
jvm_args: --add-modules=ALL-SYSTEM --add-opens=java.base/java.util=ALL-UNNAMED --add-opens=java.base/java.lang=ALL-UNNAMED --add-opens=java.base/sun.nio.fs=ALL-UNNAMED -Declipse.application=org.eclipse.jdt.ls.core.id1 -Dosgi.bundles.defaultStartLevel=4 -Declipse.product=org.eclipse.jdt.ls.core.product -Djava.import.generatesMetadataFilesAtProjectRoot=false -Dm2e.project.cache.size=50 -DDetectVMInstallationsJob.disabled=true -Dfile.encoding=utf8 -XX:+UseParallelGC -XX:GCTimeRatio=4 -XX:AdaptiveSizePolicyWeight=90 -Dsun.zip.disableMemoryMapping=true -Xmx4G -Xms100m -Xlog:disable -javaagent:c:\Users\jaimi\.vscode\extensions\redhat.java-1.56.0-win32-x64\lombok\lombok-1.18.39-4050.jar -XX:+HeapDumpOnOutOfMemoryError -XX:HeapDumpPath=c:\Users\jaimi\AppData\Roaming\Code\User\workspaceStorage\7b1695ebeb44925a89a06e7ce4c3f07f\redhat.java -Daether.dependencyCollector.impl=bf 
java_command: c:\Users\jaimi\.vscode\extensions\redhat.java-1.56.0-win32-x64\server\plugins\org.eclipse.equinox.launcher_1.8.0.v20260804-1928.jar -configuration c:\Users\jaimi\AppData\Roaming\Code\User\globalStorage\redhat.java\1.56.0\config_win -data c:\Users\jaimi\AppData\Roaming\Code\User\workspaceStorage\7b1695ebeb44925a89a06e7ce4c3f07f\redhat.java\jdt_ws --pipe=\\.\pipe\lsp-5ba6b6e0bf76ccc31d39c7be96543f87-sock
java_class_path (initial): c:\Users\jaimi\.vscode\extensions\redhat.java-1.56.0-win32-x64\server\plugins\org.eclipse.equinox.launcher_1.8.0.v20260804-1928.jar
Launcher Type: SUN_STANDARD

[Global flags]
    uintx AdaptiveSizePolicyWeight                 = 90                                        {product} {command line}
     intx CICompilerCount                          = 2                                         {product} {ergonomic}
    uintx GCTimeRatio                              = 4                                         {product} {command line}
     bool HeapDumpOnOutOfMemoryError               = true                                   {manageable} {command line}
    ccstr HeapDumpPath                             = c:\Users\jaimi\AppData\Roaming\Code\User\workspaceStorage\7b1695ebeb44925a89a06e7ce4c3f07f\redhat.java         {manageable} {command line}
   size_t InitialHeapSize                          = 104857600                                 {product} {command line}
   size_t MaxHeapSize                              = 4294967296                                {product} {command line}
   size_t MaxNewSize                               = 1431306240                                {product} {ergonomic}
   size_t MinHeapDeltaBytes                        = 524288                                    {product} {ergonomic}
   size_t MinHeapSize                              = 104857600                                 {product} {command line}
   size_t NewSize                                  = 34603008                                  {product} {ergonomic}
    uintx NonNMethodCodeHeapSize                   = 5826188                                {pd product} {ergonomic}
    uintx NonProfiledCodeHeapSize                  = 122916026                              {pd product} {ergonomic}
   size_t OldSize                                  = 70254592                                  {product} {ergonomic}
    uintx ProfiledCodeHeapSize                     = 122916026                              {pd product} {ergonomic}
    uintx ReservedCodeCacheSize                    = 251658240                              {pd product} {ergonomic}
     bool SegmentedCodeCache                       = true                                      {product} {ergonomic}
   size_t SoftMaxHeapSize                          = 4294967296                             {manageable} {ergonomic}
     bool UseCompressedOops                        = true                           {product lp64_product} {ergonomic}
     bool UseLargePagesIndividualAllocation        = false                                  {pd product} {ergonomic}
     bool UseParallelGC                            = true                                      {product} {command line}

Logging:
Log output configuration:
 #0: stdout all=off uptime,level,tags foldmultilines=false
 #1: stderr all=off uptime,level,tags foldmultilines=false

Release file:
JAVA_VERSION="21.0.12.1" 
MODULES="java.base java.compiler java.datatransfer java.xml java.prefs java.desktop java.instrument java.logging java.management java.security.sasl java.naming java.rmi java.management.rmi java.net.http java.scripting java.security.jgss java.transaction.xa java.sql java.sql.rowset java.xml.crypto java.se java.smartcardio jdk.accessibility jdk.internal.jvmstat jdk.attach jdk.charsets jdk.internal.opt jdk.zipfs jdk.compiler jdk.crypto.ec jdk.crypto.cryptoki jdk.crypto.mscapi jdk.dynalink jdk.internal.ed jdk.editpad jdk.hotspot.agent jdk.httpserver jdk.internal.le jdk.internal.vm.ci jdk.internal.vm.compiler jdk.internal.vm.compiler.management jdk.jartool jdk.javadoc jdk.jcmd jdk.management jdk.management.agent jdk.jconsole jdk.jdeps jdk.jdwp.agent jdk.jdi jdk.jfr jdk.jshell jdk.jsobject jdk.jstatd jdk.localedata jdk.management.jfr jdk.naming.dns jdk.naming.rmi jdk.net jdk.nio.mapmode jdk.random jdk.sctp jdk.security.auth jdk.security.jgss jdk.unsupported jdk.unsupported.desktop jdk.xml.dom" 

Environment Variables:
JAVA_HOME=C:\Program Files\Java\jdk1.8.0_503
PATH=C:\Program Files (x86)\Common Files\Oracle\Java\java8path;C:\Program Files (x86)\Common Files\Oracle\Java\javapath;C:\Windows\system32;C:\Windows;C:\Windows\System32\Wbem;C:\Windows\System32\WindowsPowerShell\v1.0\;C:\Windows\System32\OpenSSH\;C:\Program Files\Git\cmd;C:\Users\jaimi\OneDrive\Documentos\programacao\calculatorProject\omniORB\bin;C:\Users\jaimi\AppData\Local\Programs\Python\Python313\;C:\Users\jaimi\AppData\Local\Programs\Python\Launcher\;C:\Users\jaimi\AppData\Local\Microsoft\WindowsApps;C:\Users\jaimi\AppData\Local\Programs\Microsoft VS Code\bin;D:\programs files\PyCharm Community Edition 2024.1.4\bin;;C:\msys64\mingw64\bin;C:\msys64\usr\bin;C:\omniORB\bin\x86_win32;C:\Program Files\Java\jdk1.8.0_503;C:\apache-maven-3.9.16\bin;C:\Program Files\Java\jdk1.8.0_503\bin;
USERNAME=jaimi
OS=Windows_NT
PROCESSOR_IDENTIFIER=Intel64 Family 6 Model 122 Stepping 8, GenuineIntel
TMP=C:\Users\jaimi\AppData\Local\Temp
TEMP=C:\Users\jaimi\AppData\Local\Temp




Periodic native trim disabled

---------------  S Y S T E M  ---------------

OS:
 Windows 10 , 64 bit Build 19041 (10.0.19041.5915)
OS uptime: 0 days 5:45 hours

CPU: total 2 (initial active 2) (2 cores per cpu, 1 threads per core) family 6 model 122 stepping 8 microcode 0x22, cx8, cmov, fxsr, mmx, 3dnowpref, sse, sse2, sse3, ssse3, sse4.1, sse4.2, popcnt, tsc, tscinvbit, aes, erms, clmul, sha, clflush, clflushopt, rdtscp, rdpid
Processor Information for the first 2 processors :
  Max Mhz: 1101, Current Mhz: 1101, Mhz Limit: 1101

Memory: 4k page, system-wide physical 8008M (1432M free)
TotalPageFile size 9989M (AvailPageFile size 2M)
current process WorkingSet (physical memory assigned to process): 313M, peak: 315M
current process commit charge ("private bytes"): 445M, peak: 3103M

vm_info: OpenJDK 64-Bit Server VM (21.0.12.1+1-LTS) for windows-amd64 JRE (21.0.12.1+1-LTS), built on 2026-08-18T00:00:00Z by "admin" with MS VC++ 17.12 (VS2022)

END.
