#
# There is insufficient memory for the Java Runtime Environment to continue.
# Native memory allocation (malloc) failed to allocate 1240016 bytes. Error detail: Chunk::new
# Possible reasons:
#   The system is out of physical RAM or swap space
#   This process is running with CompressedOops enabled, and the Java Heap may be blocking the growth of the native heap
# Possible solutions:
#   Reduce memory load on the system
#   Increase physical memory or swap space
#   Check if swap backing store is full
#   Decrease Java heap size (-Xmx/-Xms)
#   Decrease number of Java threads
#   Decrease Java thread stack sizes (-Xss)
#   Set larger code cache with -XX:ReservedCodeCacheSize=
#   JVM is running with Zero Based Compressed Oops mode in which the Java heap is
#     placed in the first 32GB address space. The Java Heap base address is the
#     maximum limit for the native heap growth. Please use -XX:HeapBaseMinAddress
#     to set the Java Heap base and to place the Java Heap above 32GB virtual address.
# This output file may be truncated or incomplete.
#
#  Out of Memory Error (arena.cpp:168), pid=3516, tid=1252
#
# JRE version: OpenJDK Runtime Environment Temurin-21.0.12.1+1 (21.0.12.1+1) (build 21.0.12.1+1-LTS)
# Java VM: OpenJDK 64-Bit Server VM Temurin-21.0.12.1+1 (21.0.12.1+1-LTS, mixed mode, sharing, tiered, compressed oops, compressed class ptrs, parallel gc, windows-amd64)
# No core dump will be written. Minidumps are not enabled by default on client versions of Windows
#

---------------  S U M M A R Y ------------

Command Line: --add-modules=ALL-SYSTEM --add-opens=java.base/java.util=ALL-UNNAMED --add-opens=java.base/java.lang=ALL-UNNAMED --add-opens=java.base/sun.nio.fs=ALL-UNNAMED -Declipse.application=org.eclipse.jdt.ls.core.id1 -Dosgi.bundles.defaultStartLevel=4 -Declipse.product=org.eclipse.jdt.ls.core.product -Djava.import.generatesMetadataFilesAtProjectRoot=false -Dm2e.project.cache.size=50 -DDetectVMInstallationsJob.disabled=true -Dfile.encoding=utf8 -XX:+UseParallelGC -XX:GCTimeRatio=4 -XX:AdaptiveSizePolicyWeight=90 -Dsun.zip.disableMemoryMapping=true -Xmx4G -Xms100m -Xlog:disable -javaagent:c:\Users\jaimi\.vscode\extensions\redhat.java-1.56.0-win32-x64\lombok\lombok-1.18.39-4050.jar -XX:+HeapDumpOnOutOfMemoryError -XX:HeapDumpPath=c:\Users\jaimi\AppData\Roaming\Code\User\workspaceStorage\7b1695ebeb44925a89a06e7ce4c3f07f\redhat.java -Daether.dependencyCollector.impl=bf c:\Users\jaimi\.vscode\extensions\redhat.java-1.56.0-win32-x64\server\plugins\org.eclipse.equinox.launcher_1.8.0.v20260804-1928.jar -configuration c:\Users\jaimi\AppData\Roaming\Code\User\globalStorage\redhat.java\1.56.0\config_win -data c:\Users\jaimi\AppData\Roaming\Code\User\workspaceStorage\7b1695ebeb44925a89a06e7ce4c3f07f\redhat.java\jdt_ws --stdio

Host: Intel(R) Celeron(R) N4020 CPU @ 1.10GHz, 2 cores, 7G,  Windows 10 , 64 bit Build 19041 (10.0.19041.5915)
Time: Tue Oct  6 19:06:54 2026 South Africa Standard Time elapsed time: 297.036028 seconds (0d 0h 4m 57s)

---------------  T H R E A D  ---------------

Current thread (0x0000015cef693c90):  JavaThread "C2 CompilerThread0" daemon [_thread_in_native, id=1252, stack(0x00000009b5600000,0x00000009b5700000) (1024K)]


Current CompileTask:
C2:297036 10833   !   4       lombok.core.AST::buildWithField0 (121 bytes)

Stack: [0x00000009b5600000,0x00000009b5700000]
Native frames: (J=compiled Java code, j=interpreted, Vv=VM code, C=native code)
V  [jvm.dll+0x6d83e9]
V  [jvm.dll+0x8b5736]
V  [jvm.dll+0x8b7cee]
V  [jvm.dll+0x8b83d3]
V  [jvm.dll+0x284596]
V  [jvm.dll+0xc685d]
V  [jvm.dll+0xc6da1]
V  [jvm.dll+0x3bf151]
V  [jvm.dll+0x38b6d2]
V  [jvm.dll+0x38ab1a]
V  [jvm.dll+0x24c700]
V  [jvm.dll+0x24bce0]
V  [jvm.dll+0x1cb4ae]
V  [jvm.dll+0x25baad]
V  [jvm.dll+0x25a03a]
V  [jvm.dll+0x3f8aae]
V  [jvm.dll+0x8600cd]
V  [jvm.dll+0x6d6c1d]
C  [ucrtbase.dll+0x21bb2]
C  [KERNEL32.DLL+0x17374]
C  [ntdll.dll+0x4cc91]


---------------  P R O C E S S  ---------------

Threads class SMR info:
_java_thread_list=0x0000015cf895dea0, length=36, elements={
0x0000015cd2165e70, 0x0000015cef685de0, 0x0000015cef687430, 0x0000015cef68ad10,
0x0000015cef68b970, 0x0000015cef68e3e0, 0x0000015cef68ee40, 0x0000015cef693c90,
0x0000015cef706b30, 0x0000015cf40bcee0, 0x0000015cf43c47b0, 0x0000015cf41ae460,
0x0000015cf4196590, 0x0000015cf4008700, 0x0000015cf4008d70, 0x0000015cf4669e30,
0x0000015cf480a660, 0x0000015cf4d3e4e0, 0x0000015cf4d74330, 0x0000015cf4d749c0,
0x0000015cf5528630, 0x0000015cf552ce60, 0x0000015cf5527910, 0x0000015cf5529350,
0x0000015cf552c140, 0x0000015cf552a700, 0x0000015cf552e8a0, 0x0000015cf552c7d0,
0x0000015cf552ef30, 0x0000015cf552d4f0, 0x0000015cf552a070, 0x0000015cf552ad90,
0x0000015cf552db80, 0x0000015cf7c2e620, 0x0000015cf7c29df0, 0x0000015cf7c2ab10
}

Java Threads: ( => current thread )
  0x0000015cd2165e70 JavaThread "main"                              [_thread_blocked, id=7808, stack(0x00000009b4c00000,0x00000009b4d00000) (1024K)]
  0x0000015cef685de0 JavaThread "Reference Handler"          daemon [_thread_blocked, id=12192, stack(0x00000009b5000000,0x00000009b5100000) (1024K)]
  0x0000015cef687430 JavaThread "Finalizer"                  daemon [_thread_blocked, id=7364, stack(0x00000009b5100000,0x00000009b5200000) (1024K)]
  0x0000015cef68ad10 JavaThread "Signal Dispatcher"          daemon [_thread_blocked, id=11988, stack(0x00000009b5200000,0x00000009b5300000) (1024K)]
  0x0000015cef68b970 JavaThread "Attach Listener"            daemon [_thread_blocked, id=1244, stack(0x00000009b5300000,0x00000009b5400000) (1024K)]
  0x0000015cef68e3e0 JavaThread "Service Thread"             daemon [_thread_blocked, id=11772, stack(0x00000009b5400000,0x00000009b5500000) (1024K)]
  0x0000015cef68ee40 JavaThread "Monitor Deflation Thread"   daemon [_thread_blocked, id=9180, stack(0x00000009b5500000,0x00000009b5600000) (1024K)]
=>0x0000015cef693c90 JavaThread "C2 CompilerThread0"         daemon [_thread_in_native, id=1252, stack(0x00000009b5600000,0x00000009b5700000) (1024K)]
  0x0000015cef706b30 JavaThread "C1 CompilerThread0"         daemon [_thread_blocked, id=6104, stack(0x00000009b5700000,0x00000009b5800000) (1024K)]
  0x0000015cf40bcee0 JavaThread "Common-Cleaner"             daemon [_thread_blocked, id=10616, stack(0x00000009b5800000,0x00000009b5900000) (1024K)]
  0x0000015cf43c47b0 JavaThread "Notification Thread"        daemon [_thread_blocked, id=11424, stack(0x00000009b5900000,0x00000009b5a00000) (1024K)]
  0x0000015cf41ae460 JavaThread "Active Thread: Equinox Container: 95b7737e-ac54-471c-a1e8-3db26ccfc5ab"        [_thread_blocked, id=6432, stack(0x00000009b5b00000,0x00000009b5c00000) (1024K)]
  0x0000015cf4196590 JavaThread "Refresh Thread: Equinox Container: 95b7737e-ac54-471c-a1e8-3db26ccfc5ab" daemon [_thread_blocked, id=9944, stack(0x00000009b5c00000,0x00000009b5d00000) (1024K)]
  0x0000015cf4008700 JavaThread "Framework Event Dispatcher: Equinox Container: 95b7737e-ac54-471c-a1e8-3db26ccfc5ab" daemon [_thread_blocked, id=6584, stack(0x00000009b5d00000,0x00000009b5e00000) (1024K)]
  0x0000015cf4008d70 JavaThread "Start Level: Equinox Container: 95b7737e-ac54-471c-a1e8-3db26ccfc5ab" daemon [_thread_blocked, id=6560, stack(0x00000009b5e00000,0x00000009b5f00000) (1024K)]
  0x0000015cf4669e30 JavaThread "Bundle File Closer"         daemon [_thread_blocked, id=11116, stack(0x00000009b4a00000,0x00000009b4b00000) (1024K)]
  0x0000015cf480a660 JavaThread "SCR Component Actor"        daemon [_thread_blocked, id=2436, stack(0x00000009b5f00000,0x00000009b6000000) (1024K)]
  0x0000015cf4d3e4e0 JavaThread "Worker-JM"                         [_thread_blocked, id=4280, stack(0x00000009b6000000,0x00000009b6100000) (1024K)]
  0x0000015cf4d74330 JavaThread "JNA Cleaner"                daemon [_thread_blocked, id=1324, stack(0x00000009b6200000,0x00000009b6300000) (1024K)]
  0x0000015cf4d749c0 JavaThread "Worker-0: Building"                [_thread_blocked, id=8564, stack(0x00000009b6300000,0x00000009b6400000) (1024K)]
  0x0000015cf5528630 JavaThread "Java indexing"              daemon [_thread_blocked, id=11864, stack(0x00000009b6600000,0x00000009b6700000) (1024K)]
  0x0000015cf552ce60 JavaThread "Worker-4"                          [_thread_blocked, id=11848, stack(0x00000009b6800000,0x00000009b6900000) (1024K)]
  0x0000015cf5527910 JavaThread "pool-2-thread-1"                   [_thread_blocked, id=11756, stack(0x00000009b6900000,0x00000009b6a00000) (1024K)]
  0x0000015cf5529350 JavaThread "WorkspaceEventsHandler"            [_thread_blocked, id=11328, stack(0x00000009b6a00000,0x00000009b6b00000) (1024K)]
  0x0000015cf552c140 JavaThread "pool-1-thread-1"                   [_thread_in_native, id=1544, stack(0x00000009b6b00000,0x00000009b6c00000) (1024K)]
  0x0000015cf552a700 JavaThread "PatternSearchJob-worker-1"  daemon [_thread_blocked, id=5532, stack(0x00000009b7400000,0x00000009b7500000) (1024K)]
  0x0000015cf552e8a0 JavaThread "Worker-5"                          [_thread_blocked, id=9452, stack(0x00000009b4b00000,0x00000009b4c00000) (1024K)]
  0x0000015cf552c7d0 JavaThread "LocalFile Deleter"          daemon [_thread_blocked, id=3760, stack(0x00000009b6100000,0x00000009b6200000) (1024K)]
  0x0000015cf552ef30 JavaThread "LocalFile Deleter"          daemon [_thread_blocked, id=4680, stack(0x00000009b6400000,0x00000009b6500000) (1024K)]
  0x0000015cf552d4f0 JavaThread "Worker-6"                          [_thread_blocked, id=3240, stack(0x00000009b6500000,0x00000009b6600000) (1024K)]
  0x0000015cf552a070 JavaThread "Thread-26"                         [_thread_blocked, id=8328, stack(0x00000009b6e00000,0x00000009b6f00000) (1024K)]
  0x0000015cf552ad90 JavaThread "Compiler Processing Task"   daemon [_thread_in_Java, id=11992, stack(0x00000009b6700000,0x00000009b6800000) (1024K)]
  0x0000015cf552db80 JavaThread "Compiler Class File Writer" daemon [_thread_blocked, id=6716, stack(0x00000009b6c00000,0x00000009b6d00000) (1024K)]
  0x0000015cf7c2e620 JavaThread "Thread-32"                         [_thread_blocked, id=2288, stack(0x00000009b7500000,0x00000009b7600000) (1024K)]
  0x0000015cf7c29df0 JavaThread "Thread-33"                         [_thread_in_vm, id=960, stack(0x00000009b7600000,0x00000009b7700000) (1024K)]
  0x0000015cf7c2ab10 JavaThread "Cleaner-0"                  daemon [_thread_blocked, id=12068, stack(0x00000009b6f00000,0x00000009b7000000) (1024K)]
Total: 36

Other Threads:
  0x0000015cef66b0a0 VMThread "VM Thread"                           [id=6372, stack(0x00000009b4f00000,0x00000009b5000000) (1024K)]
  0x0000015cd4444af0 WatcherThread "VM Periodic Task Thread"        [id=7856, stack(0x00000009b4e00000,0x00000009b4f00000) (1024K)]
  0x0000015cd439e0a0 WorkerThread "GC Thread#0"                     [id=4600, stack(0x00000009b4d00000,0x00000009b4e00000) (1024K)]
  0x0000015cf42a99a0 WorkerThread "GC Thread#1"                     [id=11404, stack(0x00000009b5a00000,0x00000009b5b00000) (1024K)]
Total: 4

Threads with active compile tasks:
C2 CompilerThread0  297100 10833   !   4       lombok.core.AST::buildWithField0 (121 bytes)
Total: 1

VM state: not at safepoint (normal execution)

VM Mutex/Monitor currently owned by a thread: None

Heap address: 0x0000000700000000, size: 4096 MB, Compressed Oops mode: Zero based, Oop shift amount: 3

CDS archive(s) mapped at: [0x0000015c80000000-0x0000015c80ba0000-0x0000015c80ba0000), size 12189696, SharedBaseAddress: 0x0000015c80000000, ArchiveRelocationMode: 1.
Compressed class space mapped at: 0x0000015c81000000-0x0000015cc1000000, reserved size: 1073741824
Narrow klass base: 0x0000015c80000000, Narrow klass shift: 0, Narrow klass range: 0x100000000

GC Precious Log:
 CardTable entry size: 512
 CPUs: 2 total, 2 available
 Memory: 8008M
 Large Page Support: Disabled
 NUMA Support: Disabled
 Compressed Oops: Enabled (Zero based)
 Alignments: Space 512K, Generation 512K, Heap 2M
 Heap Min Capacity: 100M
 Heap Initial Capacity: 100M
 Heap Max Capacity: 4G
 Pre-touch: Disabled
 Parallel Workers: 2

Heap:
 PSYoungGen      total 19968K, used 18439K [0x00000007aab00000, 0x00000007ac200000, 0x0000000800000000)
  eden space 17408K, 93% used [0x00000007aab00000,0x00000007abae9d50,0x00000007abc00000)
  from space 2560K, 83% used [0x00000007abf80000,0x00000007ac198000,0x00000007ac200000)
  to   space 2560K, 0% used [0x00000007abc00000,0x00000007abc00000,0x00000007abe80000)
 ParOldGen       total 68608K, used 59211K [0x0000000700000000, 0x0000000704300000, 0x00000007aab00000)
  object space 68608K, 86% used [0x0000000700000000,0x00000007039d2c38,0x0000000704300000)
 Metaspace       used 67311K, committed 68800K, reserved 1114112K
  class space    used 6982K, committed 7616K, reserved 1048576K

Card table byte_map: [0x0000015ce6590000,0x0000015ce6da0000] _byte_map_base: 0x0000015ce2d90000

Marking Bits: (ParMarkBitMap*) 0x00007ffa889144a0
 Begin Bits: [0x0000015ce6da0000, 0x0000015ceada0000)
 End Bits:   [0x0000015ceada0000, 0x0000015ceeda0000)

Polling page: 0x0000015cd3b50000

Metaspace:

Usage:
  Non-class:     58.91 MB used.
      Class:      6.82 MB used.
       Both:     65.73 MB used.

Virtual space:
  Non-class space:       64.00 MB reserved,      59.75 MB ( 93%) committed,  1 nodes.
      Class space:        1.00 GB reserved,       7.44 MB ( <1%) committed,  1 nodes.
             Both:        1.06 GB reserved,      67.19 MB (  6%) committed. 

Chunk freelists:
   Non-Class:  3.48 MB
       Class:  8.52 MB
        Both:  12.00 MB

MaxMetaspaceSize: unlimited
CompressedClassSpaceSize: 1.00 GB
Initial GC threshold: 21.00 MB
Current GC threshold: 97.31 MB
CDS: on
 - commit_granule_bytes: 65536.
 - commit_granule_words: 8192.
 - virtual_space_node_default_size: 8388608.
 - enlarge_chunks_in_place: 1.
 - use_allocation_guard: 0.


Internal statistics:

num_allocs_failed_limit: 9.
num_arena_births: 1226.
num_arena_deaths: 14.
num_vsnodes_births: 2.
num_vsnodes_deaths: 0.
num_space_committed: 1075.
num_space_uncommitted: 0.
num_chunks_returned_to_freelist: 23.
num_chunks_taken_from_freelist: 4380.
num_chunk_merges: 12.
num_chunk_splits: 2702.
num_chunks_enlarged: 1568.
num_inconsistent_stats: 0.

CodeHeap 'non-profiled nmethods': size=120064Kb used=6813Kb max_used=6813Kb free=113250Kb
 bounds [0x0000015cdf050000, 0x0000015cdf700000, 0x0000015ce6590000]
CodeHeap 'profiled nmethods': size=120000Kb used=24872Kb max_used=24872Kb free=95127Kb
 bounds [0x0000015cd7590000, 0x0000015cd8de0000, 0x0000015cdeac0000]
CodeHeap 'non-nmethods': size=5696Kb used=1442Kb max_used=1489Kb free=4253Kb
 bounds [0x0000015cdeac0000, 0x0000015cded30000, 0x0000015cdf050000]
CodeCache: size=245760Kb, used=33127Kb, max_used=33174Kb, free=212630Kb
 total_blobs=10775, nmethods=10012, adapters=667, full_count=0
Compilation: enabled, stopped_count=0, restarted_count=0

Compilation events (20 events):
Event: 296.980 Thread 0x0000015cef706b30 10874       1       org.eclipse.jdt.internal.compiler.ast.AllocationExpression::setExpressionContext (6 bytes)
Event: 296.981 Thread 0x0000015cef706b30 nmethod 10874 0x0000015cdf6f6e90 code [0x0000015cdf6f7020, 0x0000015cdf6f7108]
Event: 296.996 Thread 0x0000015cef706b30 10876       3       org.eclipse.jdt.internal.compiler.util.CharDeduplication::sharedCopyOfRange (190 bytes)
Event: 296.998 Thread 0x0000015cef706b30 nmethod 10876 0x0000015cd8dd1010 code [0x0000015cd8dd1340, 0x0000015cd8dd2590]
Event: 296.999 Thread 0x0000015cef706b30 10878       3       org.eclipse.jdt.internal.compiler.classfmt.MethodInfo::decodeCodeAttribute (143 bytes)
Event: 297.000 Thread 0x0000015cef706b30 nmethod 10878 0x0000015cd8dd2d10 code [0x0000015cd8dd2f60, 0x0000015cd8dd3b10]
Event: 297.000 Thread 0x0000015cef706b30 10881       3       java.lang.AbstractStringBuilder::append (22 bytes)
Event: 297.001 Thread 0x0000015cef706b30 nmethod 10881 0x0000015cd8dd4010 code [0x0000015cd8dd41c0, 0x0000015cd8dd4368]
Event: 297.001 Thread 0x0000015cef706b30 10877       3       java.util.Arrays::copyOfRange (25 bytes)
Event: 297.003 Thread 0x0000015cef706b30 nmethod 10877 0x0000015cd8dd4490 code [0x0000015cd8dd4740, 0x0000015cd8dd52e8]
Event: 297.003 Thread 0x0000015cef706b30 10875       3       org.eclipse.jdt.internal.compiler.util.ObjectVector::<init> (36 bytes)
Event: 297.003 Thread 0x0000015cef706b30 nmethod 10875 0x0000015cd8dd5710 code [0x0000015cd8dd58c0, 0x0000015cd8dd5b40]
Event: 297.003 Thread 0x0000015cef706b30 10880       1       org.eclipse.jdt.internal.compiler.lookup.Binding::isVolatile (2 bytes)
Event: 297.003 Thread 0x0000015cef706b30 nmethod 10880 0x0000015cdf6f7190 code [0x0000015cdf6f7320, 0x0000015cdf6f73e8]
Event: 297.009 Thread 0x0000015cef706b30 10883       2       org.eclipse.core.internal.resources.MarkerInfo::checkValidAttribute (124 bytes)
Event: 297.011 Thread 0x0000015cef706b30 nmethod 10883 0x0000015cd8dd5c10 code [0x0000015cd8dd5ea0, 0x0000015cd8dd66b8]
Event: 297.011 Thread 0x0000015cef706b30 10884  s!   2       org.eclipse.core.internal.watson.ElementTree::openElementData (136 bytes)
Event: 297.013 Thread 0x0000015cef706b30 nmethod 10884 0x0000015cd8dd6b90 code [0x0000015cd8dd6e40, 0x0000015cd8dd78b8]
Event: 297.014 Thread 0x0000015cef706b30 10885       2       java.lang.invoke.VarHandleReferences$FieldInstanceReadWrite::weakCompareAndSet (48 bytes)
Event: 297.015 Thread 0x0000015cef706b30 nmethod 10885 0x0000015cd8dd7e90 code [0x0000015cd8dd80c0, 0x0000015cd8dd8630]

GC Heap History (20 events):
Event: 120.762 GC heap before
{Heap before GC invocations=84 (full 3):
 PSYoungGen      total 22528K, used 22058K [0x00000007aab00000, 0x00000007ac500000, 0x0000000800000000)
  eden space 20992K, 100% used [0x00000007aab00000,0x00000007abf80000,0x00000007abf80000)
  from space 1536K, 69% used [0x00000007ac380000,0x00000007ac48a9a8,0x00000007ac500000)
  to   space 2048K, 0% used [0x00000007ac100000,0x00000007ac100000,0x00000007ac300000)
 ParOldGen       total 68608K, used 46312K [0x0000000700000000, 0x0000000704300000, 0x00000007aab00000)
  object space 68608K, 67% used [0x0000000700000000,0x0000000702d3a068,0x0000000704300000)
 Metaspace       used 60932K, committed 62336K, reserved 1114112K
  class space    used 6503K, committed 7104K, reserved 1048576K
}
Event: 120.766 GC heap after
{Heap after GC invocations=84 (full 3):
 PSYoungGen      total 23040K, used 480K [0x00000007aab00000, 0x00000007ac400000, 0x0000000800000000)
  eden space 20992K, 0% used [0x00000007aab00000,0x00000007aab00000,0x00000007abf80000)
  from space 2048K, 23% used [0x00000007ac100000,0x00000007ac178000,0x00000007ac300000)
  to   space 1024K, 0% used [0x00000007ac300000,0x00000007ac300000,0x00000007ac400000)
 ParOldGen       total 68608K, used 46512K [0x0000000700000000, 0x0000000704300000, 0x00000007aab00000)
  object space 68608K, 67% used [0x0000000700000000,0x0000000702d6c068,0x0000000704300000)
 Metaspace       used 60932K, committed 62336K, reserved 1114112K
  class space    used 6503K, committed 7104K, reserved 1048576K
}
Event: 121.706 GC heap before
{Heap before GC invocations=85 (full 3):
 PSYoungGen      total 23040K, used 21472K [0x00000007aab00000, 0x00000007ac400000, 0x0000000800000000)
  eden space 20992K, 100% used [0x00000007aab00000,0x00000007abf80000,0x00000007abf80000)
  from space 2048K, 23% used [0x00000007ac100000,0x00000007ac178000,0x00000007ac300000)
  to   space 1024K, 0% used [0x00000007ac300000,0x00000007ac300000,0x00000007ac400000)
 ParOldGen       total 68608K, used 46512K [0x0000000700000000, 0x0000000704300000, 0x00000007aab00000)
  object space 68608K, 67% used [0x0000000700000000,0x0000000702d6c068,0x0000000704300000)
 Metaspace       used 61573K, committed 62976K, reserved 1114112K
  class space    used 6545K, committed 7168K, reserved 1048576K
}
Event: 121.713 GC heap after
{Heap after GC invocations=85 (full 3):
 PSYoungGen      total 22016K, used 832K [0x00000007aab00000, 0x00000007ac400000, 0x0000000800000000)
  eden space 20992K, 0% used [0x00000007aab00000,0x00000007aab00000,0x00000007abf80000)
  from space 1024K, 81% used [0x00000007ac300000,0x00000007ac3d0000,0x00000007ac400000)
  to   space 1024K, 0% used [0x00000007ac200000,0x00000007ac200000,0x00000007ac300000)
 ParOldGen       total 68608K, used 46937K [0x0000000700000000, 0x0000000704300000, 0x00000007aab00000)
  object space 68608K, 68% used [0x0000000700000000,0x0000000702dd64d8,0x0000000704300000)
 Metaspace       used 61573K, committed 62976K, reserved 1114112K
  class space    used 6545K, committed 7168K, reserved 1048576K
}
Event: 124.220 GC heap before
{Heap before GC invocations=86 (full 3):
 PSYoungGen      total 22016K, used 21824K [0x00000007aab00000, 0x00000007ac400000, 0x0000000800000000)
  eden space 20992K, 100% used [0x00000007aab00000,0x00000007abf80000,0x00000007abf80000)
  from space 1024K, 81% used [0x00000007ac300000,0x00000007ac3d0000,0x00000007ac400000)
  to   space 1024K, 0% used [0x00000007ac200000,0x00000007ac200000,0x00000007ac300000)
 ParOldGen       total 68608K, used 46937K [0x0000000700000000, 0x0000000704300000, 0x00000007aab00000)
  object space 68608K, 68% used [0x0000000700000000,0x0000000702dd64d8,0x0000000704300000)
 Metaspace       used 62578K, committed 63936K, reserved 1114112K
  class space    used 6627K, committed 7232K, reserved 1048576K
}
Event: 124.227 GC heap after
{Heap after GC invocations=86 (full 3):
 PSYoungGen      total 22016K, used 883K [0x00000007aab00000, 0x00000007ac380000, 0x0000000800000000)
  eden space 20992K, 0% used [0x00000007aab00000,0x00000007aab00000,0x00000007abf80000)
  from space 1024K, 86% used [0x00000007ac200000,0x00000007ac2dcea8,0x00000007ac300000)
  to   space 512K, 0% used [0x00000007ac300000,0x00000007ac300000,0x00000007ac380000)
 ParOldGen       total 68608K, used 49077K [0x0000000700000000, 0x0000000704300000, 0x00000007aab00000)
  object space 68608K, 71% used [0x0000000700000000,0x0000000702fed6a8,0x0000000704300000)
 Metaspace       used 62578K, committed 63936K, reserved 1114112K
  class space    used 6627K, committed 7232K, reserved 1048576K
}
Event: 125.323 GC heap before
{Heap before GC invocations=87 (full 3):
 PSYoungGen      total 22016K, used 21875K [0x00000007aab00000, 0x00000007ac380000, 0x0000000800000000)
  eden space 20992K, 100% used [0x00000007aab00000,0x00000007abf80000,0x00000007abf80000)
  from space 1024K, 86% used [0x00000007ac200000,0x00000007ac2dcea8,0x00000007ac300000)
  to   space 512K, 0% used [0x00000007ac300000,0x00000007ac300000,0x00000007ac380000)
 ParOldGen       total 68608K, used 49077K [0x0000000700000000, 0x0000000704300000, 0x00000007aab00000)
  object space 68608K, 71% used [0x0000000700000000,0x0000000702fed6a8,0x0000000704300000)
 Metaspace       used 62589K, committed 64000K, reserved 1114112K
  class space    used 6628K, committed 7232K, reserved 1048576K
}
Event: 125.327 GC heap after
{Heap after GC invocations=87 (full 3):
 PSYoungGen      total 21504K, used 512K [0x00000007aab00000, 0x00000007ac380000, 0x0000000800000000)
  eden space 20992K, 0% used [0x00000007aab00000,0x00000007aab00000,0x00000007abf80000)
  from space 512K, 100% used [0x00000007ac300000,0x00000007ac380000,0x00000007ac380000)
  to   space 1536K, 0% used [0x00000007ac080000,0x00000007ac080000,0x00000007ac200000)
 ParOldGen       total 68608K, used 49902K [0x0000000700000000, 0x0000000704300000, 0x00000007aab00000)
  object space 68608K, 72% used [0x0000000700000000,0x00000007030bb958,0x0000000704300000)
 Metaspace       used 62589K, committed 64000K, reserved 1114112K
  class space    used 6628K, committed 7232K, reserved 1048576K
}
Event: 125.446 GC heap before
{Heap before GC invocations=88 (full 3):
 PSYoungGen      total 21504K, used 21504K [0x00000007aab00000, 0x00000007ac380000, 0x0000000800000000)
  eden space 20992K, 100% used [0x00000007aab00000,0x00000007abf80000,0x00000007abf80000)
  from space 512K, 100% used [0x00000007ac300000,0x00000007ac380000,0x00000007ac380000)
  to   space 1536K, 0% used [0x00000007ac080000,0x00000007ac080000,0x00000007ac200000)
 ParOldGen       total 68608K, used 49902K [0x0000000700000000, 0x0000000704300000, 0x00000007aab00000)
  object space 68608K, 72% used [0x0000000700000000,0x00000007030bb958,0x0000000704300000)
 Metaspace       used 62607K, committed 64000K, reserved 1114112K
  class space    used 6630K, committed 7232K, reserved 1048576K
}
Event: 125.450 GC heap after
{Heap after GC invocations=88 (full 3):
 PSYoungGen      total 22528K, used 512K [0x00000007aab00000, 0x00000007ac380000, 0x0000000800000000)
  eden space 20992K, 0% used [0x00000007aab00000,0x00000007aab00000,0x00000007abf80000)
  from space 1536K, 33% used [0x00000007ac080000,0x00000007ac100000,0x00000007ac200000)
  to   space 1024K, 0% used [0x00000007ac280000,0x00000007ac280000,0x00000007ac380000)
 ParOldGen       total 68608K, used 50401K [0x0000000700000000, 0x0000000704300000, 0x00000007aab00000)
  object space 68608K, 73% used [0x0000000700000000,0x00000007031386f0,0x0000000704300000)
 Metaspace       used 62607K, committed 64000K, reserved 1114112K
  class space    used 6630K, committed 7232K, reserved 1048576K
}
Event: 125.563 GC heap before
{Heap before GC invocations=89 (full 3):
 PSYoungGen      total 22528K, used 21503K [0x00000007aab00000, 0x00000007ac380000, 0x0000000800000000)
  eden space 20992K, 99% used [0x00000007aab00000,0x00000007abf7fff0,0x00000007abf80000)
  from space 1536K, 33% used [0x00000007ac080000,0x00000007ac100000,0x00000007ac200000)
  to   space 1024K, 0% used [0x00000007ac280000,0x00000007ac280000,0x00000007ac380000)
 ParOldGen       total 68608K, used 50401K [0x0000000700000000, 0x0000000704300000, 0x00000007aab00000)
  object space 68608K, 73% used [0x0000000700000000,0x00000007031386f0,0x0000000704300000)
 Metaspace       used 62607K, committed 64000K, reserved 1114112K
  class space    used 6630K, committed 7232K, reserved 1048576K
}
Event: 125.567 GC heap after
{Heap after GC invocations=89 (full 3):
 PSYoungGen      total 22016K, used 544K [0x00000007aab00000, 0x00000007ac380000, 0x0000000800000000)
  eden space 20992K, 0% used [0x00000007aab00000,0x00000007aab00000,0x00000007abf80000)
  from space 1024K, 53% used [0x00000007ac280000,0x00000007ac308000,0x00000007ac380000)
  to   space 1024K, 0% used [0x00000007ac180000,0x00000007ac180000,0x00000007ac280000)
 ParOldGen       total 68608K, used 50905K [0x0000000700000000, 0x0000000704300000, 0x00000007aab00000)
  object space 68608K, 74% used [0x0000000700000000,0x00000007031b66f0,0x0000000704300000)
 Metaspace       used 62607K, committed 64000K, reserved 1114112K
  class space    used 6630K, committed 7232K, reserved 1048576K
}
Event: 262.647 GC heap before
{Heap before GC invocations=90 (full 3):
 PSYoungGen      total 22016K, used 21532K [0x00000007aab00000, 0x00000007ac380000, 0x0000000800000000)
  eden space 20992K, 99% used [0x00000007aab00000,0x00000007abf7f270,0x00000007abf80000)
  from space 1024K, 53% used [0x00000007ac280000,0x00000007ac308000,0x00000007ac380000)
  to   space 1024K, 0% used [0x00000007ac180000,0x00000007ac180000,0x00000007ac280000)
 ParOldGen       total 68608K, used 50905K [0x0000000700000000, 0x0000000704300000, 0x00000007aab00000)
  object space 68608K, 74% used [0x0000000700000000,0x00000007031b66f0,0x0000000704300000)
 Metaspace       used 63072K, committed 64512K, reserved 1114112K
  class space    used 6681K, committed 7296K, reserved 1048576K
}
Event: 262.663 GC heap after
{Heap after GC invocations=90 (full 3):
 PSYoungGen      total 22016K, used 996K [0x00000007aab00000, 0x00000007ac380000, 0x0000000800000000)
  eden space 20992K, 0% used [0x00000007aab00000,0x00000007aab00000,0x00000007abf80000)
  from space 1024K, 97% used [0x00000007ac180000,0x00000007ac2790a8,0x00000007ac280000)
  to   space 1024K, 0% used [0x00000007ac280000,0x00000007ac280000,0x00000007ac380000)
 ParOldGen       total 68608K, used 51654K [0x0000000700000000, 0x0000000704300000, 0x00000007aab00000)
  object space 68608K, 75% used [0x0000000700000000,0x00000007032719a0,0x0000000704300000)
 Metaspace       used 63072K, committed 64512K, reserved 1114112K
  class space    used 6681K, committed 7296K, reserved 1048576K
}
Event: 278.931 GC heap before
{Heap before GC invocations=91 (full 3):
 PSYoungGen      total 22016K, used 21988K [0x00000007aab00000, 0x00000007ac380000, 0x0000000800000000)
  eden space 20992K, 100% used [0x00000007aab00000,0x00000007abf80000,0x00000007abf80000)
  from space 1024K, 97% used [0x00000007ac180000,0x00000007ac2790a8,0x00000007ac280000)
  to   space 1024K, 0% used [0x00000007ac280000,0x00000007ac280000,0x00000007ac380000)
 ParOldGen       total 68608K, used 51654K [0x0000000700000000, 0x0000000704300000, 0x00000007aab00000)
  object space 68608K, 75% used [0x0000000700000000,0x00000007032719a0,0x0000000704300000)
 Metaspace       used 63753K, committed 65216K, reserved 1114112K
  class space    used 6728K, committed 7360K, reserved 1048576K
}
Event: 278.942 GC heap after
{Heap after GC invocations=91 (full 3):
 PSYoungGen      total 18432K, used 1013K [0x00000007aab00000, 0x00000007acc80000, 0x0000000800000000)
  eden space 17408K, 0% used [0x00000007aab00000,0x00000007aab00000,0x00000007abc00000)
  from space 1024K, 98% used [0x00000007ac280000,0x00000007ac37d430,0x00000007ac380000)
  to   space 6656K, 0% used [0x00000007abc00000,0x00000007abc00000,0x00000007ac280000)
 ParOldGen       total 68608K, used 56178K [0x0000000700000000, 0x0000000704300000, 0x00000007aab00000)
  object space 68608K, 81% used [0x0000000700000000,0x00000007036dca50,0x0000000704300000)
 Metaspace       used 63753K, committed 65216K, reserved 1114112K
  class space    used 6728K, committed 7360K, reserved 1048576K
}
Event: 283.409 GC heap before
{Heap before GC invocations=92 (full 3):
 PSYoungGen      total 18432K, used 18405K [0x00000007aab00000, 0x00000007acc80000, 0x0000000800000000)
  eden space 17408K, 99% used [0x00000007aab00000,0x00000007abbfc230,0x00000007abc00000)
  from space 1024K, 98% used [0x00000007ac280000,0x00000007ac37d430,0x00000007ac380000)
  to   space 6656K, 0% used [0x00000007abc00000,0x00000007abc00000,0x00000007ac280000)
 ParOldGen       total 68608K, used 56178K [0x0000000700000000, 0x0000000704300000, 0x00000007aab00000)
  object space 68608K, 81% used [0x0000000700000000,0x00000007036dca50,0x0000000704300000)
 Metaspace       used 65124K, committed 66560K, reserved 1114112K
  class space    used 6809K, committed 7424K, reserved 1048576K
}
Event: 283.418 GC heap after
{Heap after GC invocations=92 (full 3):
 PSYoungGen      total 19968K, used 2282K [0x00000007aab00000, 0x00000007ac300000, 0x0000000800000000)
  eden space 17408K, 0% used [0x00000007aab00000,0x00000007aab00000,0x00000007abc00000)
  from space 2560K, 89% used [0x00000007abc00000,0x00000007abe3a8d0,0x00000007abe80000)
  to   space 3584K, 0% used [0x00000007abf80000,0x00000007abf80000,0x00000007ac300000)
 ParOldGen       total 68608K, used 57153K [0x0000000700000000, 0x0000000704300000, 0x00000007aab00000)
  object space 68608K, 83% used [0x0000000700000000,0x00000007037d06b8,0x0000000704300000)
 Metaspace       used 65124K, committed 66560K, reserved 1114112K
  class space    used 6809K, committed 7424K, reserved 1048576K
}
Event: 288.592 GC heap before
{Heap before GC invocations=93 (full 3):
 PSYoungGen      total 19968K, used 19690K [0x00000007aab00000, 0x00000007ac300000, 0x0000000800000000)
  eden space 17408K, 100% used [0x00000007aab00000,0x00000007abc00000,0x00000007abc00000)
  from space 2560K, 89% used [0x00000007abc00000,0x00000007abe3a8d0,0x00000007abe80000)
  to   space 3584K, 0% used [0x00000007abf80000,0x00000007abf80000,0x00000007ac300000)
 ParOldGen       total 68608K, used 57153K [0x0000000700000000, 0x0000000704300000, 0x00000007aab00000)
  object space 68608K, 83% used [0x0000000700000000,0x00000007037d06b8,0x0000000704300000)
 Metaspace       used 65977K, committed 67456K, reserved 1114112K
  class space    used 6892K, committed 7552K, reserved 1048576K
}
Event: 288.603 GC heap after
{Heap after GC invocations=93 (full 3):
 PSYoungGen      total 19968K, used 2144K [0x00000007aab00000, 0x00000007ac200000, 0x0000000800000000)
  eden space 17408K, 0% used [0x00000007aab00000,0x00000007aab00000,0x00000007abc00000)
  from space 2560K, 83% used [0x00000007abf80000,0x00000007ac198000,0x00000007ac200000)
  to   space 2560K, 0% used [0x00000007abc00000,0x00000007abc00000,0x00000007abe80000)
 ParOldGen       total 68608K, used 59211K [0x0000000700000000, 0x0000000704300000, 0x00000007aab00000)
  object space 68608K, 86% used [0x0000000700000000,0x00000007039d2c38,0x0000000704300000)
 Metaspace       used 65977K, committed 67456K, reserved 1114112K
  class space    used 6892K, committed 7552K, reserved 1048576K
}

Dll operation events (20 events):
Event: 0.059 Attempting to load shared library c:\Users\jaimi\.vscode\extensions\redhat.java-1.56.0-win32-x64\jre\21.0.12.1-win32-x86_64\bin\java.dll
Event: 0.059 Loaded shared library c:\Users\jaimi\.vscode\extensions\redhat.java-1.56.0-win32-x64\jre\21.0.12.1-win32-x86_64\bin\java.dll
Event: 1.670 Attempting to load shared library c:\Users\jaimi\.vscode\extensions\redhat.java-1.56.0-win32-x64\jre\21.0.12.1-win32-x86_64\bin\zip.dll
Event: 1.671 Loaded shared library c:\Users\jaimi\.vscode\extensions\redhat.java-1.56.0-win32-x64\jre\21.0.12.1-win32-x86_64\bin\zip.dll
Event: 1.864 Attempting to load shared library C:\Users\jaimi\.vscode\extensions\redhat.java-1.56.0-win32-x64\jre\21.0.12.1-win32-x86_64\bin\instrument.dll
Event: 1.864 Loaded shared library C:\Users\jaimi\.vscode\extensions\redhat.java-1.56.0-win32-x64\jre\21.0.12.1-win32-x86_64\bin\instrument.dll
Event: 1.882 Attempting to load shared library C:\Users\jaimi\.vscode\extensions\redhat.java-1.56.0-win32-x64\jre\21.0.12.1-win32-x86_64\bin\net.dll
Event: 1.884 Loaded shared library C:\Users\jaimi\.vscode\extensions\redhat.java-1.56.0-win32-x64\jre\21.0.12.1-win32-x86_64\bin\net.dll
Event: 1.887 Attempting to load shared library C:\Users\jaimi\.vscode\extensions\redhat.java-1.56.0-win32-x64\jre\21.0.12.1-win32-x86_64\bin\nio.dll
Event: 1.890 Loaded shared library C:\Users\jaimi\.vscode\extensions\redhat.java-1.56.0-win32-x64\jre\21.0.12.1-win32-x86_64\bin\nio.dll
Event: 1.969 Attempting to load shared library C:\Users\jaimi\.vscode\extensions\redhat.java-1.56.0-win32-x64\jre\21.0.12.1-win32-x86_64\bin\zip.dll
Event: 1.969 Loaded shared library C:\Users\jaimi\.vscode\extensions\redhat.java-1.56.0-win32-x64\jre\21.0.12.1-win32-x86_64\bin\zip.dll
Event: 2.041 Attempting to load shared library C:\Users\jaimi\.vscode\extensions\redhat.java-1.56.0-win32-x64\jre\21.0.12.1-win32-x86_64\bin\jimage.dll
Event: 2.041 Loaded shared library C:\Users\jaimi\.vscode\extensions\redhat.java-1.56.0-win32-x64\jre\21.0.12.1-win32-x86_64\bin\jimage.dll
Event: 3.203 Attempting to load shared library c:\Users\jaimi\.vscode\extensions\redhat.java-1.56.0-win32-x64\jre\21.0.12.1-win32-x86_64\bin\verify.dll
Event: 3.212 Loaded shared library c:\Users\jaimi\.vscode\extensions\redhat.java-1.56.0-win32-x64\jre\21.0.12.1-win32-x86_64\bin\verify.dll
Event: 53.116 Attempting to load shared library C:\Users\jaimi\AppData\Roaming\Code\User\globalStorage\redhat.java\1.56.0\config_win\org.eclipse.equinox.launcher\org.eclipse.equinox.launcher.win32.win32.x86_64_1.3.100.v20260804-1928\eclipse_11924.dll
Event: 53.352 Loaded shared library C:\Users\jaimi\AppData\Roaming\Code\User\globalStorage\redhat.java\1.56.0\config_win\org.eclipse.equinox.launcher\org.eclipse.equinox.launcher.win32.win32.x86_64_1.3.100.v20260804-1928\eclipse_11924.dll
Event: 76.275 Attempting to load shared library C:\Users\jaimi\AppData\Local\Temp\jna-100887342\jna10655739246811058786.dll
Event: 76.430 Loaded shared library C:\Users\jaimi\AppData\Local\Temp\jna-100887342\jna10655739246811058786.dll

Deoptimization events (20 events):
Event: 296.660 Thread 0x0000015cf7c29df0 Uncommon trap: trap_request=0xffffffde fr.pc=0x0000015cdf6009ec relative=0x00000000000062cc
Event: 296.660 Thread 0x0000015cf7c29df0 Uncommon trap: reason=class_check action=maybe_recompile pc=0x0000015cdf6009ec method=org.eclipse.jdt.internal.compiler.lookup.BinaryTypeBinding.createMethod(Lorg/eclipse/jdt/internal/compiler/env/IBinaryMethod;Lorg/eclipse/jdt/internal/compiler/env/IBina
Event: 296.660 Thread 0x0000015cf7c29df0 DEOPT PACKING pc=0x0000015cdf6009ec sp=0x00000009b76fde60
Event: 296.660 Thread 0x0000015cf7c29df0 DEOPT UNPACKING pc=0x0000015cdeb13a9c sp=0x00000009b76fde28 mode 2
Event: 296.660 Thread 0x0000015cf7c29df0 Uncommon trap: trap_request=0xffffffde fr.pc=0x0000015cdf6009ec relative=0x00000000000062cc
Event: 296.660 Thread 0x0000015cf7c29df0 Uncommon trap: reason=class_check action=maybe_recompile pc=0x0000015cdf6009ec method=org.eclipse.jdt.internal.compiler.lookup.BinaryTypeBinding.createMethod(Lorg/eclipse/jdt/internal/compiler/env/IBinaryMethod;Lorg/eclipse/jdt/internal/compiler/env/IBina
Event: 296.660 Thread 0x0000015cf7c29df0 DEOPT PACKING pc=0x0000015cdf6009ec sp=0x00000009b76fde60
Event: 296.660 Thread 0x0000015cf7c29df0 DEOPT UNPACKING pc=0x0000015cdeb13a9c sp=0x00000009b76fde28 mode 2
Event: 296.660 Thread 0x0000015cf7c29df0 Uncommon trap: trap_request=0xffffffde fr.pc=0x0000015cdf600864 relative=0x0000000000006144
Event: 296.660 Thread 0x0000015cf7c29df0 Uncommon trap: reason=class_check action=maybe_recompile pc=0x0000015cdf600864 method=org.eclipse.jdt.internal.compiler.lookup.BinaryTypeBinding.createMethod(Lorg/eclipse/jdt/internal/compiler/env/IBinaryMethod;Lorg/eclipse/jdt/internal/compiler/env/IBina
Event: 296.660 Thread 0x0000015cf7c29df0 DEOPT PACKING pc=0x0000015cdf600864 sp=0x00000009b76fde60
Event: 296.660 Thread 0x0000015cf7c29df0 DEOPT UNPACKING pc=0x0000015cdeb13a9c sp=0x00000009b76fde28 mode 2
Event: 296.660 Thread 0x0000015cf7c29df0 Uncommon trap: trap_request=0xffffffde fr.pc=0x0000015cdf600864 relative=0x0000000000006144
Event: 296.660 Thread 0x0000015cf7c29df0 Uncommon trap: reason=class_check action=maybe_recompile pc=0x0000015cdf600864 method=org.eclipse.jdt.internal.compiler.lookup.BinaryTypeBinding.createMethod(Lorg/eclipse/jdt/internal/compiler/env/IBinaryMethod;Lorg/eclipse/jdt/internal/compiler/env/IBina
Event: 296.661 Thread 0x0000015cf7c29df0 DEOPT PACKING pc=0x0000015cdf600864 sp=0x00000009b76fde60
Event: 296.661 Thread 0x0000015cf7c29df0 DEOPT UNPACKING pc=0x0000015cdeb13a9c sp=0x00000009b76fde28 mode 2
Event: 296.981 Thread 0x0000015cf552ad90 Uncommon trap: trap_request=0xffffff45 fr.pc=0x0000015cdf3bc7f8 relative=0x00000000000008f8
Event: 296.981 Thread 0x0000015cf552ad90 Uncommon trap: reason=unstable_if action=reinterpret pc=0x0000015cdf3bc7f8 method=org.eclipse.jdt.internal.compiler.util.CharDeduplication.sharedCopyOfRange([CII)[C @ 147 c2
Event: 296.982 Thread 0x0000015cf552ad90 DEOPT PACKING pc=0x0000015cdf3bc7f8 sp=0x00000009b67fd4f0
Event: 296.982 Thread 0x0000015cf552ad90 DEOPT UNPACKING pc=0x0000015cdeb13a9c sp=0x00000009b67fd480 mode 2

Classes loaded (20 events):
Event: 268.719 Loading class java/util/ArrayDeque$DeqSpliterator
Event: 268.719 Loading class java/util/ArrayDeque$DeqSpliterator done
Event: 281.794 Loading class java/util/concurrent/ArrayBlockingQueue
Event: 281.803 Loading class java/util/concurrent/ArrayBlockingQueue done
Event: 282.218 Loading class java/util/concurrent/ConcurrentHashMap$KeySpliterator
Event: 282.224 Loading class java/util/concurrent/ConcurrentHashMap$KeySpliterator done
Event: 283.424 Loading class sun/nio/ch/ChannelOutputStream
Event: 283.425 Loading class sun/nio/ch/ChannelOutputStream done
Event: 286.987 Loading class java/util/stream/ReduceOps$5
Event: 286.987 Loading class java/util/stream/ReduceOps$5 done
Event: 286.987 Loading class java/util/stream/ReduceOps$CountingSink$OfRef
Event: 286.987 Loading class java/util/stream/ReduceOps$CountingSink
Event: 286.987 Loading class java/util/stream/ReduceOps$CountingSink done
Event: 286.987 Loading class java/util/stream/ReduceOps$CountingSink$OfRef done
Event: 287.056 Loading class java/lang/Throwable$WrappedPrintWriter
Event: 287.056 Loading class java/lang/Throwable$PrintStreamOrWriter
Event: 287.056 Loading class java/lang/Throwable$PrintStreamOrWriter done
Event: 287.056 Loading class java/lang/Throwable$WrappedPrintWriter done
Event: 288.718 Loading class jdk/internal/ref/CleanerImpl$InnocuousThreadFactory
Event: 288.719 Loading class jdk/internal/ref/CleanerImpl$InnocuousThreadFactory done

Classes unloaded (7 events):
Event: 77.901 Thread 0x0000015cef66b0a0 Unloading class 0x0000015c811a8c00 'java/lang/invoke/LambdaForm$MH+0x0000015c811a8c00'
Event: 77.901 Thread 0x0000015cef66b0a0 Unloading class 0x0000015c811a8800 'java/lang/invoke/LambdaForm$MH+0x0000015c811a8800'
Event: 77.901 Thread 0x0000015cef66b0a0 Unloading class 0x0000015c811a8400 'java/lang/invoke/LambdaForm$MH+0x0000015c811a8400'
Event: 77.901 Thread 0x0000015cef66b0a0 Unloading class 0x0000015c811a8000 'java/lang/invoke/LambdaForm$MH+0x0000015c811a8000'
Event: 77.901 Thread 0x0000015cef66b0a0 Unloading class 0x0000015c811a7c00 'java/lang/invoke/LambdaForm$BMH+0x0000015c811a7c00'
Event: 77.901 Thread 0x0000015cef66b0a0 Unloading class 0x0000015c811a7800 'java/lang/invoke/LambdaForm$DMH+0x0000015c811a7800'
Event: 77.901 Thread 0x0000015cef66b0a0 Unloading class 0x0000015c811a6400 'java/lang/invoke/LambdaForm$DMH+0x0000015c811a6400'

Classes redefined (0 events):
No events

Internal exceptions (20 events):
Event: 296.472 Thread 0x0000015cf552ad90 Implicit null exception at 0x0000015cd847271f to 0x0000015cd8472ce5
Event: 296.472 Thread 0x0000015cf552ad90 Exception <a 'java/lang/NullPointerException'{0x00000007ab7287c0}> (0x00000007ab7287c0) 
thrown [s\src\hotspot\share\runtime\sharedRuntime.cpp, line 625]
Event: 296.968 Thread 0x0000015cf552ad90 Implicit null exception at 0x0000015cd847271f to 0x0000015cd8472ce5
Event: 296.968 Thread 0x0000015cf552ad90 Exception <a 'java/lang/NullPointerException'{0x00000007ab90ac58}> (0x00000007ab90ac58) 
thrown [s\src\hotspot\share\runtime\sharedRuntime.cpp, line 625]
Event: 296.968 Thread 0x0000015cf552ad90 Implicit null exception at 0x0000015cd847271f to 0x0000015cd8472ce5
Event: 296.968 Thread 0x0000015cf552ad90 Exception <a 'java/lang/NullPointerException'{0x00000007ab92d728}> (0x00000007ab92d728) 
thrown [s\src\hotspot\share\runtime\sharedRuntime.cpp, line 625]
Event: 296.969 Thread 0x0000015cf552ad90 Implicit null exception at 0x0000015cd847271f to 0x0000015cd8472ce5
Event: 296.969 Thread 0x0000015cf552ad90 Exception <a 'java/lang/NullPointerException'{0x00000007ab92dca0}> (0x00000007ab92dca0) 
thrown [s\src\hotspot\share\runtime\sharedRuntime.cpp, line 625]
Event: 296.969 Thread 0x0000015cf552ad90 Implicit null exception at 0x0000015cd847271f to 0x0000015cd8472ce5
Event: 296.969 Thread 0x0000015cf552ad90 Exception <a 'java/lang/NullPointerException'{0x00000007ab92e198}> (0x00000007ab92e198) 
thrown [s\src\hotspot\share\runtime\sharedRuntime.cpp, line 625]
Event: 296.969 Thread 0x0000015cf552ad90 Implicit null exception at 0x0000015cd847271f to 0x0000015cd8472ce5
Event: 296.969 Thread 0x0000015cf552ad90 Exception <a 'java/lang/NullPointerException'{0x00000007ab92e690}> (0x00000007ab92e690) 
thrown [s\src\hotspot\share\runtime\sharedRuntime.cpp, line 625]
Event: 296.969 Thread 0x0000015cf552ad90 Implicit null exception at 0x0000015cd847271f to 0x0000015cd8472ce5
Event: 296.969 Thread 0x0000015cf552ad90 Exception <a 'java/lang/NullPointerException'{0x00000007ab92eb48}> (0x00000007ab92eb48) 
thrown [s\src\hotspot\share\runtime\sharedRuntime.cpp, line 625]
Event: 296.969 Thread 0x0000015cf552ad90 Implicit null exception at 0x0000015cd847271f to 0x0000015cd8472ce5
Event: 296.970 Thread 0x0000015cf552ad90 Exception <a 'java/lang/NullPointerException'{0x00000007ab92f000}> (0x00000007ab92f000) 
thrown [s\src\hotspot\share\runtime\sharedRuntime.cpp, line 625]
Event: 296.970 Thread 0x0000015cf552ad90 Implicit null exception at 0x0000015cd847271f to 0x0000015cd8472ce5
Event: 296.970 Thread 0x0000015cf552ad90 Exception <a 'java/lang/NullPointerException'{0x00000007ab92f500}> (0x00000007ab92f500) 
thrown [s\src\hotspot\share\runtime\sharedRuntime.cpp, line 625]
Event: 296.993 Thread 0x0000015cf552ad90 Implicit null exception at 0x0000015cd847271f to 0x0000015cd8472ce5
Event: 296.993 Thread 0x0000015cf552ad90 Exception <a 'java/lang/NullPointerException'{0x00000007aba15dd8}> (0x00000007aba15dd8) 
thrown [s\src\hotspot\share\runtime\sharedRuntime.cpp, line 625]

ZGC Phase Switch (0 events):
No events

VM Operations (20 events):
Event: 289.321 Executing non-safepoint VM operation: HandshakeAllThreads (Deoptimize)
Event: 289.321 Executing non-safepoint VM operation: HandshakeAllThreads (Deoptimize) done
Event: 289.326 Executing non-safepoint VM operation: HandshakeAllThreads (Deoptimize)
Event: 289.326 Executing non-safepoint VM operation: HandshakeAllThreads (Deoptimize) done
Event: 289.833 Executing non-safepoint VM operation: HandshakeAllThreads (Deoptimize)
Event: 290.057 Executing non-safepoint VM operation: HandshakeAllThreads (Deoptimize) done
Event: 290.057 Executing safepoint VM operation: Cleanup
Event: 290.057 Executing safepoint VM operation: Cleanup done
Event: 291.059 Executing safepoint VM operation: Cleanup
Event: 291.374 Executing safepoint VM operation: Cleanup done
Event: 292.388 Executing safepoint VM operation: Cleanup
Event: 292.395 Executing safepoint VM operation: Cleanup done
Event: 293.408 Executing safepoint VM operation: Cleanup
Event: 293.409 Executing safepoint VM operation: Cleanup done
Event: 294.424 Executing safepoint VM operation: Cleanup
Event: 294.540 Executing safepoint VM operation: Cleanup done
Event: 295.553 Executing safepoint VM operation: Cleanup
Event: 295.732 Executing safepoint VM operation: Cleanup done
Event: 296.738 Executing safepoint VM operation: Cleanup
Event: 296.858 Executing safepoint VM operation: Cleanup done

Memory protections (0 events):
No events

Nmethod flushes (20 events):
Event: 117.333 Thread 0x0000015cef66b0a0 flushing  nmethod 0x0000015cd7f06d10
Event: 117.333 Thread 0x0000015cef66b0a0 flushing osr nmethod 0x0000015cd7f34910
Event: 117.333 Thread 0x0000015cef66b0a0 flushing  nmethod 0x0000015cd7f44410
Event: 117.333 Thread 0x0000015cef66b0a0 flushing  nmethod 0x0000015cd7f44c90
Event: 117.333 Thread 0x0000015cef66b0a0 flushing  nmethod 0x0000015cd7f45210
Event: 117.333 Thread 0x0000015cef66b0a0 flushing  nmethod 0x0000015cd7f45690
Event: 117.333 Thread 0x0000015cef66b0a0 flushing  nmethod 0x0000015cd7f45c10
Event: 117.333 Thread 0x0000015cef66b0a0 flushing  nmethod 0x0000015cd7f46110
Event: 117.333 Thread 0x0000015cef66b0a0 flushing  nmethod 0x0000015cd7f46490
Event: 117.333 Thread 0x0000015cef66b0a0 flushing  nmethod 0x0000015cd7f46a90
Event: 117.333 Thread 0x0000015cef66b0a0 flushing  nmethod 0x0000015cd7f47a10
Event: 117.333 Thread 0x0000015cef66b0a0 flushing  nmethod 0x0000015cd7f48290
Event: 117.333 Thread 0x0000015cef66b0a0 flushing  nmethod 0x0000015cd7f48790
Event: 117.333 Thread 0x0000015cef66b0a0 flushing  nmethod 0x0000015cd7f48f90
Event: 117.333 Thread 0x0000015cef66b0a0 flushing  nmethod 0x0000015cd7f62b10
Event: 117.333 Thread 0x0000015cef66b0a0 flushing  nmethod 0x0000015cd7f63010
Event: 117.333 Thread 0x0000015cef66b0a0 flushing  nmethod 0x0000015cd7f63590
Event: 117.333 Thread 0x0000015cef66b0a0 flushing  nmethod 0x0000015cd7f80f90
Event: 117.333 Thread 0x0000015cef66b0a0 flushing  nmethod 0x0000015cd7f96f90
Event: 117.333 Thread 0x0000015cef66b0a0 flushing osr nmethod 0x0000015cd7f9ef90

Events (20 events):
Event: 285.674 Thread 0x0000015cf552c140 Thread added: 0x0000015cf552bab0
Event: 285.675 Thread 0x0000015cf552c140 Thread added: 0x0000015cf4d756e0
Event: 285.675 Thread 0x0000015cf552c140 Thread added: 0x0000015cf4d75050
Event: 285.676 Thread 0x0000015cf552c140 Thread added: 0x0000015cf7c2e620
Event: 285.679 Thread 0x0000015cf552c140 Thread added: 0x0000015cf7c29df0
Event: 286.150 Thread 0x0000015cf55299e0 Thread exited: 0x0000015cf55299e0
Event: 286.324 Thread 0x0000015cf552b420 Thread exited: 0x0000015cf552b420
Event: 286.375 Thread 0x0000015cf4d756e0 Thread exited: 0x0000015cf4d756e0
Event: 286.375 Thread 0x0000015cf4d75050 Thread exited: 0x0000015cf4d75050
Event: 286.596 Thread 0x0000015cf552c140 Thread added: 0x0000015cf7c2c550
Event: 286.600 Thread 0x0000015cf552c140 Thread added: 0x0000015cf7c2df90
Event: 286.603 Thread 0x0000015cf552c140 Thread added: 0x0000015cf7c2f340
Event: 286.638 Thread 0x0000015cf552c140 Thread added: 0x0000015cf7c2d900
Event: 286.783 Thread 0x0000015cf7c2df90 Thread exited: 0x0000015cf7c2df90
Event: 286.989 Thread 0x0000015cf7c2c550 Thread exited: 0x0000015cf7c2c550
Event: 287.241 Thread 0x0000015cf7c2d900 Thread exited: 0x0000015cf7c2d900
Event: 287.365 Thread 0x0000015cf552bab0 Thread exited: 0x0000015cf552bab0
Event: 288.719 Thread 0x0000015cf5528cc0 Thread added: 0x0000015cf7c2ab10
Event: 289.271 Thread 0x0000015cf5528cc0 Thread exited: 0x0000015cf5528cc0
Event: 291.578 Thread 0x0000015cf7c2f340 Thread exited: 0x0000015cf7c2f340


Dynamic libraries:
0x00007ff653c50000 - 0x00007ff653c5e000 	c:\Users\jaimi\.vscode\extensions\redhat.java-1.56.0-win32-x64\jre\21.0.12.1-win32-x86_64\bin\java.exe
0x00007ffb0d870000 - 0x00007ffb0da68000 	C:\Windows\SYSTEM32\ntdll.dll
0x00007ffb0c0c0000 - 0x00007ffb0c182000 	C:\Windows\System32\KERNEL32.DLL
0x00007ffb0b290000 - 0x00007ffb0b586000 	C:\Windows\System32\KERNELBASE.dll
0x00007ffb0af30000 - 0x00007ffb0b030000 	C:\Windows\System32\ucrtbase.dll
0x00007ffae7af0000 - 0x00007ffae7b08000 	c:\Users\jaimi\.vscode\extensions\redhat.java-1.56.0-win32-x64\jre\21.0.12.1-win32-x86_64\bin\jli.dll
0x00007ffb0c680000 - 0x00007ffb0c821000 	C:\Windows\System32\USER32.dll
0x00007ffb0b860000 - 0x00007ffb0b882000 	C:\Windows\System32\win32u.dll
0x00007ffb0c2f0000 - 0x00007ffb0c31b000 	C:\Windows\System32\GDI32.dll
0x00007ffb0b740000 - 0x00007ffb0b859000 	C:\Windows\System32\gdi32full.dll
0x00007ffb0b620000 - 0x00007ffb0b6bd000 	C:\Windows\System32\msvcp_win.dll
0x00007ffada960000 - 0x00007ffada97e000 	c:\Users\jaimi\.vscode\extensions\redhat.java-1.56.0-win32-x64\jre\21.0.12.1-win32-x86_64\bin\VCRUNTIME140.dll
0x00007ffaf33e0000 - 0x00007ffaf367b000 	C:\Windows\WinSxS\amd64_microsoft.windows.common-controls_6595b64144ccf1df_6.0.19041.6456_none_60b8a6cb71f64256\COMCTL32.dll
0x00007ffb0bc10000 - 0x00007ffb0bcae000 	C:\Windows\System32\msvcrt.dll
0x00007ffb0d180000 - 0x00007ffb0d1af000 	C:\Windows\System32\IMM32.DLL
0x00007ffae7b10000 - 0x00007ffae7b1c000 	c:\Users\jaimi\.vscode\extensions\redhat.java-1.56.0-win32-x64\jre\21.0.12.1-win32-x86_64\bin\vcruntime140_1.dll
0x00007ffada8d0000 - 0x00007ffada95d000 	c:\Users\jaimi\.vscode\extensions\redhat.java-1.56.0-win32-x64\jre\21.0.12.1-win32-x86_64\bin\msvcp140.dll
0x00007ffa87c50000 - 0x00007ffa889f2000 	c:\Users\jaimi\.vscode\extensions\redhat.java-1.56.0-win32-x64\jre\21.0.12.1-win32-x86_64\bin\server\jvm.dll
0x00007ffb0b890000 - 0x00007ffb0b941000 	C:\Windows\System32\ADVAPI32.dll
0x00007ffb0c020000 - 0x00007ffb0c0bf000 	C:\Windows\System32\sechost.dll
0x00007ffb0d710000 - 0x00007ffb0d830000 	C:\Windows\System32\RPCRT4.dll
0x00007ffb0af00000 - 0x00007ffb0af27000 	C:\Windows\System32\bcrypt.dll
0x00007ffb0c1a0000 - 0x00007ffb0c20b000 	C:\Windows\System32\WS2_32.dll
0x00007ffb0a910000 - 0x00007ffb0a95b000 	C:\Windows\SYSTEM32\POWRPROF.dll
0x00007ffaf04f0000 - 0x00007ffaf0517000 	C:\Windows\SYSTEM32\WINMM.dll
0x00007ffb01450000 - 0x00007ffb0145a000 	C:\Windows\SYSTEM32\VERSION.dll
0x00007ffb0a8c0000 - 0x00007ffb0a8d2000 	C:\Windows\SYSTEM32\UMPDC.dll
0x00007ffb09760000 - 0x00007ffb09772000 	C:\Windows\SYSTEM32\kernel.appcore.dll
0x00007ffae44f0000 - 0x00007ffae44fa000 	c:\Users\jaimi\.vscode\extensions\redhat.java-1.56.0-win32-x64\jre\21.0.12.1-win32-x86_64\bin\jimage.dll
0x00007ffb093f0000 - 0x00007ffb095f1000 	C:\Windows\SYSTEM32\DBGHELP.DLL
0x00007ffaef760000 - 0x00007ffaef794000 	C:\Windows\SYSTEM32\dbgcore.DLL
0x00007ffb0b590000 - 0x00007ffb0b612000 	C:\Windows\System32\bcryptPrimitives.dll
0x00007ffada8c0000 - 0x00007ffada8cf000 	c:\Users\jaimi\.vscode\extensions\redhat.java-1.56.0-win32-x64\jre\21.0.12.1-win32-x86_64\bin\instrument.dll
0x00007ffada8a0000 - 0x00007ffada8c0000 	c:\Users\jaimi\.vscode\extensions\redhat.java-1.56.0-win32-x64\jre\21.0.12.1-win32-x86_64\bin\java.dll
0x00007ffb0ca10000 - 0x00007ffb0d180000 	C:\Windows\System32\SHELL32.dll
0x00007ffb08b70000 - 0x00007ffb09315000 	C:\Windows\SYSTEM32\windows.storage.dll
0x00007ffb0c320000 - 0x00007ffb0c674000 	C:\Windows\System32\combase.dll
0x00007ffb0a8e0000 - 0x00007ffb0a90b000 	C:\Windows\SYSTEM32\Wldp.dll
0x00007ffb0b950000 - 0x00007ffb0ba1d000 	C:\Windows\System32\OLEAUT32.dll
0x00007ffb0c960000 - 0x00007ffb0ca0d000 	C:\Windows\System32\SHCORE.dll
0x00007ffb0ba20000 - 0x00007ffb0ba7b000 	C:\Windows\System32\shlwapi.dll
0x00007ffb0ae30000 - 0x00007ffb0ae54000 	C:\Windows\SYSTEM32\profapi.dll
0x00007ffada880000 - 0x00007ffada898000 	c:\Users\jaimi\.vscode\extensions\redhat.java-1.56.0-win32-x64\jre\21.0.12.1-win32-x86_64\bin\zip.dll
0x00007ffada870000 - 0x00007ffada880000 	C:\Users\jaimi\.vscode\extensions\redhat.java-1.56.0-win32-x64\jre\21.0.12.1-win32-x86_64\bin\net.dll
0x00007ffafacd0000 - 0x00007ffafadda000 	C:\Windows\SYSTEM32\WINHTTP.dll
0x00007ffb0a620000 - 0x00007ffb0a68a000 	C:\Windows\system32\mswsock.dll
0x00007ffada850000 - 0x00007ffada866000 	C:\Users\jaimi\.vscode\extensions\redhat.java-1.56.0-win32-x64\jre\21.0.12.1-win32-x86_64\bin\nio.dll
0x00007ffada840000 - 0x00007ffada850000 	c:\Users\jaimi\.vscode\extensions\redhat.java-1.56.0-win32-x64\jre\21.0.12.1-win32-x86_64\bin\verify.dll
0x00007ffad19a0000 - 0x00007ffad19e5000 	C:\Users\jaimi\AppData\Roaming\Code\User\globalStorage\redhat.java\1.56.0\config_win\org.eclipse.equinox.launcher\org.eclipse.equinox.launcher.win32.win32.x86_64_1.3.100.v20260804-1928\eclipse_11924.dll
0x00007ffb0bef0000 - 0x00007ffb0c01b000 	C:\Windows\System32\ole32.dll
0x00007ffb0a810000 - 0x00007ffb0a828000 	C:\Windows\SYSTEM32\CRYPTSP.dll
0x00007ffb09ed0000 - 0x00007ffb09f08000 	C:\Windows\system32\rsaenh.dll
0x00007ffb0adf0000 - 0x00007ffb0ae1e000 	C:\Windows\SYSTEM32\USERENV.dll
0x00007ffb0a830000 - 0x00007ffb0a83c000 	C:\Windows\SYSTEM32\CRYPTBASE.dll
0x00007ffb0a290000 - 0x00007ffb0a2cb000 	C:\Windows\SYSTEM32\IPHLPAPI.DLL
0x00007ffb0d1b0000 - 0x00007ffb0d1b8000 	C:\Windows\System32\NSI.dll
0x00007ffaf2df0000 - 0x00007ffaf2e39000 	C:\Users\jaimi\AppData\Local\Temp\jna-100887342\jna10655739246811058786.dll
0x00007ffb0c950000 - 0x00007ffb0c958000 	C:\Windows\System32\PSAPI.DLL
0x00007ffafaff0000 - 0x00007ffafb007000 	C:\Windows\SYSTEM32\dhcpcsvc6.DLL
0x00007ffb00a70000 - 0x00007ffb00a8d000 	C:\Windows\SYSTEM32\dhcpcsvc.DLL

JVMTI agents:
c:\Users\jaimi\.vscode\extensions\redhat.java-1.56.0-win32-x64\lombok\lombok-1.18.39-4050.jar path:c:\Users\jaimi\.vscode\extensions\redhat.java-1.56.0-win32-x64\jre\21.0.12.1-win32-x86_64\bin\instrument.dll, loaded, initialized, instrumentlib options:none

dbghelp: loaded successfully - version: 4.0.5 - missing functions: none
symbol engine: initialized successfully - sym options: 0x614 - pdb path: .;c:\Users\jaimi\.vscode\extensions\redhat.java-1.56.0-win32-x64\jre\21.0.12.1-win32-x86_64\bin;C:\Windows\SYSTEM32;C:\Windows\WinSxS\amd64_microsoft.windows.common-controls_6595b64144ccf1df_6.0.19041.6456_none_60b8a6cb71f64256;c:\Users\jaimi\.vscode\extensions\redhat.java-1.56.0-win32-x64\jre\21.0.12.1-win32-x86_64\bin\server;C:\Users\jaimi\AppData\Roaming\Code\User\globalStorage\redhat.java\1.56.0\config_win\org.eclipse.equinox.launcher\org.eclipse.equinox.launcher.win32.win32.x86_64_1.3.100.v20260804-1928;C:\Users\jaimi\AppData\Local\Temp\jna-100887342

VM Arguments:
jvm_args: --add-modules=ALL-SYSTEM --add-opens=java.base/java.util=ALL-UNNAMED --add-opens=java.base/java.lang=ALL-UNNAMED --add-opens=java.base/sun.nio.fs=ALL-UNNAMED -Declipse.application=org.eclipse.jdt.ls.core.id1 -Dosgi.bundles.defaultStartLevel=4 -Declipse.product=org.eclipse.jdt.ls.core.product -Djava.import.generatesMetadataFilesAtProjectRoot=false -Dm2e.project.cache.size=50 -DDetectVMInstallationsJob.disabled=true -Dfile.encoding=utf8 -XX:+UseParallelGC -XX:GCTimeRatio=4 -XX:AdaptiveSizePolicyWeight=90 -Dsun.zip.disableMemoryMapping=true -Xmx4G -Xms100m -Xlog:disable -javaagent:c:\Users\jaimi\.vscode\extensions\redhat.java-1.56.0-win32-x64\lombok\lombok-1.18.39-4050.jar -XX:+HeapDumpOnOutOfMemoryError -XX:HeapDumpPath=c:\Users\jaimi\AppData\Roaming\Code\User\workspaceStorage\7b1695ebeb44925a89a06e7ce4c3f07f\redhat.java -Daether.dependencyCollector.impl=bf 
java_command: c:\Users\jaimi\.vscode\extensions\redhat.java-1.56.0-win32-x64\server\plugins\org.eclipse.equinox.launcher_1.8.0.v20260804-1928.jar -configuration c:\Users\jaimi\AppData\Roaming\Code\User\globalStorage\redhat.java\1.56.0\config_win -data c:\Users\jaimi\AppData\Roaming\Code\User\workspaceStorage\7b1695ebeb44925a89a06e7ce4c3f07f\redhat.java\jdt_ws --stdio
java_class_path (initial): c:\Users\jaimi\.vscode\extensions\redhat.java-1.56.0-win32-x64\server\plugins\org.eclipse.equinox.launcher_1.8.0.v20260804-1928.jar
Launcher Type: SUN_STANDARD

[Global flags]
    uintx AdaptiveSizePolicyWeight                 = 90                                        {product} {command line}
     intx CICompilerCount                          = 2                                         {product} {ergonomic}
    uintx GCTimeRatio                              = 4                                         {product} {command line}
     bool HeapDumpOnOutOfMemoryError               = true                                   {manageable} {command line}
    ccstr HeapDumpPath                             = c:\Users\jaimi\AppData\Roaming\Code\User\workspaceStorage\7b1695ebeb44925a89a06e7ce4c3f07f\redhat.java         {manageable} {command line}
   size_t InitialHeapSize                          = 104857600                                 {product} {command line}
   size_t MaxHeapSize                              = 4294967296                                {product} {command line}
   size_t MaxNewSize                               = 1431306240                                {product} {ergonomic}
   size_t MinHeapDeltaBytes                        = 524288                                    {product} {ergonomic}
   size_t MinHeapSize                              = 104857600                                 {product} {command line}
   size_t NewSize                                  = 34603008                                  {product} {ergonomic}
    uintx NonNMethodCodeHeapSize                   = 5826188                                {pd product} {ergonomic}
    uintx NonProfiledCodeHeapSize                  = 122916026                              {pd product} {ergonomic}
   size_t OldSize                                  = 70254592                                  {product} {ergonomic}
    uintx ProfiledCodeHeapSize                     = 122916026                              {pd product} {ergonomic}
    uintx ReservedCodeCacheSize                    = 251658240                              {pd product} {ergonomic}
     bool SegmentedCodeCache                       = true                                      {product} {ergonomic}
   size_t SoftMaxHeapSize                          = 4294967296                             {manageable} {ergonomic}
     bool UseCompressedOops                        = true                           {product lp64_product} {ergonomic}
     bool UseLargePagesIndividualAllocation        = false                                  {pd product} {ergonomic}
     bool UseParallelGC                            = true                                      {product} {command line}

Logging:
Log output configuration:
 #0: stdout all=off uptime,level,tags foldmultilines=false
 #1: stderr all=off uptime,level,tags foldmultilines=false

Release file:
JAVA_VERSION="21.0.12.1" 
MODULES="java.base java.compiler java.datatransfer java.xml java.prefs java.desktop java.instrument java.logging java.management java.security.sasl java.naming java.rmi java.management.rmi java.net.http java.scripting java.security.jgss java.transaction.xa java.sql java.sql.rowset java.xml.crypto java.se java.smartcardio jdk.accessibility jdk.internal.jvmstat jdk.attach jdk.charsets jdk.internal.opt jdk.zipfs jdk.compiler jdk.crypto.ec jdk.crypto.cryptoki jdk.crypto.mscapi jdk.dynalink jdk.internal.ed jdk.editpad jdk.hotspot.agent jdk.httpserver jdk.internal.le jdk.internal.vm.ci jdk.internal.vm.compiler jdk.internal.vm.compiler.management jdk.jartool jdk.javadoc jdk.jcmd jdk.management jdk.management.agent jdk.jconsole jdk.jdeps jdk.jdwp.agent jdk.jdi jdk.jfr jdk.jshell jdk.jsobject jdk.jstatd jdk.localedata jdk.management.jfr jdk.naming.dns jdk.naming.rmi jdk.net jdk.nio.mapmode jdk.random jdk.sctp jdk.security.auth jdk.security.jgss jdk.unsupported jdk.unsupported.desktop jdk.xml.dom" 

Environment Variables:
JAVA_HOME=C:\Program Files\Java\jdk1.8.0_503
PATH=C:\Program Files (x86)\Common Files\Oracle\Java\java8path;C:\Program Files (x86)\Common Files\Oracle\Java\javapath;C:\Windows\system32;C:\Windows;C:\Windows\System32\Wbem;C:\Windows\System32\WindowsPowerShell\v1.0\;C:\Windows\System32\OpenSSH\;C:\Program Files\Git\cmd;C:\Users\jaimi\OneDrive\Documentos\programacao\calculatorProject\omniORB\bin;C:\Users\jaimi\AppData\Local\Programs\Python\Python313\;C:\Users\jaimi\AppData\Local\Programs\Python\Launcher\;C:\Users\jaimi\AppData\Local\Microsoft\WindowsApps;C:\Users\jaimi\AppData\Local\Programs\Microsoft VS Code\bin;D:\programs files\PyCharm Community Edition 2024.1.4\bin;;C:\msys64\mingw64\bin;C:\msys64\usr\bin;C:\omniORB\bin\x86_win32;C:\Program Files\Java\jdk1.8.0_503;C:\apache-maven-3.9.16\bin;C:\Program Files\Java\jdk1.8.0_503\bin;
USERNAME=jaimi
OS=Windows_NT
PROCESSOR_IDENTIFIER=Intel64 Family 6 Model 122 Stepping 8, GenuineIntel
TMP=C:\Users\jaimi\AppData\Local\Temp
TEMP=C:\Users\jaimi\AppData\Local\Temp




Periodic native trim disabled

---------------  S Y S T E M  ---------------

OS:
 Windows 10 , 64 bit Build 19041 (10.0.19041.5915)
OS uptime: 0 days 0:19 hours

CPU: total 2 (initial active 2) (2 cores per cpu, 1 threads per core) family 6 model 122 stepping 8 microcode 0x22, cx8, cmov, fxsr, mmx, 3dnowpref, sse, sse2, sse3, ssse3, sse4.1, sse4.2, popcnt, tsc, tscinvbit, aes, erms, clmul, sha, clflush, clflushopt, rdtscp, rdpid
Processor Information for the first 2 processors :
  Max Mhz: 1101, Current Mhz: 1101, Mhz Limit: 1101

Memory: 4k page, system-wide physical 8008M (1983M free)
TotalPageFile size 10099M (AvailPageFile size 5M)
current process WorkingSet (physical memory assigned to process): 289M, peak: 293M
current process commit charge ("private bytes"): 420M, peak: 433M

vm_info: OpenJDK 64-Bit Server VM (21.0.12.1+1-LTS) for windows-amd64 JRE (21.0.12.1+1-LTS), built on 2026-08-18T00:00:00Z by "admin" with MS VC++ 17.12 (VS2022)

END.
