#
# There is insufficient memory for the Java Runtime Environment to continue.
# Native memory allocation (malloc) failed to allocate 1071856 bytes. Error detail: Chunk::new
# Possible reasons:
#   The system is out of physical RAM or swap space
#   This process is running with CompressedOops enabled, and the Java Heap may be blocking the growth of the native heap
# Possible solutions:
#   Reduce memory load on the system
#   Increase physical memory or swap space
#   Check if swap backing store is full
#   Decrease Java heap size (-Xmx/-Xms)
#   Decrease number of Java threads
#   Decrease Java thread stack sizes (-Xss)
#   Set larger code cache with -XX:ReservedCodeCacheSize=
#   JVM is running with Zero Based Compressed Oops mode in which the Java heap is
#     placed in the first 32GB address space. The Java Heap base address is the
#     maximum limit for the native heap growth. Please use -XX:HeapBaseMinAddress
#     to set the Java Heap base and to place the Java Heap above 32GB virtual address.
# This output file may be truncated or incomplete.
#
#  Out of Memory Error (arena.cpp:168), pid=3548, tid=8352
#
# JRE version: OpenJDK Runtime Environment Temurin-21.0.12.1+1 (21.0.12.1+1) (build 21.0.12.1+1-LTS)
# Java VM: OpenJDK 64-Bit Server VM Temurin-21.0.12.1+1 (21.0.12.1+1-LTS, mixed mode, sharing, tiered, compressed oops, compressed class ptrs, parallel gc, windows-amd64)
# No core dump will be written. Minidumps are not enabled by default on client versions of Windows
#

---------------  S U M M A R Y ------------

Command Line: --add-modules=ALL-SYSTEM --add-opens=java.base/java.util=ALL-UNNAMED --add-opens=java.base/java.lang=ALL-UNNAMED --add-opens=java.base/sun.nio.fs=ALL-UNNAMED -Declipse.application=org.eclipse.jdt.ls.core.id1 -Dosgi.bundles.defaultStartLevel=4 -Declipse.product=org.eclipse.jdt.ls.core.product -Djava.import.generatesMetadataFilesAtProjectRoot=false -Dm2e.project.cache.size=50 -DDetectVMInstallationsJob.disabled=true -Dfile.encoding=utf8 -XX:+UseParallelGC -XX:GCTimeRatio=4 -XX:AdaptiveSizePolicyWeight=90 -Dsun.zip.disableMemoryMapping=true -Xmx4G -Xms100m -Xlog:disable -javaagent:c:\Users\jaimi\.vscode\extensions\redhat.java-1.56.0-win32-x64\lombok\lombok-1.18.39-4050.jar c:\Users\jaimi\.vscode\extensions\redhat.java-1.56.0-win32-x64\server\plugins\org.eclipse.equinox.launcher_1.8.0.v20260804-1928.jar -configuration c:\Users\jaimi\AppData\Roaming\Code\User\globalStorage\redhat.java\1.56.0\config_ss_win -data c:\Users\jaimi\AppData\Roaming\Code\User\workspaceStorage\7b1695ebeb44925a89a06e7ce4c3f07f\redhat.java\ss_ws --pipe=\\.\pipe\lsp-c64c8b0ac92373fc1f586a38a6256c35-sock

Host: Intel(R) Celeron(R) N4020 CPU @ 1.10GHz, 2 cores, 7G,  Windows 10 , 64 bit Build 19041 (10.0.19041.5915)
Time: Tue Oct  6 18:39:22 2026 South Africa Standard Time elapsed time: 146.534515 seconds (0d 0h 2m 26s)

---------------  T H R E A D  ---------------

Current thread (0x00000219f9914ac0):  JavaThread "C2 CompilerThread0" daemon [_thread_in_native, id=8352, stack(0x00000030ca300000,0x00000030ca400000) (1024K)]


Current CompileTask:
C2:146534 7373       4       org.eclipse.jdt.internal.compiler.lookup.LookupEnvironment::getTypeFromTypeSignature (770 bytes)

Stack: [0x00000030ca300000,0x00000030ca400000]
Native frames: (J=compiled Java code, j=interpreted, Vv=VM code, C=native code)
V  [jvm.dll+0x6d83e9]
V  [jvm.dll+0x8b5736]
V  [jvm.dll+0x8b7cee]
V  [jvm.dll+0x8b83d3]
V  [jvm.dll+0x284596]
V  [jvm.dll+0xc685d]
V  [jvm.dll+0xc6da1]
V  [jvm.dll+0x2fb5ae]
V  [jvm.dll+0x5fee94]
V  [jvm.dll+0x255d67]
V  [jvm.dll+0x25612d]
V  [jvm.dll+0x24e6a0]
V  [jvm.dll+0x24bbe6]
V  [jvm.dll+0x1cb4ae]
V  [jvm.dll+0x25baad]
V  [jvm.dll+0x25a03a]
V  [jvm.dll+0x3f8aae]
V  [jvm.dll+0x8600cd]
V  [jvm.dll+0x6d6c1d]
C  [ucrtbase.dll+0x21bb2]
C  [KERNEL32.DLL+0x17374]
C  [ntdll.dll+0x4cc91]


---------------  P R O C E S S  ---------------

Threads class SMR info:
_java_thread_list=0x00000219ffc08400, length=26, elements={
0x00000219de601290, 0x00000219f9906f00, 0x00000219f9908450, 0x00000219f990bac0,
0x00000219f990e530, 0x00000219f990f210, 0x00000219f990fc70, 0x00000219f9914ac0,
0x00000219f9985950, 0x00000219f9a1cf80, 0x00000219fe15b880, 0x00000219fe723aa0,
0x00000219fe933310, 0x00000219fe933980, 0x00000219fe44ed20, 0x00000219fe56cd30,
0x00000219fe92eff0, 0x00000219fe083ba0, 0x00000219f9979630, 0x00000219f9994610,
0x00000219f99938f0, 0x00000219f9991eb0, 0x00000219f9994ca0, 0x00000219f9991820,
0x00000219f9992540, 0x00000219f9992bd0
}

Java Threads: ( => current thread )
  0x00000219de601290 JavaThread "main"                              [_thread_blocked, id=10068, stack(0x00000030c9900000,0x00000030c9a00000) (1024K)]
  0x00000219f9906f00 JavaThread "Reference Handler"          daemon [_thread_blocked, id=15072, stack(0x00000030c9d00000,0x00000030c9e00000) (1024K)]
  0x00000219f9908450 JavaThread "Finalizer"                  daemon [_thread_blocked, id=3336, stack(0x00000030c9e00000,0x00000030c9f00000) (1024K)]
  0x00000219f990bac0 JavaThread "Signal Dispatcher"          daemon [_thread_blocked, id=11540, stack(0x00000030c9f00000,0x00000030ca000000) (1024K)]
  0x00000219f990e530 JavaThread "Attach Listener"            daemon [_thread_blocked, id=15316, stack(0x00000030ca000000,0x00000030ca100000) (1024K)]
  0x00000219f990f210 JavaThread "Service Thread"             daemon [_thread_blocked, id=1136, stack(0x00000030ca100000,0x00000030ca200000) (1024K)]
  0x00000219f990fc70 JavaThread "Monitor Deflation Thread"   daemon [_thread_blocked, id=11004, stack(0x00000030ca200000,0x00000030ca300000) (1024K)]
=>0x00000219f9914ac0 JavaThread "C2 CompilerThread0"         daemon [_thread_in_native, id=8352, stack(0x00000030ca300000,0x00000030ca400000) (1024K)]
  0x00000219f9985950 JavaThread "C1 CompilerThread0"         daemon [_thread_blocked, id=13812, stack(0x00000030ca400000,0x00000030ca500000) (1024K)]
  0x00000219f9a1cf80 JavaThread "Common-Cleaner"             daemon [_thread_blocked, id=10112, stack(0x00000030ca500000,0x00000030ca600000) (1024K)]
  0x00000219fe15b880 JavaThread "Notification Thread"        daemon [_thread_blocked, id=11564, stack(0x00000030ca600000,0x00000030ca700000) (1024K)]
  0x00000219fe723aa0 JavaThread "Active Thread: Equinox Container: 770c3c08-0369-450f-aa5a-b2c564abd163"        [_thread_blocked, id=5452, stack(0x00000030ca800000,0x00000030ca900000) (1024K)]
  0x00000219fe933310 JavaThread "Framework Event Dispatcher: Equinox Container: 770c3c08-0369-450f-aa5a-b2c564abd163" daemon [_thread_blocked, id=13560, stack(0x00000030ca900000,0x00000030caa00000) (1024K)]
  0x00000219fe933980 JavaThread "Start Level: Equinox Container: 770c3c08-0369-450f-aa5a-b2c564abd163" daemon [_thread_blocked, id=6692, stack(0x00000030caa00000,0x00000030cab00000) (1024K)]
  0x00000219fe44ed20 JavaThread "SCR Component Actor"        daemon [_thread_blocked, id=14172, stack(0x00000030cab00000,0x00000030cac00000) (1024K)]
  0x00000219fe56cd30 JavaThread "Worker-JM"                         [_thread_blocked, id=13536, stack(0x00000030cac00000,0x00000030cad00000) (1024K)]
  0x00000219fe92eff0 JavaThread "JNA Cleaner"                daemon [_thread_blocked, id=12868, stack(0x00000030cad00000,0x00000030cae00000) (1024K)]
  0x00000219fe083ba0 JavaThread "Worker-0"                          [_thread_blocked, id=12072, stack(0x00000030cae00000,0x00000030caf00000) (1024K)]
  0x00000219f9979630 JavaThread "Worker-1"                          [_thread_blocked, id=9620, stack(0x00000030caf00000,0x00000030cb000000) (1024K)]
  0x00000219f9994610 JavaThread "Thread-1"                   daemon [_thread_in_native, id=8952, stack(0x00000030cb000000,0x00000030cb100000) (1024K)]
  0x00000219f99938f0 JavaThread "Thread-2"                   daemon [_thread_in_native, id=1880, stack(0x00000030cb100000,0x00000030cb200000) (1024K)]
  0x00000219f9991eb0 JavaThread "Thread-3"                   daemon [_thread_in_native, id=14536, stack(0x00000030cb200000,0x00000030cb300000) (1024K)]
  0x00000219f9994ca0 JavaThread "pool-2-thread-1"                   [_thread_blocked, id=3608, stack(0x00000030cb300000,0x00000030cb400000) (1024K)]
  0x00000219f9991820 JavaThread "Worker-2"                          [_thread_blocked, id=9632, stack(0x00000030cb400000,0x00000030cb500000) (1024K)]
  0x00000219f9992540 JavaThread "WorkspaceEventsHandler"            [_thread_blocked, id=2768, stack(0x00000030cb500000,0x00000030cb600000) (1024K)]
  0x00000219f9992bd0 JavaThread "pool-1-thread-1"                   [_thread_blocked, id=15328, stack(0x00000030cb600000,0x00000030cb700000) (1024K)]
Total: 26

Other Threads:
  0x00000219f98eb230 VMThread "VM Thread"                           [id=13228, stack(0x00000030c9c00000,0x00000030c9d00000) (1024K)]
  0x00000219f98a1ae0 WatcherThread "VM Periodic Task Thread"        [id=13928, stack(0x00000030c9b00000,0x00000030c9c00000) (1024K)]
  0x00000219de61e9f0 WorkerThread "GC Thread#0"                     [id=4448, stack(0x00000030c9a00000,0x00000030c9b00000) (1024K)]
  0x00000219f993fae0 WorkerThread "GC Thread#1"                     [id=12816, stack(0x00000030ca700000,0x00000030ca800000) (1024K)]
Total: 4

Threads with active compile tasks:
C2 CompilerThread0  146580 7373       4       org.eclipse.jdt.internal.compiler.lookup.LookupEnvironment::getTypeFromTypeSignature (770 bytes)
Total: 1

VM state: not at safepoint (normal execution)

VM Mutex/Monitor currently owned by a thread: None

Heap address: 0x0000000700000000, size: 4096 MB, Compressed Oops mode: Zero based, Oop shift amount: 3

CDS archive(s) mapped at: [0x0000021980000000-0x0000021980ba0000-0x0000021980ba0000), size 12189696, SharedBaseAddress: 0x0000021980000000, ArchiveRelocationMode: 1.
Compressed class space mapped at: 0x0000021981000000-0x00000219c1000000, reserved size: 1073741824
Narrow klass base: 0x0000021980000000, Narrow klass shift: 0, Narrow klass range: 0x100000000

GC Precious Log:
 CardTable entry size: 512
 CPUs: 2 total, 2 available
 Memory: 8008M
 Large Page Support: Disabled
 NUMA Support: Disabled
 Compressed Oops: Enabled (Zero based)
 Alignments: Space 512K, Generation 512K, Heap 2M
 Heap Min Capacity: 100M
 Heap Initial Capacity: 100M
 Heap Max Capacity: 4G
 Pre-touch: Disabled
 Parallel Workers: 2

Heap:
 PSYoungGen      total 19968K, used 4225K [0x00000007aab00000, 0x00000007ac600000, 0x0000000800000000)
  eden space 19456K, 19% used [0x00000007aab00000,0x00000007aaea04c8,0x00000007abe00000)
  from space 512K, 100% used [0x00000007abe00000,0x00000007abe80000,0x00000007abe80000)
  to   space 4096K, 0% used [0x00000007ac200000,0x00000007ac200000,0x00000007ac600000)
 ParOldGen       total 68608K, used 33520K [0x0000000700000000, 0x0000000704300000, 0x00000007aab00000)
  object space 68608K, 48% used [0x0000000700000000,0x00000007020bc1f0,0x0000000704300000)
 Metaspace       used 45397K, committed 46400K, reserved 1114112K
  class space    used 4366K, committed 4800K, reserved 1048576K

Card table byte_map: [0x00000219f0810000,0x00000219f1020000] _byte_map_base: 0x00000219ed010000

Marking Bits: (ParMarkBitMap*) 0x00007ffe4efb44a0
 Begin Bits: [0x00000219f1020000, 0x00000219f5020000)
 End Bits:   [0x00000219f5020000, 0x00000219f9020000)

Polling page: 0x00000219dc2d0000

Metaspace:

Usage:
  Non-class:     40.07 MB used.
      Class:      4.26 MB used.
       Both:     44.33 MB used.

Virtual space:
  Non-class space:       64.00 MB reserved,      40.62 MB ( 63%) committed,  1 nodes.
      Class space:        1.00 GB reserved,       4.69 MB ( <1%) committed,  1 nodes.
             Both:        1.06 GB reserved,      45.31 MB (  4%) committed. 

Chunk freelists:
   Non-Class:  6.91 MB
       Class:  11.30 MB
        Both:  18.21 MB

MaxMetaspaceSize: unlimited
CompressedClassSpaceSize: 1.00 GB
Initial GC threshold: 21.00 MB
Current GC threshold: 58.38 MB
CDS: on
 - commit_granule_bytes: 65536.
 - commit_granule_words: 8192.
 - virtual_space_node_default_size: 8388608.
 - enlarge_chunks_in_place: 1.
 - use_allocation_guard: 0.


Internal statistics:

num_allocs_failed_limit: 6.
num_arena_births: 796.
num_arena_deaths: 14.
num_vsnodes_births: 2.
num_vsnodes_deaths: 0.
num_space_committed: 725.
num_space_uncommitted: 0.
num_chunks_returned_to_freelist: 20.
num_chunks_taken_from_freelist: 2727.
num_chunk_merges: 12.
num_chunk_splits: 1738.
num_chunks_enlarged: 1099.
num_inconsistent_stats: 0.

CodeHeap 'non-profiled nmethods': size=120064Kb used=4907Kb max_used=4907Kb free=115156Kb
 bounds [0x00000219e92d0000, 0x00000219e97a0000, 0x00000219f0810000]
CodeHeap 'profiled nmethods': size=120000Kb used=17954Kb max_used=17954Kb free=102045Kb
 bounds [0x00000219e1810000, 0x00000219e29a0000, 0x00000219e8d40000]
CodeHeap 'non-nmethods': size=5696Kb used=1406Kb max_used=1469Kb free=4289Kb
 bounds [0x00000219e8d40000, 0x00000219e8fb0000, 0x00000219e92d0000]
CodeCache: size=245760Kb, used=24267Kb, max_used=24330Kb, free=221490Kb
 total_blobs=7693, nmethods=6974, adapters=624, full_count=0
Compilation: enabled, stopped_count=0, restarted_count=0

Compilation events (20 events):
Event: 146.058 Thread 0x00000219f9985950 7401       3       org.eclipse.jdt.internal.compiler.parser.Parser::consumeSingleVariableDeclarator (685 bytes)
Event: 146.062 Thread 0x00000219f9985950 nmethod 7401 0x00000219e298f390 code [0x00000219e298f720, 0x00000219e2991408]
Event: 146.063 Thread 0x00000219f9985950 7402       1       org.eclipse.jdt.internal.compiler.ast.ImportReference::getImportName (5 bytes)
Event: 146.063 Thread 0x00000219f9985950 nmethod 7402 0x00000219e979aa90 code [0x00000219e979ac20, 0x00000219e979acf0]
Event: 146.071 Thread 0x00000219f9985950 7404       3       org.eclipse.jdt.internal.compiler.SourceElementParser::getUnspecifiedReferenceOptimized (216 bytes)
Event: 146.072 Thread 0x00000219f9985950 nmethod 7404 0x00000219e2991e10 code [0x00000219e2992060, 0x00000219e2992a50]
Event: 146.074 Thread 0x00000219f9985950 7405       3       java.lang.invoke.InvokerBytecodeGenerator::<init> (129 bytes)
Event: 146.076 Thread 0x00000219f9985950 nmethod 7405 0x00000219e2992e10 code [0x00000219e29930c0, 0x00000219e2993e30]
Event: 146.079 Thread 0x00000219f9985950 7406       3       org.eclipse.jdt.internal.core.JavaElement::close (9 bytes)
Event: 146.079 Thread 0x00000219f9985950 nmethod 7406 0x00000219e2994410 code [0x00000219e29945c0, 0x00000219e2994798]
Event: 146.079 Thread 0x00000219f9985950 7407       3       org.eclipse.jdt.internal.core.JavaModelCache::removeInfo (211 bytes)
Event: 146.082 Thread 0x00000219f9985950 nmethod 7407 0x00000219e2994890 code [0x00000219e2994ca0, 0x00000219e2996f30]
Event: 146.094 Thread 0x00000219f9985950 7408       3       java.util.regex.Pattern$Slice::<init> (6 bytes)
Event: 146.094 Thread 0x00000219f9985950 nmethod 7408 0x00000219e2997610 code [0x00000219e29977c0, 0x00000219e2997a20]
Event: 146.095 Thread 0x00000219f9985950 7409       3       java.util.regex.Pattern$GroupHead::<init> (10 bytes)
Event: 146.096 Thread 0x00000219f9985950 nmethod 7409 0x00000219e2997b10 code [0x00000219e2997cc0, 0x00000219e2997eb0]
Event: 146.096 Thread 0x00000219f9985950 7410       3       java.util.regex.Pattern$GroupTail::<init> (17 bytes)
Event: 146.096 Thread 0x00000219f9985950 nmethod 7410 0x00000219e2997f90 code [0x00000219e2998140, 0x00000219e2998340]
Event: 146.106 Thread 0x00000219f9985950 7411       3       org.eclipse.jdt.internal.core.SourceRefElementInfo::getSourceRange (23 bytes)
Event: 146.106 Thread 0x00000219f9985950 nmethod 7411 0x00000219e2998410 code [0x00000219e29985c0, 0x00000219e29987f8]

GC Heap History (20 events):
Event: 103.051 GC heap before
{Heap before GC invocations=24 (full 2):
 PSYoungGen      total 23552K, used 23212K [0x00000007aab00000, 0x00000007ac480000, 0x0000000800000000)
  eden space 22016K, 100% used [0x00000007aab00000,0x00000007ac080000,0x00000007ac080000)
  from space 1536K, 77% used [0x00000007ac180000,0x00000007ac2ab0a8,0x00000007ac300000)
  to   space 1536K, 0% used [0x00000007ac300000,0x00000007ac300000,0x00000007ac480000)
 ParOldGen       total 68608K, used 24321K [0x0000000700000000, 0x0000000704300000, 0x00000007aab00000)
  object space 68608K, 35% used [0x0000000700000000,0x00000007017c0478,0x0000000704300000)
 Metaspace       used 39428K, committed 40384K, reserved 1114112K
  class space    used 3956K, committed 4352K, reserved 1048576K
}
Event: 103.056 GC heap after
{Heap after GC invocations=24 (full 2):
 PSYoungGen      total 23040K, used 576K [0x00000007aab00000, 0x00000007ac400000, 0x0000000800000000)
  eden space 22016K, 0% used [0x00000007aab00000,0x00000007aab00000,0x00000007ac080000)
  from space 1024K, 56% used [0x00000007ac300000,0x00000007ac390000,0x00000007ac400000)
  to   space 1024K, 0% used [0x00000007ac200000,0x00000007ac200000,0x00000007ac300000)
 ParOldGen       total 68608K, used 25433K [0x0000000700000000, 0x0000000704300000, 0x00000007aab00000)
  object space 68608K, 37% used [0x0000000700000000,0x00000007018d6578,0x0000000704300000)
 Metaspace       used 39428K, committed 40384K, reserved 1114112K
  class space    used 3956K, committed 4352K, reserved 1048576K
}
Event: 103.507 GC heap before
{Heap before GC invocations=25 (full 2):
 PSYoungGen      total 23040K, used 22592K [0x00000007aab00000, 0x00000007ac400000, 0x0000000800000000)
  eden space 22016K, 100% used [0x00000007aab00000,0x00000007ac080000,0x00000007ac080000)
  from space 1024K, 56% used [0x00000007ac300000,0x00000007ac390000,0x00000007ac400000)
  to   space 1024K, 0% used [0x00000007ac200000,0x00000007ac200000,0x00000007ac300000)
 ParOldGen       total 68608K, used 25433K [0x0000000700000000, 0x0000000704300000, 0x00000007aab00000)
  object space 68608K, 37% used [0x0000000700000000,0x00000007018d6578,0x0000000704300000)
 Metaspace       used 39472K, committed 40448K, reserved 1114112K
  class space    used 3956K, committed 4352K, reserved 1048576K
}
Event: 103.513 GC heap after
{Heap after GC invocations=25 (full 2):
 PSYoungGen      total 23040K, used 544K [0x00000007aab00000, 0x00000007ac380000, 0x0000000800000000)
  eden space 22016K, 0% used [0x00000007aab00000,0x00000007aab00000,0x00000007ac080000)
  from space 1024K, 53% used [0x00000007ac200000,0x00000007ac288000,0x00000007ac300000)
  to   space 512K, 0% used [0x00000007ac300000,0x00000007ac300000,0x00000007ac380000)
 ParOldGen       total 68608K, used 25961K [0x0000000700000000, 0x0000000704300000, 0x00000007aab00000)
  object space 68608K, 37% used [0x0000000700000000,0x000000070195a578,0x0000000704300000)
 Metaspace       used 39472K, committed 40448K, reserved 1114112K
  class space    used 3956K, committed 4352K, reserved 1048576K
}
Event: 104.128 GC heap before
{Heap before GC invocations=26 (full 2):
 PSYoungGen      total 23040K, used 22560K [0x00000007aab00000, 0x00000007ac380000, 0x0000000800000000)
  eden space 22016K, 100% used [0x00000007aab00000,0x00000007ac080000,0x00000007ac080000)
  from space 1024K, 53% used [0x00000007ac200000,0x00000007ac288000,0x00000007ac300000)
  to   space 512K, 0% used [0x00000007ac300000,0x00000007ac300000,0x00000007ac380000)
 ParOldGen       total 68608K, used 25961K [0x0000000700000000, 0x0000000704300000, 0x00000007aab00000)
  object space 68608K, 37% used [0x0000000700000000,0x000000070195a578,0x0000000704300000)
 Metaspace       used 39474K, committed 40448K, reserved 1114112K
  class space    used 3956K, committed 4352K, reserved 1048576K
}
Event: 104.133 GC heap after
{Heap after GC invocations=26 (full 2):
 PSYoungGen      total 22528K, used 512K [0x00000007aab00000, 0x00000007ac380000, 0x0000000800000000)
  eden space 22016K, 0% used [0x00000007aab00000,0x00000007aab00000,0x00000007ac080000)
  from space 512K, 100% used [0x00000007ac300000,0x00000007ac380000,0x00000007ac380000)
  to   space 1536K, 0% used [0x00000007ac080000,0x00000007ac080000,0x00000007ac200000)
 ParOldGen       total 68608K, used 26499K [0x0000000700000000, 0x0000000704300000, 0x00000007aab00000)
  object space 68608K, 38% used [0x0000000700000000,0x00000007019e0f90,0x0000000704300000)
 Metaspace       used 39474K, committed 40448K, reserved 1114112K
  class space    used 3956K, committed 4352K, reserved 1048576K
}
Event: 104.983 GC heap before
{Heap before GC invocations=27 (full 2):
 PSYoungGen      total 22528K, used 22528K [0x00000007aab00000, 0x00000007ac380000, 0x0000000800000000)
  eden space 22016K, 100% used [0x00000007aab00000,0x00000007ac080000,0x00000007ac080000)
  from space 512K, 100% used [0x00000007ac300000,0x00000007ac380000,0x00000007ac380000)
  to   space 1536K, 0% used [0x00000007ac080000,0x00000007ac080000,0x00000007ac200000)
 ParOldGen       total 68608K, used 26499K [0x0000000700000000, 0x0000000704300000, 0x00000007aab00000)
  object space 68608K, 38% used [0x0000000700000000,0x00000007019e0f90,0x0000000704300000)
 Metaspace       used 39485K, committed 40448K, reserved 1114112K
  class space    used 3956K, committed 4352K, reserved 1048576K
}
Event: 104.987 GC heap after
{Heap after GC invocations=27 (full 2):
 PSYoungGen      total 23552K, used 736K [0x00000007aab00000, 0x00000007ac380000, 0x0000000800000000)
  eden space 22016K, 0% used [0x00000007aab00000,0x00000007aab00000,0x00000007ac080000)
  from space 1536K, 47% used [0x00000007ac080000,0x00000007ac138000,0x00000007ac200000)
  to   space 1024K, 0% used [0x00000007ac280000,0x00000007ac280000,0x00000007ac380000)
 ParOldGen       total 68608K, used 26995K [0x0000000700000000, 0x0000000704300000, 0x00000007aab00000)
  object space 68608K, 39% used [0x0000000700000000,0x0000000701a5cfa0,0x0000000704300000)
 Metaspace       used 39485K, committed 40448K, reserved 1114112K
  class space    used 3956K, committed 4352K, reserved 1048576K
}
Event: 105.516 GC heap before
{Heap before GC invocations=28 (full 2):
 PSYoungGen      total 23552K, used 22752K [0x00000007aab00000, 0x00000007ac380000, 0x0000000800000000)
  eden space 22016K, 100% used [0x00000007aab00000,0x00000007ac080000,0x00000007ac080000)
  from space 1536K, 47% used [0x00000007ac080000,0x00000007ac138000,0x00000007ac200000)
  to   space 1024K, 0% used [0x00000007ac280000,0x00000007ac280000,0x00000007ac380000)
 ParOldGen       total 68608K, used 26995K [0x0000000700000000, 0x0000000704300000, 0x00000007aab00000)
  object space 68608K, 39% used [0x0000000700000000,0x0000000701a5cfa0,0x0000000704300000)
 Metaspace       used 39500K, committed 40448K, reserved 1114112K
  class space    used 3956K, committed 4352K, reserved 1048576K
}
Event: 105.521 GC heap after
{Heap after GC invocations=28 (full 2):
 PSYoungGen      total 23040K, used 640K [0x00000007aab00000, 0x00000007ac380000, 0x0000000800000000)
  eden space 22016K, 0% used [0x00000007aab00000,0x00000007aab00000,0x00000007ac080000)
  from space 1024K, 62% used [0x00000007ac280000,0x00000007ac320000,0x00000007ac380000)
  to   space 1024K, 0% used [0x00000007ac180000,0x00000007ac180000,0x00000007ac280000)
 ParOldGen       total 68608K, used 27515K [0x0000000700000000, 0x0000000704300000, 0x00000007aab00000)
  object space 68608K, 40% used [0x0000000700000000,0x0000000701adee80,0x0000000704300000)
 Metaspace       used 39500K, committed 40448K, reserved 1114112K
  class space    used 3956K, committed 4352K, reserved 1048576K
}
Event: 106.810 GC heap before
{Heap before GC invocations=29 (full 2):
 PSYoungGen      total 23040K, used 22656K [0x00000007aab00000, 0x00000007ac380000, 0x0000000800000000)
  eden space 22016K, 100% used [0x00000007aab00000,0x00000007ac080000,0x00000007ac080000)
  from space 1024K, 62% used [0x00000007ac280000,0x00000007ac320000,0x00000007ac380000)
  to   space 1024K, 0% used [0x00000007ac180000,0x00000007ac180000,0x00000007ac280000)
 ParOldGen       total 68608K, used 27515K [0x0000000700000000, 0x0000000704300000, 0x00000007aab00000)
  object space 68608K, 40% used [0x0000000700000000,0x0000000701adee80,0x0000000704300000)
 Metaspace       used 40482K, committed 41408K, reserved 1114112K
  class space    used 4053K, committed 4416K, reserved 1048576K
}
Event: 106.830 GC heap after
{Heap after GC invocations=29 (full 2):
 PSYoungGen      total 23040K, used 1008K [0x00000007aab00000, 0x00000007ac580000, 0x0000000800000000)
  eden space 22016K, 0% used [0x00000007aab00000,0x00000007aab00000,0x00000007ac080000)
  from space 1024K, 98% used [0x00000007ac180000,0x00000007ac27c030,0x00000007ac280000)
  to   space 2560K, 0% used [0x00000007ac300000,0x00000007ac300000,0x00000007ac580000)
 ParOldGen       total 68608K, used 28427K [0x0000000700000000, 0x0000000704300000, 0x00000007aab00000)
  object space 68608K, 41% used [0x0000000700000000,0x0000000701bc2d38,0x0000000704300000)
 Metaspace       used 40482K, committed 41408K, reserved 1114112K
  class space    used 4053K, committed 4416K, reserved 1048576K
}
Event: 115.746 GC heap before
{Heap before GC invocations=30 (full 2):
 PSYoungGen      total 23040K, used 23024K [0x00000007aab00000, 0x00000007ac580000, 0x0000000800000000)
  eden space 22016K, 99% used [0x00000007aab00000,0x00000007ac07ffe0,0x00000007ac080000)
  from space 1024K, 98% used [0x00000007ac180000,0x00000007ac27c030,0x00000007ac280000)
  to   space 2560K, 0% used [0x00000007ac300000,0x00000007ac300000,0x00000007ac580000)
 ParOldGen       total 68608K, used 28427K [0x0000000700000000, 0x0000000704300000, 0x00000007aab00000)
  object space 68608K, 41% used [0x0000000700000000,0x0000000701bc2d38,0x0000000704300000)
 Metaspace       used 42136K, committed 43008K, reserved 1114112K
  class space    used 4186K, committed 4544K, reserved 1048576K
}
Event: 115.758 GC heap after
{Heap after GC invocations=30 (full 2):
 PSYoungGen      total 22016K, used 2544K [0x00000007aab00000, 0x00000007aca80000, 0x0000000800000000)
  eden space 19456K, 0% used [0x00000007aab00000,0x00000007aab00000,0x00000007abe00000)
  from space 2560K, 99% used [0x00000007ac300000,0x00000007ac57c2e0,0x00000007ac580000)
  to   space 5120K, 0% used [0x00000007abe00000,0x00000007abe00000,0x00000007ac300000)
 ParOldGen       total 68608K, used 30160K [0x0000000700000000, 0x0000000704300000, 0x00000007aab00000)
  object space 68608K, 43% used [0x0000000700000000,0x0000000701d74300,0x0000000704300000)
 Metaspace       used 42136K, committed 43008K, reserved 1114112K
  class space    used 4186K, committed 4544K, reserved 1048576K
}
Event: 122.291 GC heap before
{Heap before GC invocations=31 (full 2):
 PSYoungGen      total 22016K, used 22000K [0x00000007aab00000, 0x00000007aca80000, 0x0000000800000000)
  eden space 19456K, 100% used [0x00000007aab00000,0x00000007abe00000,0x00000007abe00000)
  from space 2560K, 99% used [0x00000007ac300000,0x00000007ac57c2e0,0x00000007ac580000)
  to   space 5120K, 0% used [0x00000007abe00000,0x00000007abe00000,0x00000007ac300000)
 ParOldGen       total 68608K, used 30160K [0x0000000700000000, 0x0000000704300000, 0x00000007aab00000)
  object space 68608K, 43% used [0x0000000700000000,0x0000000701d74300,0x0000000704300000)
 Metaspace       used 43966K, committed 44928K, reserved 1114112K
  class space    used 4272K, committed 4672K, reserved 1048576K
}
Event: 122.297 GC heap after
{Heap after GC invocations=31 (full 2):
 PSYoungGen      total 19968K, used 384K [0x00000007aab00000, 0x00000007ac380000, 0x0000000800000000)
  eden space 19456K, 0% used [0x00000007aab00000,0x00000007aab00000,0x00000007abe00000)
  from space 512K, 75% used [0x00000007abe00000,0x00000007abe60000,0x00000007abe80000)
  to   space 2048K, 0% used [0x00000007ac180000,0x00000007ac180000,0x00000007ac380000)
 ParOldGen       total 68608K, used 30548K [0x0000000700000000, 0x0000000704300000, 0x00000007aab00000)
  object space 68608K, 44% used [0x0000000700000000,0x0000000701dd53b8,0x0000000704300000)
 Metaspace       used 43966K, committed 44928K, reserved 1114112K
  class space    used 4272K, committed 4672K, reserved 1048576K
}
Event: 137.762 GC heap before
{Heap before GC invocations=32 (full 2):
 PSYoungGen      total 19968K, used 19840K [0x00000007aab00000, 0x00000007ac380000, 0x0000000800000000)
  eden space 19456K, 100% used [0x00000007aab00000,0x00000007abe00000,0x00000007abe00000)
  from space 512K, 75% used [0x00000007abe00000,0x00000007abe60000,0x00000007abe80000)
  to   space 2048K, 0% used [0x00000007ac180000,0x00000007ac180000,0x00000007ac380000)
 ParOldGen       total 68608K, used 30548K [0x0000000700000000, 0x0000000704300000, 0x00000007aab00000)
  object space 68608K, 44% used [0x0000000700000000,0x0000000701dd53b8,0x0000000704300000)
 Metaspace       used 44788K, committed 45760K, reserved 1114112K
  class space    used 4311K, committed 4736K, reserved 1048576K
}
Event: 137.766 GC heap after
{Heap after GC invocations=32 (full 2):
 PSYoungGen      total 19968K, used 192K [0x00000007aab00000, 0x00000007ac200000, 0x0000000800000000)
  eden space 19456K, 0% used [0x00000007aab00000,0x00000007aab00000,0x00000007abe00000)
  from space 512K, 37% used [0x00000007ac180000,0x00000007ac1b0000,0x00000007ac200000)
  to   space 512K, 0% used [0x00000007abe00000,0x00000007abe00000,0x00000007abe80000)
 ParOldGen       total 68608K, used 30822K [0x0000000700000000, 0x0000000704300000, 0x00000007aab00000)
  object space 68608K, 44% used [0x0000000700000000,0x0000000701e19ad8,0x0000000704300000)
 Metaspace       used 44788K, committed 45760K, reserved 1114112K
  class space    used 4311K, committed 4736K, reserved 1048576K
}
Event: 145.110 GC heap before
{Heap before GC invocations=33 (full 2):
 PSYoungGen      total 19968K, used 19648K [0x00000007aab00000, 0x00000007ac200000, 0x0000000800000000)
  eden space 19456K, 100% used [0x00000007aab00000,0x00000007abe00000,0x00000007abe00000)
  from space 512K, 37% used [0x00000007ac180000,0x00000007ac1b0000,0x00000007ac200000)
  to   space 512K, 0% used [0x00000007abe00000,0x00000007abe00000,0x00000007abe80000)
 ParOldGen       total 68608K, used 30822K [0x0000000700000000, 0x0000000704300000, 0x00000007aab00000)
  object space 68608K, 44% used [0x0000000700000000,0x0000000701e19ad8,0x0000000704300000)
 Metaspace       used 45302K, committed 46336K, reserved 1114112K
  class space    used 4363K, committed 4800K, reserved 1048576K
}
Event: 145.129 GC heap after
{Heap after GC invocations=33 (full 2):
 PSYoungGen      total 19968K, used 512K [0x00000007aab00000, 0x00000007ac600000, 0x0000000800000000)
  eden space 19456K, 0% used [0x00000007aab00000,0x00000007aab00000,0x00000007abe00000)
  from space 512K, 100% used [0x00000007abe00000,0x00000007abe80000,0x00000007abe80000)
  to   space 4096K, 0% used [0x00000007ac200000,0x00000007ac200000,0x00000007ac600000)
 ParOldGen       total 68608K, used 33520K [0x0000000700000000, 0x0000000704300000, 0x00000007aab00000)
  object space 68608K, 48% used [0x0000000700000000,0x00000007020bc1f0,0x0000000704300000)
 Metaspace       used 45302K, committed 46336K, reserved 1114112K
  class space    used 4363K, committed 4800K, reserved 1048576K
}

Dll operation events (20 events):
Event: 0.047 Attempting to load shared library c:\Users\jaimi\.vscode\extensions\redhat.java-1.56.0-win32-x64\jre\21.0.12.1-win32-x86_64\bin\java.dll
Event: 0.047 Loaded shared library c:\Users\jaimi\.vscode\extensions\redhat.java-1.56.0-win32-x64\jre\21.0.12.1-win32-x86_64\bin\java.dll
Event: 0.315 Attempting to load shared library c:\Users\jaimi\.vscode\extensions\redhat.java-1.56.0-win32-x64\jre\21.0.12.1-win32-x86_64\bin\zip.dll
Event: 0.317 Loaded shared library c:\Users\jaimi\.vscode\extensions\redhat.java-1.56.0-win32-x64\jre\21.0.12.1-win32-x86_64\bin\zip.dll
Event: 0.473 Attempting to load shared library C:\Users\jaimi\.vscode\extensions\redhat.java-1.56.0-win32-x64\jre\21.0.12.1-win32-x86_64\bin\instrument.dll
Event: 0.473 Loaded shared library C:\Users\jaimi\.vscode\extensions\redhat.java-1.56.0-win32-x64\jre\21.0.12.1-win32-x86_64\bin\instrument.dll
Event: 0.490 Attempting to load shared library C:\Users\jaimi\.vscode\extensions\redhat.java-1.56.0-win32-x64\jre\21.0.12.1-win32-x86_64\bin\net.dll
Event: 0.491 Loaded shared library C:\Users\jaimi\.vscode\extensions\redhat.java-1.56.0-win32-x64\jre\21.0.12.1-win32-x86_64\bin\net.dll
Event: 0.497 Attempting to load shared library C:\Users\jaimi\.vscode\extensions\redhat.java-1.56.0-win32-x64\jre\21.0.12.1-win32-x86_64\bin\nio.dll
Event: 0.497 Loaded shared library C:\Users\jaimi\.vscode\extensions\redhat.java-1.56.0-win32-x64\jre\21.0.12.1-win32-x86_64\bin\nio.dll
Event: 0.506 Attempting to load shared library C:\Users\jaimi\.vscode\extensions\redhat.java-1.56.0-win32-x64\jre\21.0.12.1-win32-x86_64\bin\zip.dll
Event: 0.506 Loaded shared library C:\Users\jaimi\.vscode\extensions\redhat.java-1.56.0-win32-x64\jre\21.0.12.1-win32-x86_64\bin\zip.dll
Event: 0.632 Attempting to load shared library C:\Users\jaimi\.vscode\extensions\redhat.java-1.56.0-win32-x64\jre\21.0.12.1-win32-x86_64\bin\jimage.dll
Event: 0.632 Loaded shared library C:\Users\jaimi\.vscode\extensions\redhat.java-1.56.0-win32-x64\jre\21.0.12.1-win32-x86_64\bin\jimage.dll
Event: 1.066 Attempting to load shared library c:\Users\jaimi\.vscode\extensions\redhat.java-1.56.0-win32-x64\jre\21.0.12.1-win32-x86_64\bin\verify.dll
Event: 1.068 Loaded shared library c:\Users\jaimi\.vscode\extensions\redhat.java-1.56.0-win32-x64\jre\21.0.12.1-win32-x86_64\bin\verify.dll
Event: 13.859 Attempting to load shared library C:\Users\jaimi\AppData\Roaming\Code\User\globalStorage\redhat.java\1.56.0\config_ss_win\org.eclipse.equinox.launcher\org.eclipse.equinox.launcher.win32.win32.x86_64_1.3.100.v20260804-1928\eclipse_11924.dll
Event: 13.861 Loaded shared library C:\Users\jaimi\AppData\Roaming\Code\User\globalStorage\redhat.java\1.56.0\config_ss_win\org.eclipse.equinox.launcher\org.eclipse.equinox.launcher.win32.win32.x86_64_1.3.100.v20260804-1928\eclipse_11924.dll
Event: 23.462 Attempting to load shared library C:\Users\jaimi\AppData\Local\Temp\jna-100887342\jna10665004729622642586.dll
Event: 23.877 Loaded shared library C:\Users\jaimi\AppData\Local\Temp\jna-100887342\jna10665004729622642586.dll

Deoptimization events (20 events):
Event: 143.597 Thread 0x00000219ff6d8fd0 Uncommon trap: trap_request=0xffffffde fr.pc=0x00000219e96d1efc relative=0x000000000000225c
Event: 143.597 Thread 0x00000219ff6d8fd0 Uncommon trap: reason=class_check action=maybe_recompile pc=0x00000219e96d1efc method=org.eclipse.jdt.internal.core.JavaModelCache.getInfo(Lorg/eclipse/jdt/core/IJavaElement;)Lorg/eclipse/jdt/internal/compiler/env/IElementInfo; @ 91 c2
Event: 143.597 Thread 0x00000219ff6d8fd0 DEOPT PACKING pc=0x00000219e96d1efc sp=0x00000030c98fd800
Event: 143.597 Thread 0x00000219ff6d8fd0 DEOPT UNPACKING pc=0x00000219e8d93a9c sp=0x00000030c98fd770 mode 2
Event: 143.597 Thread 0x00000219ff6d8fd0 Uncommon trap: trap_request=0xffffffde fr.pc=0x00000219e96d1efc relative=0x000000000000225c
Event: 143.597 Thread 0x00000219ff6d8fd0 Uncommon trap: reason=class_check action=maybe_recompile pc=0x00000219e96d1efc method=org.eclipse.jdt.internal.core.JavaModelCache.getInfo(Lorg/eclipse/jdt/core/IJavaElement;)Lorg/eclipse/jdt/internal/compiler/env/IElementInfo; @ 91 c2
Event: 143.597 Thread 0x00000219ff6d8fd0 DEOPT PACKING pc=0x00000219e96d1efc sp=0x00000030c98fd640
Event: 143.597 Thread 0x00000219ff6d8fd0 DEOPT UNPACKING pc=0x00000219e8d93a9c sp=0x00000030c98fd5b0 mode 2
Event: 143.601 Thread 0x00000219ff6d8fd0 Uncommon trap: trap_request=0xffffffde fr.pc=0x00000219e96d5bf8 relative=0x0000000000001d38
Event: 143.601 Thread 0x00000219ff6d8fd0 Uncommon trap: reason=class_check action=maybe_recompile pc=0x00000219e96d5bf8 method=org.eclipse.jdt.internal.core.JavaModelCache.getInfo(Lorg/eclipse/jdt/core/IJavaElement;)Lorg/eclipse/jdt/internal/compiler/env/IElementInfo; @ 91 c2
Event: 143.601 Thread 0x00000219ff6d8fd0 DEOPT PACKING pc=0x00000219e96d5bf8 sp=0x00000030c98fd160
Event: 143.601 Thread 0x00000219ff6d8fd0 DEOPT UNPACKING pc=0x00000219e8d93a9c sp=0x00000030c98fd148 mode 2
Event: 145.090 Thread 0x00000219f9979630 Uncommon trap: trap_request=0xffffffde fr.pc=0x00000219e978d720 relative=0x00000000000006a0
Event: 145.090 Thread 0x00000219f9979630 Uncommon trap: reason=class_check action=maybe_recompile pc=0x00000219e978d720 method=org.eclipse.jdt.internal.compiler.parser.Parser.consumeToken(Lorg/eclipse/jdt/internal/compiler/parser/TerminalToken;)V @ 1302 c2
Event: 145.090 Thread 0x00000219f9979630 DEOPT PACKING pc=0x00000219e978d720 sp=0x00000030caffe2f0
Event: 145.090 Thread 0x00000219f9979630 DEOPT UNPACKING pc=0x00000219e8d93a9c sp=0x00000030caffe280 mode 2
Event: 145.629 Thread 0x00000219f9991820 Uncommon trap: trap_request=0xffffff6e fr.pc=0x00000219e97984b0 relative=0x00000000000001f0
Event: 145.629 Thread 0x00000219f9991820 Uncommon trap: reason=loop_limit_check action=maybe_recompile pc=0x00000219e97984b0 method=org.eclipse.jdt.internal.compiler.parser.diagnose.LexStream.token(I)Lorg/eclipse/jdt/internal/compiler/parser/diagnose/LexStream$Token; @ 84 c2
Event: 145.629 Thread 0x00000219f9991820 DEOPT PACKING pc=0x00000219e97984b0 sp=0x00000030cb4fe510
Event: 145.629 Thread 0x00000219f9991820 DEOPT UNPACKING pc=0x00000219e8d93a9c sp=0x00000030cb4fe4a0 mode 2

Classes loaded (20 events):
Event: 97.268 Loading class sun/util/logging/resources/logging
Event: 97.268 Loading class sun/util/logging/resources/logging done
Event: 97.268 Loading class sun/util/logging/resources/logging_en
Event: 97.268 Loading class sun/util/logging/resources/logging_en done
Event: 97.268 Loading class sun/util/logging/resources/logging_en
Event: 97.268 Loading class sun/util/logging/resources/logging_en done
Event: 97.268 Loading class sun/util/logging/resources/logging_en_GB
Event: 97.268 Loading class sun/util/logging/resources/logging_en_GB done
Event: 97.268 Loading class sun/util/logging/resources/logging_en_GB
Event: 97.268 Loading class sun/util/logging/resources/logging_en_GB done
Event: 97.270 Loading class java/util/Formatter$DateTime
Event: 97.270 Loading class java/util/Formatter$DateTime done
Event: 97.271 Loading class java/time/ZonedDateTime$1
Event: 97.271 Loading class java/time/ZonedDateTime$1 done
Event: 102.732 Loading class java/util/AbstractList$ListItr
Event: 102.732 Loading class java/util/AbstractList$ListItr done
Event: 105.680 Loading class java/lang/UnsupportedClassVersionError
Event: 105.680 Loading class java/lang/UnsupportedClassVersionError done
Event: 105.682 Loading class java/io/FileReader
Event: 105.684 Loading class java/io/FileReader done

Classes unloaded (7 events):
Event: 31.626 Thread 0x00000219f98eb230 Unloading class 0x0000021981191400 'java/lang/invoke/LambdaForm$MH+0x0000021981191400'
Event: 31.626 Thread 0x00000219f98eb230 Unloading class 0x0000021981191000 'java/lang/invoke/LambdaForm$MH+0x0000021981191000'
Event: 31.626 Thread 0x00000219f98eb230 Unloading class 0x0000021981190c00 'java/lang/invoke/LambdaForm$MH+0x0000021981190c00'
Event: 31.626 Thread 0x00000219f98eb230 Unloading class 0x0000021981190800 'java/lang/invoke/LambdaForm$MH+0x0000021981190800'
Event: 31.626 Thread 0x00000219f98eb230 Unloading class 0x0000021981190400 'java/lang/invoke/LambdaForm$BMH+0x0000021981190400'
Event: 31.626 Thread 0x00000219f98eb230 Unloading class 0x0000021981190000 'java/lang/invoke/LambdaForm$DMH+0x0000021981190000'
Event: 31.626 Thread 0x00000219f98eb230 Unloading class 0x000002198118ec00 'java/lang/invoke/LambdaForm$DMH+0x000002198118ec00'

Classes redefined (0 events):
No events

Internal exceptions (20 events):
Event: 95.525 Thread 0x00000219f9991820 Exception <a 'java/lang/NoSuchMethodError'{0x00000007ab4af340}: 'java.lang.Object java.lang.invoke.DirectMethodHandle$Holder.invokeSpecial(java.lang.Object, java.lang.Object, int, long)'> (0x00000007ab4af340) 
thrown [s\src\hotspot\share\interpreter\linkResolver.cpp, line 773]
Event: 96.390 Thread 0x00000219f9992bd0 Exception <a 'java/lang/IncompatibleClassChangeError'{0x00000007ab5e96d8}: Found class java.lang.Object, but interface was expected> (0x00000007ab5e96d8) 
thrown [s\src\hotspot\share\interpreter\linkResolver.cpp, line 840]
Event: 97.244 Thread 0x00000219f9992bd0 Exception <a 'java/lang/IncompatibleClassChangeError'{0x00000007ab4b3598}: Found class java.lang.Object, but interface was expected> (0x00000007ab4b3598) 
thrown [s\src\hotspot\share\interpreter\linkResolver.cpp, line 840]
Event: 97.267 Thread 0x00000219f9992bd0 Exception <a 'java/lang/ClassNotFoundException'{0x00000007abcee788}: sun/util/logging/resources/spi/loggingProvider> (0x00000007abcee788) 
thrown [s\src\hotspot\share\classfile\systemDictionary.cpp, line 313]
Event: 97.410 Thread 0x00000219f9992bd0 Exception <a 'java/lang/IncompatibleClassChangeError'{0x00000007ab343b48}: Found class java.lang.Object, but interface was expected> (0x00000007ab343b48) 
thrown [s\src\hotspot\share\interpreter\linkResolver.cpp, line 840]
Event: 98.242 Thread 0x00000219f9979630 Implicit null exception at 0x00000219e9584188 to 0x00000219e9584a34
Event: 105.787 Thread 0x00000219ff6dd170 Exception <a 'java/lang/NoSuchMethodError'{0x00000007abac1e58}: 'int java.lang.invoke.Invokers$Holder.invokeExact_MT(java.lang.Object, java.lang.Object)'> (0x00000007abac1e58) 
thrown [s\src\hotspot\share\interpreter\linkResolver.cpp, line 773]
Event: 106.284 Thread 0x00000219ff6dd170 Exception <a 'java/lang/NoSuchMethodError'{0x00000007abd69718}: 'int java.lang.invoke.DirectMethodHandle$Holder.invokeInterface(java.lang.Object, java.lang.Object)'> (0x00000007abd69718) 
thrown [s\src\hotspot\share\interpreter\linkResolver.cpp, line 773]
Event: 106.285 Thread 0x00000219ff6dd170 Exception <a 'java/lang/IncompatibleClassChangeError'{0x00000007abd6cc58}: Found class java.lang.Object, but interface was expected> (0x00000007abd6cc58) 
thrown [s\src\hotspot\share\interpreter\linkResolver.cpp, line 840]
Event: 106.317 Thread 0x00000219f9979630 Exception <a 'java/lang/NoSuchMethodError'{0x00000007abc92a08}: 'int java.lang.invoke.DirectMethodHandle$Holder.invokeSpecialIFC(java.lang.Object, java.lang.Object, java.lang.Object)'> (0x00000007abc92a08) 
thrown [s\src\hotspot\share\interpreter\linkResolver.cpp, line 773]
Event: 107.636 Thread 0x00000219f9979630 Exception <a 'java/lang/NoSuchMethodError'{0x00000007aaf5bdf0}: 'int java.lang.invoke.DirectMethodHandle$Holder.invokeSpecial(java.lang.Object, java.lang.Object, java.lang.Object, java.lang.Object)'> (0x00000007aaf5bdf0) 
thrown [s\src\hotspot\share\interpreter\linkResolver.cpp, line 773]
Event: 109.882 Thread 0x00000219f9992bd0 Exception <a 'java/lang/IncompatibleClassChangeError'{0x00000007ab35d448}: Found class java.lang.Object, but interface was expected> (0x00000007ab35d448) 
thrown [s\src\hotspot\share\interpreter\linkResolver.cpp, line 840]
Event: 110.350 Thread 0x00000219ff6dcae0 Exception <a 'java/lang/ArrayIndexOutOfBoundsException'{0x00000007ab46ac78}> (0x00000007ab46ac78) 
thrown [s\src\hotspot\share\runtime\sharedRuntime.cpp, line 625]
Event: 113.352 Thread 0x00000219fe083ba0 Exception <a 'java/lang/NoSuchMethodError'{0x00000007abb6b718}: 'int java.lang.invoke.DirectMethodHandle$Holder.invokeVirtual(java.lang.Object, java.lang.Object, java.lang.Object)'> (0x00000007abb6b718) 
thrown [s\src\hotspot\share\interpreter\linkResolver.cpp, line 773]
Event: 114.328 Thread 0x00000219ff6df8d0 Exception <a 'java/lang/NoSuchMethodError'{0x00000007abdee948}: 'void java.lang.invoke.DirectMethodHandle$Holder.invokeStatic(java.lang.Object, int, java.lang.Object)'> (0x00000007abdee948) 
thrown [s\src\hotspot\share\interpreter\linkResolver.cpp, line 773]
Event: 114.564 Thread 0x00000219fe083ba0 Exception <a 'java/lang/NoSuchMethodError'{0x00000007abdf91d0}: 'void java.lang.invoke.DirectMethodHandle$Holder.invokeStatic(java.lang.Object, int, java.lang.Object)'> (0x00000007abdf91d0) 
thrown [s\src\hotspot\share\interpreter\linkResolver.cpp, line 773]
Event: 115.882 Thread 0x00000219fe083ba0 Exception <a 'java/io/FileNotFoundException'{0x00000007aabdbd00}> (0x00000007aabdbd00) 
thrown [s\src\hotspot\share\prims\jni.cpp, line 520]
Event: 115.883 Thread 0x00000219fe083ba0 Exception <a 'java/io/FileNotFoundException'{0x00000007aabdcd00}> (0x00000007aabdcd00) 
thrown [s\src\hotspot\share\prims\jni.cpp, line 520]
Event: 115.884 Thread 0x00000219fe083ba0 Exception <a 'java/io/FileNotFoundException'{0x00000007aabdda70}> (0x00000007aabdda70) 
thrown [s\src\hotspot\share\prims\jni.cpp, line 520]
Event: 123.008 Thread 0x00000219ff6dd800 Exception <a 'java/lang/ArrayIndexOutOfBoundsException'{0x00000007aaf42038}: Index 5371 out of bounds for length 5370> (0x00000007aaf42038) 
thrown [s\src\hotspot\share\interpreter\interpreterRuntime.cpp, line 439]

ZGC Phase Switch (0 events):
No events

VM Operations (20 events):
Event: 140.734 Executing non-safepoint VM operation: HandshakeAllThreads (Deoptimize)
Event: 140.734 Executing non-safepoint VM operation: HandshakeAllThreads (Deoptimize) done
Event: 140.737 Executing non-safepoint VM operation: HandshakeAllThreads (Deoptimize)
Event: 140.738 Executing non-safepoint VM operation: HandshakeAllThreads (Deoptimize) done
Event: 140.749 Executing non-safepoint VM operation: HandshakeAllThreads (Deoptimize)
Event: 140.749 Executing non-safepoint VM operation: HandshakeAllThreads (Deoptimize) done
Event: 140.762 Executing non-safepoint VM operation: HandshakeAllThreads (Deoptimize)
Event: 140.762 Executing non-safepoint VM operation: HandshakeAllThreads (Deoptimize) done
Event: 141.776 Executing safepoint VM operation: Cleanup
Event: 141.776 Executing safepoint VM operation: Cleanup done
Event: 142.777 Executing safepoint VM operation: Cleanup
Event: 142.796 Executing safepoint VM operation: Cleanup done
Event: 142.978 Executing non-safepoint VM operation: HandshakeAllThreads (Deoptimize)
Event: 142.981 Executing non-safepoint VM operation: HandshakeAllThreads (Deoptimize) done
Event: 144.010 Executing safepoint VM operation: Cleanup
Event: 144.249 Executing safepoint VM operation: Cleanup done
Event: 145.110 Executing safepoint VM operation: ParallelGCFailedAllocation (Allocation Failure)
Event: 145.129 Executing safepoint VM operation: ParallelGCFailedAllocation (Allocation Failure) done
Event: 146.133 Executing safepoint VM operation: Cleanup
Event: 146.133 Executing safepoint VM operation: Cleanup done

Memory protections (0 events):
No events

Nmethod flushes (20 events):
Event: 77.490 Thread 0x00000219f98eb230 flushing  nmethod 0x00000219e1b34190
Event: 77.490 Thread 0x00000219f98eb230 flushing  nmethod 0x00000219e1b3a290
Event: 77.490 Thread 0x00000219f98eb230 flushing  nmethod 0x00000219e1b41210
Event: 77.490 Thread 0x00000219f98eb230 flushing  nmethod 0x00000219e1b44f90
Event: 77.490 Thread 0x00000219f98eb230 flushing  nmethod 0x00000219e1b83210
Event: 77.490 Thread 0x00000219f98eb230 flushing  nmethod 0x00000219e1b85590
Event: 77.490 Thread 0x00000219f98eb230 flushing  nmethod 0x00000219e1b85890
Event: 77.490 Thread 0x00000219f98eb230 flushing  nmethod 0x00000219e1b96790
Event: 77.490 Thread 0x00000219f98eb230 flushing  nmethod 0x00000219e1b9e190
Event: 77.490 Thread 0x00000219f98eb230 flushing  nmethod 0x00000219e1ba0890
Event: 77.490 Thread 0x00000219f98eb230 flushing  nmethod 0x00000219e1c02390
Event: 77.490 Thread 0x00000219f98eb230 flushing  nmethod 0x00000219e1c60990
Event: 77.490 Thread 0x00000219f98eb230 flushing  nmethod 0x00000219e1c7f690
Event: 77.490 Thread 0x00000219f98eb230 flushing  nmethod 0x00000219e1c80090
Event: 77.490 Thread 0x00000219f98eb230 flushing  nmethod 0x00000219e1c85510
Event: 77.490 Thread 0x00000219f98eb230 flushing  nmethod 0x00000219e1cab510
Event: 77.490 Thread 0x00000219f98eb230 flushing  nmethod 0x00000219e1cca490
Event: 77.490 Thread 0x00000219f98eb230 flushing  nmethod 0x00000219e1cf4410
Event: 77.490 Thread 0x00000219f98eb230 flushing  nmethod 0x00000219e1cf4910
Event: 77.490 Thread 0x00000219f98eb230 flushing  nmethod 0x00000219e1d0ce10

Events (20 events):
Event: 139.198 Thread 0x00000219f9992bd0 Thread added: 0x00000219ff6d9660
Event: 139.201 Thread 0x00000219f9992bd0 Thread added: 0x00000219ff6dbdc0
Event: 139.571 Thread 0x00000219ff6dbdc0 Thread exited: 0x00000219ff6dbdc0
Event: 139.978 Thread 0x00000219f9992bd0 Thread added: 0x00000219ff6df240
Event: 140.630 Thread 0x00000219f9992bd0 Thread added: 0x00000219ff6d9cf0
Event: 140.630 Thread 0x00000219ff6d9660 Thread exited: 0x00000219ff6d9660
Event: 140.754 Thread 0x00000219ff6d9cf0 Thread exited: 0x00000219ff6d9cf0
Event: 140.947 Thread 0x00000219ff6df240 Thread exited: 0x00000219ff6df240
Event: 141.250 Thread 0x00000219f9992bd0 Thread added: 0x00000219ff6dc450
Event: 141.654 Thread 0x00000219ff6dc450 Thread exited: 0x00000219ff6dc450
Event: 142.531 Thread 0x00000219f9992bd0 Thread added: 0x00000219ff6df240
Event: 142.730 Thread 0x00000219f9992bd0 Thread added: 0x00000219ff6d8fd0
Event: 144.321 Thread 0x00000219ff6df240 Thread exited: 0x00000219ff6df240
Event: 144.732 Thread 0x00000219f9992bd0 Thread added: 0x00000219ff6debb0
Event: 145.021 Thread 0x00000219ff6d8fd0 Thread exited: 0x00000219ff6d8fd0
Event: 145.206 Thread 0x00000219ff6debb0 Thread exited: 0x00000219ff6debb0
Event: 145.745 Thread 0x00000219f9992bd0 Thread added: 0x00000219ff6debb0
Event: 145.819 Thread 0x00000219ff6debb0 Thread exited: 0x00000219ff6debb0
Event: 146.046 Thread 0x00000219f9992bd0 Thread added: 0x00000219ff6dbdc0
Event: 146.111 Thread 0x00000219ff6dbdc0 Thread exited: 0x00000219ff6dbdc0


Dynamic libraries:
0x00007ff623bb0000 - 0x00007ff623bbe000 	c:\Users\jaimi\.vscode\extensions\redhat.java-1.56.0-win32-x64\jre\21.0.12.1-win32-x86_64\bin\java.exe
0x00007ffed1f70000 - 0x00007ffed2168000 	C:\Windows\SYSTEM32\ntdll.dll
0x00007ffed0ee0000 - 0x00007ffed0fa2000 	C:\Windows\System32\KERNEL32.DLL
0x00007ffecf700000 - 0x00007ffecf9f6000 	C:\Windows\System32\KERNELBASE.dll
0x00007ffecfba0000 - 0x00007ffecfca0000 	C:\Windows\System32\ucrtbase.dll
0x00007ffeb6370000 - 0x00007ffeb6388000 	c:\Users\jaimi\.vscode\extensions\redhat.java-1.56.0-win32-x64\jre\21.0.12.1-win32-x86_64\bin\jli.dll
0x00007ffed0d30000 - 0x00007ffed0ed1000 	C:\Windows\System32\USER32.dll
0x00007ffecfe90000 - 0x00007ffecfeb2000 	C:\Windows\System32\win32u.dll
0x00007ffed0560000 - 0x00007ffed058b000 	C:\Windows\System32\GDI32.dll
0x00007ffecfa00000 - 0x00007ffecfb19000 	C:\Windows\System32\gdi32full.dll
0x00007ffecfec0000 - 0x00007ffecff5d000 	C:\Windows\System32\msvcp_win.dll
0x00007ffeb6350000 - 0x00007ffeb636e000 	c:\Users\jaimi\.vscode\extensions\redhat.java-1.56.0-win32-x64\jre\21.0.12.1-win32-x86_64\bin\VCRUNTIME140.dll
0x00007ffeb6680000 - 0x00007ffeb691b000 	C:\Windows\WinSxS\amd64_microsoft.windows.common-controls_6595b64144ccf1df_6.0.19041.6456_none_60b8a6cb71f64256\COMCTL32.dll
0x00007ffed0240000 - 0x00007ffed02de000 	C:\Windows\System32\msvcrt.dll
0x00007ffed0bb0000 - 0x00007ffed0bdf000 	C:\Windows\System32\IMM32.DLL
0x00007ffec8690000 - 0x00007ffec869c000 	c:\Users\jaimi\.vscode\extensions\redhat.java-1.56.0-win32-x64\jre\21.0.12.1-win32-x86_64\bin\vcruntime140_1.dll
0x00007ffeab800000 - 0x00007ffeab88d000 	c:\Users\jaimi\.vscode\extensions\redhat.java-1.56.0-win32-x64\jre\21.0.12.1-win32-x86_64\bin\msvcp140.dll
0x00007ffe4e2f0000 - 0x00007ffe4f092000 	c:\Users\jaimi\.vscode\extensions\redhat.java-1.56.0-win32-x64\jre\21.0.12.1-win32-x86_64\bin\server\jvm.dll
0x00007ffed0af0000 - 0x00007ffed0ba1000 	C:\Windows\System32\ADVAPI32.dll
0x00007ffed1e90000 - 0x00007ffed1f2f000 	C:\Windows\System32\sechost.dll
0x00007ffed0120000 - 0x00007ffed0240000 	C:\Windows\System32\RPCRT4.dll
0x00007ffecff60000 - 0x00007ffecff87000 	C:\Windows\System32\bcrypt.dll
0x00007ffed0bf0000 - 0x00007ffed0c5b000 	C:\Windows\System32\WS2_32.dll
0x00007ffecf080000 - 0x00007ffecf0cb000 	C:\Windows\SYSTEM32\POWRPROF.dll
0x00007ffeb15b0000 - 0x00007ffeb15d7000 	C:\Windows\SYSTEM32\WINMM.dll
0x00007ffebd780000 - 0x00007ffebd78a000 	C:\Windows\SYSTEM32\VERSION.dll
0x00007ffecefc0000 - 0x00007ffecefd2000 	C:\Windows\SYSTEM32\UMPDC.dll
0x00007ffecde10000 - 0x00007ffecde22000 	C:\Windows\SYSTEM32\kernel.appcore.dll
0x00007ffec85a0000 - 0x00007ffec85aa000 	c:\Users\jaimi\.vscode\extensions\redhat.java-1.56.0-win32-x64\jre\21.0.12.1-win32-x86_64\bin\jimage.dll
0x00007ffecdaf0000 - 0x00007ffecdcf1000 	C:\Windows\SYSTEM32\DBGHELP.DLL
0x00007ffeb0c50000 - 0x00007ffeb0c84000 	C:\Windows\SYSTEM32\dbgcore.DLL
0x00007ffecfca0000 - 0x00007ffecfd22000 	C:\Windows\System32\bcryptPrimitives.dll
0x00007ffeb62d0000 - 0x00007ffeb62df000 	c:\Users\jaimi\.vscode\extensions\redhat.java-1.56.0-win32-x64\jre\21.0.12.1-win32-x86_64\bin\instrument.dll
0x00007ffeb61d0000 - 0x00007ffeb61f0000 	c:\Users\jaimi\.vscode\extensions\redhat.java-1.56.0-win32-x64\jre\21.0.12.1-win32-x86_64\bin\java.dll
0x00007ffed12b0000 - 0x00007ffed1a20000 	C:\Windows\System32\SHELL32.dll
0x00007ffecd270000 - 0x00007ffecda15000 	C:\Windows\SYSTEM32\windows.storage.dll
0x00007ffed0730000 - 0x00007ffed0a84000 	C:\Windows\System32\combase.dll
0x00007ffecefe0000 - 0x00007ffecf00b000 	C:\Windows\SYSTEM32\Wldp.dll
0x00007ffed0fb0000 - 0x00007ffed107d000 	C:\Windows\System32\OLEAUT32.dll
0x00007ffed0c80000 - 0x00007ffed0d2d000 	C:\Windows\System32\SHCORE.dll
0x00007ffed0670000 - 0x00007ffed06cb000 	C:\Windows\System32\shlwapi.dll
0x00007ffecf530000 - 0x00007ffecf554000 	C:\Windows\SYSTEM32\profapi.dll
0x00007ffeb5dd0000 - 0x00007ffeb5de8000 	c:\Users\jaimi\.vscode\extensions\redhat.java-1.56.0-win32-x64\jre\21.0.12.1-win32-x86_64\bin\zip.dll
0x00007ffeb62c0000 - 0x00007ffeb62d0000 	C:\Users\jaimi\.vscode\extensions\redhat.java-1.56.0-win32-x64\jre\21.0.12.1-win32-x86_64\bin\net.dll
0x00007ffec58e0000 - 0x00007ffec59ea000 	C:\Windows\SYSTEM32\WINHTTP.dll
0x00007ffeced20000 - 0x00007ffeced8a000 	C:\Windows\system32\mswsock.dll
0x00007ffeb5c80000 - 0x00007ffeb5c96000 	C:\Users\jaimi\.vscode\extensions\redhat.java-1.56.0-win32-x64\jre\21.0.12.1-win32-x86_64\bin\nio.dll
0x00007ffeb6120000 - 0x00007ffeb6130000 	c:\Users\jaimi\.vscode\extensions\redhat.java-1.56.0-win32-x64\jre\21.0.12.1-win32-x86_64\bin\verify.dll
0x00007ffeb2da0000 - 0x00007ffeb2de5000 	C:\Users\jaimi\AppData\Roaming\Code\User\globalStorage\redhat.java\1.56.0\config_ss_win\org.eclipse.equinox.launcher\org.eclipse.equinox.launcher.win32.win32.x86_64_1.3.100.v20260804-1928\eclipse_11924.dll
0x00007ffecfff0000 - 0x00007ffed011b000 	C:\Windows\System32\ole32.dll
0x00007ffecef10000 - 0x00007ffecef28000 	C:\Windows\SYSTEM32\CRYPTSP.dll
0x00007ffece5d0000 - 0x00007ffece608000 	C:\Windows\system32\rsaenh.dll
0x00007ffecf4f0000 - 0x00007ffecf51e000 	C:\Windows\SYSTEM32\USERENV.dll
0x00007ffecef30000 - 0x00007ffecef3c000 	C:\Windows\SYSTEM32\CRYPTBASE.dll
0x00007ffecea00000 - 0x00007ffecea3b000 	C:\Windows\SYSTEM32\IPHLPAPI.DLL
0x00007ffed0380000 - 0x00007ffed0388000 	C:\Windows\System32\NSI.dll
0x00007ffeb5010000 - 0x00007ffeb5059000 	C:\Users\jaimi\AppData\Local\Temp\jna-100887342\jna10665004729622642586.dll
0x00007ffed0be0000 - 0x00007ffed0be8000 	C:\Windows\System32\PSAPI.DLL
0x00007ffebdb00000 - 0x00007ffebdb17000 	C:\Windows\SYSTEM32\dhcpcsvc6.DLL
0x00007ffec2a10000 - 0x00007ffec2a2d000 	C:\Windows\SYSTEM32\dhcpcsvc.DLL

JVMTI agents:
c:\Users\jaimi\.vscode\extensions\redhat.java-1.56.0-win32-x64\lombok\lombok-1.18.39-4050.jar path:c:\Users\jaimi\.vscode\extensions\redhat.java-1.56.0-win32-x64\jre\21.0.12.1-win32-x86_64\bin\instrument.dll, loaded, initialized, instrumentlib options:none

dbghelp: loaded successfully - version: 4.0.5 - missing functions: none
symbol engine: initialized successfully - sym options: 0x614 - pdb path: .;c:\Users\jaimi\.vscode\extensions\redhat.java-1.56.0-win32-x64\jre\21.0.12.1-win32-x86_64\bin;C:\Windows\SYSTEM32;C:\Windows\WinSxS\amd64_microsoft.windows.common-controls_6595b64144ccf1df_6.0.19041.6456_none_60b8a6cb71f64256;c:\Users\jaimi\.vscode\extensions\redhat.java-1.56.0-win32-x64\jre\21.0.12.1-win32-x86_64\bin\server;C:\Users\jaimi\AppData\Roaming\Code\User\globalStorage\redhat.java\1.56.0\config_ss_win\org.eclipse.equinox.launcher\org.eclipse.equinox.launcher.win32.win32.x86_64_1.3.100.v20260804-1928;C:\Users\jaimi\AppData\Local\Temp\jna-100887342

VM Arguments:
jvm_args: --add-modules=ALL-SYSTEM --add-opens=java.base/java.util=ALL-UNNAMED --add-opens=java.base/java.lang=ALL-UNNAMED --add-opens=java.base/sun.nio.fs=ALL-UNNAMED -Declipse.application=org.eclipse.jdt.ls.core.id1 -Dosgi.bundles.defaultStartLevel=4 -Declipse.product=org.eclipse.jdt.ls.core.product -Djava.import.generatesMetadataFilesAtProjectRoot=false -Dm2e.project.cache.size=50 -DDetectVMInstallationsJob.disabled=true -Dfile.encoding=utf8 -XX:+UseParallelGC -XX:GCTimeRatio=4 -XX:AdaptiveSizePolicyWeight=90 -Dsun.zip.disableMemoryMapping=true -Xmx4G -Xms100m -Xlog:disable -javaagent:c:\Users\jaimi\.vscode\extensions\redhat.java-1.56.0-win32-x64\lombok\lombok-1.18.39-4050.jar 
java_command: c:\Users\jaimi\.vscode\extensions\redhat.java-1.56.0-win32-x64\server\plugins\org.eclipse.equinox.launcher_1.8.0.v20260804-1928.jar -configuration c:\Users\jaimi\AppData\Roaming\Code\User\globalStorage\redhat.java\1.56.0\config_ss_win -data c:\Users\jaimi\AppData\Roaming\Code\User\workspaceStorage\7b1695ebeb44925a89a06e7ce4c3f07f\redhat.java\ss_ws --pipe=\\.\pipe\lsp-c64c8b0ac92373fc1f586a38a6256c35-sock
java_class_path (initial): c:\Users\jaimi\.vscode\extensions\redhat.java-1.56.0-win32-x64\server\plugins\org.eclipse.equinox.launcher_1.8.0.v20260804-1928.jar
Launcher Type: SUN_STANDARD

[Global flags]
    uintx AdaptiveSizePolicyWeight                 = 90                                        {product} {command line}
     intx CICompilerCount                          = 2                                         {product} {ergonomic}
    uintx GCTimeRatio                              = 4                                         {product} {command line}
   size_t InitialHeapSize                          = 104857600                                 {product} {command line}
   size_t MaxHeapSize                              = 4294967296                                {product} {command line}
   size_t MaxNewSize                               = 1431306240                                {product} {ergonomic}
   size_t MinHeapDeltaBytes                        = 524288                                    {product} {ergonomic}
   size_t MinHeapSize                              = 104857600                                 {product} {command line}
   size_t NewSize                                  = 34603008                                  {product} {ergonomic}
    uintx NonNMethodCodeHeapSize                   = 5826188                                {pd product} {ergonomic}
    uintx NonProfiledCodeHeapSize                  = 122916026                              {pd product} {ergonomic}
   size_t OldSize                                  = 70254592                                  {product} {ergonomic}
    uintx ProfiledCodeHeapSize                     = 122916026                              {pd product} {ergonomic}
    uintx ReservedCodeCacheSize                    = 251658240                              {pd product} {ergonomic}
     bool SegmentedCodeCache                       = true                                      {product} {ergonomic}
   size_t SoftMaxHeapSize                          = 4294967296                             {manageable} {ergonomic}
     bool UseCompressedOops                        = true                           {product lp64_product} {ergonomic}
     bool UseLargePagesIndividualAllocation        = false                                  {pd product} {ergonomic}
     bool UseParallelGC                            = true                                      {product} {command line}

Logging:
Log output configuration:
 #0: stdout all=off uptime,level,tags foldmultilines=false
 #1: stderr all=off uptime,level,tags foldmultilines=false

Release file:
JAVA_VERSION="21.0.12.1" 
MODULES="java.base java.compiler java.datatransfer java.xml java.prefs java.desktop java.instrument java.logging java.management java.security.sasl java.naming java.rmi java.management.rmi java.net.http java.scripting java.security.jgss java.transaction.xa java.sql java.sql.rowset java.xml.crypto java.se java.smartcardio jdk.accessibility jdk.internal.jvmstat jdk.attach jdk.charsets jdk.internal.opt jdk.zipfs jdk.compiler jdk.crypto.ec jdk.crypto.cryptoki jdk.crypto.mscapi jdk.dynalink jdk.internal.ed jdk.editpad jdk.hotspot.agent jdk.httpserver jdk.internal.le jdk.internal.vm.ci jdk.internal.vm.compiler jdk.internal.vm.compiler.management jdk.jartool jdk.javadoc jdk.jcmd jdk.management jdk.management.agent jdk.jconsole jdk.jdeps jdk.jdwp.agent jdk.jdi jdk.jfr jdk.jshell jdk.jsobject jdk.jstatd jdk.localedata jdk.management.jfr jdk.naming.dns jdk.naming.rmi jdk.net jdk.nio.mapmode jdk.random jdk.sctp jdk.security.auth jdk.security.jgss jdk.unsupported jdk.unsupported.desktop jdk.xml.dom" 

Environment Variables:
JAVA_HOME=C:\Program Files\Java\jdk1.8.0_503
PATH=C:\Program Files (x86)\Common Files\Oracle\Java\java8path;C:\Program Files (x86)\Common Files\Oracle\Java\javapath;C:\Windows\system32;C:\Windows;C:\Windows\System32\Wbem;C:\Windows\System32\WindowsPowerShell\v1.0\;C:\Windows\System32\OpenSSH\;C:\Program Files\Git\cmd;C:\Users\jaimi\OneDrive\Documentos\programacao\calculatorProject\omniORB\bin;C:\Users\jaimi\AppData\Local\Programs\Python\Python313\;C:\Users\jaimi\AppData\Local\Programs\Python\Launcher\;C:\Users\jaimi\AppData\Local\Microsoft\WindowsApps;C:\Users\jaimi\AppData\Local\Programs\Microsoft VS Code\bin;D:\programs files\PyCharm Community Edition 2024.1.4\bin;;C:\msys64\mingw64\bin;C:\msys64\usr\bin;C:\omniORB\bin\x86_win32;C:\Program Files\Java\jdk1.8.0_503;C:\apache-maven-3.9.16\bin;C:\Program Files\Java\jdk1.8.0_503\bin;
USERNAME=jaimi
OS=Windows_NT
PROCESSOR_IDENTIFIER=Intel64 Family 6 Model 122 Stepping 8, GenuineIntel
TMP=C:\Users\jaimi\AppData\Local\Temp
TEMP=C:\Users\jaimi\AppData\Local\Temp




Periodic native trim disabled

---------------  S Y S T E M  ---------------

OS:
 Windows 10 , 64 bit Build 19041 (10.0.19041.5915)
OS uptime: 0 days 6:29 hours

CPU: total 2 (initial active 2) (2 cores per cpu, 1 threads per core) family 6 model 122 stepping 8 microcode 0x22, cx8, cmov, fxsr, mmx, 3dnowpref, sse, sse2, sse3, ssse3, sse4.1, sse4.2, popcnt, tsc, tscinvbit, aes, erms, clmul, sha, clflush, clflushopt, rdtscp, rdpid
Processor Information for the first 2 processors :
  Max Mhz: 1101, Current Mhz: 1101, Mhz Limit: 1101

Memory: 4k page, system-wide physical 8008M (1406M free)
TotalPageFile size 9971M (AvailPageFile size 1M)
current process WorkingSet (physical memory assigned to process): 219M, peak: 222M
current process commit charge ("private bytes"): 381M, peak: 384M

vm_info: OpenJDK 64-Bit Server VM (21.0.12.1+1-LTS) for windows-amd64 JRE (21.0.12.1+1-LTS), built on 2026-08-18T00:00:00Z by "admin" with MS VC++ 17.12 (VS2022)

END.
