#
# There is insufficient memory for the Java Runtime Environment to continue.
# Native memory allocation (malloc) failed to allocate 1074144 bytes. Error detail: Chunk::new
# Possible reasons:
#   The system is out of physical RAM or swap space
#   This process is running with CompressedOops enabled, and the Java Heap may be blocking the growth of the native heap
# Possible solutions:
#   Reduce memory load on the system
#   Increase physical memory or swap space
#   Check if swap backing store is full
#   Decrease Java heap size (-Xmx/-Xms)
#   Decrease number of Java threads
#   Decrease Java thread stack sizes (-Xss)
#   Set larger code cache with -XX:ReservedCodeCacheSize=
#   JVM is running with Zero Based Compressed Oops mode in which the Java heap is
#     placed in the first 32GB address space. The Java Heap base address is the
#     maximum limit for the native heap growth. Please use -XX:HeapBaseMinAddress
#     to set the Java Heap base and to place the Java Heap above 32GB virtual address.
# This output file may be truncated or incomplete.
#
#  Out of Memory Error (arena.cpp:168), pid=1832, tid=5068
#
# JRE version: OpenJDK Runtime Environment Temurin-21.0.12.1+1 (21.0.12.1+1) (build 21.0.12.1+1-LTS)
# Java VM: OpenJDK 64-Bit Server VM Temurin-21.0.12.1+1 (21.0.12.1+1-LTS, mixed mode, sharing, tiered, compressed oops, compressed class ptrs, parallel gc, windows-amd64)
# No core dump will be written. Minidumps are not enabled by default on client versions of Windows
#

---------------  S U M M A R Y ------------

Command Line: --add-modules=ALL-SYSTEM --add-opens=java.base/java.util=ALL-UNNAMED --add-opens=java.base/java.lang=ALL-UNNAMED --add-opens=java.base/sun.nio.fs=ALL-UNNAMED -Declipse.application=org.eclipse.jdt.ls.core.id1 -Dosgi.bundles.defaultStartLevel=4 -Declipse.product=org.eclipse.jdt.ls.core.product -Djava.import.generatesMetadataFilesAtProjectRoot=false -Dm2e.project.cache.size=50 -DDetectVMInstallationsJob.disabled=true -Dfile.encoding=utf8 -XX:+UseParallelGC -XX:GCTimeRatio=4 -XX:AdaptiveSizePolicyWeight=90 -Dsun.zip.disableMemoryMapping=true -Xmx4G -Xms100m -Xlog:disable -javaagent:c:\Users\jaimi\.vscode\extensions\redhat.java-1.56.0-win32-x64\lombok\lombok-1.18.39-4050.jar -XX:+HeapDumpOnOutOfMemoryError -XX:HeapDumpPath=c:\Users\jaimi\AppData\Roaming\Code\User\workspaceStorage\7b1695ebeb44925a89a06e7ce4c3f07f\redhat.java -Daether.dependencyCollector.impl=bf c:\Users\jaimi\.vscode\extensions\redhat.java-1.56.0-win32-x64\server\plugins\org.eclipse.equinox.launcher_1.8.0.v20260804-1928.jar -configuration c:\Users\jaimi\AppData\Roaming\Code\User\globalStorage\redhat.java\1.56.0\config_win -data c:\Users\jaimi\AppData\Roaming\Code\User\workspaceStorage\7b1695ebeb44925a89a06e7ce4c3f07f\redhat.java\jdt_ws --stdio

Host: Intel(R) Celeron(R) N4020 CPU @ 1.10GHz, 2 cores, 7G,  Windows 10 , 64 bit Build 19041 (10.0.19041.5915)
Time: Fri Oct  2 21:54:18 2026 South Africa Standard Time elapsed time: 482.037806 seconds (0d 0h 8m 2s)

---------------  T H R E A D  ---------------

Current thread (0x0000026e78e73be0):  JavaThread "C2 CompilerThread0" daemon [_thread_in_native, id=5068, stack(0x000000d260500000,0x000000d260600000) (1024K)]


Current CompileTask:
C2:482038 15432   !   4       org.eclipse.jdt.internal.core.JavaProject::getOptions (362 bytes)

Stack: [0x000000d260500000,0x000000d260600000]
Native frames: (J=compiled Java code, j=interpreted, Vv=VM code, C=native code)
V  [jvm.dll+0x6d83e9]
V  [jvm.dll+0x8b5736]
V  [jvm.dll+0x8b7cee]
V  [jvm.dll+0x8b83d3]
V  [jvm.dll+0x284596]
V  [jvm.dll+0xc685d]
V  [jvm.dll+0xc6da1]
V  [jvm.dll+0x3bf18b]
V  [jvm.dll+0x38b6d2]
V  [jvm.dll+0x38ab1a]
V  [jvm.dll+0x24c700]
V  [jvm.dll+0x24bce0]
V  [jvm.dll+0x1cb4ae]
V  [jvm.dll+0x25baad]
V  [jvm.dll+0x25a03a]
V  [jvm.dll+0x3f8aae]
V  [jvm.dll+0x8600cd]
V  [jvm.dll+0x6d6c1d]
C  [ucrtbase.dll+0x21bb2]
C  [KERNEL32.DLL+0x17374]
C  [ntdll.dll+0x4cc91]


---------------  P R O C E S S  ---------------

Threads class SMR info:
_java_thread_list=0x0000026e7983ea60, length=31, elements={
0x0000026e638c5e70, 0x0000026e78e65d30, 0x0000026e78e67380, 0x0000026e78e6ac60,
0x0000026e78e6b8c0, 0x0000026e78e6e330, 0x0000026e78e6ed90, 0x0000026e78e73be0,
0x0000026e78ee6a80, 0x0000026e795676d0, 0x0000026e797b94f0, 0x0000026e78f199d0,
0x0000026e798bf530, 0x0000026e79556160, 0x0000026e7978ebf0, 0x0000026e7e8eb850,
0x0000026e7e2003b0, 0x0000026e7e269820, 0x0000026e7f1053a0, 0x0000026e7f102c40,
0x0000026e7f103ff0, 0x0000026e7f104d10, 0x0000026e7f104680, 0x0000026e79892160,
0x0000026e79891ad0, 0x0000026e79897020, 0x0000026e79896300, 0x0000026e79893510,
0x0000026e79895c70, 0x0000026e4a0b6f50, 0x0000026e4a0bb780
}

Java Threads: ( => current thread )
  0x0000026e638c5e70 JavaThread "main"                              [_thread_blocked, id=13764, stack(0x000000d25fb00000,0x000000d25fc00000) (1024K)]
  0x0000026e78e65d30 JavaThread "Reference Handler"          daemon [_thread_blocked, id=10056, stack(0x000000d25ff00000,0x000000d260000000) (1024K)]
  0x0000026e78e67380 JavaThread "Finalizer"                  daemon [_thread_blocked, id=2624, stack(0x000000d260000000,0x000000d260100000) (1024K)]
  0x0000026e78e6ac60 JavaThread "Signal Dispatcher"          daemon [_thread_blocked, id=9924, stack(0x000000d260100000,0x000000d260200000) (1024K)]
  0x0000026e78e6b8c0 JavaThread "Attach Listener"            daemon [_thread_blocked, id=7828, stack(0x000000d260200000,0x000000d260300000) (1024K)]
  0x0000026e78e6e330 JavaThread "Service Thread"             daemon [_thread_blocked, id=12188, stack(0x000000d260300000,0x000000d260400000) (1024K)]
  0x0000026e78e6ed90 JavaThread "Monitor Deflation Thread"   daemon [_thread_blocked, id=3504, stack(0x000000d260400000,0x000000d260500000) (1024K)]
=>0x0000026e78e73be0 JavaThread "C2 CompilerThread0"         daemon [_thread_in_native, id=5068, stack(0x000000d260500000,0x000000d260600000) (1024K)]
  0x0000026e78ee6a80 JavaThread "C1 CompilerThread0"         daemon [_thread_blocked, id=7428, stack(0x000000d260600000,0x000000d260700000) (1024K)]
  0x0000026e795676d0 JavaThread "Common-Cleaner"             daemon [_thread_blocked, id=1528, stack(0x000000d260700000,0x000000d260800000) (1024K)]
  0x0000026e797b94f0 JavaThread "Notification Thread"        daemon [_thread_blocked, id=2944, stack(0x000000d260800000,0x000000d260900000) (1024K)]
  0x0000026e78f199d0 JavaThread "Active Thread: Equinox Container: 643b76d4-33bc-43ec-9418-6b7fb0b4f7c3"        [_thread_blocked, id=2532, stack(0x000000d260a00000,0x000000d260b00000) (1024K)]
  0x0000026e798bf530 JavaThread "Refresh Thread: Equinox Container: 643b76d4-33bc-43ec-9418-6b7fb0b4f7c3" daemon [_thread_blocked, id=7344, stack(0x000000d260b00000,0x000000d260c00000) (1024K)]
  0x0000026e79556160 JavaThread "Framework Event Dispatcher: Equinox Container: 643b76d4-33bc-43ec-9418-6b7fb0b4f7c3" daemon [_thread_blocked, id=6696, stack(0x000000d260c00000,0x000000d260d00000) (1024K)]
  0x0000026e7978ebf0 JavaThread "Start Level: Equinox Container: 643b76d4-33bc-43ec-9418-6b7fb0b4f7c3" daemon [_thread_blocked, id=13556, stack(0x000000d260d00000,0x000000d260e00000) (1024K)]
  0x0000026e7e8eb850 JavaThread "Bundle File Closer"         daemon [_thread_blocked, id=2952, stack(0x000000d260e00000,0x000000d260f00000) (1024K)]
  0x0000026e7e2003b0 JavaThread "SCR Component Actor"        daemon [_thread_blocked, id=10052, stack(0x000000d25f900000,0x000000d25fa00000) (1024K)]
  0x0000026e7e269820 JavaThread "Worker-JM"                         [_thread_blocked, id=10176, stack(0x000000d25fa00000,0x000000d25fb00000) (1024K)]
  0x0000026e7f1053a0 JavaThread "JNA Cleaner"                daemon [_thread_blocked, id=3604, stack(0x000000d261100000,0x000000d261200000) (1024K)]
  0x0000026e7f102c40 JavaThread "Worker-0"                          [_thread_blocked, id=5952, stack(0x000000d261200000,0x000000d261300000) (1024K)]
  0x0000026e7f103ff0 JavaThread "Worker-1"                          [_thread_blocked, id=8032, stack(0x000000d261300000,0x000000d261400000) (1024K)]
  0x0000026e7f104d10 JavaThread "Worker-2"                          [_thread_blocked, id=10348, stack(0x000000d261400000,0x000000d261500000) (1024K)]
  0x0000026e7f104680 JavaThread "Worker-4"                          [_thread_blocked, id=8468, stack(0x000000d261700000,0x000000d261800000) (1024K)]
  0x0000026e79892160 JavaThread "pool-2-thread-1"                   [_thread_blocked, id=3012, stack(0x000000d261800000,0x000000d261900000) (1024K)]
  0x0000026e79891ad0 JavaThread "WorkspaceEventsHandler"            [_thread_blocked, id=6880, stack(0x000000d261900000,0x000000d261a00000) (1024K)]
  0x0000026e79897020 JavaThread "pool-1-thread-1"                   [_thread_in_native, id=7008, stack(0x000000d261a00000,0x000000d261b00000) (1024K)]
  0x0000026e79896300 JavaThread "Compiler Class File Writer" daemon [_thread_blocked, id=10156, stack(0x000000d261e00000,0x000000d261f00000) (1024K)]
  0x0000026e79893510 JavaThread "PatternSearchJob-worker-1"  daemon [_thread_blocked, id=7724, stack(0x000000d261f00000,0x000000d262000000) (1024K)]
  0x0000026e79895c70 JavaThread "Worker-5"                          [_thread_blocked, id=3296, stack(0x000000d262100000,0x000000d262200000) (1024K)]
  0x0000026e4a0b6f50 JavaThread "Cleaner-0"                  daemon [_thread_blocked, id=3528, stack(0x000000d261500000,0x000000d261600000) (1024K)]
  0x0000026e4a0bb780 JavaThread "Java indexing"              daemon [_thread_blocked, id=3288, stack(0x000000d261b00000,0x000000d261c00000) (1024K)]
Total: 31

Other Threads:
  0x0000026e78e4aff0 VMThread "VM Thread"                           [id=2876, stack(0x000000d25fe00000,0x000000d25ff00000) (1024K)]
  0x0000026e65c241e0 WatcherThread "VM Periodic Task Thread"        [id=12832, stack(0x000000d25fd00000,0x000000d25fe00000) (1024K)]
  0x0000026e65b7e0a0 WorkerThread "GC Thread#0"                     [id=3300, stack(0x000000d25fc00000,0x000000d25fd00000) (1024K)]
  0x0000026e7e025bc0 WorkerThread "GC Thread#1"                     [id=10012, stack(0x000000d260900000,0x000000d260a00000) (1024K)]
Total: 4

Threads with active compile tasks:
C2 CompilerThread0  482091 15432   !   4       org.eclipse.jdt.internal.core.JavaProject::getOptions (362 bytes)
Total: 1

VM state: not at safepoint (normal execution)

VM Mutex/Monitor currently owned by a thread: None

Heap address: 0x0000000700000000, size: 4096 MB, Compressed Oops mode: Zero based, Oop shift amount: 3

CDS archive(s) mapped at: [0x0000026e08000000-0x0000026e08ba0000-0x0000026e08ba0000), size 12189696, SharedBaseAddress: 0x0000026e08000000, ArchiveRelocationMode: 1.
Compressed class space mapped at: 0x0000026e09000000-0x0000026e49000000, reserved size: 1073741824
Narrow klass base: 0x0000026e08000000, Narrow klass shift: 0, Narrow klass range: 0x100000000

GC Precious Log:
 CardTable entry size: 512
 CPUs: 2 total, 2 available
 Memory: 8008M
 Large Page Support: Disabled
 NUMA Support: Disabled
 Compressed Oops: Enabled (Zero based)
 Alignments: Space 512K, Generation 512K, Heap 2M
 Heap Min Capacity: 100M
 Heap Initial Capacity: 100M
 Heap Max Capacity: 4G
 Pre-touch: Disabled
 Parallel Workers: 2

Heap:
 PSYoungGen      total 5120K, used 2757K [0x00000007aab00000, 0x00000007ab280000, 0x0000000800000000)
  eden space 4096K, 61% used [0x00000007aab00000,0x00000007aad71780,0x00000007aaf00000)
  from space 1024K, 25% used [0x00000007ab080000,0x00000007ab0c0020,0x00000007ab180000)
  to   space 512K, 0% used [0x00000007ab200000,0x00000007ab200000,0x00000007ab280000)
 ParOldGen       total 188928K, used 44817K [0x0000000700000000, 0x000000070b880000, 0x00000007aab00000)
  object space 188928K, 23% used [0x0000000700000000,0x0000000702bc4728,0x000000070b880000)
 Metaspace       used 78663K, committed 80384K, reserved 1179648K
  class space    used 8140K, committed 8896K, reserved 1048576K

Card table byte_map: [0x0000026e77d70000,0x0000026e78580000] _byte_map_base: 0x0000026e74570000

Marking Bits: (ParMarkBitMap*) 0x00007ffdb66744a0
 Begin Bits: [0x0000026e00000000, 0x0000026e04000000)
 End Bits:   [0x0000026e04000000, 0x0000026e08000000)

Polling page: 0x0000026e63860000

Metaspace:

Usage:
  Non-class:     68.87 MB used.
      Class:      7.95 MB used.
       Both:     76.82 MB used.

Virtual space:
  Non-class space:      128.00 MB reserved,      69.81 MB ( 55%) committed,  2 nodes.
      Class space:        1.00 GB reserved,       8.69 MB ( <1%) committed,  1 nodes.
             Both:        1.12 GB reserved,      78.50 MB (  7%) committed. 

Chunk freelists:
   Non-Class:  10.06 MB
       Class:  7.31 MB
        Both:  17.37 MB

MaxMetaspaceSize: unlimited
CompressedClassSpaceSize: 1.00 GB
Initial GC threshold: 21.00 MB
Current GC threshold: 130.00 MB
CDS: on
 - commit_granule_bytes: 65536.
 - commit_granule_words: 8192.
 - virtual_space_node_default_size: 8388608.
 - enlarge_chunks_in_place: 1.
 - use_allocation_guard: 0.


Internal statistics:

num_allocs_failed_limit: 9.
num_arena_births: 1608.
num_arena_deaths: 14.
num_vsnodes_births: 3.
num_vsnodes_deaths: 0.
num_space_committed: 1256.
num_space_uncommitted: 0.
num_chunks_returned_to_freelist: 23.
num_chunks_taken_from_freelist: 5685.
num_chunk_merges: 12.
num_chunk_splits: 3388.
num_chunks_enlarged: 1781.
num_inconsistent_stats: 0.

CodeHeap 'non-profiled nmethods': size=120064Kb used=11824Kb max_used=12097Kb free=108239Kb
 bounds [0x0000026e70830000, 0x0000026e71410000, 0x0000026e77d70000]
CodeHeap 'profiled nmethods': size=120000Kb used=35276Kb max_used=36823Kb free=84723Kb
 bounds [0x0000026e68d70000, 0x0000026e6b170000, 0x0000026e702a0000]
CodeHeap 'non-nmethods': size=5696Kb used=1475Kb max_used=1527Kb free=4220Kb
 bounds [0x0000026e702a0000, 0x0000026e70510000, 0x0000026e70830000]
CodeCache: size=245760Kb, used=48575Kb, max_used=50447Kb, free=197182Kb
 total_blobs=14709, nmethods=13911, adapters=698, full_count=0
Compilation: enabled, stopped_count=0, restarted_count=0

Compilation events (20 events):
Event: 481.749 Thread 0x0000026e78ee6a80 nmethod 15422 0x0000026e68da5590 code [0x0000026e68da57a0, 0x0000026e68da5d20]
Event: 481.750 Thread 0x0000026e78e73be0 15423       4       org.eclipse.core.runtime.Path::toString (210 bytes)
Event: 481.756 Thread 0x0000026e78ee6a80 15425       3       org.eclipse.jdt.internal.compiler.lookup.SourceTypeBinding::getExactMethod (540 bytes)
Event: 481.760 Thread 0x0000026e78ee6a80 nmethod 15425 0x0000026e6919af90 code [0x0000026e6919b380, 0x0000026e6919d108]
Event: 481.764 Thread 0x0000026e78ee6a80 15426   !   3       org.eclipse.jdt.internal.compiler.ast.AbstractMethodDeclaration::generateCode (344 bytes)
Event: 481.767 Thread 0x0000026e78ee6a80 nmethod 15426 0x0000026e69a0e890 code [0x0000026e69a0eb80, 0x0000026e69a0fcb0]
Event: 481.769 Thread 0x0000026e78ee6a80 15427       3       org.eclipse.jdt.internal.compiler.util.HashtableOfObjectToTokenArray::rehash (78 bytes)
Event: 481.770 Thread 0x0000026e78ee6a80 nmethod 15427 0x0000026e69208290 code [0x0000026e69208460, 0x0000026e69208818]
Event: 481.778 Thread 0x0000026e78ee6a80 15428       3       org.eclipse.jdt.internal.core.util.PublicScanner::getCurrentTokenEndPosition (8 bytes)
Event: 481.779 Thread 0x0000026e78ee6a80 nmethod 15428 0x0000026e694ac490 code [0x0000026e694ac640, 0x0000026e694ac838]
Event: 481.807 Thread 0x0000026e78e73be0 nmethod 15423 0x0000026e70b74190 code [0x0000026e70b743e0, 0x0000026e70b75388]
Event: 481.807 Thread 0x0000026e78e73be0 15424       4       java.util.HashSet::clear (8 bytes)
Event: 481.819 Thread 0x0000026e78e73be0 nmethod 15424 0x0000026e70c5fb90 code [0x0000026e70c5fd20, 0x0000026e70c5ff30]
Event: 481.819 Thread 0x0000026e78e73be0 15429       4       org.eclipse.jdt.internal.core.SourceRefElement::getCompilationUnit (9 bytes)
Event: 481.823 Thread 0x0000026e78e73be0 nmethod 15429 0x0000026e70a6d610 code [0x0000026e70a6d7a0, 0x0000026e70a6d8f8]
Event: 481.823 Thread 0x0000026e78e73be0 15430       4       org.eclipse.jdt.core.dom.ASTVisitor::endVisit (1 bytes)
Event: 481.824 Thread 0x0000026e78e73be0 nmethod 15430 0x0000026e70b73d10 code [0x0000026e70b73ea0, 0x0000026e70b73f28]
Event: 481.832 Thread 0x0000026e78ee6a80 15431       3       org.eclipse.jdt.core.dom.MethodBinding::getTypeParameters (104 bytes)
Event: 481.833 Thread 0x0000026e78ee6a80 nmethod 15431 0x0000026e69c9d690 code [0x0000026e69c9d880, 0x0000026e69c9e018]
Event: 481.835 Thread 0x0000026e78e73be0 15432   !   4       org.eclipse.jdt.internal.core.JavaProject::getOptions (362 bytes)

GC Heap History (20 events):
Event: 468.906 GC heap before
{Heap before GC invocations=264 (full 4):
 PSYoungGen      total 4608K, used 4091K [0x00000007aab00000, 0x00000007ab280000, 0x0000000800000000)
  eden space 4096K, 99% used [0x00000007aab00000,0x00000007aaefee18,0x00000007aaf00000)
  from space 512K, 0% used [0x00000007ab180000,0x00000007ab180000,0x00000007ab200000)
  to   space 512K, 0% used [0x00000007ab200000,0x00000007ab200000,0x00000007ab280000)
 ParOldGen       total 188928K, used 43242K [0x0000000700000000, 0x000000070b880000, 0x00000007aab00000)
  object space 188928K, 22% used [0x0000000700000000,0x0000000702a3a8a0,0x000000070b880000)
 Metaspace       used 78338K, committed 80064K, reserved 1179648K
  class space    used 8130K, committed 8832K, reserved 1048576K
}
Event: 468.909 GC heap after
{Heap after GC invocations=264 (full 4):
 PSYoungGen      total 4608K, used 384K [0x00000007aab00000, 0x00000007ab280000, 0x0000000800000000)
  eden space 4096K, 0% used [0x00000007aab00000,0x00000007aab00000,0x00000007aaf00000)
  from space 512K, 75% used [0x00000007ab200000,0x00000007ab260080,0x00000007ab280000)
  to   space 512K, 0% used [0x00000007ab180000,0x00000007ab180000,0x00000007ab200000)
 ParOldGen       total 188928K, used 43242K [0x0000000700000000, 0x000000070b880000, 0x00000007aab00000)
  object space 188928K, 22% used [0x0000000700000000,0x0000000702a3a8a0,0x000000070b880000)
 Metaspace       used 78338K, committed 80064K, reserved 1179648K
  class space    used 8130K, committed 8832K, reserved 1048576K
}
Event: 472.209 GC heap before
{Heap before GC invocations=265 (full 4):
 PSYoungGen      total 4608K, used 4480K [0x00000007aab00000, 0x00000007ab280000, 0x0000000800000000)
  eden space 4096K, 100% used [0x00000007aab00000,0x00000007aaf00000,0x00000007aaf00000)
  from space 512K, 75% used [0x00000007ab200000,0x00000007ab260080,0x00000007ab280000)
  to   space 512K, 0% used [0x00000007ab180000,0x00000007ab180000,0x00000007ab200000)
 ParOldGen       total 188928K, used 43242K [0x0000000700000000, 0x000000070b880000, 0x00000007aab00000)
  object space 188928K, 22% used [0x0000000700000000,0x0000000702a3a8a0,0x000000070b880000)
 Metaspace       used 78433K, committed 80128K, reserved 1179648K
  class space    used 8136K, committed 8832K, reserved 1048576K
}
Event: 472.211 GC heap after
{Heap after GC invocations=265 (full 4):
 PSYoungGen      total 4608K, used 352K [0x00000007aab00000, 0x00000007ab280000, 0x0000000800000000)
  eden space 4096K, 0% used [0x00000007aab00000,0x00000007aab00000,0x00000007aaf00000)
  from space 512K, 68% used [0x00000007ab180000,0x00000007ab1d8020,0x00000007ab200000)
  to   space 512K, 0% used [0x00000007ab200000,0x00000007ab200000,0x00000007ab280000)
 ParOldGen       total 188928K, used 43322K [0x0000000700000000, 0x000000070b880000, 0x00000007aab00000)
  object space 188928K, 22% used [0x0000000700000000,0x0000000702a4e8a0,0x000000070b880000)
 Metaspace       used 78433K, committed 80128K, reserved 1179648K
  class space    used 8136K, committed 8832K, reserved 1048576K
}
Event: 472.392 GC heap before
{Heap before GC invocations=266 (full 4):
 PSYoungGen      total 4608K, used 4448K [0x00000007aab00000, 0x00000007ab280000, 0x0000000800000000)
  eden space 4096K, 100% used [0x00000007aab00000,0x00000007aaf00000,0x00000007aaf00000)
  from space 512K, 68% used [0x00000007ab180000,0x00000007ab1d8020,0x00000007ab200000)
  to   space 512K, 0% used [0x00000007ab200000,0x00000007ab200000,0x00000007ab280000)
 ParOldGen       total 188928K, used 43322K [0x0000000700000000, 0x000000070b880000, 0x00000007aab00000)
  object space 188928K, 22% used [0x0000000700000000,0x0000000702a4e8a0,0x000000070b880000)
 Metaspace       used 78483K, committed 80256K, reserved 1179648K
  class space    used 8139K, committed 8896K, reserved 1048576K
}
Event: 472.394 GC heap after
{Heap after GC invocations=266 (full 4):
 PSYoungGen      total 4608K, used 64K [0x00000007aab00000, 0x00000007ab280000, 0x0000000800000000)
  eden space 4096K, 0% used [0x00000007aab00000,0x00000007aab00000,0x00000007aaf00000)
  from space 512K, 12% used [0x00000007ab200000,0x00000007ab210000,0x00000007ab280000)
  to   space 512K, 0% used [0x00000007ab180000,0x00000007ab180000,0x00000007ab200000)
 ParOldGen       total 188928K, used 43643K [0x0000000700000000, 0x000000070b880000, 0x00000007aab00000)
  object space 188928K, 23% used [0x0000000700000000,0x0000000702a9efc8,0x000000070b880000)
 Metaspace       used 78483K, committed 80256K, reserved 1179648K
  class space    used 8139K, committed 8896K, reserved 1048576K
}
Event: 473.802 GC heap before
{Heap before GC invocations=267 (full 4):
 PSYoungGen      total 4608K, used 4150K [0x00000007aab00000, 0x00000007ab280000, 0x0000000800000000)
  eden space 4096K, 99% used [0x00000007aab00000,0x00000007aaefda38,0x00000007aaf00000)
  from space 512K, 12% used [0x00000007ab200000,0x00000007ab210000,0x00000007ab280000)
  to   space 512K, 0% used [0x00000007ab180000,0x00000007ab180000,0x00000007ab200000)
 ParOldGen       total 188928K, used 43643K [0x0000000700000000, 0x000000070b880000, 0x00000007aab00000)
  object space 188928K, 23% used [0x0000000700000000,0x0000000702a9efc8,0x000000070b880000)
 Metaspace       used 78537K, committed 80320K, reserved 1179648K
  class space    used 8139K, committed 8896K, reserved 1048576K
}
Event: 473.804 GC heap after
{Heap after GC invocations=267 (full 4):
 PSYoungGen      total 4608K, used 496K [0x00000007aab00000, 0x00000007ab280000, 0x0000000800000000)
  eden space 4096K, 0% used [0x00000007aab00000,0x00000007aab00000,0x00000007aaf00000)
  from space 512K, 96% used [0x00000007ab180000,0x00000007ab1fc280,0x00000007ab200000)
  to   space 512K, 0% used [0x00000007ab200000,0x00000007ab200000,0x00000007ab280000)
 ParOldGen       total 188928K, used 43699K [0x0000000700000000, 0x000000070b880000, 0x00000007aab00000)
  object space 188928K, 23% used [0x0000000700000000,0x0000000702aacfd8,0x000000070b880000)
 Metaspace       used 78537K, committed 80320K, reserved 1179648K
  class space    used 8139K, committed 8896K, reserved 1048576K
}
Event: 476.265 GC heap before
{Heap before GC invocations=268 (full 4):
 PSYoungGen      total 4608K, used 4572K [0x00000007aab00000, 0x00000007ab280000, 0x0000000800000000)
  eden space 4096K, 99% used [0x00000007aab00000,0x00000007aaefadc8,0x00000007aaf00000)
  from space 512K, 96% used [0x00000007ab180000,0x00000007ab1fc280,0x00000007ab200000)
  to   space 512K, 0% used [0x00000007ab200000,0x00000007ab200000,0x00000007ab280000)
 ParOldGen       total 188928K, used 43699K [0x0000000700000000, 0x000000070b880000, 0x00000007aab00000)
  object space 188928K, 23% used [0x0000000700000000,0x0000000702aacfd8,0x000000070b880000)
 Metaspace       used 78574K, committed 80320K, reserved 1179648K
  class space    used 8140K, committed 8896K, reserved 1048576K
}
Event: 476.268 GC heap after
{Heap after GC invocations=268 (full 4):
 PSYoungGen      total 4608K, used 64K [0x00000007aab00000, 0x00000007ab280000, 0x0000000800000000)
  eden space 4096K, 0% used [0x00000007aab00000,0x00000007aab00000,0x00000007aaf00000)
  from space 512K, 12% used [0x00000007ab200000,0x00000007ab210000,0x00000007ab280000)
  to   space 512K, 0% used [0x00000007ab180000,0x00000007ab180000,0x00000007ab200000)
 ParOldGen       total 188928K, used 44101K [0x0000000700000000, 0x000000070b880000, 0x00000007aab00000)
  object space 188928K, 23% used [0x0000000700000000,0x0000000702b11700,0x000000070b880000)
 Metaspace       used 78574K, committed 80320K, reserved 1179648K
  class space    used 8140K, committed 8896K, reserved 1048576K
}
Event: 476.755 GC heap before
{Heap before GC invocations=269 (full 4):
 PSYoungGen      total 4608K, used 4160K [0x00000007aab00000, 0x00000007ab280000, 0x0000000800000000)
  eden space 4096K, 100% used [0x00000007aab00000,0x00000007aaf00000,0x00000007aaf00000)
  from space 512K, 12% used [0x00000007ab200000,0x00000007ab210000,0x00000007ab280000)
  to   space 512K, 0% used [0x00000007ab180000,0x00000007ab180000,0x00000007ab200000)
 ParOldGen       total 188928K, used 44101K [0x0000000700000000, 0x000000070b880000, 0x00000007aab00000)
  object space 188928K, 23% used [0x0000000700000000,0x0000000702b11700,0x000000070b880000)
 Metaspace       used 78596K, committed 80384K, reserved 1179648K
  class space    used 8140K, committed 8896K, reserved 1048576K
}
Event: 476.758 GC heap after
{Heap after GC invocations=269 (full 4):
 PSYoungGen      total 4608K, used 464K [0x00000007aab00000, 0x00000007ab280000, 0x0000000800000000)
  eden space 4096K, 0% used [0x00000007aab00000,0x00000007aab00000,0x00000007aaf00000)
  from space 512K, 90% used [0x00000007ab180000,0x00000007ab1f4030,0x00000007ab200000)
  to   space 512K, 0% used [0x00000007ab200000,0x00000007ab200000,0x00000007ab280000)
 ParOldGen       total 188928K, used 44117K [0x0000000700000000, 0x000000070b880000, 0x00000007aab00000)
  object space 188928K, 23% used [0x0000000700000000,0x0000000702b15700,0x000000070b880000)
 Metaspace       used 78596K, committed 80384K, reserved 1179648K
  class space    used 8140K, committed 8896K, reserved 1048576K
}
Event: 477.858 GC heap before
{Heap before GC invocations=270 (full 4):
 PSYoungGen      total 4608K, used 4560K [0x00000007aab00000, 0x00000007ab280000, 0x0000000800000000)
  eden space 4096K, 100% used [0x00000007aab00000,0x00000007aaf00000,0x00000007aaf00000)
  from space 512K, 90% used [0x00000007ab180000,0x00000007ab1f4030,0x00000007ab200000)
  to   space 512K, 0% used [0x00000007ab200000,0x00000007ab200000,0x00000007ab280000)
 ParOldGen       total 188928K, used 44117K [0x0000000700000000, 0x000000070b880000, 0x00000007aab00000)
  object space 188928K, 23% used [0x0000000700000000,0x0000000702b15700,0x000000070b880000)
 Metaspace       used 78619K, committed 80384K, reserved 1179648K
  class space    used 8140K, committed 8896K, reserved 1048576K
}
Event: 477.860 GC heap after
{Heap after GC invocations=270 (full 4):
 PSYoungGen      total 4608K, used 496K [0x00000007aab00000, 0x00000007ab280000, 0x0000000800000000)
  eden space 4096K, 0% used [0x00000007aab00000,0x00000007aab00000,0x00000007aaf00000)
  from space 512K, 96% used [0x00000007ab200000,0x00000007ab27c050,0x00000007ab280000)
  to   space 1024K, 0% used [0x00000007ab080000,0x00000007ab080000,0x00000007ab180000)
 ParOldGen       total 188928K, used 44133K [0x0000000700000000, 0x000000070b880000, 0x00000007aab00000)
  object space 188928K, 23% used [0x0000000700000000,0x0000000702b19700,0x000000070b880000)
 Metaspace       used 78619K, committed 80384K, reserved 1179648K
  class space    used 8140K, committed 8896K, reserved 1048576K
}
Event: 479.617 GC heap before
{Heap before GC invocations=271 (full 4):
 PSYoungGen      total 4608K, used 4592K [0x00000007aab00000, 0x00000007ab280000, 0x0000000800000000)
  eden space 4096K, 100% used [0x00000007aab00000,0x00000007aaf00000,0x00000007aaf00000)
  from space 512K, 96% used [0x00000007ab200000,0x00000007ab27c050,0x00000007ab280000)
  to   space 1024K, 0% used [0x00000007ab080000,0x00000007ab080000,0x00000007ab180000)
 ParOldGen       total 188928K, used 44133K [0x0000000700000000, 0x000000070b880000, 0x00000007aab00000)
  object space 188928K, 23% used [0x0000000700000000,0x0000000702b19700,0x000000070b880000)
 Metaspace       used 78621K, committed 80384K, reserved 1179648K
  class space    used 8140K, committed 8896K, reserved 1048576K
}
Event: 479.619 GC heap after
{Heap after GC invocations=271 (full 4):
 PSYoungGen      total 5120K, used 272K [0x00000007aab00000, 0x00000007ab280000, 0x0000000800000000)
  eden space 4096K, 0% used [0x00000007aab00000,0x00000007aab00000,0x00000007aaf00000)
  from space 1024K, 26% used [0x00000007ab080000,0x00000007ab0c4010,0x00000007ab180000)
  to   space 512K, 0% used [0x00000007ab200000,0x00000007ab200000,0x00000007ab280000)
 ParOldGen       total 188928K, used 44543K [0x0000000700000000, 0x000000070b880000, 0x00000007aab00000)
  object space 188928K, 23% used [0x0000000700000000,0x0000000702b7fe28,0x000000070b880000)
 Metaspace       used 78621K, committed 80384K, reserved 1179648K
  class space    used 8140K, committed 8896K, reserved 1048576K
}
Event: 481.097 GC heap before
{Heap before GC invocations=272 (full 4):
 PSYoungGen      total 5120K, used 4368K [0x00000007aab00000, 0x00000007ab280000, 0x0000000800000000)
  eden space 4096K, 100% used [0x00000007aab00000,0x00000007aaf00000,0x00000007aaf00000)
  from space 1024K, 26% used [0x00000007ab080000,0x00000007ab0c4010,0x00000007ab180000)
  to   space 512K, 0% used [0x00000007ab200000,0x00000007ab200000,0x00000007ab280000)
 ParOldGen       total 188928K, used 44543K [0x0000000700000000, 0x000000070b880000, 0x00000007aab00000)
  object space 188928K, 23% used [0x0000000700000000,0x0000000702b7fe28,0x000000070b880000)
 Metaspace       used 78650K, committed 80384K, reserved 1179648K
  class space    used 8140K, committed 8896K, reserved 1048576K
}
Event: 481.099 GC heap after
{Heap after GC invocations=272 (full 4):
 PSYoungGen      total 4608K, used 480K [0x00000007aab00000, 0x00000007ab280000, 0x0000000800000000)
  eden space 4096K, 0% used [0x00000007aab00000,0x00000007aab00000,0x00000007aaf00000)
  from space 512K, 93% used [0x00000007ab200000,0x00000007ab278000,0x00000007ab280000)
  to   space 1024K, 0% used [0x00000007ab080000,0x00000007ab080000,0x00000007ab180000)
 ParOldGen       total 188928K, used 44567K [0x0000000700000000, 0x000000070b880000, 0x00000007aab00000)
  object space 188928K, 23% used [0x0000000700000000,0x0000000702b85e28,0x000000070b880000)
 Metaspace       used 78650K, committed 80384K, reserved 1179648K
  class space    used 8140K, committed 8896K, reserved 1048576K
}
Event: 481.741 GC heap before
{Heap before GC invocations=273 (full 4):
 PSYoungGen      total 4608K, used 4576K [0x00000007aab00000, 0x00000007ab280000, 0x0000000800000000)
  eden space 4096K, 100% used [0x00000007aab00000,0x00000007aaf00000,0x00000007aaf00000)
  from space 512K, 93% used [0x00000007ab200000,0x00000007ab278000,0x00000007ab280000)
  to   space 1024K, 0% used [0x00000007ab080000,0x00000007ab080000,0x00000007ab180000)
 ParOldGen       total 188928K, used 44567K [0x0000000700000000, 0x000000070b880000, 0x00000007aab00000)
  object space 188928K, 23% used [0x0000000700000000,0x0000000702b85e28,0x000000070b880000)
 Metaspace       used 78652K, committed 80384K, reserved 1179648K
  class space    used 8140K, committed 8896K, reserved 1048576K
}
Event: 481.744 GC heap after
{Heap after GC invocations=273 (full 4):
 PSYoungGen      total 5120K, used 256K [0x00000007aab00000, 0x00000007ab280000, 0x0000000800000000)
  eden space 4096K, 0% used [0x00000007aab00000,0x00000007aab00000,0x00000007aaf00000)
  from space 1024K, 25% used [0x00000007ab080000,0x00000007ab0c0020,0x00000007ab180000)
  to   space 512K, 0% used [0x00000007ab200000,0x00000007ab200000,0x00000007ab280000)
 ParOldGen       total 188928K, used 44817K [0x0000000700000000, 0x000000070b880000, 0x00000007aab00000)
  object space 188928K, 23% used [0x0000000700000000,0x0000000702bc4728,0x000000070b880000)
 Metaspace       used 78652K, committed 80384K, reserved 1179648K
  class space    used 8140K, committed 8896K, reserved 1048576K
}

Dll operation events (20 events):
Event: 0.223 Attempting to load shared library c:\Users\jaimi\.vscode\extensions\redhat.java-1.56.0-win32-x64\jre\21.0.12.1-win32-x86_64\bin\java.dll
Event: 0.223 Loaded shared library c:\Users\jaimi\.vscode\extensions\redhat.java-1.56.0-win32-x64\jre\21.0.12.1-win32-x86_64\bin\java.dll
Event: 1.039 Attempting to load shared library c:\Users\jaimi\.vscode\extensions\redhat.java-1.56.0-win32-x64\jre\21.0.12.1-win32-x86_64\bin\zip.dll
Event: 1.039 Loaded shared library c:\Users\jaimi\.vscode\extensions\redhat.java-1.56.0-win32-x64\jre\21.0.12.1-win32-x86_64\bin\zip.dll
Event: 1.260 Attempting to load shared library C:\Users\jaimi\.vscode\extensions\redhat.java-1.56.0-win32-x64\jre\21.0.12.1-win32-x86_64\bin\instrument.dll
Event: 1.260 Loaded shared library C:\Users\jaimi\.vscode\extensions\redhat.java-1.56.0-win32-x64\jre\21.0.12.1-win32-x86_64\bin\instrument.dll
Event: 1.284 Attempting to load shared library C:\Users\jaimi\.vscode\extensions\redhat.java-1.56.0-win32-x64\jre\21.0.12.1-win32-x86_64\bin\net.dll
Event: 1.345 Loaded shared library C:\Users\jaimi\.vscode\extensions\redhat.java-1.56.0-win32-x64\jre\21.0.12.1-win32-x86_64\bin\net.dll
Event: 1.348 Attempting to load shared library C:\Users\jaimi\.vscode\extensions\redhat.java-1.56.0-win32-x64\jre\21.0.12.1-win32-x86_64\bin\nio.dll
Event: 1.351 Loaded shared library C:\Users\jaimi\.vscode\extensions\redhat.java-1.56.0-win32-x64\jre\21.0.12.1-win32-x86_64\bin\nio.dll
Event: 1.363 Attempting to load shared library C:\Users\jaimi\.vscode\extensions\redhat.java-1.56.0-win32-x64\jre\21.0.12.1-win32-x86_64\bin\zip.dll
Event: 1.363 Loaded shared library C:\Users\jaimi\.vscode\extensions\redhat.java-1.56.0-win32-x64\jre\21.0.12.1-win32-x86_64\bin\zip.dll
Event: 1.567 Attempting to load shared library C:\Users\jaimi\.vscode\extensions\redhat.java-1.56.0-win32-x64\jre\21.0.12.1-win32-x86_64\bin\jimage.dll
Event: 1.567 Loaded shared library C:\Users\jaimi\.vscode\extensions\redhat.java-1.56.0-win32-x64\jre\21.0.12.1-win32-x86_64\bin\jimage.dll
Event: 2.757 Attempting to load shared library c:\Users\jaimi\.vscode\extensions\redhat.java-1.56.0-win32-x64\jre\21.0.12.1-win32-x86_64\bin\verify.dll
Event: 2.872 Loaded shared library c:\Users\jaimi\.vscode\extensions\redhat.java-1.56.0-win32-x64\jre\21.0.12.1-win32-x86_64\bin\verify.dll
Event: 43.305 Attempting to load shared library C:\Users\jaimi\AppData\Roaming\Code\User\globalStorage\redhat.java\1.56.0\config_win\org.eclipse.equinox.launcher\org.eclipse.equinox.launcher.win32.win32.x86_64_1.3.100.v20260804-1928\eclipse_11924.dll
Event: 43.473 Loaded shared library C:\Users\jaimi\AppData\Roaming\Code\User\globalStorage\redhat.java\1.56.0\config_win\org.eclipse.equinox.launcher\org.eclipse.equinox.launcher.win32.win32.x86_64_1.3.100.v20260804-1928\eclipse_11924.dll
Event: 109.973 Attempting to load shared library C:\Users\jaimi\AppData\Local\Temp\jna-100887342\jna1629820135226135544.dll
Event: 110.582 Loaded shared library C:\Users\jaimi\AppData\Local\Temp\jna-100887342\jna1629820135226135544.dll

Deoptimization events (20 events):
Event: 460.291 Thread 0x0000026e4ac5fb80 DEOPT PACKING pc=0x0000026e71319ff0 sp=0x000000d2610fe460
Event: 460.291 Thread 0x0000026e4ac5fb80 DEOPT UNPACKING pc=0x0000026e702f3a9c sp=0x000000d2610fe3e8 mode 2
Event: 472.604 Thread 0x0000026e4ac60f30 DEOPT PACKING pc=0x0000026e6afc45ce sp=0x000000d2610fd780
Event: 472.604 Thread 0x0000026e4ac60f30 DEOPT UNPACKING pc=0x0000026e702f4223 sp=0x000000d2610fcc90 mode 0
Event: 474.832 Thread 0x0000026e7f102c40 DEOPT PACKING pc=0x0000026e6a1f9f8f sp=0x000000d2612fe490
Event: 474.833 Thread 0x0000026e7f102c40 DEOPT UNPACKING pc=0x0000026e702f4223 sp=0x000000d2612fd950 mode 0
Event: 476.242 Thread 0x0000026e4ac5e140 Uncommon trap: trap_request=0xfffffff4 fr.pc=0x0000026e713dda58 relative=0x0000000000003138
Event: 476.242 Thread 0x0000026e4ac5e140 Uncommon trap: reason=null_check action=make_not_entrant pc=0x0000026e713dda58 method=org.eclipse.jdt.core.dom.DefaultBindingResolver.resolveName(Lorg/eclipse/jdt/core/dom/Name;)Lorg/eclipse/jdt/core/dom/IBinding; @ 10 c2
Event: 476.242 Thread 0x0000026e4ac5e140 DEOPT PACKING pc=0x0000026e713dda58 sp=0x000000d2610fec20
Event: 476.242 Thread 0x0000026e4ac5e140 DEOPT UNPACKING pc=0x0000026e702f3a9c sp=0x000000d2610febd0 mode 2
Event: 477.773 Thread 0x0000026e4ac5dab0 DEOPT PACKING pc=0x0000026e6a02c424 sp=0x000000d2610febd0
Event: 477.774 Thread 0x0000026e4ac5dab0 DEOPT UNPACKING pc=0x0000026e702f4223 sp=0x000000d2610fdff8 mode 0
Event: 481.038 Thread 0x0000026e79897020 Uncommon trap: trap_request=0xffffff6e fr.pc=0x0000026e70b862ec relative=0x0000000000000b2c
Event: 481.038 Thread 0x0000026e79897020 Uncommon trap: reason=loop_limit_check action=maybe_recompile pc=0x0000026e70b862ec method=org.eclipse.jdt.internal.compiler.parser.Parser.constructTypeReference(I)Lorg/eclipse/jdt/internal/compiler/ast/TypeReference; @ 546 c2
Event: 481.038 Thread 0x0000026e79897020 DEOPT PACKING pc=0x0000026e70b862ec sp=0x000000d261afdf70
Event: 481.038 Thread 0x0000026e79897020 DEOPT UNPACKING pc=0x0000026e702f3a9c sp=0x000000d261afdf30 mode 2
Event: 481.044 Thread 0x0000026e79897020 Uncommon trap: trap_request=0xffffffde fr.pc=0x0000026e71307c10 relative=0x00000000000012f0
Event: 481.044 Thread 0x0000026e79897020 Uncommon trap: reason=class_check action=maybe_recompile pc=0x0000026e71307c10 method=org.eclipse.jdt.internal.compiler.parser.Parser.consumeRule(I)V @ 5035 c2
Event: 481.044 Thread 0x0000026e79897020 DEOPT PACKING pc=0x0000026e71307c10 sp=0x000000d261afdf60
Event: 481.044 Thread 0x0000026e79897020 DEOPT UNPACKING pc=0x0000026e702f3a9c sp=0x000000d261afdee0 mode 2

Classes loaded (20 events):
Event: 324.542 Loading class java/util/stream/DistinctOps
Event: 324.542 Loading class java/util/stream/DistinctOps done
Event: 324.542 Loading class java/util/stream/DistinctOps$1
Event: 324.543 Loading class java/util/stream/DistinctOps$1 done
Event: 324.544 Loading class java/util/stream/DistinctOps$1$2
Event: 324.545 Loading class java/util/stream/DistinctOps$1$2 done
Event: 350.572 Loading class java/util/function/IntPredicate
Event: 350.572 Loading class java/util/function/IntPredicate done
Event: 350.590 Loading class java/util/regex/Pattern$Bound
Event: 350.590 Loading class java/util/regex/Pattern$Bound done
Event: 386.013 Loading class java/util/regex/Pattern$Behind
Event: 386.014 Loading class java/util/regex/Pattern$Behind done
Event: 386.015 Loading class java/util/regex/Pattern$Neg
Event: 386.016 Loading class java/util/regex/Pattern$Neg done
Event: 422.542 Loading class java/lang/StackStreamFactory$CallerClassFinder
Event: 422.542 Loading class java/lang/StackStreamFactory$CallerClassFinder done
Event: 422.542 Loading class java/lang/StackStreamFactory$CallerClassFinder$ClassBuffer
Event: 422.543 Loading class java/lang/StackStreamFactory$CallerClassFinder$ClassBuffer done
Event: 468.256 Loading class java/lang/StringLatin1$CharsSpliterator
Event: 468.257 Loading class java/lang/StringLatin1$CharsSpliterator done

Classes unloaded (7 events):
Event: 120.723 Thread 0x0000026e78e4aff0 Unloading class 0x0000026e091a8c00 'java/lang/invoke/LambdaForm$MH+0x0000026e091a8c00'
Event: 120.723 Thread 0x0000026e78e4aff0 Unloading class 0x0000026e091a8800 'java/lang/invoke/LambdaForm$MH+0x0000026e091a8800'
Event: 120.723 Thread 0x0000026e78e4aff0 Unloading class 0x0000026e091a8400 'java/lang/invoke/LambdaForm$MH+0x0000026e091a8400'
Event: 120.723 Thread 0x0000026e78e4aff0 Unloading class 0x0000026e091a8000 'java/lang/invoke/LambdaForm$MH+0x0000026e091a8000'
Event: 120.723 Thread 0x0000026e78e4aff0 Unloading class 0x0000026e091a7c00 'java/lang/invoke/LambdaForm$BMH+0x0000026e091a7c00'
Event: 120.723 Thread 0x0000026e78e4aff0 Unloading class 0x0000026e091a7800 'java/lang/invoke/LambdaForm$DMH+0x0000026e091a7800'
Event: 120.723 Thread 0x0000026e78e4aff0 Unloading class 0x0000026e091a6400 'java/lang/invoke/LambdaForm$DMH+0x0000026e091a6400'

Classes redefined (0 events):
No events

Internal exceptions (20 events):
Event: 388.583 Thread 0x0000026e4a0b9d40 Exception <a 'java/lang/NullPointerException'{0x00000007aab83890}> (0x00000007aab83890) 
thrown [s\src\hotspot\share\runtime\sharedRuntime.cpp, line 625]
Event: 390.662 Thread 0x0000026e4a0b8990 Implicit null exception at 0x0000026e6a5f0cc4 to 0x0000026e6a5f1444
Event: 390.662 Thread 0x0000026e4a0b8990 Exception <a 'java/lang/NullPointerException'{0x00000007aab34030}> (0x00000007aab34030) 
thrown [s\src\hotspot\share\runtime\sharedRuntime.cpp, line 625]
Event: 390.721 Thread 0x0000026e4a0b47f0 Implicit null exception at 0x0000026e6a5f0cc4 to 0x0000026e6a5f1444
Event: 390.721 Thread 0x0000026e4a0b47f0 Exception <a 'java/lang/NullPointerException'{0x00000007aae331d8}> (0x00000007aae331d8) 
thrown [s\src\hotspot\share\runtime\sharedRuntime.cpp, line 625]
Event: 392.235 Thread 0x0000026e4a0baa60 Implicit null exception at 0x0000026e6a5f0cc4 to 0x0000026e6a5f1444
Event: 392.235 Thread 0x0000026e4a0baa60 Exception <a 'java/lang/NullPointerException'{0x00000007aae70ae8}> (0x00000007aae70ae8) 
thrown [s\src\hotspot\share\runtime\sharedRuntime.cpp, line 625]
Event: 392.345 Thread 0x0000026e4a0b9d40 Implicit null exception at 0x0000026e6a5f0cc4 to 0x0000026e6a5f1444
Event: 392.345 Thread 0x0000026e4a0b9d40 Exception <a 'java/lang/NullPointerException'{0x00000007aadc1230}> (0x00000007aadc1230) 
thrown [s\src\hotspot\share\runtime\sharedRuntime.cpp, line 625]
Event: 392.887 Thread 0x0000026e4a0b9d40 Implicit null exception at 0x0000026e71268f9e to 0x0000026e7126cf20
Event: 392.957 Thread 0x0000026e4a0b6230 Implicit null exception at 0x0000026e71268f9e to 0x0000026e7126cf20
Event: 394.830 Thread 0x0000026e4a0b9d40 Implicit null exception at 0x0000026e71268f9e to 0x0000026e7126cf20
Event: 394.893 Thread 0x0000026e4a0b75e0 Implicit null exception at 0x0000026e6adf055e to 0x0000026e6adf0784
Event: 394.893 Thread 0x0000026e4a0b75e0 Exception <a 'java/lang/NullPointerException'{0x00000007aac839c8}> (0x00000007aac839c8) 
thrown [s\src\hotspot\share\runtime\sharedRuntime.cpp, line 625]
Event: 410.176 Thread 0x0000026e4a0ba3d0 Exception <a 'java/lang/ArrayIndexOutOfBoundsException'{0x00000007aae69f50}: Index 6 out of bounds for length 6> (0x00000007aae69f50) 
thrown [s\src\hotspot\share\interpreter\interpreterRuntime.cpp, line 439]
Event: 411.421 Thread 0x0000026e4a0baa60 Exception <a 'sun/nio/fs/WindowsException'{0x00000007aaba8870}> (0x00000007aaba8870) 
thrown [s\src\hotspot\share\prims\jni.cpp, line 520]
Event: 421.674 Thread 0x0000026e4a0baa60 Exception <a 'java/lang/ArrayIndexOutOfBoundsException'{0x00000007aacf0558}: Index 6 out of bounds for length 6> (0x00000007aacf0558) 
thrown [s\src\hotspot\share\interpreter\interpreterRuntime.cpp, line 439]
Event: 422.540 Thread 0x0000026e4a0bb780 Exception <a 'sun/nio/fs/WindowsException'{0x00000007aad758e0}> (0x00000007aad758e0) 
thrown [s\src\hotspot\share\prims\jni.cpp, line 520]
Event: 427.538 Thread 0x0000026e4a0bbe10 Implicit null exception at 0x0000026e70eca15a to 0x0000026e70eca1b7
Event: 428.678 Thread 0x0000026e4a0b47f0 Exception <a 'java/lang/NoSuchMethodError'{0x00000007aac67a08}: 'java.lang.Object java.lang.invoke.DirectMethodHandle$Holder.invokeStatic(java.lang.Object, int, java.lang.Object, java.lang.Object, java.lang.Object, java.lang.Object)'> (0x00000007aac67a08) 
thrown [s\src\hotspot\share\interpreter\linkResolver.cpp, line 773]

ZGC Phase Switch (0 events):
No events

VM Operations (20 events):
Event: 475.823 Executing safepoint VM operation: Cleanup
Event: 475.823 Executing safepoint VM operation: Cleanup done
Event: 476.265 Executing safepoint VM operation: ParallelGCFailedAllocation (Allocation Failure)
Event: 476.268 Executing safepoint VM operation: ParallelGCFailedAllocation (Allocation Failure) done
Event: 476.755 Executing safepoint VM operation: ParallelGCFailedAllocation (Allocation Failure)
Event: 476.758 Executing safepoint VM operation: ParallelGCFailedAllocation (Allocation Failure) done
Event: 477.839 Executing safepoint VM operation: ParallelGCFailedAllocation (Allocation Failure)
Event: 477.864 Executing safepoint VM operation: ParallelGCFailedAllocation (Allocation Failure) done
Event: 478.864 Executing safepoint VM operation: Cleanup
Event: 478.864 Executing safepoint VM operation: Cleanup done
Event: 479.617 Executing safepoint VM operation: ParallelGCFailedAllocation (Allocation Failure)
Event: 479.619 Executing safepoint VM operation: ParallelGCFailedAllocation (Allocation Failure) done
Event: 481.097 Executing safepoint VM operation: ParallelGCFailedAllocation (Allocation Failure)
Event: 481.099 Executing safepoint VM operation: ParallelGCFailedAllocation (Allocation Failure) done
Event: 481.741 Executing safepoint VM operation: ParallelGCFailedAllocation (Allocation Failure)
Event: 481.744 Executing safepoint VM operation: ParallelGCFailedAllocation (Allocation Failure) done
Event: 481.937 Executing non-safepoint VM operation: HandshakeAllThreads (HandshakeForDeflation)
Event: 481.937 Executing non-safepoint VM operation: HandshakeAllThreads (HandshakeForDeflation) done
Event: 481.937 Executing non-safepoint VM operation: RendezvousGCThreads
Event: 481.937 Executing non-safepoint VM operation: RendezvousGCThreads done

Memory protections (0 events):
No events

Nmethod flushes (20 events):
Event: 467.393 Thread 0x0000026e78e4aff0 flushing  nmethod 0x0000026e69c8be10
Event: 467.393 Thread 0x0000026e78e4aff0 flushing  nmethod 0x0000026e69c8c410
Event: 467.393 Thread 0x0000026e78e4aff0 flushing  nmethod 0x0000026e69c8c810
Event: 467.393 Thread 0x0000026e78e4aff0 flushing  nmethod 0x0000026e69c96d10
Event: 467.393 Thread 0x0000026e78e4aff0 flushing  nmethod 0x0000026e69c99f10
Event: 467.393 Thread 0x0000026e78e4aff0 flushing  nmethod 0x0000026e69c9bf90
Event: 467.393 Thread 0x0000026e78e4aff0 flushing  nmethod 0x0000026e69c9d690
Event: 467.393 Thread 0x0000026e78e4aff0 flushing  nmethod 0x0000026e69ca4b90
Event: 467.393 Thread 0x0000026e78e4aff0 flushing  nmethod 0x0000026e69ca5190
Event: 467.393 Thread 0x0000026e78e4aff0 flushing  nmethod 0x0000026e69ca5c10
Event: 467.393 Thread 0x0000026e78e4aff0 flushing  nmethod 0x0000026e69ca6310
Event: 467.393 Thread 0x0000026e78e4aff0 flushing  nmethod 0x0000026e69cc3990
Event: 467.393 Thread 0x0000026e78e4aff0 flushing  nmethod 0x0000026e69cc4890
Event: 467.393 Thread 0x0000026e78e4aff0 flushing  nmethod 0x0000026e69cc5290
Event: 467.393 Thread 0x0000026e78e4aff0 flushing  nmethod 0x0000026e69cd5790
Event: 467.393 Thread 0x0000026e78e4aff0 flushing  nmethod 0x0000026e69cddf10
Event: 467.393 Thread 0x0000026e78e4aff0 flushing  nmethod 0x0000026e69cdea10
Event: 467.393 Thread 0x0000026e78e4aff0 flushing  nmethod 0x0000026e69cdf190
Event: 467.393 Thread 0x0000026e78e4aff0 flushing  nmethod 0x0000026e69ce4b90
Event: 467.393 Thread 0x0000026e78e4aff0 flushing osr nmethod 0x0000026e69d49a10

Events (20 events):
Event: 480.878 Thread 0x0000026e4ac60210 Thread exited: 0x0000026e4ac60210
Event: 481.453 Thread 0x0000026e79897020 Thread added: 0x0000026e4ac5dab0
Event: 481.529 Thread 0x0000026e4ac5dab0 Thread exited: 0x0000026e4ac5dab0
Event: 481.666 Thread 0x0000026e79897020 Thread added: 0x0000026e4ac608a0
Event: 481.671 Thread 0x0000026e79897020 Thread added: 0x0000026e4ac615c0
Event: 481.683 Thread 0x0000026e4ac615c0 Thread exited: 0x0000026e4ac615c0
Event: 481.688 Thread 0x0000026e79897020 Thread added: 0x0000026e4ac5e7d0
Event: 481.689 Thread 0x0000026e79897020 Thread added: 0x0000026e4ac61c50
Event: 481.691 Thread 0x0000026e79897020 Thread added: 0x0000026e4ac5ee60
Event: 481.694 Thread 0x0000026e79897020 Thread added: 0x0000026e4ac5dab0
Event: 481.695 Thread 0x0000026e79897020 Thread added: 0x0000026e4ac5f4f0
Event: 481.701 Thread 0x0000026e79897020 Thread added: 0x0000026e4ac5e140
Event: 481.749 Thread 0x0000026e4ac61c50 Thread exited: 0x0000026e4ac61c50
Event: 481.771 Thread 0x0000026e4ac608a0 Thread exited: 0x0000026e4ac608a0
Event: 481.779 Thread 0x0000026e4ac5f4f0 Thread exited: 0x0000026e4ac5f4f0
Event: 481.788 Thread 0x0000026e4ac5e140 Thread exited: 0x0000026e4ac5e140
Event: 481.792 Thread 0x0000026e4ac5e7d0 Thread exited: 0x0000026e4ac5e7d0
Event: 481.818 Thread 0x0000026e4ac5ee60 Thread exited: 0x0000026e4ac5ee60
Event: 481.846 Thread 0x0000026e4ac5dab0 Thread exited: 0x0000026e4ac5dab0
Event: 481.861 Thread 0x0000026e4a0b9d40 Thread exited: 0x0000026e4a0b9d40


Dynamic libraries:
0x00007ff7250c0000 - 0x00007ff7250ce000 	c:\Users\jaimi\.vscode\extensions\redhat.java-1.56.0-win32-x64\jre\21.0.12.1-win32-x86_64\bin\java.exe
0x00007ffe32830000 - 0x00007ffe32a28000 	C:\Windows\SYSTEM32\ntdll.dll
0x00007ffe31600000 - 0x00007ffe316c2000 	C:\Windows\System32\KERNEL32.DLL
0x00007ffe30550000 - 0x00007ffe30846000 	C:\Windows\System32\KERNELBASE.dll
0x00007ffe30250000 - 0x00007ffe30350000 	C:\Windows\System32\ucrtbase.dll
0x00007ffdd0640000 - 0x00007ffdd0658000 	c:\Users\jaimi\.vscode\extensions\redhat.java-1.56.0-win32-x64\jre\21.0.12.1-win32-x86_64\bin\jli.dll
0x00007ffe31bc0000 - 0x00007ffe31d61000 	C:\Windows\System32\USER32.dll
0x00007ffe2ffe0000 - 0x00007ffe30002000 	C:\Windows\System32\win32u.dll
0x00007ffe309a0000 - 0x00007ffe309cb000 	C:\Windows\System32\GDI32.dll
0x00007ffe2fec0000 - 0x00007ffe2ffd9000 	C:\Windows\System32\gdi32full.dll
0x00007ffe30350000 - 0x00007ffe303ed000 	C:\Windows\System32\msvcp_win.dll
0x00007ffdbf320000 - 0x00007ffdbf33e000 	c:\Users\jaimi\.vscode\extensions\redhat.java-1.56.0-win32-x64\jre\21.0.12.1-win32-x86_64\bin\VCRUNTIME140.dll
0x00007ffe18550000 - 0x00007ffe187eb000 	C:\Windows\WinSxS\amd64_microsoft.windows.common-controls_6595b64144ccf1df_6.0.19041.6456_none_60b8a6cb71f64256\COMCTL32.dll
0x00007ffe31020000 - 0x00007ffe310be000 	C:\Windows\System32\msvcrt.dll
0x00007ffe30b90000 - 0x00007ffe30bbf000 	C:\Windows\System32\IMM32.DLL
0x00007ffe2cfd0000 - 0x00007ffe2cfdc000 	c:\Users\jaimi\.vscode\extensions\redhat.java-1.56.0-win32-x64\jre\21.0.12.1-win32-x86_64\bin\vcruntime140_1.dll
0x00007ffdb6760000 - 0x00007ffdb67ed000 	c:\Users\jaimi\.vscode\extensions\redhat.java-1.56.0-win32-x64\jre\21.0.12.1-win32-x86_64\bin\msvcp140.dll
0x00007ffdb59b0000 - 0x00007ffdb6752000 	c:\Users\jaimi\.vscode\extensions\redhat.java-1.56.0-win32-x64\jre\21.0.12.1-win32-x86_64\bin\server\jvm.dll
0x00007ffe31540000 - 0x00007ffe315f1000 	C:\Windows\System32\ADVAPI32.dll
0x00007ffe30ea0000 - 0x00007ffe30f3f000 	C:\Windows\System32\sechost.dll
0x00007ffe31420000 - 0x00007ffe31540000 	C:\Windows\System32\RPCRT4.dll
0x00007ffe30060000 - 0x00007ffe30087000 	C:\Windows\System32\bcrypt.dll
0x00007ffe316d0000 - 0x00007ffe3173b000 	C:\Windows\System32\WS2_32.dll
0x00007ffe2f6d0000 - 0x00007ffe2f71b000 	C:\Windows\SYSTEM32\POWRPROF.dll
0x00007ffe13e40000 - 0x00007ffe13e67000 	C:\Windows\SYSTEM32\WINMM.dll
0x00007ffe1fbe0000 - 0x00007ffe1fbea000 	C:\Windows\SYSTEM32\VERSION.dll
0x00007ffe2f650000 - 0x00007ffe2f662000 	C:\Windows\SYSTEM32\UMPDC.dll
0x00007ffe2e6d0000 - 0x00007ffe2e6e2000 	C:\Windows\SYSTEM32\kernel.appcore.dll
0x00007ffe16230000 - 0x00007ffe1623a000 	c:\Users\jaimi\.vscode\extensions\redhat.java-1.56.0-win32-x64\jre\21.0.12.1-win32-x86_64\bin\jimage.dll
0x00007ffe2e3b0000 - 0x00007ffe2e5b1000 	C:\Windows\SYSTEM32\DBGHELP.DLL
0x00007ffe14c50000 - 0x00007ffe14c84000 	C:\Windows\SYSTEM32\dbgcore.DLL
0x00007ffe30140000 - 0x00007ffe301c2000 	C:\Windows\System32\bcryptPrimitives.dll
0x00007ffe0cb50000 - 0x00007ffe0cb5f000 	c:\Users\jaimi\.vscode\extensions\redhat.java-1.56.0-win32-x64\jre\21.0.12.1-win32-x86_64\bin\instrument.dll
0x00007ffdb5990000 - 0x00007ffdb59b0000 	c:\Users\jaimi\.vscode\extensions\redhat.java-1.56.0-win32-x64\jre\21.0.12.1-win32-x86_64\bin\java.dll
0x00007ffe31d70000 - 0x00007ffe324e0000 	C:\Windows\System32\SHELL32.dll
0x00007ffe2db30000 - 0x00007ffe2e2d5000 	C:\Windows\SYSTEM32\windows.storage.dll
0x00007ffe310c0000 - 0x00007ffe31414000 	C:\Windows\System32\combase.dll
0x00007ffe2f8f0000 - 0x00007ffe2f91b000 	C:\Windows\SYSTEM32\Wldp.dll
0x00007ffe30f50000 - 0x00007ffe3101d000 	C:\Windows\System32\OLEAUT32.dll
0x00007ffe309d0000 - 0x00007ffe30a7d000 	C:\Windows\System32\SHCORE.dll
0x00007ffe30850000 - 0x00007ffe308ab000 	C:\Windows\System32\shlwapi.dll
0x00007ffe2fdf0000 - 0x00007ffe2fe14000 	C:\Windows\SYSTEM32\profapi.dll
0x00007ffe0c8b0000 - 0x00007ffe0c8c8000 	c:\Users\jaimi\.vscode\extensions\redhat.java-1.56.0-win32-x64\jre\21.0.12.1-win32-x86_64\bin\zip.dll
0x00007ffe0c850000 - 0x00007ffe0c860000 	C:\Users\jaimi\.vscode\extensions\redhat.java-1.56.0-win32-x64\jre\21.0.12.1-win32-x86_64\bin\net.dll
0x00007ffe248a0000 - 0x00007ffe249aa000 	C:\Windows\SYSTEM32\WINHTTP.dll
0x00007ffe2f5e0000 - 0x00007ffe2f64a000 	C:\Windows\system32\mswsock.dll
0x00007ffdd07f0000 - 0x00007ffdd0806000 	C:\Users\jaimi\.vscode\extensions\redhat.java-1.56.0-win32-x64\jre\21.0.12.1-win32-x86_64\bin\nio.dll
0x00007ffe0c7e0000 - 0x00007ffe0c7f0000 	c:\Users\jaimi\.vscode\extensions\redhat.java-1.56.0-win32-x64\jre\21.0.12.1-win32-x86_64\bin\verify.dll
0x00007ffdb4e10000 - 0x00007ffdb4e55000 	C:\Users\jaimi\AppData\Roaming\Code\User\globalStorage\redhat.java\1.56.0\config_win\org.eclipse.equinox.launcher\org.eclipse.equinox.launcher.win32.win32.x86_64_1.3.100.v20260804-1928\eclipse_11924.dll
0x00007ffe30bc0000 - 0x00007ffe30ceb000 	C:\Windows\System32\ole32.dll
0x00007ffe2f840000 - 0x00007ffe2f858000 	C:\Windows\SYSTEM32\CRYPTSP.dll
0x00007ffe2ee80000 - 0x00007ffe2eeb8000 	C:\Windows\system32\rsaenh.dll
0x00007ffe2fdb0000 - 0x00007ffe2fdde000 	C:\Windows\SYSTEM32\USERENV.dll
0x00007ffe2f860000 - 0x00007ffe2f86c000 	C:\Windows\SYSTEM32\CRYPTBASE.dll
0x00007ffe2f2c0000 - 0x00007ffe2f2fb000 	C:\Windows\SYSTEM32\IPHLPAPI.DLL
0x00007ffe31bb0000 - 0x00007ffe31bb8000 	C:\Windows\System32\NSI.dll
0x00007ffe18c90000 - 0x00007ffe18cd9000 	C:\Users\jaimi\AppData\Local\Temp\jna-100887342\jna1629820135226135544.dll
0x00007ffe327c0000 - 0x00007ffe327c8000 	C:\Windows\System32\PSAPI.DLL
0x00007ffe1fd90000 - 0x00007ffe1fda7000 	C:\Windows\SYSTEM32\dhcpcsvc6.DLL
0x00007ffe23ee0000 - 0x00007ffe23efd000 	C:\Windows\SYSTEM32\dhcpcsvc.DLL

JVMTI agents:
c:\Users\jaimi\.vscode\extensions\redhat.java-1.56.0-win32-x64\lombok\lombok-1.18.39-4050.jar path:c:\Users\jaimi\.vscode\extensions\redhat.java-1.56.0-win32-x64\jre\21.0.12.1-win32-x86_64\bin\instrument.dll, loaded, initialized, instrumentlib options:none

dbghelp: loaded successfully - version: 4.0.5 - missing functions: none
symbol engine: initialized successfully - sym options: 0x614 - pdb path: .;c:\Users\jaimi\.vscode\extensions\redhat.java-1.56.0-win32-x64\jre\21.0.12.1-win32-x86_64\bin;C:\Windows\SYSTEM32;C:\Windows\WinSxS\amd64_microsoft.windows.common-controls_6595b64144ccf1df_6.0.19041.6456_none_60b8a6cb71f64256;c:\Users\jaimi\.vscode\extensions\redhat.java-1.56.0-win32-x64\jre\21.0.12.1-win32-x86_64\bin\server;C:\Users\jaimi\AppData\Roaming\Code\User\globalStorage\redhat.java\1.56.0\config_win\org.eclipse.equinox.launcher\org.eclipse.equinox.launcher.win32.win32.x86_64_1.3.100.v20260804-1928;C:\Users\jaimi\AppData\Local\Temp\jna-100887342

VM Arguments:
jvm_args: --add-modules=ALL-SYSTEM --add-opens=java.base/java.util=ALL-UNNAMED --add-opens=java.base/java.lang=ALL-UNNAMED --add-opens=java.base/sun.nio.fs=ALL-UNNAMED -Declipse.application=org.eclipse.jdt.ls.core.id1 -Dosgi.bundles.defaultStartLevel=4 -Declipse.product=org.eclipse.jdt.ls.core.product -Djava.import.generatesMetadataFilesAtProjectRoot=false -Dm2e.project.cache.size=50 -DDetectVMInstallationsJob.disabled=true -Dfile.encoding=utf8 -XX:+UseParallelGC -XX:GCTimeRatio=4 -XX:AdaptiveSizePolicyWeight=90 -Dsun.zip.disableMemoryMapping=true -Xmx4G -Xms100m -Xlog:disable -javaagent:c:\Users\jaimi\.vscode\extensions\redhat.java-1.56.0-win32-x64\lombok\lombok-1.18.39-4050.jar -XX:+HeapDumpOnOutOfMemoryError -XX:HeapDumpPath=c:\Users\jaimi\AppData\Roaming\Code\User\workspaceStorage\7b1695ebeb44925a89a06e7ce4c3f07f\redhat.java -Daether.dependencyCollector.impl=bf 
java_command: c:\Users\jaimi\.vscode\extensions\redhat.java-1.56.0-win32-x64\server\plugins\org.eclipse.equinox.launcher_1.8.0.v20260804-1928.jar -configuration c:\Users\jaimi\AppData\Roaming\Code\User\globalStorage\redhat.java\1.56.0\config_win -data c:\Users\jaimi\AppData\Roaming\Code\User\workspaceStorage\7b1695ebeb44925a89a06e7ce4c3f07f\redhat.java\jdt_ws --stdio
java_class_path (initial): c:\Users\jaimi\.vscode\extensions\redhat.java-1.56.0-win32-x64\server\plugins\org.eclipse.equinox.launcher_1.8.0.v20260804-1928.jar
Launcher Type: SUN_STANDARD

[Global flags]
    uintx AdaptiveSizePolicyWeight                 = 90                                        {product} {command line}
     intx CICompilerCount                          = 2                                         {product} {ergonomic}
    uintx GCTimeRatio                              = 4                                         {product} {command line}
     bool HeapDumpOnOutOfMemoryError               = true                                   {manageable} {command line}
    ccstr HeapDumpPath                             = c:\Users\jaimi\AppData\Roaming\Code\User\workspaceStorage\7b1695ebeb44925a89a06e7ce4c3f07f\redhat.java         {manageable} {command line}
   size_t InitialHeapSize                          = 104857600                                 {product} {command line}
   size_t MaxHeapSize                              = 4294967296                                {product} {command line}
   size_t MaxNewSize                               = 1431306240                                {product} {ergonomic}
   size_t MinHeapDeltaBytes                        = 524288                                    {product} {ergonomic}
   size_t MinHeapSize                              = 104857600                                 {product} {command line}
   size_t NewSize                                  = 34603008                                  {product} {ergonomic}
    uintx NonNMethodCodeHeapSize                   = 5826188                                {pd product} {ergonomic}
    uintx NonProfiledCodeHeapSize                  = 122916026                              {pd product} {ergonomic}
   size_t OldSize                                  = 70254592                                  {product} {ergonomic}
    uintx ProfiledCodeHeapSize                     = 122916026                              {pd product} {ergonomic}
    uintx ReservedCodeCacheSize                    = 251658240                              {pd product} {ergonomic}
     bool SegmentedCodeCache                       = true                                      {product} {ergonomic}
   size_t SoftMaxHeapSize                          = 4294967296                             {manageable} {ergonomic}
     bool UseCompressedOops                        = true                           {product lp64_product} {ergonomic}
     bool UseLargePagesIndividualAllocation        = false                                  {pd product} {ergonomic}
     bool UseParallelGC                            = true                                      {product} {command line}

Logging:
Log output configuration:
 #0: stdout all=off uptime,level,tags foldmultilines=false
 #1: stderr all=off uptime,level,tags foldmultilines=false

Release file:
JAVA_VERSION="21.0.12.1" 
MODULES="java.base java.compiler java.datatransfer java.xml java.prefs java.desktop java.instrument java.logging java.management java.security.sasl java.naming java.rmi java.management.rmi java.net.http java.scripting java.security.jgss java.transaction.xa java.sql java.sql.rowset java.xml.crypto java.se java.smartcardio jdk.accessibility jdk.internal.jvmstat jdk.attach jdk.charsets jdk.internal.opt jdk.zipfs jdk.compiler jdk.crypto.ec jdk.crypto.cryptoki jdk.crypto.mscapi jdk.dynalink jdk.internal.ed jdk.editpad jdk.hotspot.agent jdk.httpserver jdk.internal.le jdk.internal.vm.ci jdk.internal.vm.compiler jdk.internal.vm.compiler.management jdk.jartool jdk.javadoc jdk.jcmd jdk.management jdk.management.agent jdk.jconsole jdk.jdeps jdk.jdwp.agent jdk.jdi jdk.jfr jdk.jshell jdk.jsobject jdk.jstatd jdk.localedata jdk.management.jfr jdk.naming.dns jdk.naming.rmi jdk.net jdk.nio.mapmode jdk.random jdk.sctp jdk.security.auth jdk.security.jgss jdk.unsupported jdk.unsupported.desktop jdk.xml.dom" 

Environment Variables:
JAVA_HOME=C:\Program Files\Java\jdk1.8.0_503
PATH=C:\Program Files (x86)\Common Files\Oracle\Java\java8path;C:\Program Files (x86)\Common Files\Oracle\Java\javapath;C:\Windows\system32;C:\Windows;C:\Windows\System32\Wbem;C:\Windows\System32\WindowsPowerShell\v1.0\;C:\Windows\System32\OpenSSH\;C:\Program Files\Git\cmd;C:\Users\jaimi\OneDrive\Documentos\programacao\calculatorProject\omniORB\bin;C:\Users\jaimi\AppData\Local\Programs\Python\Python313\;C:\Users\jaimi\AppData\Local\Programs\Python\Launcher\;C:\Users\jaimi\AppData\Local\Microsoft\WindowsApps;C:\Users\jaimi\AppData\Local\Programs\Microsoft VS Code\bin;D:\programs files\PyCharm Community Edition 2024.1.4\bin;;C:\msys64\mingw64\bin;C:\msys64\usr\bin;C:\omniORB\bin\x86_win32;C:\Program Files\Java\jdk1.8.0_503;C:\apache-maven-3.9.16\bin;C:\Program Files\Java\jdk1.8.0_503\bin;
USERNAME=jaimi
OS=Windows_NT
PROCESSOR_IDENTIFIER=Intel64 Family 6 Model 122 Stepping 8, GenuineIntel
TMP=C:\Users\jaimi\AppData\Local\Temp
TEMP=C:\Users\jaimi\AppData\Local\Temp




Periodic native trim disabled

---------------  S Y S T E M  ---------------

OS:
 Windows 10 , 64 bit Build 19041 (10.0.19041.5915)
OS uptime: 0 days 2:35 hours

CPU: total 2 (initial active 2) (2 cores per cpu, 1 threads per core) family 6 model 122 stepping 8 microcode 0x22, cx8, cmov, fxsr, mmx, 3dnowpref, sse, sse2, sse3, ssse3, sse4.1, sse4.2, popcnt, tsc, tscinvbit, aes, erms, clmul, sha, clflush, clflushopt, rdtscp, rdpid
Processor Information for the first 2 processors :
  Max Mhz: 1101, Current Mhz: 1101, Mhz Limit: 1101

Memory: 4k page, system-wide physical 8008M (1639M free)
TotalPageFile size 10373M (AvailPageFile size 2M)
current process WorkingSet (physical memory assigned to process): 439M, peak: 439M
current process commit charge ("private bytes"): 558M, peak: 560M

vm_info: OpenJDK 64-Bit Server VM (21.0.12.1+1-LTS) for windows-amd64 JRE (21.0.12.1+1-LTS), built on 2026-08-18T00:00:00Z by "admin" with MS VC++ 17.12 (VS2022)

END.
