#
# There is insufficient memory for the Java Runtime Environment to continue.
# Native memory allocation (malloc) failed to allocate 32744 bytes. Error detail: Chunk::new
# Possible reasons:
#   The system is out of physical RAM or swap space
#   This process is running with CompressedOops enabled, and the Java Heap may be blocking the growth of the native heap
# Possible solutions:
#   Reduce memory load on the system
#   Increase physical memory or swap space
#   Check if swap backing store is full
#   Decrease Java heap size (-Xmx/-Xms)
#   Decrease number of Java threads
#   Decrease Java thread stack sizes (-Xss)
#   Set larger code cache with -XX:ReservedCodeCacheSize=
#   JVM is running with Zero Based Compressed Oops mode in which the Java heap is
#     placed in the first 32GB address space. The Java Heap base address is the
#     maximum limit for the native heap growth. Please use -XX:HeapBaseMinAddress
#     to set the Java Heap base and to place the Java Heap above 32GB virtual address.
# This output file may be truncated or incomplete.
#
#  Out of Memory Error (arena.cpp:168), pid=2848, tid=4640
#
# JRE version: OpenJDK Runtime Environment Temurin-21.0.12.1+1 (21.0.12.1+1) (build 21.0.12.1+1-LTS)
# Java VM: OpenJDK 64-Bit Server VM Temurin-21.0.12.1+1 (21.0.12.1+1-LTS, mixed mode, sharing, tiered, compressed oops, compressed class ptrs, parallel gc, windows-amd64)
# No core dump will be written. Minidumps are not enabled by default on client versions of Windows
#

---------------  S U M M A R Y ------------

Command Line: --add-modules=ALL-SYSTEM --add-opens=java.base/java.util=ALL-UNNAMED --add-opens=java.base/java.lang=ALL-UNNAMED --add-opens=java.base/sun.nio.fs=ALL-UNNAMED -Declipse.application=org.eclipse.jdt.ls.core.id1 -Dosgi.bundles.defaultStartLevel=4 -Declipse.product=org.eclipse.jdt.ls.core.product -Djava.import.generatesMetadataFilesAtProjectRoot=false -Dm2e.project.cache.size=50 -DDetectVMInstallationsJob.disabled=true -Dfile.encoding=utf8 -XX:+UseParallelGC -XX:GCTimeRatio=4 -XX:AdaptiveSizePolicyWeight=90 -Dsun.zip.disableMemoryMapping=true -Xmx4G -Xms100m -Xlog:disable -javaagent:c:\Users\jaimi\.vscode\extensions\redhat.java-1.56.0-win32-x64\lombok\lombok-1.18.39-4050.jar -XX:+HeapDumpOnOutOfMemoryError -XX:HeapDumpPath=c:\Users\jaimi\AppData\Roaming\Code\User\workspaceStorage\7b1695ebeb44925a89a06e7ce4c3f07f\redhat.java -Daether.dependencyCollector.impl=bf c:\Users\jaimi\.vscode\extensions\redhat.java-1.56.0-win32-x64\server\plugins\org.eclipse.equinox.launcher_1.8.0.v20260804-1928.jar -configuration c:\Users\jaimi\AppData\Roaming\Code\User\globalStorage\redhat.java\1.56.0\config_win -data c:\Users\jaimi\AppData\Roaming\Code\User\workspaceStorage\7b1695ebeb44925a89a06e7ce4c3f07f\redhat.java\jdt_ws --pipe=\\.\pipe\lsp-53781351f5460dc4c459bf4cd02b6832-sock

Host: Intel(R) Celeron(R) N4020 CPU @ 1.10GHz, 2 cores, 7G,  Windows 10 , 64 bit Build 19041 (10.0.19041.5915)
Time: Tue Sep 29 22:02:13 2026 South Africa Standard Time elapsed time: 1253.626798 seconds (0d 0h 20m 53s)

---------------  T H R E A D  ---------------

Current thread (0x0000015a29e85380):  JavaThread "C2 CompilerThread0" daemon [_thread_in_native, id=4640, stack(0x0000001395600000,0x0000001395700000) (1024K)]


Current CompileTask:
C2:1253626 16751   !   4       lombok.eclipse.TransformEclipseAST::getAST (64 bytes)

Stack: [0x0000001395600000,0x0000001395700000]
Native frames: (J=compiled Java code, j=interpreted, Vv=VM code, C=native code)
V  [jvm.dll+0x6d83e9]
V  [jvm.dll+0x8b5736]
V  [jvm.dll+0x8b7cee]
V  [jvm.dll+0x8b83d3]
V  [jvm.dll+0x284596]
V  [jvm.dll+0xc685d]
V  [jvm.dll+0xc6da1]
V  [jvm.dll+0x722068]
V  [jvm.dll+0x1e4051]
V  [jvm.dll+0x24c853]
V  [jvm.dll+0x24bce0]
V  [jvm.dll+0x1cb4ae]
V  [jvm.dll+0x25baad]
V  [jvm.dll+0x25a03a]
V  [jvm.dll+0x3f8aae]
V  [jvm.dll+0x8600cd]
V  [jvm.dll+0x6d6c1d]
C  [ucrtbase.dll+0x21bb2]
C  [KERNEL32.DLL+0x17374]
C  [ntdll.dll+0x4cc91]


---------------  P R O C E S S  ---------------

Threads class SMR info:
_java_thread_list=0x0000015a741678e0, length=31, elements={
0x0000015a0eb70d60, 0x0000015a29e756d0, 0x0000015a29e76d20, 0x0000015a29e7a380,
0x0000015a29e7afe0, 0x0000015a29e7db50, 0x0000015a29e7e910, 0x0000015a29e85380,
0x0000015a29ef76a0, 0x0000015a6b783ee0, 0x0000015a6ba21600, 0x0000015a7043c0f0,
0x0000015a7049c180, 0x0000015a701b1b80, 0x0000015a701aae90, 0x0000015a70550900,
0x0000015a7071ffb0, 0x0000015a6b912f30, 0x0000015a70f37ec0, 0x0000015a70f36b10,
0x0000015a710359c0, 0x0000015a710387b0, 0x0000015a71034610, 0x0000015a710366e0,
0x0000015a71035330, 0x0000015a71032540, 0x0000015a72a09920, 0x0000015a72a09290,
0x0000015a71037a90, 0x0000015a72a0e150, 0x0000015a72a0dac0
}

Java Threads: ( => current thread )
  0x0000015a0eb70d60 JavaThread "main"                              [_thread_blocked, id=1300, stack(0x0000001394c00000,0x0000001394d00000) (1024K)]
  0x0000015a29e756d0 JavaThread "Reference Handler"          daemon [_thread_blocked, id=3116, stack(0x0000001395000000,0x0000001395100000) (1024K)]
  0x0000015a29e76d20 JavaThread "Finalizer"                  daemon [_thread_blocked, id=4968, stack(0x0000001395100000,0x0000001395200000) (1024K)]
  0x0000015a29e7a380 JavaThread "Signal Dispatcher"          daemon [_thread_blocked, id=11664, stack(0x0000001395200000,0x0000001395300000) (1024K)]
  0x0000015a29e7afe0 JavaThread "Attach Listener"            daemon [_thread_blocked, id=11500, stack(0x0000001395300000,0x0000001395400000) (1024K)]
  0x0000015a29e7db50 JavaThread "Service Thread"             daemon [_thread_blocked, id=13964, stack(0x0000001395400000,0x0000001395500000) (1024K)]
  0x0000015a29e7e910 JavaThread "Monitor Deflation Thread"   daemon [_thread_blocked, id=14040, stack(0x0000001395500000,0x0000001395600000) (1024K)]
=>0x0000015a29e85380 JavaThread "C2 CompilerThread0"         daemon [_thread_in_native, id=4640, stack(0x0000001395600000,0x0000001395700000) (1024K)]
  0x0000015a29ef76a0 JavaThread "C1 CompilerThread0"         daemon [_thread_blocked, id=3660, stack(0x0000001395700000,0x0000001395800000) (1024K)]
  0x0000015a6b783ee0 JavaThread "Common-Cleaner"             daemon [_thread_blocked, id=14248, stack(0x0000001395800000,0x0000001395900000) (1024K)]
  0x0000015a6ba21600 JavaThread "Notification Thread"        daemon [_thread_blocked, id=6660, stack(0x0000001395900000,0x0000001395a00000) (1024K)]
  0x0000015a7043c0f0 JavaThread "Active Thread: Equinox Container: db3f5a12-6cfc-4431-885e-da211cb8e41a"        [_thread_blocked, id=11164, stack(0x0000001395b00000,0x0000001395c00000) (1024K)]
  0x0000015a7049c180 JavaThread "Refresh Thread: Equinox Container: db3f5a12-6cfc-4431-885e-da211cb8e41a" daemon [_thread_blocked, id=6316, stack(0x0000001395c00000,0x0000001395d00000) (1024K)]
  0x0000015a701b1b80 JavaThread "Framework Event Dispatcher: Equinox Container: db3f5a12-6cfc-4431-885e-da211cb8e41a" daemon [_thread_blocked, id=14396, stack(0x0000001395d00000,0x0000001395e00000) (1024K)]
  0x0000015a701aae90 JavaThread "Start Level: Equinox Container: db3f5a12-6cfc-4431-885e-da211cb8e41a" daemon [_thread_blocked, id=10504, stack(0x0000001395e00000,0x0000001395f00000) (1024K)]
  0x0000015a70550900 JavaThread "Bundle File Closer"         daemon [_thread_blocked, id=7560, stack(0x0000001395f00000,0x0000001396000000) (1024K)]
  0x0000015a7071ffb0 JavaThread "SCR Component Actor"        daemon [_thread_blocked, id=6532, stack(0x0000001394a00000,0x0000001394b00000) (1024K)]
  0x0000015a6b912f30 JavaThread "Worker-JM"                         [_thread_blocked, id=7516, stack(0x0000001394b00000,0x0000001394c00000) (1024K)]
  0x0000015a70f37ec0 JavaThread "JNA Cleaner"                daemon [_thread_blocked, id=10700, stack(0x0000001396200000,0x0000001396300000) (1024K)]
  0x0000015a70f36b10 JavaThread "Thread-1"                   daemon [_thread_in_native, id=12800, stack(0x0000001396900000,0x0000001396a00000) (1024K)]
  0x0000015a710359c0 JavaThread "Thread-2"                   daemon [_thread_in_native, id=8036, stack(0x0000001396a00000,0x0000001396b00000) (1024K)]
  0x0000015a710387b0 JavaThread "Thread-3"                   daemon [_thread_in_native, id=5308, stack(0x0000001396b00000,0x0000001396c00000) (1024K)]
  0x0000015a71034610 JavaThread "pool-2-thread-1"                   [_thread_blocked, id=1192, stack(0x0000001396c00000,0x0000001396d00000) (1024K)]
  0x0000015a710366e0 JavaThread "WorkspaceEventsHandler"            [_thread_blocked, id=432, stack(0x0000001396d00000,0x0000001396e00000) (1024K)]
  0x0000015a71035330 JavaThread "pool-1-thread-1"                   [_thread_in_native, id=12968, stack(0x0000001396e00000,0x0000001396f00000) (1024K)]
  0x0000015a71032540 JavaThread "Worker-8"                          [_thread_blocked, id=9212, stack(0x0000001396300000,0x0000001396400000) (1024K)]
  0x0000015a72a09920 JavaThread "Worker-9"                          [_thread_blocked, id=13944, stack(0x0000001396100000,0x0000001396200000) (1024K)]
  0x0000015a72a09290 JavaThread "PatternSearchJob-worker-2"  daemon [_thread_blocked, id=13644, stack(0x0000001396500000,0x0000001396600000) (1024K)]
  0x0000015a71037a90 JavaThread "Java indexing"              daemon [_thread_blocked, id=5680, stack(0x0000001397100000,0x0000001397200000) (1024K)]
  0x0000015a72a0e150 JavaThread "pool-1-thread-3"                   [_thread_blocked, id=15232, stack(0x0000001396600000,0x0000001396700000) (1024K)]
  0x0000015a72a0dac0 JavaThread "Worker-13"                         [_thread_blocked, id=3928, stack(0x0000001396000000,0x0000001396100000) (1024K)]
Total: 31

Other Threads:
  0x0000015a29e5ac20 VMThread "VM Thread"                           [id=12440, stack(0x0000001394f00000,0x0000001395000000) (1024K)]
  0x0000015a0ec359e0 WatcherThread "VM Periodic Task Thread"        [id=13044, stack(0x0000001394e00000,0x0000001394f00000) (1024K)]
  0x0000015a0eb8ebc0 WorkerThread "GC Thread#0"                     [id=12400, stack(0x0000001394d00000,0x0000001394e00000) (1024K)]
  0x0000015a6b9beb60 WorkerThread "GC Thread#1"                     [id=3948, stack(0x0000001395a00000,0x0000001395b00000) (1024K)]
Total: 4

Threads with active compile tasks:
C2 CompilerThread0  1253657 16751   !   4       lombok.eclipse.TransformEclipseAST::getAST (64 bytes)
Total: 1

VM state: not at safepoint (normal execution)

VM Mutex/Monitor currently owned by a thread: None

Heap address: 0x0000000700000000, size: 4096 MB, Compressed Oops mode: Zero based, Oop shift amount: 3

CDS archive(s) mapped at: [0x0000015a2a000000-0x0000015a2aba0000-0x0000015a2aba0000), size 12189696, SharedBaseAddress: 0x0000015a2a000000, ArchiveRelocationMode: 1.
Compressed class space mapped at: 0x0000015a2b000000-0x0000015a6b000000, reserved size: 1073741824
Narrow klass base: 0x0000015a2a000000, Narrow klass shift: 0, Narrow klass range: 0x100000000

GC Precious Log:
 CardTable entry size: 512
 CPUs: 2 total, 2 available
 Memory: 8008M
 Large Page Support: Disabled
 NUMA Support: Disabled
 Compressed Oops: Enabled (Zero based)
 Alignments: Space 512K, Generation 512K, Heap 2M
 Heap Min Capacity: 100M
 Heap Initial Capacity: 100M
 Heap Max Capacity: 4G
 Pre-touch: Disabled
 Parallel Workers: 2

Heap:
 PSYoungGen      total 3584K, used 3051K [0x00000007aab00000, 0x00000007ab000000, 0x0000000800000000)
  eden space 2048K, 89% used [0x00000007aab00000,0x00000007aacca470,0x00000007aad00000)
  from space 1536K, 79% used [0x00000007aad00000,0x00000007aae30ad0,0x00000007aae80000)
  to   space 1536K, 0% used [0x00000007aae80000,0x00000007aae80000,0x00000007ab000000)
 ParOldGen       total 172544K, used 171943K [0x0000000700000000, 0x000000070a880000, 0x00000007aab00000)
  object space 172544K, 99% used [0x0000000700000000,0x000000070a7e9c60,0x000000070a880000)
 Metaspace       used 76101K, committed 77824K, reserved 1179648K
  class space    used 7761K, committed 8512K, reserved 1048576K

Card table byte_map: [0x0000015a20d80000,0x0000015a21590000] _byte_map_base: 0x0000015a1d580000

Marking Bits: (ParMarkBitMap*) 0x00007ffa0c9044a0
 Begin Bits: [0x0000015a21590000, 0x0000015a25590000)
 End Bits:   [0x0000015a25590000, 0x0000015a29590000)

Polling page: 0x0000015a0c960000

Metaspace:

Usage:
  Non-class:     66.74 MB used.
      Class:      7.58 MB used.
       Both:     74.32 MB used.

Virtual space:
  Non-class space:      128.00 MB reserved,      67.69 MB ( 53%) committed,  2 nodes.
      Class space:        1.00 GB reserved,       8.31 MB ( <1%) committed,  1 nodes.
             Both:        1.12 GB reserved,      76.00 MB (  7%) committed. 

Chunk freelists:
   Non-Class:  11.91 MB
       Class:  7.60 MB
        Both:  19.51 MB

MaxMetaspaceSize: unlimited
CompressedClassSpaceSize: 1.00 GB
Initial GC threshold: 21.00 MB
Current GC threshold: 124.69 MB
CDS: on
 - commit_granule_bytes: 65536.
 - commit_granule_words: 8192.
 - virtual_space_node_default_size: 8388608.
 - enlarge_chunks_in_place: 1.
 - use_allocation_guard: 0.


Internal statistics:

num_allocs_failed_limit: 9.
num_arena_births: 1562.
num_arena_deaths: 14.
num_vsnodes_births: 3.
num_vsnodes_deaths: 0.
num_space_committed: 1216.
num_space_uncommitted: 0.
num_chunks_returned_to_freelist: 30.
num_chunks_taken_from_freelist: 5428.
num_chunk_merges: 11.
num_chunk_splits: 3265.
num_chunks_enlarged: 1743.
num_inconsistent_stats: 0.

CodeHeap 'non-profiled nmethods': size=120064Kb used=14485Kb max_used=14485Kb free=105578Kb
 bounds [0x0000015a19840000, 0x0000015a1a670000, 0x0000015a20d80000]
CodeHeap 'profiled nmethods': size=120000Kb used=39730Kb max_used=39730Kb free=80269Kb
 bounds [0x0000015a11d80000, 0x0000015a14450000, 0x0000015a192b0000]
CodeHeap 'non-nmethods': size=5696Kb used=1462Kb max_used=1530Kb free=4233Kb
 bounds [0x0000015a192b0000, 0x0000015a19520000, 0x0000015a19840000]
CodeCache: size=245760Kb, used=55677Kb, max_used=55745Kb, free=190080Kb
 total_blobs=15891, nmethods=15108, adapters=687, full_count=0
Compilation: enabled, stopped_count=0, restarted_count=0

Compilation events (20 events):
Event: 1253.036 Thread 0x0000015a29ef76a0 16761       3       com.google.gson.JsonObject::entrySet (8 bytes)
Event: 1253.036 Thread 0x0000015a29ef76a0 nmethod 16761 0x0000015a14447f10 code [0x0000015a144480c0, 0x0000015a14448208]
Event: 1253.037 Thread 0x0000015a29ef76a0 16762       3       com.google.gson.internal.bind.MapTypeAdapterFactory$Adapter::read (234 bytes)
Event: 1253.038 Thread 0x0000015a29ef76a0 nmethod 16762 0x0000015a14448310 code [0x0000015a144487e0, 0x0000015a1444a9c8]
Event: 1253.197 Thread 0x0000015a29ef76a0 16763       3       org.eclipse.jdt.core.dom.ClassInstanceCreation::accept0 (92 bytes)
Event: 1253.197 Thread 0x0000015a29ef76a0 nmethod 16763 0x0000015a1444b390 code [0x0000015a1444b620, 0x0000015a1444bed0]
Event: 1253.198 Thread 0x0000015a29ef76a0 16764       1       org.eclipse.jdt.core.dom.ClassInstanceCreation::arguments (5 bytes)
Event: 1253.198 Thread 0x0000015a29ef76a0 nmethod 16764 0x0000015a1a664f10 code [0x0000015a1a6650a0, 0x0000015a1a665170]
Event: 1253.201 Thread 0x0000015a29ef76a0 16765       3       org.eclipse.jdt.internal.core.util.PublicScanner::resetTo (10 bytes)
Event: 1253.201 Thread 0x0000015a29ef76a0 nmethod 16765 0x0000015a1444c210 code [0x0000015a1444c3e0, 0x0000015a1444c7d8]
Event: 1253.273 Thread 0x0000015a29ef76a0 16766       3       org.eclipse.jdt.ls.core.internal.handlers.FoldingRangeHandler::computeTypeRootRanges (159 bytes)
Event: 1253.274 Thread 0x0000015a29ef76a0 nmethod 16766 0x0000015a1444c910 code [0x0000015a1444cbc0, 0x0000015a1444dbe0]
Event: 1253.418 Thread 0x0000015a29ef76a0 16767       3       org.eclipse.jdt.internal.compiler.lookup.LookupEnvironment::completeTypeBindings (86 bytes)
Event: 1253.418 Thread 0x0000015a29ef76a0 nmethod 16767 0x0000015a1444e210 code [0x0000015a1444e3e0, 0x0000015a1444e778]
Event: 1253.424 Thread 0x0000015a29ef76a0 16768       1       org.eclipse.core.internal.filebuffers.ResourceFileBuffer::isDirty (5 bytes)
Event: 1253.424 Thread 0x0000015a29ef76a0 nmethod 16768 0x0000015a1a665210 code [0x0000015a1a6653a0, 0x0000015a1a665470]
Event: 1253.477 Thread 0x0000015a29ef76a0 16769       3       java.util.concurrent.ForkJoinTask::casAux (13 bytes)
Event: 1253.477 Thread 0x0000015a29ef76a0 nmethod 16769 0x0000015a12e7d190 code [0x0000015a12e7d320, 0x0000015a12e7d468]
Event: 1253.482 Thread 0x0000015a29ef76a0 16770       3       org.eclipse.jdt.internal.core.search.PatternSearchJob::lambda$2 (37 bytes)
Event: 1253.482 Thread 0x0000015a29ef76a0 nmethod 16770 0x0000015a1444e990 code [0x0000015a1444eb60, 0x0000015a1444ee68]

GC Heap History (20 events):
Event: 1252.729 GC heap before
{Heap before GC invocations=352 (full 4):
 PSYoungGen      total 2048K, used 2016K [0x00000007aab00000, 0x00000007aaf80000, 0x0000000800000000)
  eden space 1536K, 100% used [0x00000007aab00000,0x00000007aac80000,0x00000007aac80000)
  from space 512K, 93% used [0x00000007aae80000,0x00000007aaef8000,0x00000007aaf00000)
  to   space 512K, 0% used [0x00000007aaf00000,0x00000007aaf00000,0x00000007aaf80000)
 ParOldGen       total 164352K, used 164022K [0x0000000700000000, 0x000000070a080000, 0x00000007aab00000)
  object space 164352K, 99% used [0x0000000700000000,0x000000070a02dbb0,0x000000070a080000)
 Metaspace       used 76094K, committed 77824K, reserved 1179648K
  class space    used 7761K, committed 8512K, reserved 1048576K
}
Event: 1252.732 GC heap after
{Heap after GC invocations=352 (full 4):
 PSYoungGen      total 2048K, used 96K [0x00000007aab00000, 0x00000007aaf80000, 0x0000000800000000)
  eden space 1536K, 0% used [0x00000007aab00000,0x00000007aab00000,0x00000007aac80000)
  from space 512K, 18% used [0x00000007aaf00000,0x00000007aaf18000,0x00000007aaf80000)
  to   space 512K, 0% used [0x00000007aae80000,0x00000007aae80000,0x00000007aaf00000)
 ParOldGen       total 164352K, used 164339K [0x0000000700000000, 0x000000070a080000, 0x00000007aab00000)
  object space 164352K, 99% used [0x0000000700000000,0x000000070a07cd40,0x000000070a080000)
 Metaspace       used 76094K, committed 77824K, reserved 1179648K
  class space    used 7761K, committed 8512K, reserved 1048576K
}
Event: 1252.756 GC heap before
{Heap before GC invocations=353 (full 4):
 PSYoungGen      total 2048K, used 1632K [0x00000007aab00000, 0x00000007aaf80000, 0x0000000800000000)
  eden space 1536K, 100% used [0x00000007aab00000,0x00000007aac80000,0x00000007aac80000)
  from space 512K, 18% used [0x00000007aaf00000,0x00000007aaf18000,0x00000007aaf80000)
  to   space 512K, 0% used [0x00000007aae80000,0x00000007aae80000,0x00000007aaf00000)
 ParOldGen       total 164352K, used 164339K [0x0000000700000000, 0x000000070a080000, 0x00000007aab00000)
  object space 164352K, 99% used [0x0000000700000000,0x000000070a07cd40,0x000000070a080000)
 Metaspace       used 76094K, committed 77824K, reserved 1179648K
  class space    used 7761K, committed 8512K, reserved 1048576K
}
Event: 1252.758 GC heap after
{Heap after GC invocations=353 (full 4):
 PSYoungGen      total 2048K, used 432K [0x00000007aab00000, 0x00000007aaf80000, 0x0000000800000000)
  eden space 1536K, 0% used [0x00000007aab00000,0x00000007aab00000,0x00000007aac80000)
  from space 512K, 84% used [0x00000007aae80000,0x00000007aaeec030,0x00000007aaf00000)
  to   space 512K, 0% used [0x00000007aaf00000,0x00000007aaf00000,0x00000007aaf80000)
 ParOldGen       total 164864K, used 164363K [0x0000000700000000, 0x000000070a100000, 0x00000007aab00000)
  object space 164864K, 99% used [0x0000000700000000,0x000000070a082d40,0x000000070a100000)
 Metaspace       used 76094K, committed 77824K, reserved 1179648K
  class space    used 7761K, committed 8512K, reserved 1048576K
}
Event: 1252.941 GC heap before
{Heap before GC invocations=354 (full 4):
 PSYoungGen      total 2048K, used 1968K [0x00000007aab00000, 0x00000007aaf80000, 0x0000000800000000)
  eden space 1536K, 99% used [0x00000007aab00000,0x00000007aac7fff8,0x00000007aac80000)
  from space 512K, 84% used [0x00000007aae80000,0x00000007aaeec030,0x00000007aaf00000)
  to   space 512K, 0% used [0x00000007aaf00000,0x00000007aaf00000,0x00000007aaf80000)
 ParOldGen       total 164864K, used 164363K [0x0000000700000000, 0x000000070a100000, 0x00000007aab00000)
  object space 164864K, 99% used [0x0000000700000000,0x000000070a082d40,0x000000070a100000)
 Metaspace       used 76094K, committed 77824K, reserved 1179648K
  class space    used 7761K, committed 8512K, reserved 1048576K
}
Event: 1252.944 GC heap after
{Heap after GC invocations=354 (full 4):
 PSYoungGen      total 2048K, used 208K [0x00000007aab00000, 0x00000007aaf80000, 0x0000000800000000)
  eden space 1536K, 0% used [0x00000007aab00000,0x00000007aab00000,0x00000007aac80000)
  from space 512K, 40% used [0x00000007aaf00000,0x00000007aaf34010,0x00000007aaf80000)
  to   space 512K, 0% used [0x00000007aae80000,0x00000007aae80000,0x00000007aaf00000)
 ParOldGen       total 164864K, used 164371K [0x0000000700000000, 0x000000070a100000, 0x00000007aab00000)
  object space 164864K, 99% used [0x0000000700000000,0x000000070a084d40,0x000000070a100000)
 Metaspace       used 76094K, committed 77824K, reserved 1179648K
  class space    used 7761K, committed 8512K, reserved 1048576K
}
Event: 1252.965 GC heap before
{Heap before GC invocations=355 (full 4):
 PSYoungGen      total 2048K, used 1744K [0x00000007aab00000, 0x00000007aaf80000, 0x0000000800000000)
  eden space 1536K, 100% used [0x00000007aab00000,0x00000007aac80000,0x00000007aac80000)
  from space 512K, 40% used [0x00000007aaf00000,0x00000007aaf34010,0x00000007aaf80000)
  to   space 512K, 0% used [0x00000007aae80000,0x00000007aae80000,0x00000007aaf00000)
 ParOldGen       total 164864K, used 164371K [0x0000000700000000, 0x000000070a100000, 0x00000007aab00000)
  object space 164864K, 99% used [0x0000000700000000,0x000000070a084d40,0x000000070a100000)
 Metaspace       used 76094K, committed 77824K, reserved 1179648K
  class space    used 7761K, committed 8512K, reserved 1048576K
}
Event: 1252.969 GC heap after
{Heap after GC invocations=355 (full 4):
 PSYoungGen      total 2048K, used 512K [0x00000007aab00000, 0x00000007aaf80000, 0x0000000800000000)
  eden space 1536K, 0% used [0x00000007aab00000,0x00000007aab00000,0x00000007aac80000)
  from space 512K, 100% used [0x00000007aae80000,0x00000007aaf00000,0x00000007aaf00000)
  to   space 512K, 0% used [0x00000007aaf00000,0x00000007aaf00000,0x00000007aaf80000)
 ParOldGen       total 164864K, used 164513K [0x0000000700000000, 0x000000070a100000, 0x00000007aab00000)
  object space 164864K, 99% used [0x0000000700000000,0x000000070a0a87f0,0x000000070a100000)
 Metaspace       used 76094K, committed 77824K, reserved 1179648K
  class space    used 7761K, committed 8512K, reserved 1048576K
}
Event: 1253.249 GC heap before
{Heap before GC invocations=356 (full 4):
 PSYoungGen      total 2048K, used 2047K [0x00000007aab00000, 0x00000007aaf80000, 0x0000000800000000)
  eden space 1536K, 99% used [0x00000007aab00000,0x00000007aac7ffb0,0x00000007aac80000)
  from space 512K, 100% used [0x00000007aae80000,0x00000007aaf00000,0x00000007aaf00000)
  to   space 512K, 0% used [0x00000007aaf00000,0x00000007aaf00000,0x00000007aaf80000)
 ParOldGen       total 164864K, used 164513K [0x0000000700000000, 0x000000070a100000, 0x00000007aab00000)
  object space 164864K, 99% used [0x0000000700000000,0x000000070a0a87f0,0x000000070a100000)
 Metaspace       used 76098K, committed 77824K, reserved 1179648K
  class space    used 7761K, committed 8512K, reserved 1048576K
}
Event: 1253.252 GC heap after
{Heap after GC invocations=356 (full 4):
 PSYoungGen      total 2048K, used 224K [0x00000007aab00000, 0x00000007aaf80000, 0x0000000800000000)
  eden space 1536K, 0% used [0x00000007aab00000,0x00000007aab00000,0x00000007aac80000)
  from space 512K, 43% used [0x00000007aaf00000,0x00000007aaf38000,0x00000007aaf80000)
  to   space 512K, 0% used [0x00000007aae80000,0x00000007aae80000,0x00000007aaf00000)
 ParOldGen       total 165376K, used 165007K [0x0000000700000000, 0x000000070a180000, 0x00000007aab00000)
  object space 165376K, 99% used [0x0000000700000000,0x000000070a123d18,0x000000070a180000)
 Metaspace       used 76098K, committed 77824K, reserved 1179648K
  class space    used 7761K, committed 8512K, reserved 1048576K
}
Event: 1253.427 GC heap before
{Heap before GC invocations=357 (full 4):
 PSYoungGen      total 2048K, used 1616K [0x00000007aab00000, 0x00000007aaf80000, 0x0000000800000000)
  eden space 1536K, 90% used [0x00000007aab00000,0x00000007aac5c268,0x00000007aac80000)
  from space 512K, 43% used [0x00000007aaf00000,0x00000007aaf38000,0x00000007aaf80000)
  to   space 512K, 0% used [0x00000007aae80000,0x00000007aae80000,0x00000007aaf00000)
 ParOldGen       total 165376K, used 165007K [0x0000000700000000, 0x000000070a180000, 0x00000007aab00000)
  object space 165376K, 99% used [0x0000000700000000,0x000000070a123d18,0x000000070a180000)
 Metaspace       used 76101K, committed 77824K, reserved 1179648K
  class space    used 7761K, committed 8512K, reserved 1048576K
}
Event: 1253.430 GC heap after
{Heap after GC invocations=357 (full 4):
 PSYoungGen      total 2048K, used 384K [0x00000007aab00000, 0x00000007aaf80000, 0x0000000800000000)
  eden space 1536K, 0% used [0x00000007aab00000,0x00000007aab00000,0x00000007aac80000)
  from space 512K, 75% used [0x00000007aae80000,0x00000007aaee0000,0x00000007aaf00000)
  to   space 512K, 0% used [0x00000007aaf00000,0x00000007aaf00000,0x00000007aaf80000)
 ParOldGen       total 165376K, used 165221K [0x0000000700000000, 0x000000070a180000, 0x00000007aab00000)
  object space 165376K, 99% used [0x0000000700000000,0x000000070a1595e0,0x000000070a180000)
 Metaspace       used 76101K, committed 77824K, reserved 1179648K
  class space    used 7761K, committed 8512K, reserved 1048576K
}
Event: 1253.437 GC heap before
{Heap before GC invocations=358 (full 4):
 PSYoungGen      total 2048K, used 1920K [0x00000007aab00000, 0x00000007aaf80000, 0x0000000800000000)
  eden space 1536K, 100% used [0x00000007aab00000,0x00000007aac80000,0x00000007aac80000)
  from space 512K, 75% used [0x00000007aae80000,0x00000007aaee0000,0x00000007aaf00000)
  to   space 512K, 0% used [0x00000007aaf00000,0x00000007aaf00000,0x00000007aaf80000)
 ParOldGen       total 165376K, used 165221K [0x0000000700000000, 0x000000070a180000, 0x00000007aab00000)
  object space 165376K, 99% used [0x0000000700000000,0x000000070a1595e0,0x000000070a180000)
 Metaspace       used 76101K, committed 77824K, reserved 1179648K
  class space    used 7761K, committed 8512K, reserved 1048576K
}
Event: 1253.442 GC heap after
{Heap after GC invocations=358 (full 4):
 PSYoungGen      total 2048K, used 484K [0x00000007aab00000, 0x00000007ab180000, 0x0000000800000000)
  eden space 1536K, 0% used [0x00000007aab00000,0x00000007aab00000,0x00000007aac80000)
  from space 512K, 94% used [0x00000007aaf00000,0x00000007aaf79098,0x00000007aaf80000)
  to   space 2560K, 0% used [0x00000007aac80000,0x00000007aac80000,0x00000007aaf00000)
 ParOldGen       total 166912K, used 166558K [0x0000000700000000, 0x000000070a300000, 0x00000007aab00000)
  object space 166912K, 99% used [0x0000000700000000,0x000000070a2a79f8,0x000000070a300000)
 Metaspace       used 76101K, committed 77824K, reserved 1179648K
  class space    used 7761K, committed 8512K, reserved 1048576K
}
Event: 1253.454 GC heap before
{Heap before GC invocations=359 (full 4):
 PSYoungGen      total 2048K, used 2020K [0x00000007aab00000, 0x00000007ab180000, 0x0000000800000000)
  eden space 1536K, 100% used [0x00000007aab00000,0x00000007aac80000,0x00000007aac80000)
  from space 512K, 94% used [0x00000007aaf00000,0x00000007aaf79098,0x00000007aaf80000)
  to   space 2560K, 0% used [0x00000007aac80000,0x00000007aac80000,0x00000007aaf00000)
 ParOldGen       total 166912K, used 166558K [0x0000000700000000, 0x000000070a300000, 0x00000007aab00000)
  object space 166912K, 99% used [0x0000000700000000,0x000000070a2a79f8,0x000000070a300000)
 Metaspace       used 76101K, committed 77824K, reserved 1179648K
  class space    used 7761K, committed 8512K, reserved 1048576K
}
Event: 1253.458 GC heap after
{Heap after GC invocations=359 (full 4):
 PSYoungGen      total 3072K, used 1504K [0x00000007aab00000, 0x00000007ab080000, 0x0000000800000000)
  eden space 1536K, 0% used [0x00000007aab00000,0x00000007aab00000,0x00000007aac80000)
  from space 1536K, 97% used [0x00000007aac80000,0x00000007aadf8000,0x00000007aae00000)
  to   space 2048K, 0% used [0x00000007aae80000,0x00000007aae80000,0x00000007ab080000)
 ParOldGen       total 167424K, used 167050K [0x0000000700000000, 0x000000070a380000, 0x00000007aab00000)
  object space 167424K, 99% used [0x0000000700000000,0x000000070a322a90,0x000000070a380000)
 Metaspace       used 76101K, committed 77824K, reserved 1179648K
  class space    used 7761K, committed 8512K, reserved 1048576K
}
Event: 1253.467 GC heap before
{Heap before GC invocations=360 (full 4):
 PSYoungGen      total 3072K, used 3040K [0x00000007aab00000, 0x00000007ab080000, 0x0000000800000000)
  eden space 1536K, 100% used [0x00000007aab00000,0x00000007aac80000,0x00000007aac80000)
  from space 1536K, 97% used [0x00000007aac80000,0x00000007aadf8000,0x00000007aae00000)
  to   space 2048K, 0% used [0x00000007aae80000,0x00000007aae80000,0x00000007ab080000)
 ParOldGen       total 167424K, used 167050K [0x0000000700000000, 0x000000070a380000, 0x00000007aab00000)
  object space 167424K, 99% used [0x0000000700000000,0x000000070a322a90,0x000000070a380000)
 Metaspace       used 76101K, committed 77824K, reserved 1179648K
  class space    used 7761K, committed 8512K, reserved 1048576K
}
Event: 1253.472 GC heap after
{Heap after GC invocations=360 (full 4):
 PSYoungGen      total 3584K, used 1504K [0x00000007aab00000, 0x00000007ab000000, 0x0000000800000000)
  eden space 2048K, 0% used [0x00000007aab00000,0x00000007aab00000,0x00000007aad00000)
  from space 1536K, 97% used [0x00000007aae80000,0x00000007aaff8000,0x00000007ab000000)
  to   space 1536K, 0% used [0x00000007aad00000,0x00000007aad00000,0x00000007aae80000)
 ParOldGen       total 168960K, used 168554K [0x0000000700000000, 0x000000070a500000, 0x00000007aab00000)
  object space 168960K, 99% used [0x0000000700000000,0x000000070a49aa90,0x000000070a500000)
 Metaspace       used 76101K, committed 77824K, reserved 1179648K
  class space    used 7761K, committed 8512K, reserved 1048576K
}
Event: 1253.494 GC heap before
{Heap before GC invocations=361 (full 4):
 PSYoungGen      total 3584K, used 3552K [0x00000007aab00000, 0x00000007ab000000, 0x0000000800000000)
  eden space 2048K, 100% used [0x00000007aab00000,0x00000007aad00000,0x00000007aad00000)
  from space 1536K, 97% used [0x00000007aae80000,0x00000007aaff8000,0x00000007ab000000)
  to   space 1536K, 0% used [0x00000007aad00000,0x00000007aad00000,0x00000007aae80000)
 ParOldGen       total 168960K, used 168554K [0x0000000700000000, 0x000000070a500000, 0x00000007aab00000)
  object space 168960K, 99% used [0x0000000700000000,0x000000070a49aa90,0x000000070a500000)
 Metaspace       used 76101K, committed 77824K, reserved 1179648K
  class space    used 7761K, committed 8512K, reserved 1048576K
}
Event: 1253.499 GC heap after
{Heap after GC invocations=361 (full 4):
 PSYoungGen      total 3584K, used 1218K [0x00000007aab00000, 0x00000007ab000000, 0x0000000800000000)
  eden space 2048K, 0% used [0x00000007aab00000,0x00000007aab00000,0x00000007aad00000)
  from space 1536K, 79% used [0x00000007aad00000,0x00000007aae30ad0,0x00000007aae80000)
  to   space 1536K, 0% used [0x00000007aae80000,0x00000007aae80000,0x00000007ab000000)
 ParOldGen       total 170496K, used 170050K [0x0000000700000000, 0x000000070a680000, 0x00000007aab00000)
  object space 170496K, 99% used [0x0000000700000000,0x000000070a610a90,0x000000070a680000)
 Metaspace       used 76101K, committed 77824K, reserved 1179648K
  class space    used 7761K, committed 8512K, reserved 1048576K
}

Dll operation events (20 events):
Event: 0.016 Attempting to load shared library c:\Users\jaimi\.vscode\extensions\redhat.java-1.56.0-win32-x64\jre\21.0.12.1-win32-x86_64\bin\java.dll
Event: 0.016 Loaded shared library c:\Users\jaimi\.vscode\extensions\redhat.java-1.56.0-win32-x64\jre\21.0.12.1-win32-x86_64\bin\java.dll
Event: 0.610 Attempting to load shared library c:\Users\jaimi\.vscode\extensions\redhat.java-1.56.0-win32-x64\jre\21.0.12.1-win32-x86_64\bin\zip.dll
Event: 0.611 Loaded shared library c:\Users\jaimi\.vscode\extensions\redhat.java-1.56.0-win32-x64\jre\21.0.12.1-win32-x86_64\bin\zip.dll
Event: 0.721 Attempting to load shared library C:\Users\jaimi\.vscode\extensions\redhat.java-1.56.0-win32-x64\jre\21.0.12.1-win32-x86_64\bin\instrument.dll
Event: 0.721 Loaded shared library C:\Users\jaimi\.vscode\extensions\redhat.java-1.56.0-win32-x64\jre\21.0.12.1-win32-x86_64\bin\instrument.dll
Event: 0.731 Attempting to load shared library C:\Users\jaimi\.vscode\extensions\redhat.java-1.56.0-win32-x64\jre\21.0.12.1-win32-x86_64\bin\net.dll
Event: 0.732 Loaded shared library C:\Users\jaimi\.vscode\extensions\redhat.java-1.56.0-win32-x64\jre\21.0.12.1-win32-x86_64\bin\net.dll
Event: 0.735 Attempting to load shared library C:\Users\jaimi\.vscode\extensions\redhat.java-1.56.0-win32-x64\jre\21.0.12.1-win32-x86_64\bin\nio.dll
Event: 0.735 Loaded shared library C:\Users\jaimi\.vscode\extensions\redhat.java-1.56.0-win32-x64\jre\21.0.12.1-win32-x86_64\bin\nio.dll
Event: 0.816 Attempting to load shared library C:\Users\jaimi\.vscode\extensions\redhat.java-1.56.0-win32-x64\jre\21.0.12.1-win32-x86_64\bin\zip.dll
Event: 0.816 Loaded shared library C:\Users\jaimi\.vscode\extensions\redhat.java-1.56.0-win32-x64\jre\21.0.12.1-win32-x86_64\bin\zip.dll
Event: 0.861 Attempting to load shared library C:\Users\jaimi\.vscode\extensions\redhat.java-1.56.0-win32-x64\jre\21.0.12.1-win32-x86_64\bin\jimage.dll
Event: 0.861 Loaded shared library C:\Users\jaimi\.vscode\extensions\redhat.java-1.56.0-win32-x64\jre\21.0.12.1-win32-x86_64\bin\jimage.dll
Event: 1.497 Attempting to load shared library c:\Users\jaimi\.vscode\extensions\redhat.java-1.56.0-win32-x64\jre\21.0.12.1-win32-x86_64\bin\verify.dll
Event: 1.498 Loaded shared library c:\Users\jaimi\.vscode\extensions\redhat.java-1.56.0-win32-x64\jre\21.0.12.1-win32-x86_64\bin\verify.dll
Event: 30.127 Attempting to load shared library C:\Users\jaimi\AppData\Roaming\Code\User\globalStorage\redhat.java\1.56.0\config_win\org.eclipse.equinox.launcher\org.eclipse.equinox.launcher.win32.win32.x86_64_1.3.100.v20260804-1928\eclipse_11924.dll
Event: 30.457 Loaded shared library C:\Users\jaimi\AppData\Roaming\Code\User\globalStorage\redhat.java\1.56.0\config_win\org.eclipse.equinox.launcher\org.eclipse.equinox.launcher.win32.win32.x86_64_1.3.100.v20260804-1928\eclipse_11924.dll
Event: 118.326 Attempting to load shared library C:\Users\jaimi\AppData\Local\Temp\jna-100887342\jna5026934941111018642.dll
Event: 119.202 Loaded shared library C:\Users\jaimi\AppData\Local\Temp\jna-100887342\jna5026934941111018642.dll

Deoptimization events (20 events):
Event: 1252.113 Thread 0x0000015a71032540 DEOPT PACKING pc=0x0000015a1a653970 sp=0x00000013963fecc0
Event: 1252.113 Thread 0x0000015a71032540 DEOPT UNPACKING pc=0x0000015a19303a9c sp=0x00000013963fec68 mode 2
Event: 1252.965 Thread 0x0000015a71035330 DEOPT PACKING pc=0x0000015a12f05b37 sp=0x0000001396efdcf0
Event: 1252.965 Thread 0x0000015a71035330 DEOPT UNPACKING pc=0x0000015a19304223 sp=0x0000001396efd1c0 mode 0
Event: 1253.446 Thread 0x0000015a72a09290 DEOPT PACKING pc=0x0000015a123e3280 sp=0x00000013965fed50
Event: 1253.446 Thread 0x0000015a72a09290 DEOPT UNPACKING pc=0x0000015a19304223 sp=0x00000013965fe300 mode 0
Event: 1253.458 Thread 0x0000015a71035330 Uncommon trap: trap_request=0xffffff45 fr.pc=0x0000015a19b2f020 relative=0x0000000000005e20
Event: 1253.458 Thread 0x0000015a71035330 Uncommon trap: reason=unstable_if action=reinterpret pc=0x0000015a19b2f020 method=org.eclipse.jdt.internal.codeassist.CompletionEngine.acceptConstructor(I[CI[C[[C[[CI[CILjava/lang/String;Lorg/eclipse/jdt/internal/compiler/env/AccessRestriction;)V @ 179 c2
Event: 1253.458 Thread 0x0000015a71035330 DEOPT PACKING pc=0x0000015a19b2f020 sp=0x0000001396efde00
Event: 1253.458 Thread 0x0000015a71035330 DEOPT UNPACKING pc=0x0000015a19303a9c sp=0x0000001396efdc30 mode 2
Event: 1253.473 Thread 0x0000015a72a09290 Uncommon trap: trap_request=0xffffff45 fr.pc=0x0000015a1a2f09bc relative=0x000000000000311c
Event: 1253.473 Thread 0x0000015a72a09290 Uncommon trap: reason=unstable_if action=reinterpret pc=0x0000015a1a2f09bc method=org.eclipse.jdt.internal.core.index.DiskIndex.readCategoryTable([CZ)Lorg/eclipse/jdt/internal/compiler/util/HashtableOfObject; @ 416 c2
Event: 1253.473 Thread 0x0000015a72a09290 DEOPT PACKING pc=0x0000015a1a2f09bc sp=0x00000013965fee60
Event: 1253.473 Thread 0x0000015a72a09290 DEOPT UNPACKING pc=0x0000015a19303a9c sp=0x00000013965fee08 mode 2
Event: 1253.475 Thread 0x0000015a72a09290 DEOPT PACKING pc=0x0000015a13b050e0 sp=0x00000013965fefc0
Event: 1253.475 Thread 0x0000015a72a09290 DEOPT UNPACKING pc=0x0000015a19304223 sp=0x00000013965fe4b0 mode 0
Event: 1253.524 Thread 0x0000015a71035330 Uncommon trap: trap_request=0xffffff76 fr.pc=0x0000015a1a5e7ca8 relative=0x0000000000000188
Event: 1253.524 Thread 0x0000015a71035330 Uncommon trap: reason=predicate action=maybe_recompile pc=0x0000015a1a5e7ca8 method=java.util.HashMap.keysToArray([Ljava/lang/Object;)[Ljava/lang/Object; @ 48 c2
Event: 1253.524 Thread 0x0000015a71035330 DEOPT PACKING pc=0x0000015a1a5e7ca8 sp=0x0000001396efd1a0
Event: 1253.524 Thread 0x0000015a71035330 DEOPT UNPACKING pc=0x0000015a19303a9c sp=0x0000001396efd128 mode 2

Classes loaded (20 events):
Event: 602.652 Loading class java/util/function/LongFunction
Event: 602.652 Loading class java/util/function/LongFunction done
Event: 602.653 Loading class java/util/stream/Nodes$ConcNode
Event: 602.653 Loading class java/util/stream/Nodes$AbstractConcNode
Event: 602.653 Loading class java/util/stream/Nodes$AbstractConcNode done
Event: 602.653 Loading class java/util/stream/Nodes$ConcNode done
Event: 602.676 Loading class java/io/ObjectOutputStream$BlockDataOutputStream
Event: 602.677 Loading class java/io/ObjectOutputStream$BlockDataOutputStream done
Event: 602.677 Loading class java/io/ObjectOutputStream$HandleTable
Event: 602.677 Loading class java/io/ObjectOutputStream$HandleTable done
Event: 602.677 Loading class java/io/ObjectOutputStream$ReplaceTable
Event: 602.677 Loading class java/io/ObjectOutputStream$ReplaceTable done
Event: 850.947 Loading class java/util/stream/ReferencePipeline$15
Event: 850.947 Loading class java/util/stream/ReferencePipeline$15 done
Event: 850.948 Loading class java/util/stream/ReferencePipeline$15$1
Event: 850.948 Loading class java/util/stream/ReferencePipeline$15$1 done
Event: 901.650 Loading class java/util/function/IntPredicate
Event: 901.650 Loading class java/util/function/IntPredicate done
Event: 901.668 Loading class java/util/regex/Pattern$Bound
Event: 901.668 Loading class java/util/regex/Pattern$Bound done

Classes unloaded (7 events):
Event: 125.988 Thread 0x0000015a29e5ac20 Unloading class 0x0000015a2b1a9400 'java/lang/invoke/LambdaForm$MH+0x0000015a2b1a9400'
Event: 125.988 Thread 0x0000015a29e5ac20 Unloading class 0x0000015a2b1a9000 'java/lang/invoke/LambdaForm$MH+0x0000015a2b1a9000'
Event: 125.988 Thread 0x0000015a29e5ac20 Unloading class 0x0000015a2b1a8c00 'java/lang/invoke/LambdaForm$MH+0x0000015a2b1a8c00'
Event: 125.988 Thread 0x0000015a29e5ac20 Unloading class 0x0000015a2b1a8800 'java/lang/invoke/LambdaForm$MH+0x0000015a2b1a8800'
Event: 125.988 Thread 0x0000015a29e5ac20 Unloading class 0x0000015a2b1a8400 'java/lang/invoke/LambdaForm$BMH+0x0000015a2b1a8400'
Event: 125.988 Thread 0x0000015a29e5ac20 Unloading class 0x0000015a2b1a8000 'java/lang/invoke/LambdaForm$DMH+0x0000015a2b1a8000'
Event: 125.988 Thread 0x0000015a29e5ac20 Unloading class 0x0000015a2b1a6c00 'java/lang/invoke/LambdaForm$DMH+0x0000015a2b1a6c00'

Classes redefined (0 events):
No events

Internal exceptions (20 events):
Event: 1252.991 Thread 0x0000015a71035330 Exception <a 'java/lang/NullPointerException'{0x00000007aaba7560}> (0x00000007aaba7560) 
thrown [s\src\hotspot\share\runtime\sharedRuntime.cpp, line 625]
Event: 1252.991 Thread 0x0000015a71035330 Implicit null exception at 0x0000015a12cb239f to 0x0000015a12cb2965
Event: 1252.991 Thread 0x0000015a71035330 Exception <a 'java/lang/NullPointerException'{0x00000007aaba7ce8}> (0x00000007aaba7ce8) 
thrown [s\src\hotspot\share\runtime\sharedRuntime.cpp, line 625]
Event: 1252.991 Thread 0x0000015a71035330 Implicit null exception at 0x0000015a12cb239f to 0x0000015a12cb2965
Event: 1252.991 Thread 0x0000015a71035330 Exception <a 'java/lang/NullPointerException'{0x00000007aaba84c0}> (0x00000007aaba84c0) 
thrown [s\src\hotspot\share\runtime\sharedRuntime.cpp, line 625]
Event: 1252.991 Thread 0x0000015a71035330 Implicit null exception at 0x0000015a12cb239f to 0x0000015a12cb2965
Event: 1252.991 Thread 0x0000015a71035330 Exception <a 'java/lang/NullPointerException'{0x00000007aaba8c48}> (0x00000007aaba8c48) 
thrown [s\src\hotspot\share\runtime\sharedRuntime.cpp, line 625]
Event: 1252.991 Thread 0x0000015a71035330 Implicit null exception at 0x0000015a12cb239f to 0x0000015a12cb2965
Event: 1252.991 Thread 0x0000015a71035330 Exception <a 'java/lang/NullPointerException'{0x00000007aaba9310}> (0x00000007aaba9310) 
thrown [s\src\hotspot\share\runtime\sharedRuntime.cpp, line 625]
Event: 1252.991 Thread 0x0000015a71035330 Implicit null exception at 0x0000015a12cb239f to 0x0000015a12cb2965
Event: 1252.991 Thread 0x0000015a71035330 Exception <a 'java/lang/NullPointerException'{0x00000007aaba9ae0}> (0x00000007aaba9ae0) 
thrown [s\src\hotspot\share\runtime\sharedRuntime.cpp, line 625]
Event: 1253.416 Thread 0x0000015a71035330 Implicit null exception at 0x0000015a12cb239f to 0x0000015a12cb2965
Event: 1253.416 Thread 0x0000015a71035330 Exception <a 'java/lang/NullPointerException'{0x00000007aac00498}> (0x00000007aac00498) 
thrown [s\src\hotspot\share\runtime\sharedRuntime.cpp, line 625]
Event: 1253.417 Thread 0x0000015a71035330 Implicit null exception at 0x0000015a12cb239f to 0x0000015a12cb2965
Event: 1253.417 Thread 0x0000015a71035330 Exception <a 'java/lang/NullPointerException'{0x00000007aac02838}> (0x00000007aac02838) 
thrown [s\src\hotspot\share\runtime\sharedRuntime.cpp, line 625]
Event: 1253.417 Thread 0x0000015a71035330 Implicit null exception at 0x0000015a12cb239f to 0x0000015a12cb2965
Event: 1253.417 Thread 0x0000015a71035330 Exception <a 'java/lang/NullPointerException'{0x00000007aac03058}> (0x00000007aac03058) 
thrown [s\src\hotspot\share\runtime\sharedRuntime.cpp, line 625]
Event: 1253.458 Thread 0x0000015a71035330 Implicit null exception at 0x0000015a19b2ab6e to 0x0000015a19b2eff0
Event: 1253.524 Thread 0x0000015a71035330 Implicit null exception at 0x0000015a12cb239f to 0x0000015a12cb2965
Event: 1253.525 Thread 0x0000015a71035330 Exception <a 'java/lang/NullPointerException'{0x00000007aac7c320}> (0x00000007aac7c320) 
thrown [s\src\hotspot\share\runtime\sharedRuntime.cpp, line 625]

ZGC Phase Switch (0 events):
No events

VM Operations (20 events):
Event: 1252.729 Executing safepoint VM operation: ParallelGCFailedAllocation (Allocation Failure)
Event: 1252.732 Executing safepoint VM operation: ParallelGCFailedAllocation (Allocation Failure) done
Event: 1252.756 Executing safepoint VM operation: ParallelGCFailedAllocation (Allocation Failure)
Event: 1252.758 Executing safepoint VM operation: ParallelGCFailedAllocation (Allocation Failure) done
Event: 1252.935 Executing safepoint VM operation: ParallelGCFailedAllocation (Allocation Failure)
Event: 1252.944 Executing safepoint VM operation: ParallelGCFailedAllocation (Allocation Failure) done
Event: 1252.965 Executing safepoint VM operation: ParallelGCFailedAllocation (Allocation Failure)
Event: 1252.969 Executing safepoint VM operation: ParallelGCFailedAllocation (Allocation Failure) done
Event: 1253.203 Executing safepoint VM operation: ParallelGCFailedAllocation (Allocation Failure)
Event: 1253.252 Executing safepoint VM operation: ParallelGCFailedAllocation (Allocation Failure) done
Event: 1253.427 Executing safepoint VM operation: ParallelGCFailedAllocation (Allocation Failure)
Event: 1253.430 Executing safepoint VM operation: ParallelGCFailedAllocation (Allocation Failure) done
Event: 1253.437 Executing safepoint VM operation: ParallelGCFailedAllocation (Allocation Failure)
Event: 1253.442 Executing safepoint VM operation: ParallelGCFailedAllocation (Allocation Failure) done
Event: 1253.454 Executing safepoint VM operation: ParallelGCFailedAllocation (Allocation Failure)
Event: 1253.458 Executing safepoint VM operation: ParallelGCFailedAllocation (Allocation Failure) done
Event: 1253.467 Executing safepoint VM operation: ParallelGCFailedAllocation (Allocation Failure)
Event: 1253.472 Executing safepoint VM operation: ParallelGCFailedAllocation (Allocation Failure) done
Event: 1253.494 Executing safepoint VM operation: ParallelGCFailedAllocation (Allocation Failure)
Event: 1253.499 Executing safepoint VM operation: ParallelGCFailedAllocation (Allocation Failure) done

Memory protections (0 events):
No events

Nmethod flushes (20 events):
Event: 1048.860 Thread 0x0000015a29e5ac20 flushing  nmethod 0x0000015a12e79e90
Event: 1048.860 Thread 0x0000015a29e5ac20 flushing  nmethod 0x0000015a12e7d190
Event: 1048.860 Thread 0x0000015a29e5ac20 flushing  nmethod 0x0000015a12e80f90
Event: 1048.860 Thread 0x0000015a29e5ac20 flushing  nmethod 0x0000015a12e82410
Event: 1048.860 Thread 0x0000015a29e5ac20 flushing  nmethod 0x0000015a12e8fb90
Event: 1048.860 Thread 0x0000015a29e5ac20 flushing osr nmethod 0x0000015a12e9e690
Event: 1048.860 Thread 0x0000015a29e5ac20 flushing osr nmethod 0x0000015a12ec5790
Event: 1048.860 Thread 0x0000015a29e5ac20 flushing  nmethod 0x0000015a12edd410
Event: 1048.860 Thread 0x0000015a29e5ac20 flushing  nmethod 0x0000015a12ee1990
Event: 1048.860 Thread 0x0000015a29e5ac20 flushing  nmethod 0x0000015a12efd790
Event: 1048.860 Thread 0x0000015a29e5ac20 flushing  nmethod 0x0000015a12f03990
Event: 1048.860 Thread 0x0000015a29e5ac20 flushing  nmethod 0x0000015a12f04490
Event: 1048.860 Thread 0x0000015a29e5ac20 flushing  nmethod 0x0000015a12f04c10
Event: 1048.860 Thread 0x0000015a29e5ac20 flushing  nmethod 0x0000015a12f05490
Event: 1048.860 Thread 0x0000015a29e5ac20 flushing  nmethod 0x0000015a12f0be90
Event: 1048.860 Thread 0x0000015a29e5ac20 flushing  nmethod 0x0000015a12f1f090
Event: 1048.860 Thread 0x0000015a29e5ac20 flushing  nmethod 0x0000015a12f26a10
Event: 1048.860 Thread 0x0000015a29e5ac20 flushing  nmethod 0x0000015a12f2fe10
Event: 1048.860 Thread 0x0000015a29e5ac20 flushing  nmethod 0x0000015a12f34310
Event: 1048.860 Thread 0x0000015a29e5ac20 flushing  nmethod 0x0000015a12f36010

Events (20 events):
Event: 1252.207 Thread 0x0000015a71036050 Thread exited: 0x0000015a71036050
Event: 1252.208 Thread 0x0000015a710338f0 Thread exited: 0x0000015a710338f0
Event: 1252.422 Thread 0x0000015a71035330 Thread added: 0x0000015a710338f0
Event: 1252.467 Thread 0x0000015a71035330 Thread added: 0x0000015a71038120
Event: 1252.490 Thread 0x0000015a71035330 Thread added: 0x0000015a71033f80
Event: 1252.725 Thread 0x0000015a71035330 Thread added: 0x0000015a71036050
Event: 1252.740 Thread 0x0000015a710338f0 Thread exited: 0x0000015a710338f0
Event: 1252.801 Thread 0x0000015a71033f80 Thread exited: 0x0000015a71033f80
Event: 1252.866 Thread 0x0000015a71038120 Thread exited: 0x0000015a71038120
Event: 1252.923 Thread 0x0000015a71035330 Thread added: 0x0000015a710338f0
Event: 1252.923 Thread 0x0000015a71035330 Thread added: 0x0000015a71033f80
Event: 1252.987 Thread 0x0000015a71036050 Thread exited: 0x0000015a71036050
Event: 1253.065 Thread 0x0000015a71035330 Thread added: 0x0000015a71036050
Event: 1253.087 Thread 0x0000015a71035330 Thread added: 0x0000015a71036d70
Event: 1253.196 Thread 0x0000015a710338f0 Thread exited: 0x0000015a710338f0
Event: 1253.199 Thread 0x0000015a71033f80 Thread exited: 0x0000015a71033f80
Event: 1253.202 Thread 0x0000015a71036050 Thread exited: 0x0000015a71036050
Event: 1253.256 Thread 0x0000015a71035330 Thread added: 0x0000015a71036050
Event: 1253.269 Thread 0x0000015a71036d70 Thread exited: 0x0000015a71036d70
Event: 1253.277 Thread 0x0000015a71036050 Thread exited: 0x0000015a71036050


Dynamic libraries:
0x00007ff7ddb10000 - 0x00007ff7ddb1e000 	c:\Users\jaimi\.vscode\extensions\redhat.java-1.56.0-win32-x64\jre\21.0.12.1-win32-x86_64\bin\java.exe
0x00007ffa8fbd0000 - 0x00007ffa8fdc8000 	C:\Windows\SYSTEM32\ntdll.dll
0x00007ffa8dbf0000 - 0x00007ffa8dcb2000 	C:\Windows\System32\KERNEL32.DLL
0x00007ffa8d300000 - 0x00007ffa8d5f6000 	C:\Windows\System32\KERNELBASE.dll
0x00007ffa8d960000 - 0x00007ffa8da60000 	C:\Windows\System32\ucrtbase.dll
0x00007ffa871e0000 - 0x00007ffa871f8000 	c:\Users\jaimi\.vscode\extensions\redhat.java-1.56.0-win32-x64\jre\21.0.12.1-win32-x86_64\bin\jli.dll
0x00007ffa8e690000 - 0x00007ffa8e831000 	C:\Windows\System32\USER32.dll
0x00007ffa8dbc0000 - 0x00007ffa8dbe2000 	C:\Windows\System32\win32u.dll
0x00007ffa8f4f0000 - 0x00007ffa8f51b000 	C:\Windows\System32\GDI32.dll
0x00007ffa8d7b0000 - 0x00007ffa8d8c9000 	C:\Windows\System32\gdi32full.dll
0x00007ffa8d260000 - 0x00007ffa8d2fd000 	C:\Windows\System32\msvcp_win.dll
0x00007ffa68040000 - 0x00007ffa6805e000 	c:\Users\jaimi\.vscode\extensions\redhat.java-1.56.0-win32-x64\jre\21.0.12.1-win32-x86_64\bin\VCRUNTIME140.dll
0x00007ffa75bf0000 - 0x00007ffa75e8b000 	C:\Windows\WinSxS\amd64_microsoft.windows.common-controls_6595b64144ccf1df_6.0.19041.6456_none_60b8a6cb71f64256\COMCTL32.dll
0x00007ffa8e840000 - 0x00007ffa8e8de000 	C:\Windows\System32\msvcrt.dll
0x00007ffa8f390000 - 0x00007ffa8f3bf000 	C:\Windows\System32\IMM32.DLL
0x00007ffa85460000 - 0x00007ffa8546c000 	c:\Users\jaimi\.vscode\extensions\redhat.java-1.56.0-win32-x64\jre\21.0.12.1-win32-x86_64\bin\vcruntime140_1.dll
0x00007ffa4e570000 - 0x00007ffa4e5fd000 	c:\Users\jaimi\.vscode\extensions\redhat.java-1.56.0-win32-x64\jre\21.0.12.1-win32-x86_64\bin\msvcp140.dll
0x00007ffa0bc40000 - 0x00007ffa0c9e2000 	c:\Users\jaimi\.vscode\extensions\redhat.java-1.56.0-win32-x64\jre\21.0.12.1-win32-x86_64\bin\server\jvm.dll
0x00007ffa8f9c0000 - 0x00007ffa8fa71000 	C:\Windows\System32\ADVAPI32.dll
0x00007ffa8e5f0000 - 0x00007ffa8e68f000 	C:\Windows\System32\sechost.dll
0x00007ffa8f540000 - 0x00007ffa8f660000 	C:\Windows\System32\RPCRT4.dll
0x00007ffa8d700000 - 0x00007ffa8d727000 	C:\Windows\System32\bcrypt.dll
0x00007ffa8f6f0000 - 0x00007ffa8f75b000 	C:\Windows\System32\WS2_32.dll
0x00007ffa8cc40000 - 0x00007ffa8cc8b000 	C:\Windows\SYSTEM32\POWRPROF.dll
0x00007ffa6f690000 - 0x00007ffa6f6b7000 	C:\Windows\SYSTEM32\WINMM.dll
0x00007ffa84130000 - 0x00007ffa8413a000 	C:\Windows\SYSTEM32\VERSION.dll
0x00007ffa8cc20000 - 0x00007ffa8cc32000 	C:\Windows\SYSTEM32\UMPDC.dll
0x00007ffa8bac0000 - 0x00007ffa8bad2000 	C:\Windows\SYSTEM32\kernel.appcore.dll
0x00007ffa6b760000 - 0x00007ffa6b76a000 	c:\Users\jaimi\.vscode\extensions\redhat.java-1.56.0-win32-x64\jre\21.0.12.1-win32-x86_64\bin\jimage.dll
0x00007ffa8b750000 - 0x00007ffa8b951000 	C:\Windows\SYSTEM32\DBGHELP.DLL
0x00007ffa717d0000 - 0x00007ffa71804000 	C:\Windows\SYSTEM32\dbgcore.DLL
0x00007ffa8d8d0000 - 0x00007ffa8d952000 	C:\Windows\System32\bcryptPrimitives.dll
0x00007ffa6b580000 - 0x00007ffa6b58f000 	c:\Users\jaimi\.vscode\extensions\redhat.java-1.56.0-win32-x64\jre\21.0.12.1-win32-x86_64\bin\instrument.dll
0x00007ffa67e40000 - 0x00007ffa67e60000 	c:\Users\jaimi\.vscode\extensions\redhat.java-1.56.0-win32-x64\jre\21.0.12.1-win32-x86_64\bin\java.dll
0x00007ffa8dcc0000 - 0x00007ffa8e430000 	C:\Windows\System32\SHELL32.dll
0x00007ffa8aed0000 - 0x00007ffa8b675000 	C:\Windows\SYSTEM32\windows.storage.dll
0x00007ffa8f030000 - 0x00007ffa8f384000 	C:\Windows\System32\combase.dll
0x00007ffa8cc90000 - 0x00007ffa8ccbb000 	C:\Windows\SYSTEM32\Wldp.dll
0x00007ffa8e9c0000 - 0x00007ffa8ea8d000 	C:\Windows\System32\OLEAUT32.dll
0x00007ffa8fae0000 - 0x00007ffa8fb8d000 	C:\Windows\System32\SHCORE.dll
0x00007ffa8fa80000 - 0x00007ffa8fadb000 	C:\Windows\System32\shlwapi.dll
0x00007ffa8d190000 - 0x00007ffa8d1b4000 	C:\Windows\SYSTEM32\profapi.dll
0x00007ffa67dd0000 - 0x00007ffa67de8000 	c:\Users\jaimi\.vscode\extensions\redhat.java-1.56.0-win32-x64\jre\21.0.12.1-win32-x86_64\bin\zip.dll
0x00007ffa6b470000 - 0x00007ffa6b480000 	C:\Users\jaimi\.vscode\extensions\redhat.java-1.56.0-win32-x64\jre\21.0.12.1-win32-x86_64\bin\net.dll
0x00007ffa82630000 - 0x00007ffa8273a000 	C:\Windows\SYSTEM32\WINHTTP.dll
0x00007ffa8c980000 - 0x00007ffa8c9ea000 	C:\Windows\system32\mswsock.dll
0x00007ffa624a0000 - 0x00007ffa624b6000 	C:\Users\jaimi\.vscode\extensions\redhat.java-1.56.0-win32-x64\jre\21.0.12.1-win32-x86_64\bin\nio.dll
0x00007ffa68400000 - 0x00007ffa68410000 	c:\Users\jaimi\.vscode\extensions\redhat.java-1.56.0-win32-x64\jre\21.0.12.1-win32-x86_64\bin\verify.dll
0x00007ffa4e060000 - 0x00007ffa4e0a5000 	C:\Users\jaimi\AppData\Roaming\Code\User\globalStorage\redhat.java\1.56.0\config_win\org.eclipse.equinox.launcher\org.eclipse.equinox.launcher.win32.win32.x86_64_1.3.100.v20260804-1928\eclipse_11924.dll
0x00007ffa8f890000 - 0x00007ffa8f9bb000 	C:\Windows\System32\ole32.dll
0x00007ffa8cb70000 - 0x00007ffa8cb88000 	C:\Windows\SYSTEM32\CRYPTSP.dll
0x00007ffa8c230000 - 0x00007ffa8c268000 	C:\Windows\system32\rsaenh.dll
0x00007ffa8d150000 - 0x00007ffa8d17e000 	C:\Windows\SYSTEM32\USERENV.dll
0x00007ffa8cb90000 - 0x00007ffa8cb9c000 	C:\Windows\SYSTEM32\CRYPTBASE.dll
0x00007ffa8c660000 - 0x00007ffa8c69b000 	C:\Windows\SYSTEM32\IPHLPAPI.DLL
0x00007ffa8e430000 - 0x00007ffa8e438000 	C:\Windows\System32\NSI.dll
0x00007ffa56130000 - 0x00007ffa56179000 	C:\Users\jaimi\AppData\Local\Temp\jna-100887342\jna5026934941111018642.dll
0x00007ffa8ef00000 - 0x00007ffa8ef08000 	C:\Windows\System32\PSAPI.DLL
0x00007ffa84160000 - 0x00007ffa84177000 	C:\Windows\SYSTEM32\dhcpcsvc6.DLL
0x00007ffa84140000 - 0x00007ffa8415d000 	C:\Windows\SYSTEM32\dhcpcsvc.DLL

JVMTI agents:
c:\Users\jaimi\.vscode\extensions\redhat.java-1.56.0-win32-x64\lombok\lombok-1.18.39-4050.jar path:c:\Users\jaimi\.vscode\extensions\redhat.java-1.56.0-win32-x64\jre\21.0.12.1-win32-x86_64\bin\instrument.dll, loaded, initialized, instrumentlib options:none

dbghelp: loaded successfully - version: 4.0.5 - missing functions: none
symbol engine: initialized successfully - sym options: 0x614 - pdb path: .;c:\Users\jaimi\.vscode\extensions\redhat.java-1.56.0-win32-x64\jre\21.0.12.1-win32-x86_64\bin;C:\Windows\SYSTEM32;C:\Windows\WinSxS\amd64_microsoft.windows.common-controls_6595b64144ccf1df_6.0.19041.6456_none_60b8a6cb71f64256;c:\Users\jaimi\.vscode\extensions\redhat.java-1.56.0-win32-x64\jre\21.0.12.1-win32-x86_64\bin\server;C:\Users\jaimi\AppData\Roaming\Code\User\globalStorage\redhat.java\1.56.0\config_win\org.eclipse.equinox.launcher\org.eclipse.equinox.launcher.win32.win32.x86_64_1.3.100.v20260804-1928;C:\Users\jaimi\AppData\Local\Temp\jna-100887342

VM Arguments:
jvm_args: --add-modules=ALL-SYSTEM --add-opens=java.base/java.util=ALL-UNNAMED --add-opens=java.base/java.lang=ALL-UNNAMED --add-opens=java.base/sun.nio.fs=ALL-UNNAMED -Declipse.application=org.eclipse.jdt.ls.core.id1 -Dosgi.bundles.defaultStartLevel=4 -Declipse.product=org.eclipse.jdt.ls.core.product -Djava.import.generatesMetadataFilesAtProjectRoot=false -Dm2e.project.cache.size=50 -DDetectVMInstallationsJob.disabled=true -Dfile.encoding=utf8 -XX:+UseParallelGC -XX:GCTimeRatio=4 -XX:AdaptiveSizePolicyWeight=90 -Dsun.zip.disableMemoryMapping=true -Xmx4G -Xms100m -Xlog:disable -javaagent:c:\Users\jaimi\.vscode\extensions\redhat.java-1.56.0-win32-x64\lombok\lombok-1.18.39-4050.jar -XX:+HeapDumpOnOutOfMemoryError -XX:HeapDumpPath=c:\Users\jaimi\AppData\Roaming\Code\User\workspaceStorage\7b1695ebeb44925a89a06e7ce4c3f07f\redhat.java -Daether.dependencyCollector.impl=bf 
java_command: c:\Users\jaimi\.vscode\extensions\redhat.java-1.56.0-win32-x64\server\plugins\org.eclipse.equinox.launcher_1.8.0.v20260804-1928.jar -configuration c:\Users\jaimi\AppData\Roaming\Code\User\globalStorage\redhat.java\1.56.0\config_win -data c:\Users\jaimi\AppData\Roaming\Code\User\workspaceStorage\7b1695ebeb44925a89a06e7ce4c3f07f\redhat.java\jdt_ws --pipe=\\.\pipe\lsp-53781351f5460dc4c459bf4cd02b6832-sock
java_class_path (initial): c:\Users\jaimi\.vscode\extensions\redhat.java-1.56.0-win32-x64\server\plugins\org.eclipse.equinox.launcher_1.8.0.v20260804-1928.jar
Launcher Type: SUN_STANDARD

[Global flags]
    uintx AdaptiveSizePolicyWeight                 = 90                                        {product} {command line}
     intx CICompilerCount                          = 2                                         {product} {ergonomic}
    uintx GCTimeRatio                              = 4                                         {product} {command line}
     bool HeapDumpOnOutOfMemoryError               = true                                   {manageable} {command line}
    ccstr HeapDumpPath                             = c:\Users\jaimi\AppData\Roaming\Code\User\workspaceStorage\7b1695ebeb44925a89a06e7ce4c3f07f\redhat.java         {manageable} {command line}
   size_t InitialHeapSize                          = 104857600                                 {product} {command line}
   size_t MaxHeapSize                              = 4294967296                                {product} {command line}
   size_t MaxNewSize                               = 1431306240                                {product} {ergonomic}
   size_t MinHeapDeltaBytes                        = 524288                                    {product} {ergonomic}
   size_t MinHeapSize                              = 104857600                                 {product} {command line}
   size_t NewSize                                  = 34603008                                  {product} {ergonomic}
    uintx NonNMethodCodeHeapSize                   = 5826188                                {pd product} {ergonomic}
    uintx NonProfiledCodeHeapSize                  = 122916026                              {pd product} {ergonomic}
   size_t OldSize                                  = 70254592                                  {product} {ergonomic}
    uintx ProfiledCodeHeapSize                     = 122916026                              {pd product} {ergonomic}
    uintx ReservedCodeCacheSize                    = 251658240                              {pd product} {ergonomic}
     bool SegmentedCodeCache                       = true                                      {product} {ergonomic}
   size_t SoftMaxHeapSize                          = 4294967296                             {manageable} {ergonomic}
     bool UseCompressedOops                        = true                           {product lp64_product} {ergonomic}
     bool UseLargePagesIndividualAllocation        = false                                  {pd product} {ergonomic}
     bool UseParallelGC                            = true                                      {product} {command line}

Logging:
Log output configuration:
 #0: stdout all=off uptime,level,tags foldmultilines=false
 #1: stderr all=off uptime,level,tags foldmultilines=false

Release file:
JAVA_VERSION="21.0.12.1" 
MODULES="java.base java.compiler java.datatransfer java.xml java.prefs java.desktop java.instrument java.logging java.management java.security.sasl java.naming java.rmi java.management.rmi java.net.http java.scripting java.security.jgss java.transaction.xa java.sql java.sql.rowset java.xml.crypto java.se java.smartcardio jdk.accessibility jdk.internal.jvmstat jdk.attach jdk.charsets jdk.internal.opt jdk.zipfs jdk.compiler jdk.crypto.ec jdk.crypto.cryptoki jdk.crypto.mscapi jdk.dynalink jdk.internal.ed jdk.editpad jdk.hotspot.agent jdk.httpserver jdk.internal.le jdk.internal.vm.ci jdk.internal.vm.compiler jdk.internal.vm.compiler.management jdk.jartool jdk.javadoc jdk.jcmd jdk.management jdk.management.agent jdk.jconsole jdk.jdeps jdk.jdwp.agent jdk.jdi jdk.jfr jdk.jshell jdk.jsobject jdk.jstatd jdk.localedata jdk.management.jfr jdk.naming.dns jdk.naming.rmi jdk.net jdk.nio.mapmode jdk.random jdk.sctp jdk.security.auth jdk.security.jgss jdk.unsupported jdk.unsupported.desktop jdk.xml.dom" 

Environment Variables:
JAVA_HOME=C:\Program Files\Java\jdk1.8.0_503
PATH=C:\Program Files (x86)\Common Files\Oracle\Java\java8path;C:\Program Files (x86)\Common Files\Oracle\Java\javapath;C:\Windows\system32;C:\Windows;C:\Windows\System32\Wbem;C:\Windows\System32\WindowsPowerShell\v1.0\;C:\Windows\System32\OpenSSH\;C:\Program Files\Git\cmd;C:\Users\jaimi\OneDrive\Documentos\programacao\calculatorProject\omniORB\bin;C:\Users\jaimi\AppData\Local\Programs\Python\Python313\;C:\Users\jaimi\AppData\Local\Programs\Python\Launcher\;C:\Users\jaimi\AppData\Local\Microsoft\WindowsApps;C:\Users\jaimi\AppData\Local\Programs\Microsoft VS Code\bin;D:\programs files\PyCharm Community Edition 2024.1.4\bin;;C:\msys64\mingw64\bin;C:\msys64\usr\bin;C:\omniORB\bin\x86_win32;C:\Program Files\Java\jdk1.8.0_503;C:\apache-maven-3.9.16\bin;C:\Program Files\Java\jdk1.8.0_503\bin;
USERNAME=jaimi
OS=Windows_NT
PROCESSOR_IDENTIFIER=Intel64 Family 6 Model 122 Stepping 8, GenuineIntel
TMP=C:\Users\jaimi\AppData\Local\Temp
TEMP=C:\Users\jaimi\AppData\Local\Temp




Periodic native trim disabled

---------------  S Y S T E M  ---------------

OS:
 Windows 10 , 64 bit Build 19041 (10.0.19041.5915)
OS uptime: 0 days 4:51 hours

CPU: total 2 (initial active 2) (2 cores per cpu, 1 threads per core) family 6 model 122 stepping 8 microcode 0x22, cx8, cmov, fxsr, mmx, 3dnowpref, sse, sse2, sse3, ssse3, sse4.1, sse4.2, popcnt, tsc, tscinvbit, aes, erms, clmul, sha, clflush, clflushopt, rdtscp, rdpid
Processor Information for the first 2 processors :
  Max Mhz: 1101, Current Mhz: 1101, Mhz Limit: 1101

Memory: 4k page, system-wide physical 8008M (727M free)
TotalPageFile size 12487M (AvailPageFile size 2M)
current process WorkingSet (physical memory assigned to process): 437M, peak: 437M
current process commit charge ("private bytes"): 560M, peak: 560M

vm_info: OpenJDK 64-Bit Server VM (21.0.12.1+1-LTS) for windows-amd64 JRE (21.0.12.1+1-LTS), built on 2026-08-18T00:00:00Z by "admin" with MS VC++ 17.12 (VS2022)

END.
