#
# There is insufficient memory for the Java Runtime Environment to continue.
# Native memory allocation (malloc) failed to allocate 2096976 bytes. Error detail: Chunk::new
# Possible reasons:
#   The system is out of physical RAM or swap space
#   This process is running with CompressedOops enabled, and the Java Heap may be blocking the growth of the native heap
# Possible solutions:
#   Reduce memory load on the system
#   Increase physical memory or swap space
#   Check if swap backing store is full
#   Decrease Java heap size (-Xmx/-Xms)
#   Decrease number of Java threads
#   Decrease Java thread stack sizes (-Xss)
#   Set larger code cache with -XX:ReservedCodeCacheSize=
#   JVM is running with Zero Based Compressed Oops mode in which the Java heap is
#     placed in the first 32GB address space. The Java Heap base address is the
#     maximum limit for the native heap growth. Please use -XX:HeapBaseMinAddress
#     to set the Java Heap base and to place the Java Heap above 32GB virtual address.
# This output file may be truncated or incomplete.
#
#  Out of Memory Error (arena.cpp:168), pid=14376, tid=14968
#
# JRE version: OpenJDK Runtime Environment Temurin-21.0.12.1+1 (21.0.12.1+1) (build 21.0.12.1+1-LTS)
# Java VM: OpenJDK 64-Bit Server VM Temurin-21.0.12.1+1 (21.0.12.1+1-LTS, mixed mode, sharing, tiered, compressed oops, compressed class ptrs, parallel gc, windows-amd64)
# No core dump will be written. Minidumps are not enabled by default on client versions of Windows
#

---------------  S U M M A R Y ------------

Command Line: --add-modules=ALL-SYSTEM --add-opens=java.base/java.util=ALL-UNNAMED --add-opens=java.base/java.lang=ALL-UNNAMED --add-opens=java.base/sun.nio.fs=ALL-UNNAMED -Declipse.application=org.eclipse.jdt.ls.core.id1 -Dosgi.bundles.defaultStartLevel=4 -Declipse.product=org.eclipse.jdt.ls.core.product -Djava.import.generatesMetadataFilesAtProjectRoot=false -Dm2e.project.cache.size=50 -DDetectVMInstallationsJob.disabled=true -Dfile.encoding=utf8 -XX:+UseParallelGC -XX:GCTimeRatio=4 -XX:AdaptiveSizePolicyWeight=90 -Dsun.zip.disableMemoryMapping=true -Xmx4G -Xms100m -Xlog:disable -javaagent:c:\Users\jaimi\.vscode\extensions\redhat.java-1.56.0-win32-x64\lombok\lombok-1.18.39-4050.jar -XX:+HeapDumpOnOutOfMemoryError -XX:HeapDumpPath=c:\Users\jaimi\AppData\Roaming\Code\User\workspaceStorage\7b1695ebeb44925a89a06e7ce4c3f07f\redhat.java -Daether.dependencyCollector.impl=bf c:\Users\jaimi\.vscode\extensions\redhat.java-1.56.0-win32-x64\server\plugins\org.eclipse.equinox.launcher_1.8.0.v20260804-1928.jar -configuration c:\Users\jaimi\AppData\Roaming\Code\User\globalStorage\redhat.java\1.56.0\config_win -data c:\Users\jaimi\AppData\Roaming\Code\User\workspaceStorage\7b1695ebeb44925a89a06e7ce4c3f07f\redhat.java\jdt_ws --pipe=\\.\pipe\lsp-9bc1b4ea734c1a8c902a6fc7831d959f-sock

Host: Intel(R) Celeron(R) N4020 CPU @ 1.10GHz, 2 cores, 7G,  Windows 10 , 64 bit Build 19041 (10.0.19041.5915)
Time: Wed Sep 30 13:19:13 2026 South Africa Standard Time elapsed time: 1385.098817 seconds (0d 0h 23m 5s)

---------------  T H R E A D  ---------------

Current thread (0x00000202368c4d00):  JavaThread "C2 CompilerThread0" daemon [_thread_in_native, id=14968, stack(0x00000085e0a00000,0x00000085e0b00000) (1024K)]


Current CompileTask:
C2:1385099 13750       4       org.eclipse.jdt.internal.compiler.lookup.BinaryTypeBinding::createMethod (1666 bytes)

Stack: [0x00000085e0a00000,0x00000085e0b00000]
Native frames: (J=compiled Java code, j=interpreted, Vv=VM code, C=native code)
V  [jvm.dll+0x6d83e9]
V  [jvm.dll+0x8b5736]
V  [jvm.dll+0x8b7cee]
V  [jvm.dll+0x8b83d3]
V  [jvm.dll+0x284596]
V  [jvm.dll+0xc685d]
V  [jvm.dll+0xc6da1]
V  [jvm.dll+0x3bf151]
V  [jvm.dll+0x38b6d2]
V  [jvm.dll+0x38ab1a]
V  [jvm.dll+0x24c700]
V  [jvm.dll+0x24bce0]
V  [jvm.dll+0x1cb4ae]
V  [jvm.dll+0x25baad]
V  [jvm.dll+0x25a03a]
V  [jvm.dll+0x3f8aae]
V  [jvm.dll+0x8600cd]
V  [jvm.dll+0x6d6c1d]
C  [ucrtbase.dll+0x21bb2]
C  [KERNEL32.DLL+0x17374]
C  [ntdll.dll+0x4cc91]


---------------  P R O C E S S  ---------------

Threads class SMR info:
_java_thread_list=0x00000202783e6210, length=33, elements={
0x000002021b5b0000, 0x00000202368b7bb0, 0x00000202368b8a60, 0x00000202368bb920,
0x00000202368bc580, 0x00000202368bf0f0, 0x00000202368bfeb0, 0x00000202368c4d00,
0x0000020236935050, 0x00000202781dc780, 0x0000020278325220, 0x0000020278598500,
0x000002027862d740, 0x00000202788230a0, 0x00000202782733e0, 0x000002027d0971f0,
0x000002027d05a0a0, 0x00000202787bac10, 0x0000020278404d90, 0x00000202784074f0,
0x0000020278404070, 0x0000020278406140, 0x0000020278406e60, 0x000002027d6e3c50,
0x000002027d6df420, 0x000002027d6e35c0, 0x000002027d6dfab0, 0x000002027d6e42e0,
0x000002027d6e2f30, 0x000002027d6e4970, 0x000002027d6e5000, 0x000002027d6de070,
0x000002027d6dd9e0
}

Java Threads: ( => current thread )
  0x000002021b5b0000 JavaThread "main"                              [_thread_blocked, id=14648, stack(0x00000085e0000000,0x00000085e0100000) (1024K)]
  0x00000202368b7bb0 JavaThread "Reference Handler"          daemon [_thread_blocked, id=15128, stack(0x00000085e0400000,0x00000085e0500000) (1024K)]
  0x00000202368b8a60 JavaThread "Finalizer"                  daemon [_thread_blocked, id=14760, stack(0x00000085e0500000,0x00000085e0600000) (1024K)]
  0x00000202368bb920 JavaThread "Signal Dispatcher"          daemon [_thread_blocked, id=6796, stack(0x00000085e0600000,0x00000085e0700000) (1024K)]
  0x00000202368bc580 JavaThread "Attach Listener"            daemon [_thread_blocked, id=15032, stack(0x00000085e0700000,0x00000085e0800000) (1024K)]
  0x00000202368bf0f0 JavaThread "Service Thread"             daemon [_thread_blocked, id=9244, stack(0x00000085e0800000,0x00000085e0900000) (1024K)]
  0x00000202368bfeb0 JavaThread "Monitor Deflation Thread"   daemon [_thread_blocked, id=12432, stack(0x00000085e0900000,0x00000085e0a00000) (1024K)]
=>0x00000202368c4d00 JavaThread "C2 CompilerThread0"         daemon [_thread_in_native, id=14968, stack(0x00000085e0a00000,0x00000085e0b00000) (1024K)]
  0x0000020236935050 JavaThread "C1 CompilerThread0"         daemon [_thread_blocked, id=15192, stack(0x00000085e0b00000,0x00000085e0c00000) (1024K)]
  0x00000202781dc780 JavaThread "Common-Cleaner"             daemon [_thread_blocked, id=8028, stack(0x00000085e0c00000,0x00000085e0d00000) (1024K)]
  0x0000020278325220 JavaThread "Notification Thread"        daemon [_thread_blocked, id=1068, stack(0x00000085e0d00000,0x00000085e0e00000) (1024K)]
  0x0000020278598500 JavaThread "Active Thread: Equinox Container: fe07fbc1-1964-4789-8294-56aac464de2c"        [_thread_blocked, id=14692, stack(0x00000085e0f00000,0x00000085e1000000) (1024K)]
  0x000002027862d740 JavaThread "Refresh Thread: Equinox Container: fe07fbc1-1964-4789-8294-56aac464de2c" daemon [_thread_blocked, id=13628, stack(0x00000085e1000000,0x00000085e1100000) (1024K)]
  0x00000202788230a0 JavaThread "Framework Event Dispatcher: Equinox Container: fe07fbc1-1964-4789-8294-56aac464de2c" daemon [_thread_blocked, id=14560, stack(0x00000085e1100000,0x00000085e1200000) (1024K)]
  0x00000202782733e0 JavaThread "Start Level: Equinox Container: fe07fbc1-1964-4789-8294-56aac464de2c" daemon [_thread_blocked, id=9856, stack(0x00000085e1200000,0x00000085e1300000) (1024K)]
  0x000002027d0971f0 JavaThread "Bundle File Closer"         daemon [_thread_blocked, id=6084, stack(0x00000085e1300000,0x00000085e1400000) (1024K)]
  0x000002027d05a0a0 JavaThread "SCR Component Actor"        daemon [_thread_blocked, id=11948, stack(0x00000085e1400000,0x00000085e1500000) (1024K)]
  0x00000202787bac10 JavaThread "Worker-JM"                         [_thread_blocked, id=10600, stack(0x00000085e1500000,0x00000085e1600000) (1024K)]
  0x0000020278404d90 JavaThread "JNA Cleaner"                daemon [_thread_blocked, id=14052, stack(0x00000085e1600000,0x00000085e1700000) (1024K)]
  0x00000202784074f0 JavaThread "Worker-1: Building"                [_thread_in_native, id=14916, stack(0x00000085e1800000,0x00000085e1900000) (1024K)]
  0x0000020278404070 JavaThread "Java indexing"              daemon [_thread_blocked, id=3788, stack(0x00000085e1a00000,0x00000085e1b00000) (1024K)]
  0x0000020278406140 JavaThread "Worker-3: Updating workspace"        [_thread_blocked, id=13480, stack(0x00000085e1b00000,0x00000085e1c00000) (1024K)]
  0x0000020278406e60 JavaThread "Thread-1"                   daemon [_thread_in_native, id=4316, stack(0x00000085e1d00000,0x00000085e1e00000) (1024K)]
  0x000002027d6e3c50 JavaThread "Thread-2"                   daemon [_thread_in_native, id=11616, stack(0x00000085e1e00000,0x00000085e1f00000) (1024K)]
  0x000002027d6df420 JavaThread "Thread-3"                   daemon [_thread_in_native, id=13032, stack(0x00000085e1f00000,0x00000085e2000000) (1024K)]
  0x000002027d6e35c0 JavaThread "pool-2-thread-1"                   [_thread_blocked, id=14656, stack(0x00000085e2000000,0x00000085e2100000) (1024K)]
  0x000002027d6dfab0 JavaThread "WorkspaceEventsHandler"            [_thread_blocked, id=14948, stack(0x00000085e2100000,0x00000085e2200000) (1024K)]
  0x000002027d6e42e0 JavaThread "pool-1-thread-1"                   [_thread_in_Java, id=6524, stack(0x00000085e2200000,0x00000085e2300000) (1024K)]
  0x000002027d6e2f30 JavaThread "PatternSearchJob-worker-2"  daemon [_thread_blocked, id=332, stack(0x00000085e1700000,0x00000085e1800000) (1024K)]
  0x000002027d6e4970 JavaThread "Worker-5: Publish Diagnostics"        [_thread_blocked, id=5800, stack(0x00000085e1900000,0x00000085e1a00000) (1024K)]
  0x000002027d6e5000 JavaThread "Compiler Class File Writer" daemon [_thread_blocked, id=8004, stack(0x00000085e2300000,0x00000085e2400000) (1024K)]
  0x000002027d6de070 JavaThread "Worker-6"                          [_thread_blocked, id=12952, stack(0x00000085dfe00000,0x00000085dff00000) (1024K)]
  0x000002027d6dd9e0 JavaThread "Compiler Processing Task"   daemon [_thread_blocked, id=3588, stack(0x00000085dff00000,0x00000085e0000000) (1024K)]
Total: 33

Other Threads:
  0x000002023689a260 VMThread "VM Thread"                           [id=8656, stack(0x00000085e0300000,0x00000085e0400000) (1024K)]
  0x000002021b6750c0 WatcherThread "VM Periodic Task Thread"        [id=14564, stack(0x00000085e0200000,0x00000085e0300000) (1024K)]
  0x000002021b5ce250 WorkerThread "GC Thread#0"                     [id=14940, stack(0x00000085e0100000,0x00000085e0200000) (1024K)]
  0x000002027898dc50 WorkerThread "GC Thread#1"                     [id=12924, stack(0x00000085e0e00000,0x00000085e0f00000) (1024K)]
Total: 4

Threads with active compile tasks:
C2 CompilerThread0  1385164 13750       4       org.eclipse.jdt.internal.compiler.lookup.BinaryTypeBinding::createMethod (1666 bytes)
Total: 1

VM state: not at safepoint (normal execution)

VM Mutex/Monitor currently owned by a thread: None

OutOfMemory and StackOverflow Exception counts:
OutOfMemoryError java_heap_errors=1
LinkageErrors=140

Heap address: 0x0000000700000000, size: 4096 MB, Compressed Oops mode: Zero based, Oop shift amount: 3

CDS archive(s) mapped at: [0x0000020237000000-0x0000020237ba0000-0x0000020237ba0000), size 12189696, SharedBaseAddress: 0x0000020237000000, ArchiveRelocationMode: 1.
Compressed class space mapped at: 0x0000020238000000-0x0000020278000000, reserved size: 1073741824
Narrow klass base: 0x0000020237000000, Narrow klass shift: 0, Narrow klass range: 0x100000000

GC Precious Log:
 CardTable entry size: 512
 CPUs: 2 total, 2 available
 Memory: 8008M
 Large Page Support: Disabled
 NUMA Support: Disabled
 Compressed Oops: Enabled (Zero based)
 Alignments: Space 512K, Generation 512K, Heap 2M
 Heap Min Capacity: 100M
 Heap Initial Capacity: 100M
 Heap Max Capacity: 4G
 Pre-touch: Disabled
 Parallel Workers: 2

Heap:
 PSYoungGen      total 22016K, used 13789K [0x00000007aab00000, 0x00000007ac300000, 0x0000000800000000)
  eden space 19968K, 60% used [0x00000007aab00000,0x00000007ab6b6750,0x00000007abe80000)
  from space 2048K, 87% used [0x00000007abe80000,0x00000007ac040f48,0x00000007ac080000)
  to   space 2048K, 0% used [0x00000007ac100000,0x00000007ac100000,0x00000007ac300000)
 ParOldGen       total 2796544K, used 38597K [0x0000000700000000, 0x00000007aab00000, 0x00000007aab00000)
  object space 2796544K, 1% used [0x0000000700000000,0x00000007025b1718,0x00000007aab00000)
 Metaspace       used 69131K, committed 70912K, reserved 1114112K
  class space    used 7047K, committed 7872K, reserved 1048576K

Card table byte_map: [0x000002022d7c0000,0x000002022dfd0000] _byte_map_base: 0x0000020229fc0000

Marking Bits: (ParMarkBitMap*) 0x00007ffd228844a0
 Begin Bits: [0x000002022dfd0000, 0x0000020231fd0000)
 End Bits:   [0x0000020231fd0000, 0x0000020235fd0000)

Polling page: 0x0000020219300000

Metaspace:

Usage:
  Non-class:     60.63 MB used.
      Class:      6.88 MB used.
       Both:     67.51 MB used.

Virtual space:
  Non-class space:       64.00 MB reserved,      61.56 MB ( 96%) committed,  1 nodes.
      Class space:        1.00 GB reserved,       7.69 MB ( <1%) committed,  1 nodes.
             Both:        1.06 GB reserved,      69.25 MB (  6%) committed. 

Chunk freelists:
   Non-Class:  2.09 MB
       Class:  8.49 MB
        Both:  10.58 MB

MaxMetaspaceSize: unlimited
CompressedClassSpaceSize: 1.00 GB
Initial GC threshold: 21.00 MB
Current GC threshold: 115.31 MB
CDS: on
 - commit_granule_bytes: 65536.
 - commit_granule_words: 8192.
 - virtual_space_node_default_size: 8388608.
 - enlarge_chunks_in_place: 1.
 - use_allocation_guard: 0.


Internal statistics:

num_allocs_failed_limit: 9.
num_arena_births: 1420.
num_arena_deaths: 454.
num_vsnodes_births: 2.
num_vsnodes_deaths: 0.
num_space_committed: 1108.
num_space_uncommitted: 0.
num_chunks_returned_to_freelist: 559.
num_chunks_taken_from_freelist: 4864.
num_chunk_merges: 151.
num_chunk_splits: 2911.
num_chunks_enlarged: 1612.
num_inconsistent_stats: 0.

CodeHeap 'non-profiled nmethods': size=120064Kb used=7589Kb max_used=11084Kb free=112474Kb
 bounds [0x0000020226280000, 0x0000020226d60000, 0x000002022d7c0000]
CodeHeap 'profiled nmethods': size=120000Kb used=23407Kb max_used=34430Kb free=96592Kb
 bounds [0x000002021e7c0000, 0x0000020220960000, 0x0000020225cf0000]
CodeHeap 'non-nmethods': size=5696Kb used=1451Kb max_used=1505Kb free=4244Kb
 bounds [0x0000020225cf0000, 0x0000020225f60000, 0x0000020226280000]
CodeCache: size=245760Kb, used=32447Kb, max_used=47019Kb, free=213310Kb
 total_blobs=10778, nmethods=10006, adapters=677, full_count=0
Compilation: enabled, stopped_count=0, restarted_count=0

Compilation events (20 events):
Event: 1385.027 Thread 0x0000020236935050 13763       3       org.eclipse.jdt.internal.compiler.lookup.TypeBinding::isMemberType (17 bytes)
Event: 1385.027 Thread 0x0000020236935050 nmethod 13763 0x000002021e852a90 code [0x000002021e852c40, 0x000002021e852dc0]
Event: 1385.028 Thread 0x0000020236935050 13764       3       org.eclipse.jdt.internal.compiler.ast.QualifiedNameReference::manageSyntheticAccessIfNecessary (302 bytes)
Event: 1385.033 Thread 0x0000020236935050 nmethod 13764 0x000002021e8bf510 code [0x000002021e8bf9a0, 0x000002021e8c2760]
Event: 1385.033 Thread 0x0000020236935050 13765       3       org.eclipse.jdt.internal.compiler.ast.QualifiedNameReference::checkInternalNPE (190 bytes)
Event: 1385.035 Thread 0x0000020236935050 nmethod 13765 0x000002021e97e490 code [0x000002021e97e6c0, 0x000002021e97f180]
Event: 1385.035 Thread 0x0000020236935050 13766       3       org.eclipse.jdt.internal.compiler.ast.QualifiedNameReference::manageEnclosingInstanceAccessIfNecessary (98 bytes)
Event: 1385.036 Thread 0x0000020236935050 nmethod 13766 0x000002021e8bc810 code [0x000002021e8bca40, 0x000002021e8bd440]
Event: 1385.037 Thread 0x0000020236935050 13767       3       org.eclipse.jdt.internal.compiler.ast.QualifiedNameReference::analyseCode (341 bytes)
Event: 1385.040 Thread 0x0000020236935050 nmethod 13767 0x000002021eb55e10 code [0x000002021eb56140, 0x000002021eb57808]
Event: 1385.040 Thread 0x0000020236935050 13768       3       org.eclipse.jdt.internal.compiler.ast.AllocationExpression::cleanUpInferenceContexts (60 bytes)
Event: 1385.041 Thread 0x0000020236935050 nmethod 13768 0x000002021e863f10 code [0x000002021e864120, 0x000002021e864830]
Event: 1385.042 Thread 0x0000020236935050 13769       3       org.eclipse.jdt.internal.compiler.codegen.BranchLabel::branch (77 bytes)
Event: 1385.043 Thread 0x0000020236935050 nmethod 13769 0x000002021e8e1f10 code [0x000002021e8e2100, 0x000002021e8e2610]
Event: 1385.044 Thread 0x0000020236935050 13770       2       org.eclipse.jdt.internal.compiler.lookup.Scope::getTypeOrPackage (1525 bytes)
Event: 1385.056 Thread 0x0000020236935050 nmethod 13770 0x000002021f482e90 code [0x000002021f483560, 0x000002021f486f60]
Event: 1385.060 Thread 0x0000020236935050 13771   !   3       org.eclipse.jdt.internal.compiler.classfmt.ClassFileReader::initialize (159 bytes)
Event: 1385.061 Thread 0x0000020236935050 nmethod 13771 0x000002021f433010 code [0x000002021f4332c0, 0x000002021f4340c0]
Event: 1385.067 Thread 0x0000020236935050 13772       1       org.eclipse.jdt.internal.compiler.classfmt.ClassFileReader::getRecordComponents (5 bytes)
Event: 1385.068 Thread 0x0000020236935050 nmethod 13772 0x00000202262f6790 code [0x00000202262f6920, 0x00000202262f69f0]

GC Heap History (20 events):
Event: 1380.011 GC heap before
{Heap before GC invocations=77 (full 3):
 PSYoungGen      total 16896K, used 256K [0x00000007aab00000, 0x00000007abd00000, 0x0000000800000000)
  eden space 16384K, 0% used [0x00000007aab00000,0x00000007aab00000,0x00000007abb00000)
  from space 512K, 50% used [0x00000007abb00000,0x00000007abb40020,0x00000007abb80000)
  to   space 1024K, 0% used [0x00000007abc00000,0x00000007abc00000,0x00000007abd00000)
 ParOldGen       total 2796544K, used 61079K [0x0000000700000000, 0x00000007aab00000, 0x00000007aab00000)
  object space 2796544K, 2% used [0x0000000700000000,0x0000000703ba5d78,0x00000007aab00000)
 Metaspace       used 69261K, committed 70848K, reserved 1114112K
  class space    used 7128K, committed 7872K, reserved 1048576K
}
Event: 1380.013 GC heap after
{Heap after GC invocations=77 (full 3):
 PSYoungGen      total 17920K, used 0K [0x00000007aab00000, 0x00000007abf80000, 0x0000000800000000)
  eden space 16896K, 0% used [0x00000007aab00000,0x00000007aab00000,0x00000007abb80000)
  from space 1024K, 0% used [0x00000007abc00000,0x00000007abc00000,0x00000007abd00000)
  to   space 512K, 0% used [0x00000007abb80000,0x00000007abb80000,0x00000007abc00000)
 ParOldGen       total 2796544K, used 61311K [0x0000000700000000, 0x00000007aab00000, 0x00000007aab00000)
  object space 2796544K, 2% used [0x0000000700000000,0x0000000703bdfc90,0x00000007aab00000)
 Metaspace       used 69261K, committed 70848K, reserved 1114112K
  class space    used 7128K, committed 7872K, reserved 1048576K
}
Event: 1380.013 GC heap before
{Heap before GC invocations=78 (full 4):
 PSYoungGen      total 17920K, used 0K [0x00000007aab00000, 0x00000007abf80000, 0x0000000800000000)
  eden space 16896K, 0% used [0x00000007aab00000,0x00000007aab00000,0x00000007abb80000)
  from space 1024K, 0% used [0x00000007abc00000,0x00000007abc00000,0x00000007abd00000)
  to   space 512K, 0% used [0x00000007abb80000,0x00000007abb80000,0x00000007abc00000)
 ParOldGen       total 2796544K, used 61311K [0x0000000700000000, 0x00000007aab00000, 0x00000007aab00000)
  object space 2796544K, 2% used [0x0000000700000000,0x0000000703bdfc90,0x00000007aab00000)
 Metaspace       used 69261K, committed 70848K, reserved 1114112K
  class space    used 7128K, committed 7872K, reserved 1048576K
}
Event: 1380.308 GC heap after
{Heap after GC invocations=78 (full 4):
 PSYoungGen      total 17408K, used 0K [0x00000007aab00000, 0x00000007ac000000, 0x0000000800000000)
  eden space 16896K, 0% used [0x00000007aab00000,0x00000007aab00000,0x00000007abb80000)
  from space 512K, 0% used [0x00000007abb80000,0x00000007abb80000,0x00000007abc00000)
  to   space 512K, 0% used [0x00000007abf80000,0x00000007abf80000,0x00000007ac000000)
 ParOldGen       total 68608K, used 39129K [0x0000000700000000, 0x0000000704300000, 0x00000007aab00000)
  object space 68608K, 57% used [0x0000000700000000,0x0000000702636440,0x0000000704300000)
 Metaspace       used 69261K, committed 70848K, reserved 1114112K
  class space    used 7128K, committed 7872K, reserved 1048576K
}
Event: 1380.335 GC heap before
{Heap before GC invocations=79 (full 4):
 PSYoungGen      total 17408K, used 0K [0x00000007aab00000, 0x00000007ac000000, 0x0000000800000000)
  eden space 16896K, 0% used [0x00000007aab00000,0x00000007aab00000,0x00000007abb80000)
  from space 512K, 0% used [0x00000007abb80000,0x00000007abb80000,0x00000007abc00000)
  to   space 512K, 0% used [0x00000007abf80000,0x00000007abf80000,0x00000007ac000000)
 ParOldGen       total 2796544K, used 39129K [0x0000000700000000, 0x00000007aab00000, 0x00000007aab00000)
  object space 2796544K, 1% used [0x0000000700000000,0x0000000702636440,0x00000007aab00000)
 Metaspace       used 69261K, committed 70848K, reserved 1114112K
  class space    used 7128K, committed 7872K, reserved 1048576K
}
Event: 1380.336 GC heap after
{Heap after GC invocations=79 (full 4):
 PSYoungGen      total 17408K, used 0K [0x00000007aab00000, 0x00000007ac000000, 0x0000000800000000)
  eden space 16896K, 0% used [0x00000007aab00000,0x00000007aab00000,0x00000007abb80000)
  from space 512K, 0% used [0x00000007abf80000,0x00000007abf80000,0x00000007ac000000)
  to   space 512K, 0% used [0x00000007abb80000,0x00000007abb80000,0x00000007abc00000)
 ParOldGen       total 2796544K, used 39129K [0x0000000700000000, 0x00000007aab00000, 0x00000007aab00000)
  object space 2796544K, 1% used [0x0000000700000000,0x0000000702636440,0x00000007aab00000)
 Metaspace       used 69261K, committed 70848K, reserved 1114112K
  class space    used 7128K, committed 7872K, reserved 1048576K
}
Event: 1380.336 GC heap before
{Heap before GC invocations=80 (full 5):
 PSYoungGen      total 17408K, used 0K [0x00000007aab00000, 0x00000007ac000000, 0x0000000800000000)
  eden space 16896K, 0% used [0x00000007aab00000,0x00000007aab00000,0x00000007abb80000)
  from space 512K, 0% used [0x00000007abf80000,0x00000007abf80000,0x00000007ac000000)
  to   space 512K, 0% used [0x00000007abb80000,0x00000007abb80000,0x00000007abc00000)
 ParOldGen       total 2796544K, used 39129K [0x0000000700000000, 0x00000007aab00000, 0x00000007aab00000)
  object space 2796544K, 1% used [0x0000000700000000,0x0000000702636440,0x00000007aab00000)
 Metaspace       used 69261K, committed 70848K, reserved 1114112K
  class space    used 7128K, committed 7872K, reserved 1048576K
}
Event: 1380.733 GC heap after
{Heap after GC invocations=80 (full 5):
 PSYoungGen      total 17408K, used 0K [0x00000007aab00000, 0x00000007ac000000, 0x0000000800000000)
  eden space 16896K, 0% used [0x00000007aab00000,0x00000007aab00000,0x00000007abb80000)
  from space 512K, 0% used [0x00000007abb80000,0x00000007abb80000,0x00000007abc00000)
  to   space 512K, 0% used [0x00000007abf80000,0x00000007abf80000,0x00000007ac000000)
 ParOldGen       total 79360K, used 34267K [0x0000000700000000, 0x0000000704d80000, 0x00000007aab00000)
  object space 79360K, 43% used [0x0000000700000000,0x0000000702176f90,0x0000000704d80000)
 Metaspace       used 68814K, committed 70848K, reserved 1114112K
  class space    used 7015K, committed 7872K, reserved 1048576K
}
Event: 1381.569 GC heap before
{Heap before GC invocations=81 (full 5):
 PSYoungGen      total 17408K, used 16896K [0x00000007aab00000, 0x00000007ac000000, 0x0000000800000000)
  eden space 16896K, 100% used [0x00000007aab00000,0x00000007abb80000,0x00000007abb80000)
  from space 512K, 0% used [0x00000007abb80000,0x00000007abb80000,0x00000007abc00000)
  to   space 512K, 0% used [0x00000007abf80000,0x00000007abf80000,0x00000007ac000000)
 ParOldGen       total 2796544K, used 34267K [0x0000000700000000, 0x00000007aab00000, 0x00000007aab00000)
  object space 2796544K, 1% used [0x0000000700000000,0x0000000702176f90,0x00000007aab00000)
 Metaspace       used 68921K, committed 70848K, reserved 1114112K
  class space    used 7025K, committed 7872K, reserved 1048576K
}
Event: 1381.576 GC heap after
{Heap after GC invocations=81 (full 5):
 PSYoungGen      total 18432K, used 480K [0x00000007aab00000, 0x00000007ac280000, 0x0000000800000000)
  eden space 17920K, 0% used [0x00000007aab00000,0x00000007aab00000,0x00000007abc80000)
  from space 512K, 93% used [0x00000007abf80000,0x00000007abff8020,0x00000007ac000000)
  to   space 3072K, 0% used [0x00000007abc80000,0x00000007abc80000,0x00000007abf80000)
 ParOldGen       total 2796544K, used 36272K [0x0000000700000000, 0x00000007aab00000, 0x00000007aab00000)
  object space 2796544K, 1% used [0x0000000700000000,0x000000070236c160,0x00000007aab00000)
 Metaspace       used 68921K, committed 70848K, reserved 1114112K
  class space    used 7025K, committed 7872K, reserved 1048576K
}
Event: 1381.979 GC heap before
{Heap before GC invocations=82 (full 5):
 PSYoungGen      total 18432K, used 18400K [0x00000007aab00000, 0x00000007ac280000, 0x0000000800000000)
  eden space 17920K, 100% used [0x00000007aab00000,0x00000007abc80000,0x00000007abc80000)
  from space 512K, 93% used [0x00000007abf80000,0x00000007abff8020,0x00000007ac000000)
  to   space 3072K, 0% used [0x00000007abc80000,0x00000007abc80000,0x00000007abf80000)
 ParOldGen       total 2796544K, used 36272K [0x0000000700000000, 0x00000007aab00000, 0x00000007aab00000)
  object space 2796544K, 1% used [0x0000000700000000,0x000000070236c160,0x00000007aab00000)
 Metaspace       used 68963K, committed 70848K, reserved 1114112K
  class space    used 7035K, committed 7872K, reserved 1048576K
}
Event: 1381.990 GC heap after
{Heap after GC invocations=82 (full 5):
 PSYoungGen      total 20992K, used 2792K [0x00000007aab00000, 0x00000007ac380000, 0x0000000800000000)
  eden space 17920K, 0% used [0x00000007aab00000,0x00000007aab00000,0x00000007abc80000)
  from space 3072K, 90% used [0x00000007abc80000,0x00000007abf3a0c8,0x00000007abf80000)
  to   space 3072K, 0% used [0x00000007ac080000,0x00000007ac080000,0x00000007ac380000)
 ParOldGen       total 2796544K, used 36705K [0x0000000700000000, 0x00000007aab00000, 0x00000007aab00000)
  object space 2796544K, 1% used [0x0000000700000000,0x00000007023d8548,0x00000007aab00000)
 Metaspace       used 68963K, committed 70848K, reserved 1114112K
  class space    used 7035K, committed 7872K, reserved 1048576K
}
Event: 1382.541 GC heap before
{Heap before GC invocations=83 (full 5):
 PSYoungGen      total 20992K, used 20419K [0x00000007aab00000, 0x00000007ac380000, 0x0000000800000000)
  eden space 17920K, 98% used [0x00000007aab00000,0x00000007abc36db8,0x00000007abc80000)
  from space 3072K, 90% used [0x00000007abc80000,0x00000007abf3a0c8,0x00000007abf80000)
  to   space 3072K, 0% used [0x00000007ac080000,0x00000007ac080000,0x00000007ac380000)
 ParOldGen       total 2796544K, used 36705K [0x0000000700000000, 0x00000007aab00000, 0x00000007aab00000)
  object space 2796544K, 1% used [0x0000000700000000,0x00000007023d8548,0x00000007aab00000)
 Metaspace       used 68985K, committed 70848K, reserved 1114112K
  class space    used 7036K, committed 7872K, reserved 1048576K
}
Event: 1382.546 GC heap after
{Heap after GC invocations=83 (full 5):
 PSYoungGen      total 20480K, used 1136K [0x00000007aab00000, 0x00000007ac200000, 0x0000000800000000)
  eden space 18944K, 0% used [0x00000007aab00000,0x00000007aab00000,0x00000007abd80000)
  from space 1536K, 73% used [0x00000007ac080000,0x00000007ac19c050,0x00000007ac200000)
  to   space 2048K, 0% used [0x00000007abe00000,0x00000007abe00000,0x00000007ac000000)
 ParOldGen       total 2796544K, used 36705K [0x0000000700000000, 0x00000007aab00000, 0x00000007aab00000)
  object space 2796544K, 1% used [0x0000000700000000,0x00000007023d8548,0x00000007aab00000)
 Metaspace       used 68985K, committed 70848K, reserved 1114112K
  class space    used 7036K, committed 7872K, reserved 1048576K
}
Event: 1382.965 GC heap before
{Heap before GC invocations=84 (full 5):
 PSYoungGen      total 20480K, used 19114K [0x00000007aab00000, 0x00000007ac200000, 0x0000000800000000)
  eden space 18944K, 94% used [0x00000007aab00000,0x00000007abc8eb70,0x00000007abd80000)
  from space 1536K, 73% used [0x00000007ac080000,0x00000007ac19c050,0x00000007ac200000)
  to   space 2048K, 0% used [0x00000007abe00000,0x00000007abe00000,0x00000007ac000000)
 ParOldGen       total 2796544K, used 36705K [0x0000000700000000, 0x00000007aab00000, 0x00000007aab00000)
  object space 2796544K, 1% used [0x0000000700000000,0x00000007023d8548,0x00000007aab00000)
 Metaspace       used 69023K, committed 70848K, reserved 1114112K
  class space    used 7040K, committed 7872K, reserved 1048576K
}
Event: 1382.972 GC heap after
{Heap after GC invocations=84 (full 5):
 PSYoungGen      total 21504K, used 1616K [0x00000007aab00000, 0x00000007ac280000, 0x0000000800000000)
  eden space 19456K, 0% used [0x00000007aab00000,0x00000007aab00000,0x00000007abe00000)
  from space 2048K, 78% used [0x00000007abe00000,0x00000007abf94050,0x00000007ac000000)
  to   space 2048K, 0% used [0x00000007ac080000,0x00000007ac080000,0x00000007ac280000)
 ParOldGen       total 2796544K, used 36705K [0x0000000700000000, 0x00000007aab00000, 0x00000007aab00000)
  object space 2796544K, 1% used [0x0000000700000000,0x00000007023d8548,0x00000007aab00000)
 Metaspace       used 69023K, committed 70848K, reserved 1114112K
  class space    used 7040K, committed 7872K, reserved 1048576K
}
Event: 1383.342 GC heap before
{Heap before GC invocations=85 (full 5):
 PSYoungGen      total 21504K, used 20026K [0x00000007aab00000, 0x00000007ac280000, 0x0000000800000000)
  eden space 19456K, 94% used [0x00000007aab00000,0x00000007abcfa9c8,0x00000007abe00000)
  from space 2048K, 78% used [0x00000007abe00000,0x00000007abf94050,0x00000007ac000000)
  to   space 2048K, 0% used [0x00000007ac080000,0x00000007ac080000,0x00000007ac280000)
 ParOldGen       total 2796544K, used 36705K [0x0000000700000000, 0x00000007aab00000, 0x00000007aab00000)
  object space 2796544K, 1% used [0x0000000700000000,0x00000007023d8548,0x00000007aab00000)
 Metaspace       used 69029K, committed 70848K, reserved 1114112K
  class space    used 7042K, committed 7872K, reserved 1048576K
}
Event: 1383.348 GC heap after
{Heap after GC invocations=85 (full 5):
 PSYoungGen      total 22016K, used 1712K [0x00000007aab00000, 0x00000007ac280000, 0x0000000800000000)
  eden space 19968K, 0% used [0x00000007aab00000,0x00000007aab00000,0x00000007abe80000)
  from space 2048K, 83% used [0x00000007ac080000,0x00000007ac22c050,0x00000007ac280000)
  to   space 2048K, 0% used [0x00000007abe80000,0x00000007abe80000,0x00000007ac080000)
 ParOldGen       total 2796544K, used 36705K [0x0000000700000000, 0x00000007aab00000, 0x00000007aab00000)
  object space 2796544K, 1% used [0x0000000700000000,0x00000007023d8548,0x00000007aab00000)
 Metaspace       used 69029K, committed 70848K, reserved 1114112K
  class space    used 7042K, committed 7872K, reserved 1048576K
}
Event: 1383.944 GC heap before
{Heap before GC invocations=86 (full 5):
 PSYoungGen      total 22016K, used 21658K [0x00000007aab00000, 0x00000007ac280000, 0x0000000800000000)
  eden space 19968K, 99% used [0x00000007aab00000,0x00000007abe7aa18,0x00000007abe80000)
  from space 2048K, 83% used [0x00000007ac080000,0x00000007ac22c050,0x00000007ac280000)
  to   space 2048K, 0% used [0x00000007abe80000,0x00000007abe80000,0x00000007ac080000)
 ParOldGen       total 2796544K, used 36705K [0x0000000700000000, 0x00000007aab00000, 0x00000007aab00000)
  object space 2796544K, 1% used [0x0000000700000000,0x00000007023d8548,0x00000007aab00000)
 Metaspace       used 69029K, committed 70848K, reserved 1114112K
  class space    used 7042K, committed 7872K, reserved 1048576K
}
Event: 1383.952 GC heap after
{Heap after GC invocations=86 (full 5):
 PSYoungGen      total 22016K, used 1795K [0x00000007aab00000, 0x00000007ac300000, 0x0000000800000000)
  eden space 19968K, 0% used [0x00000007aab00000,0x00000007aab00000,0x00000007abe80000)
  from space 2048K, 87% used [0x00000007abe80000,0x00000007ac040f48,0x00000007ac080000)
  to   space 2048K, 0% used [0x00000007ac100000,0x00000007ac100000,0x00000007ac300000)
 ParOldGen       total 2796544K, used 38597K [0x0000000700000000, 0x00000007aab00000, 0x00000007aab00000)
  object space 2796544K, 1% used [0x0000000700000000,0x00000007025b1718,0x00000007aab00000)
 Metaspace       used 69029K, committed 70848K, reserved 1114112K
  class space    used 7042K, committed 7872K, reserved 1048576K
}

Dll operation events (20 events):
Event: 0.015 Attempting to load shared library c:\Users\jaimi\.vscode\extensions\redhat.java-1.56.0-win32-x64\jre\21.0.12.1-win32-x86_64\bin\java.dll
Event: 0.015 Loaded shared library c:\Users\jaimi\.vscode\extensions\redhat.java-1.56.0-win32-x64\jre\21.0.12.1-win32-x86_64\bin\java.dll
Event: 0.607 Attempting to load shared library c:\Users\jaimi\.vscode\extensions\redhat.java-1.56.0-win32-x64\jre\21.0.12.1-win32-x86_64\bin\zip.dll
Event: 0.608 Loaded shared library c:\Users\jaimi\.vscode\extensions\redhat.java-1.56.0-win32-x64\jre\21.0.12.1-win32-x86_64\bin\zip.dll
Event: 0.760 Attempting to load shared library C:\Users\jaimi\.vscode\extensions\redhat.java-1.56.0-win32-x64\jre\21.0.12.1-win32-x86_64\bin\instrument.dll
Event: 0.760 Loaded shared library C:\Users\jaimi\.vscode\extensions\redhat.java-1.56.0-win32-x64\jre\21.0.12.1-win32-x86_64\bin\instrument.dll
Event: 0.767 Attempting to load shared library C:\Users\jaimi\.vscode\extensions\redhat.java-1.56.0-win32-x64\jre\21.0.12.1-win32-x86_64\bin\net.dll
Event: 0.768 Loaded shared library C:\Users\jaimi\.vscode\extensions\redhat.java-1.56.0-win32-x64\jre\21.0.12.1-win32-x86_64\bin\net.dll
Event: 0.772 Attempting to load shared library C:\Users\jaimi\.vscode\extensions\redhat.java-1.56.0-win32-x64\jre\21.0.12.1-win32-x86_64\bin\nio.dll
Event: 0.773 Loaded shared library C:\Users\jaimi\.vscode\extensions\redhat.java-1.56.0-win32-x64\jre\21.0.12.1-win32-x86_64\bin\nio.dll
Event: 0.816 Attempting to load shared library C:\Users\jaimi\.vscode\extensions\redhat.java-1.56.0-win32-x64\jre\21.0.12.1-win32-x86_64\bin\zip.dll
Event: 0.816 Loaded shared library C:\Users\jaimi\.vscode\extensions\redhat.java-1.56.0-win32-x64\jre\21.0.12.1-win32-x86_64\bin\zip.dll
Event: 0.867 Attempting to load shared library C:\Users\jaimi\.vscode\extensions\redhat.java-1.56.0-win32-x64\jre\21.0.12.1-win32-x86_64\bin\jimage.dll
Event: 0.867 Loaded shared library C:\Users\jaimi\.vscode\extensions\redhat.java-1.56.0-win32-x64\jre\21.0.12.1-win32-x86_64\bin\jimage.dll
Event: 1.363 Attempting to load shared library c:\Users\jaimi\.vscode\extensions\redhat.java-1.56.0-win32-x64\jre\21.0.12.1-win32-x86_64\bin\verify.dll
Event: 1.364 Loaded shared library c:\Users\jaimi\.vscode\extensions\redhat.java-1.56.0-win32-x64\jre\21.0.12.1-win32-x86_64\bin\verify.dll
Event: 9.304 Attempting to load shared library C:\Users\jaimi\AppData\Roaming\Code\User\globalStorage\redhat.java\1.56.0\config_win\org.eclipse.equinox.launcher\org.eclipse.equinox.launcher.win32.win32.x86_64_1.3.100.v20260804-1928\eclipse_11924.dll
Event: 9.305 Loaded shared library C:\Users\jaimi\AppData\Roaming\Code\User\globalStorage\redhat.java\1.56.0\config_win\org.eclipse.equinox.launcher\org.eclipse.equinox.launcher.win32.win32.x86_64_1.3.100.v20260804-1928\eclipse_11924.dll
Event: 18.720 Attempting to load shared library C:\Users\jaimi\AppData\Local\Temp\jna-100887342\jna5522993617632978541.dll
Event: 18.883 Loaded shared library C:\Users\jaimi\AppData\Local\Temp\jna-100887342\jna5522993617632978541.dll

Deoptimization events (20 events):
Event: 1384.309 Thread 0x000002027d6e42e0 DEOPT PACKING pc=0x000002022671fb68 sp=0x00000085e22fce20
Event: 1384.309 Thread 0x000002027d6e42e0 DEOPT UNPACKING pc=0x0000020225d43a9c sp=0x00000085e22fcce0 mode 2
Event: 1384.460 Thread 0x000002027d6dd9e0 Uncommon trap: trap_request=0xffffffde fr.pc=0x0000020226cf5b70 relative=0x00000000000034f0
Event: 1384.460 Thread 0x000002027d6dd9e0 Uncommon trap: reason=class_check action=maybe_recompile pc=0x0000020226cf5b70 method=org.eclipse.jdt.internal.compiler.lookup.Scope.getTypeOrPackage([CIZ)Lorg/eclipse/jdt/internal/compiler/lookup/Binding; @ 1152 c2
Event: 1384.460 Thread 0x000002027d6dd9e0 DEOPT PACKING pc=0x0000020226cf5b70 sp=0x00000085dfffe5f0
Event: 1384.460 Thread 0x000002027d6dd9e0 DEOPT UNPACKING pc=0x0000020225d43a9c sp=0x00000085dfffe608 mode 2
Event: 1384.460 Thread 0x000002027d6dd9e0 Uncommon trap: trap_request=0xffffffde fr.pc=0x0000020226cf5b70 relative=0x00000000000034f0
Event: 1384.461 Thread 0x000002027d6dd9e0 Uncommon trap: reason=class_check action=maybe_recompile pc=0x0000020226cf5b70 method=org.eclipse.jdt.internal.compiler.lookup.Scope.getTypeOrPackage([CIZ)Lorg/eclipse/jdt/internal/compiler/lookup/Binding; @ 1152 c2
Event: 1384.461 Thread 0x000002027d6dd9e0 DEOPT PACKING pc=0x0000020226cf5b70 sp=0x00000085dfffe5f0
Event: 1384.461 Thread 0x000002027d6dd9e0 DEOPT UNPACKING pc=0x0000020225d43a9c sp=0x00000085dfffe608 mode 2
Event: 1384.461 Thread 0x000002027d6dd9e0 Uncommon trap: trap_request=0xffffffde fr.pc=0x0000020226cf5b70 relative=0x00000000000034f0
Event: 1384.461 Thread 0x000002027d6dd9e0 Uncommon trap: reason=class_check action=maybe_recompile pc=0x0000020226cf5b70 method=org.eclipse.jdt.internal.compiler.lookup.Scope.getTypeOrPackage([CIZ)Lorg/eclipse/jdt/internal/compiler/lookup/Binding; @ 1152 c2
Event: 1384.461 Thread 0x000002027d6dd9e0 DEOPT PACKING pc=0x0000020226cf5b70 sp=0x00000085dfffe5f0
Event: 1384.461 Thread 0x000002027d6dd9e0 DEOPT UNPACKING pc=0x0000020225d43a9c sp=0x00000085dfffe608 mode 2
Event: 1384.462 Thread 0x000002027d6dd9e0 Uncommon trap: trap_request=0xffffffde fr.pc=0x0000020226cf5b70 relative=0x00000000000034f0
Event: 1384.462 Thread 0x000002027d6dd9e0 Uncommon trap: reason=class_check action=maybe_recompile pc=0x0000020226cf5b70 method=org.eclipse.jdt.internal.compiler.lookup.Scope.getTypeOrPackage([CIZ)Lorg/eclipse/jdt/internal/compiler/lookup/Binding; @ 1152 c2
Event: 1384.462 Thread 0x000002027d6dd9e0 DEOPT PACKING pc=0x0000020226cf5b70 sp=0x00000085dfffe5f0
Event: 1384.462 Thread 0x000002027d6dd9e0 DEOPT UNPACKING pc=0x0000020225d43a9c sp=0x00000085dfffe608 mode 2
Event: 1385.091 Thread 0x00000202784074f0 DEOPT PACKING pc=0x000002022036e87c sp=0x00000085e18fbc70
Event: 1385.091 Thread 0x00000202784074f0 DEOPT UNPACKING pc=0x0000020225d44223 sp=0x00000085e18fb190 mode 0

Classes loaded (20 events):
Event: 1180.677 Loading class java/util/concurrent/ArrayBlockingQueue
Event: 1180.679 Loading class java/util/concurrent/ArrayBlockingQueue done
Event: 1185.031 Loading class java/util/concurrent/ConcurrentHashMap$KeySpliterator
Event: 1185.035 Loading class java/util/concurrent/ConcurrentHashMap$KeySpliterator done
Event: 1185.654 Loading class sun/nio/ch/ChannelOutputStream
Event: 1185.654 Loading class sun/nio/ch/ChannelOutputStream done
Event: 1194.922 Loading class java/util/ArrayDeque$DeqSpliterator
Event: 1194.922 Loading class java/util/ArrayDeque$DeqSpliterator done
Event: 1211.199 Loading class java/util/AbstractList$RandomAccessSubList
Event: 1211.199 Loading class java/util/AbstractList$SubList
Event: 1211.201 Loading class java/util/AbstractList$SubList done
Event: 1211.201 Loading class java/util/AbstractList$RandomAccessSubList done
Event: 1211.201 Loading class java/util/AbstractList$SubList$1
Event: 1211.201 Loading class java/util/AbstractList$SubList$1 done
Event: 1211.387 Loading class java/util/ImmutableCollections$SubList
Event: 1211.388 Loading class java/util/ImmutableCollections$SubList done
Event: 1381.796 Loading class java/lang/StackStreamFactory$CallerClassFinder
Event: 1381.796 Loading class java/lang/StackStreamFactory$CallerClassFinder done
Event: 1381.797 Loading class java/lang/StackStreamFactory$CallerClassFinder$ClassBuffer
Event: 1381.905 Loading class java/lang/StackStreamFactory$CallerClassFinder$ClassBuffer done

Classes unloaded (20 events):
Event: 1380.396 Thread 0x000002023689a260 Unloading class 0x000002023800d800 'java/lang/invoke/LambdaForm$MH+0x000002023800d800'
Event: 1380.396 Thread 0x000002023689a260 Unloading class 0x000002023800d400 'java/lang/invoke/LambdaForm$MH+0x000002023800d400'
Event: 1380.396 Thread 0x000002023689a260 Unloading class 0x000002023800d000 'java/lang/invoke/LambdaForm$MH+0x000002023800d000'
Event: 1380.396 Thread 0x000002023689a260 Unloading class 0x000002023800cc00 'java/lang/invoke/LambdaForm$MH+0x000002023800cc00'
Event: 1380.396 Thread 0x000002023689a260 Unloading class 0x000002023800c800 'java/lang/invoke/LambdaForm$BMH+0x000002023800c800'
Event: 1380.396 Thread 0x000002023689a260 Unloading class 0x000002023800c000 'java/lang/invoke/LambdaForm$DMH+0x000002023800c000'
Event: 1380.396 Thread 0x000002023689a260 Unloading class 0x0000020238008c00 'java/lang/invoke/LambdaForm$MH+0x0000020238008c00'
Event: 1380.396 Thread 0x000002023689a260 Unloading class 0x0000020238008800 'java/lang/invoke/LambdaForm$MH+0x0000020238008800'
Event: 1380.396 Thread 0x000002023689a260 Unloading class 0x0000020238008400 'java/lang/invoke/LambdaForm$MH+0x0000020238008400'
Event: 1380.396 Thread 0x000002023689a260 Unloading class 0x0000020238007000 'java/lang/invoke/LambdaForm$MH+0x0000020238007000'
Event: 1380.396 Thread 0x000002023689a260 Unloading class 0x0000020238006800 'java/lang/invoke/LambdaForm$MH+0x0000020238006800'
Event: 1380.396 Thread 0x000002023689a260 Unloading class 0x0000020238006400 'java/lang/invoke/LambdaForm$MH+0x0000020238006400'
Event: 1380.396 Thread 0x000002023689a260 Unloading class 0x0000020238006000 'java/lang/invoke/LambdaForm$MH+0x0000020238006000'
Event: 1380.396 Thread 0x000002023689a260 Unloading class 0x0000020238005c00 'java/lang/invoke/LambdaForm$BMH+0x0000020238005c00'
Event: 1380.396 Thread 0x000002023689a260 Unloading class 0x0000020238004800 'java/lang/invoke/LambdaForm$DMH+0x0000020238004800'
Event: 1380.396 Thread 0x000002023689a260 Unloading class 0x0000020238002800 'java/lang/invoke/LambdaForm$MH+0x0000020238002800'
Event: 1380.396 Thread 0x000002023689a260 Unloading class 0x0000020238002400 'java/lang/invoke/LambdaForm$MH+0x0000020238002400'
Event: 1380.396 Thread 0x000002023689a260 Unloading class 0x0000020238002000 'java/lang/invoke/LambdaForm$MH+0x0000020238002000'
Event: 1380.396 Thread 0x000002023689a260 Unloading class 0x0000020238001800 'java/lang/invoke/LambdaForm$MH+0x0000020238001800'
Event: 1380.396 Thread 0x000002023689a260 Unloading class 0x0000020238000400 'java/lang/invoke/LambdaForm$MH+0x0000020238000400'

Classes redefined (0 events):
No events

Internal exceptions (20 events):
Event: 1384.305 Thread 0x000002027d6dd9e0 Implicit null exception at 0x000002021ee1481f to 0x000002021ee14de5
Event: 1384.305 Thread 0x000002027d6dd9e0 Exception <a 'java/lang/NullPointerException'{0x00000007ab19f088}> (0x00000007ab19f088) 
thrown [s\src\hotspot\share\runtime\sharedRuntime.cpp, line 625]
Event: 1384.305 Thread 0x000002027d6dd9e0 Implicit null exception at 0x000002021ee1481f to 0x000002021ee14de5
Event: 1384.305 Thread 0x000002027d6dd9e0 Exception <a 'java/lang/NullPointerException'{0x00000007ab19f540}> (0x00000007ab19f540) 
thrown [s\src\hotspot\share\runtime\sharedRuntime.cpp, line 625]
Event: 1384.305 Thread 0x000002027d6dd9e0 Implicit null exception at 0x000002021ee1481f to 0x000002021ee14de5
Event: 1384.305 Thread 0x000002027d6dd9e0 Exception <a 'java/lang/NullPointerException'{0x00000007ab19f9f8}> (0x00000007ab19f9f8) 
thrown [s\src\hotspot\share\runtime\sharedRuntime.cpp, line 625]
Event: 1384.305 Thread 0x000002027d6dd9e0 Implicit null exception at 0x000002021ee1481f to 0x000002021ee14de5
Event: 1384.305 Thread 0x000002027d6dd9e0 Exception <a 'java/lang/NullPointerException'{0x00000007ab19ff18}> (0x00000007ab19ff18) 
thrown [s\src\hotspot\share\runtime\sharedRuntime.cpp, line 625]
Event: 1384.305 Thread 0x000002027d6dd9e0 Implicit null exception at 0x000002021ee1481f to 0x000002021ee14de5
Event: 1384.306 Thread 0x000002027d6dd9e0 Exception <a 'java/lang/NullPointerException'{0x00000007ab1a03d0}> (0x00000007ab1a03d0) 
thrown [s\src\hotspot\share\runtime\sharedRuntime.cpp, line 625]
Event: 1384.306 Thread 0x000002027d6dd9e0 Implicit null exception at 0x000002021ee1481f to 0x000002021ee14de5
Event: 1384.306 Thread 0x000002027d6dd9e0 Exception <a 'java/lang/NullPointerException'{0x00000007ab1a08e0}> (0x00000007ab1a08e0) 
thrown [s\src\hotspot\share\runtime\sharedRuntime.cpp, line 625]
Event: 1384.306 Thread 0x000002027d6dd9e0 Implicit null exception at 0x000002021ee1481f to 0x000002021ee14de5
Event: 1384.306 Thread 0x000002027d6dd9e0 Exception <a 'java/lang/NullPointerException'{0x00000007ab1a0f58}> (0x00000007ab1a0f58) 
thrown [s\src\hotspot\share\runtime\sharedRuntime.cpp, line 625]
Event: 1384.306 Thread 0x000002027d6dd9e0 Implicit null exception at 0x000002021ee1481f to 0x000002021ee14de5
Event: 1384.306 Thread 0x000002027d6dd9e0 Exception <a 'java/lang/NullPointerException'{0x00000007ab1a15d0}> (0x00000007ab1a15d0) 
thrown [s\src\hotspot\share\runtime\sharedRuntime.cpp, line 625]
Event: 1384.306 Thread 0x000002027d6dd9e0 Implicit null exception at 0x000002021ee1481f to 0x000002021ee14de5
Event: 1384.306 Thread 0x000002027d6dd9e0 Exception <a 'java/lang/NullPointerException'{0x00000007ab1a1c40}> (0x00000007ab1a1c40) 
thrown [s\src\hotspot\share\runtime\sharedRuntime.cpp, line 625]
Event: 1384.306 Thread 0x000002027d6dd9e0 Implicit null exception at 0x000002021ee1481f to 0x000002021ee14de5
Event: 1384.306 Thread 0x000002027d6dd9e0 Exception <a 'java/lang/NullPointerException'{0x00000007ab1a22b8}> (0x00000007ab1a22b8) 
thrown [s\src\hotspot\share\runtime\sharedRuntime.cpp, line 625]

ZGC Phase Switch (0 events):
No events

VM Operations (20 events):
Event: 1381.943 Executing safepoint VM operation: ParallelGCFailedAllocation (Allocation Failure)
Event: 1381.990 Executing safepoint VM operation: ParallelGCFailedAllocation (Allocation Failure) done
Event: 1382.541 Executing safepoint VM operation: ParallelGCFailedAllocation (Allocation Failure)
Event: 1382.546 Executing safepoint VM operation: ParallelGCFailedAllocation (Allocation Failure) done
Event: 1382.965 Executing safepoint VM operation: ParallelGCFailedAllocation (Allocation Failure)
Event: 1382.972 Executing safepoint VM operation: ParallelGCFailedAllocation (Allocation Failure) done
Event: 1383.342 Executing safepoint VM operation: ParallelGCFailedAllocation (Allocation Failure)
Event: 1383.348 Executing safepoint VM operation: ParallelGCFailedAllocation (Allocation Failure) done
Event: 1383.943 Executing safepoint VM operation: ParallelGCFailedAllocation (Allocation Failure)
Event: 1383.952 Executing safepoint VM operation: ParallelGCFailedAllocation (Allocation Failure) done
Event: 1384.303 Executing non-safepoint VM operation: HandshakeAllThreads (Deoptimize)
Event: 1384.305 Executing non-safepoint VM operation: HandshakeAllThreads (Deoptimize) done
Event: 1384.808 Executing non-safepoint VM operation: HandshakeAllThreads (Deoptimize)
Event: 1384.962 Executing non-safepoint VM operation: HandshakeAllThreads (Deoptimize) done
Event: 1384.962 Executing safepoint VM operation: Cleanup
Event: 1384.962 Executing safepoint VM operation: Cleanup done
Event: 1384.962 Executing non-safepoint VM operation: HandshakeAllThreads (HandshakeForDeflation)
Event: 1384.969 Executing non-safepoint VM operation: HandshakeAllThreads (HandshakeForDeflation) done
Event: 1384.976 Executing non-safepoint VM operation: RendezvousGCThreads
Event: 1384.976 Executing non-safepoint VM operation: RendezvousGCThreads done

Memory protections (0 events):
No events

Nmethod flushes (20 events):
Event: 1380.455 Thread 0x000002023689a260 flushing  nmethod 0x00000202206be390
Event: 1380.455 Thread 0x000002023689a260 flushing  nmethod 0x00000202206f9b90
Event: 1380.455 Thread 0x000002023689a260 flushing  nmethod 0x000002022070d510
Event: 1380.455 Thread 0x000002023689a260 flushing  nmethod 0x0000020220728b90
Event: 1380.455 Thread 0x000002023689a260 flushing  nmethod 0x000002022072dc90
Event: 1380.455 Thread 0x000002023689a260 flushing  nmethod 0x000002022078f190
Event: 1380.455 Thread 0x000002023689a260 flushing  nmethod 0x00000202207d9510
Event: 1380.455 Thread 0x000002023689a260 flushing  nmethod 0x00000202207e2390
Event: 1380.455 Thread 0x000002023689a260 flushing  nmethod 0x00000202207e6290
Event: 1380.455 Thread 0x000002023689a260 flushing osr nmethod 0x00000202207f3210
Event: 1380.455 Thread 0x000002023689a260 flushing  nmethod 0x00000202207f8490
Event: 1380.455 Thread 0x000002023689a260 flushing  nmethod 0x0000020220814910
Event: 1380.455 Thread 0x000002023689a260 flushing  nmethod 0x000002022082d090
Event: 1380.455 Thread 0x000002023689a260 flushing  nmethod 0x0000020220844590
Event: 1380.455 Thread 0x000002023689a260 flushing osr nmethod 0x000002022084c210
Event: 1380.456 Thread 0x000002023689a260 flushing  nmethod 0x0000020220851390
Event: 1380.456 Thread 0x000002023689a260 flushing  nmethod 0x000002022088d710
Event: 1380.456 Thread 0x000002023689a260 flushing  nmethod 0x00000202208e0790
Event: 1380.456 Thread 0x000002023689a260 flushing  nmethod 0x00000202208e5510
Event: 1380.456 Thread 0x000002023689a260 flushing  nmethod 0x00000202208f9110

Events (20 events):
Event: 1379.332 Thread 0x000002027d6e42e0 Thread added: 0x000002027d6e0e60
Event: 1379.336 Thread 0x000002027d6e0e60 Thread exited: 0x000002027d6e0e60
Event: 1379.360 Thread 0x000002027d6e42e0 Thread added: 0x000002027d6e14f0
Event: 1379.415 Thread 0x000002027d6dd9e0 Thread exited: 0x000002027d6dd9e0
Event: 1379.573 Thread 0x000002027d6e42e0 Thread added: 0x000002027d6dd9e0
Event: 1379.625 Thread 0x000002027d6e42e0 Thread added: 0x000002027d6e0140
Event: 1379.663 Thread 0x000002027d6dd9e0 Thread exited: 0x000002027d6dd9e0
Event: 1379.995 Thread 0x000002027d6e42e0 Thread added: 0x000002027d6e0e60
Event: 1379.997 Thread 0x000002027d6e42e0 Thread added: 0x000002027d6e2210
Event: 1380.004 Thread 0x000002027d6ded90 Thread exited: 0x000002027d6ded90
Event: 1380.759 Thread 0x000002027d6e0e60 Thread exited: 0x000002027d6e0e60
Event: 1380.760 Thread 0x000002027d6e2210 Thread exited: 0x000002027d6e2210
Event: 1380.806 Thread 0x000002027d6e42e0 Thread added: 0x000002027d6dd9e0
Event: 1380.808 Thread 0x000002027d6e42e0 Thread added: 0x000002027d6de070
Event: 1380.812 Thread 0x000002027d6e0140 Thread exited: 0x000002027d6e0140
Event: 1380.887 Thread 0x000002027d6dd9e0 Thread exited: 0x000002027d6dd9e0
Event: 1380.894 Thread 0x000002027d6e14f0 Thread exited: 0x000002027d6e14f0
Event: 1382.718 Thread 0x000002027d6de070 Thread exited: 0x000002027d6de070
Event: 1383.824 Thread 0x000002027d6e4970 Thread added: 0x000002027d6de070
Event: 1384.187 Thread 0x00000202784074f0 Thread added: 0x000002027d6dd9e0


Dynamic libraries:
0x00007ff6acd70000 - 0x00007ff6acd7e000 	c:\Users\jaimi\.vscode\extensions\redhat.java-1.56.0-win32-x64\jre\21.0.12.1-win32-x86_64\bin\java.exe
0x00007ffd6c7d0000 - 0x00007ffd6c9c8000 	C:\Windows\SYSTEM32\ntdll.dll
0x00007ffd6b5e0000 - 0x00007ffd6b6a2000 	C:\Windows\System32\KERNEL32.DLL
0x00007ffd6a1d0000 - 0x00007ffd6a4c6000 	C:\Windows\System32\KERNELBASE.dll
0x00007ffd69f00000 - 0x00007ffd6a000000 	C:\Windows\System32\ucrtbase.dll
0x00007ffd4e000000 - 0x00007ffd4e018000 	c:\Users\jaimi\.vscode\extensions\redhat.java-1.56.0-win32-x64\jre\21.0.12.1-win32-x86_64\bin\jli.dll
0x00007ffd6afb0000 - 0x00007ffd6b151000 	C:\Windows\System32\USER32.dll
0x00007ffd6a6b0000 - 0x00007ffd6a6d2000 	C:\Windows\System32\win32u.dll
0x00007ffd6b5b0000 - 0x00007ffd6b5db000 	C:\Windows\System32\GDI32.dll
0x00007ffd6a000000 - 0x00007ffd6a119000 	C:\Windows\System32\gdi32full.dll
0x00007ffd69e60000 - 0x00007ffd69efd000 	C:\Windows\System32\msvcp_win.dll
0x00007ffd475e0000 - 0x00007ffd475fe000 	c:\Users\jaimi\.vscode\extensions\redhat.java-1.56.0-win32-x64\jre\21.0.12.1-win32-x86_64\bin\VCRUNTIME140.dll
0x00007ffd52e70000 - 0x00007ffd5310b000 	C:\Windows\WinSxS\amd64_microsoft.windows.common-controls_6595b64144ccf1df_6.0.19041.6456_none_60b8a6cb71f64256\COMCTL32.dll
0x00007ffd6aa00000 - 0x00007ffd6aa9e000 	C:\Windows\System32\msvcrt.dll
0x00007ffd6b160000 - 0x00007ffd6b18f000 	C:\Windows\System32\IMM32.DLL
0x00007ffd622b0000 - 0x00007ffd622bc000 	c:\Users\jaimi\.vscode\extensions\redhat.java-1.56.0-win32-x64\jre\21.0.12.1-win32-x86_64\bin\vcruntime140_1.dll
0x00007ffd393c0000 - 0x00007ffd3944d000 	c:\Users\jaimi\.vscode\extensions\redhat.java-1.56.0-win32-x64\jre\21.0.12.1-win32-x86_64\bin\msvcp140.dll
0x00007ffd21bc0000 - 0x00007ffd22962000 	c:\Users\jaimi\.vscode\extensions\redhat.java-1.56.0-win32-x64\jre\21.0.12.1-win32-x86_64\bin\server\jvm.dll
0x00007ffd6b190000 - 0x00007ffd6b241000 	C:\Windows\System32\ADVAPI32.dll
0x00007ffd6af10000 - 0x00007ffd6afaf000 	C:\Windows\System32\sechost.dll
0x00007ffd6c420000 - 0x00007ffd6c540000 	C:\Windows\System32\RPCRT4.dll
0x00007ffd6a4d0000 - 0x00007ffd6a4f7000 	C:\Windows\System32\bcrypt.dll
0x00007ffd6c2f0000 - 0x00007ffd6c35b000 	C:\Windows\System32\WS2_32.dll
0x00007ffd69820000 - 0x00007ffd6986b000 	C:\Windows\SYSTEM32\POWRPROF.dll
0x00007ffd4dbd0000 - 0x00007ffd4dbf7000 	C:\Windows\SYSTEM32\WINMM.dll
0x00007ffd59770000 - 0x00007ffd5977a000 	C:\Windows\SYSTEM32\VERSION.dll
0x00007ffd697d0000 - 0x00007ffd697e2000 	C:\Windows\SYSTEM32\UMPDC.dll
0x00007ffd686c0000 - 0x00007ffd686d2000 	C:\Windows\SYSTEM32\kernel.appcore.dll
0x00007ffd528c0000 - 0x00007ffd528ca000 	c:\Users\jaimi\.vscode\extensions\redhat.java-1.56.0-win32-x64\jre\21.0.12.1-win32-x86_64\bin\jimage.dll
0x00007ffd68350000 - 0x00007ffd68551000 	C:\Windows\SYSTEM32\DBGHELP.DLL
0x00007ffd4e3b0000 - 0x00007ffd4e3e4000 	C:\Windows\SYSTEM32\dbgcore.DLL
0x00007ffd6a760000 - 0x00007ffd6a7e2000 	C:\Windows\System32\bcryptPrimitives.dll
0x00007ffd51e30000 - 0x00007ffd51e3f000 	c:\Users\jaimi\.vscode\extensions\redhat.java-1.56.0-win32-x64\jre\21.0.12.1-win32-x86_64\bin\instrument.dll
0x00007ffd448a0000 - 0x00007ffd448c0000 	c:\Users\jaimi\.vscode\extensions\redhat.java-1.56.0-win32-x64\jre\21.0.12.1-win32-x86_64\bin\java.dll
0x00007ffd6b900000 - 0x00007ffd6c070000 	C:\Windows\System32\SHELL32.dll
0x00007ffd67ad0000 - 0x00007ffd68275000 	C:\Windows\SYSTEM32\windows.storage.dll
0x00007ffd6b250000 - 0x00007ffd6b5a4000 	C:\Windows\System32\combase.dll
0x00007ffd69890000 - 0x00007ffd698bb000 	C:\Windows\SYSTEM32\Wldp.dll
0x00007ffd6c220000 - 0x00007ffd6c2ed000 	C:\Windows\System32\OLEAUT32.dll
0x00007ffd6b7e0000 - 0x00007ffd6b88d000 	C:\Windows\System32\SHCORE.dll
0x00007ffd6c3c0000 - 0x00007ffd6c41b000 	C:\Windows\System32\shlwapi.dll
0x00007ffd69d90000 - 0x00007ffd69db4000 	C:\Windows\SYSTEM32\profapi.dll
0x00007ffd44810000 - 0x00007ffd44828000 	c:\Users\jaimi\.vscode\extensions\redhat.java-1.56.0-win32-x64\jre\21.0.12.1-win32-x86_64\bin\zip.dll
0x00007ffd62250000 - 0x00007ffd62260000 	C:\Users\jaimi\.vscode\extensions\redhat.java-1.56.0-win32-x64\jre\21.0.12.1-win32-x86_64\bin\net.dll
0x00007ffd59c30000 - 0x00007ffd59d3a000 	C:\Windows\SYSTEM32\WINHTTP.dll
0x00007ffd69580000 - 0x00007ffd695ea000 	C:\Windows\system32\mswsock.dll
0x00007ffd44620000 - 0x00007ffd44636000 	C:\Users\jaimi\.vscode\extensions\redhat.java-1.56.0-win32-x64\jre\21.0.12.1-win32-x86_64\bin\nio.dll
0x00007ffd51de0000 - 0x00007ffd51df0000 	c:\Users\jaimi\.vscode\extensions\redhat.java-1.56.0-win32-x64\jre\21.0.12.1-win32-x86_64\bin\verify.dll
0x00007ffd49ef0000 - 0x00007ffd49f35000 	C:\Users\jaimi\AppData\Roaming\Code\User\globalStorage\redhat.java\1.56.0\config_win\org.eclipse.equinox.launcher\org.eclipse.equinox.launcher.win32.win32.x86_64_1.3.100.v20260804-1928\eclipse_11924.dll
0x00007ffd6b6b0000 - 0x00007ffd6b7db000 	C:\Windows\System32\ole32.dll
0x00007ffd69770000 - 0x00007ffd69788000 	C:\Windows\SYSTEM32\CRYPTSP.dll
0x00007ffd68e30000 - 0x00007ffd68e68000 	C:\Windows\system32\rsaenh.dll
0x00007ffd69d10000 - 0x00007ffd69d3e000 	C:\Windows\SYSTEM32\USERENV.dll
0x00007ffd69790000 - 0x00007ffd6979c000 	C:\Windows\SYSTEM32\CRYPTBASE.dll
0x00007ffd69260000 - 0x00007ffd6929b000 	C:\Windows\SYSTEM32\IPHLPAPI.DLL
0x00007ffd6c780000 - 0x00007ffd6c788000 	C:\Windows\System32\NSI.dll
0x00007ffd39c10000 - 0x00007ffd39c59000 	C:\Users\jaimi\AppData\Local\Temp\jna-100887342\jna5522993617632978541.dll
0x00007ffd6a9f0000 - 0x00007ffd6a9f8000 	C:\Windows\System32\PSAPI.DLL
0x00007ffd5fd80000 - 0x00007ffd5fd97000 	C:\Windows\SYSTEM32\dhcpcsvc6.DLL
0x00007ffd5fcf0000 - 0x00007ffd5fd0d000 	C:\Windows\SYSTEM32\dhcpcsvc.DLL

JVMTI agents:
c:\Users\jaimi\.vscode\extensions\redhat.java-1.56.0-win32-x64\lombok\lombok-1.18.39-4050.jar path:c:\Users\jaimi\.vscode\extensions\redhat.java-1.56.0-win32-x64\jre\21.0.12.1-win32-x86_64\bin\instrument.dll, loaded, initialized, instrumentlib options:none

dbghelp: loaded successfully - version: 4.0.5 - missing functions: none
symbol engine: initialized successfully - sym options: 0x614 - pdb path: .;c:\Users\jaimi\.vscode\extensions\redhat.java-1.56.0-win32-x64\jre\21.0.12.1-win32-x86_64\bin;C:\Windows\SYSTEM32;C:\Windows\WinSxS\amd64_microsoft.windows.common-controls_6595b64144ccf1df_6.0.19041.6456_none_60b8a6cb71f64256;c:\Users\jaimi\.vscode\extensions\redhat.java-1.56.0-win32-x64\jre\21.0.12.1-win32-x86_64\bin\server;C:\Users\jaimi\AppData\Roaming\Code\User\globalStorage\redhat.java\1.56.0\config_win\org.eclipse.equinox.launcher\org.eclipse.equinox.launcher.win32.win32.x86_64_1.3.100.v20260804-1928;C:\Users\jaimi\AppData\Local\Temp\jna-100887342

VM Arguments:
jvm_args: --add-modules=ALL-SYSTEM --add-opens=java.base/java.util=ALL-UNNAMED --add-opens=java.base/java.lang=ALL-UNNAMED --add-opens=java.base/sun.nio.fs=ALL-UNNAMED -Declipse.application=org.eclipse.jdt.ls.core.id1 -Dosgi.bundles.defaultStartLevel=4 -Declipse.product=org.eclipse.jdt.ls.core.product -Djava.import.generatesMetadataFilesAtProjectRoot=false -Dm2e.project.cache.size=50 -DDetectVMInstallationsJob.disabled=true -Dfile.encoding=utf8 -XX:+UseParallelGC -XX:GCTimeRatio=4 -XX:AdaptiveSizePolicyWeight=90 -Dsun.zip.disableMemoryMapping=true -Xmx4G -Xms100m -Xlog:disable -javaagent:c:\Users\jaimi\.vscode\extensions\redhat.java-1.56.0-win32-x64\lombok\lombok-1.18.39-4050.jar -XX:+HeapDumpOnOutOfMemoryError -XX:HeapDumpPath=c:\Users\jaimi\AppData\Roaming\Code\User\workspaceStorage\7b1695ebeb44925a89a06e7ce4c3f07f\redhat.java -Daether.dependencyCollector.impl=bf 
java_command: c:\Users\jaimi\.vscode\extensions\redhat.java-1.56.0-win32-x64\server\plugins\org.eclipse.equinox.launcher_1.8.0.v20260804-1928.jar -configuration c:\Users\jaimi\AppData\Roaming\Code\User\globalStorage\redhat.java\1.56.0\config_win -data c:\Users\jaimi\AppData\Roaming\Code\User\workspaceStorage\7b1695ebeb44925a89a06e7ce4c3f07f\redhat.java\jdt_ws --pipe=\\.\pipe\lsp-9bc1b4ea734c1a8c902a6fc7831d959f-sock
java_class_path (initial): c:\Users\jaimi\.vscode\extensions\redhat.java-1.56.0-win32-x64\server\plugins\org.eclipse.equinox.launcher_1.8.0.v20260804-1928.jar
Launcher Type: SUN_STANDARD

[Global flags]
    uintx AdaptiveSizePolicyWeight                 = 90                                        {product} {command line}
     intx CICompilerCount                          = 2                                         {product} {ergonomic}
    uintx GCTimeRatio                              = 4                                         {product} {command line}
     bool HeapDumpOnOutOfMemoryError               = true                                   {manageable} {command line}
    ccstr HeapDumpPath                             = c:\Users\jaimi\AppData\Roaming\Code\User\workspaceStorage\7b1695ebeb44925a89a06e7ce4c3f07f\redhat.java         {manageable} {command line}
   size_t InitialHeapSize                          = 104857600                                 {product} {command line}
   size_t MaxHeapSize                              = 4294967296                                {product} {command line}
   size_t MaxNewSize                               = 1431306240                                {product} {ergonomic}
   size_t MinHeapDeltaBytes                        = 524288                                    {product} {ergonomic}
   size_t MinHeapSize                              = 104857600                                 {product} {command line}
   size_t NewSize                                  = 34603008                                  {product} {ergonomic}
    uintx NonNMethodCodeHeapSize                   = 5826188                                {pd product} {ergonomic}
    uintx NonProfiledCodeHeapSize                  = 122916026                              {pd product} {ergonomic}
   size_t OldSize                                  = 70254592                                  {product} {ergonomic}
    uintx ProfiledCodeHeapSize                     = 122916026                              {pd product} {ergonomic}
    uintx ReservedCodeCacheSize                    = 251658240                              {pd product} {ergonomic}
     bool SegmentedCodeCache                       = true                                      {product} {ergonomic}
   size_t SoftMaxHeapSize                          = 4294967296                             {manageable} {ergonomic}
     bool UseCompressedOops                        = true                           {product lp64_product} {ergonomic}
     bool UseLargePagesIndividualAllocation        = false                                  {pd product} {ergonomic}
     bool UseParallelGC                            = true                                      {product} {command line}

Logging:
Log output configuration:
 #0: stdout all=off uptime,level,tags foldmultilines=false
 #1: stderr all=off uptime,level,tags foldmultilines=false

Release file:
JAVA_VERSION="21.0.12.1" 
MODULES="java.base java.compiler java.datatransfer java.xml java.prefs java.desktop java.instrument java.logging java.management java.security.sasl java.naming java.rmi java.management.rmi java.net.http java.scripting java.security.jgss java.transaction.xa java.sql java.sql.rowset java.xml.crypto java.se java.smartcardio jdk.accessibility jdk.internal.jvmstat jdk.attach jdk.charsets jdk.internal.opt jdk.zipfs jdk.compiler jdk.crypto.ec jdk.crypto.cryptoki jdk.crypto.mscapi jdk.dynalink jdk.internal.ed jdk.editpad jdk.hotspot.agent jdk.httpserver jdk.internal.le jdk.internal.vm.ci jdk.internal.vm.compiler jdk.internal.vm.compiler.management jdk.jartool jdk.javadoc jdk.jcmd jdk.management jdk.management.agent jdk.jconsole jdk.jdeps jdk.jdwp.agent jdk.jdi jdk.jfr jdk.jshell jdk.jsobject jdk.jstatd jdk.localedata jdk.management.jfr jdk.naming.dns jdk.naming.rmi jdk.net jdk.nio.mapmode jdk.random jdk.sctp jdk.security.auth jdk.security.jgss jdk.unsupported jdk.unsupported.desktop jdk.xml.dom" 

Environment Variables:
JAVA_HOME=C:\Program Files\Java\jdk1.8.0_503
PATH=C:\Program Files (x86)\Common Files\Oracle\Java\java8path;C:\Program Files (x86)\Common Files\Oracle\Java\javapath;C:\Windows\system32;C:\Windows;C:\Windows\System32\Wbem;C:\Windows\System32\WindowsPowerShell\v1.0\;C:\Windows\System32\OpenSSH\;C:\Program Files\Git\cmd;C:\Users\jaimi\OneDrive\Documentos\programacao\calculatorProject\omniORB\bin;C:\Users\jaimi\AppData\Local\Programs\Python\Python313\;C:\Users\jaimi\AppData\Local\Programs\Python\Launcher\;C:\Users\jaimi\AppData\Local\Microsoft\WindowsApps;C:\Users\jaimi\AppData\Local\Programs\Microsoft VS Code\bin;D:\programs files\PyCharm Community Edition 2024.1.4\bin;;C:\msys64\mingw64\bin;C:\msys64\usr\bin;C:\omniORB\bin\x86_win32;C:\Program Files\Java\jdk1.8.0_503;C:\apache-maven-3.9.16\bin;C:\Program Files\Java\jdk1.8.0_503\bin;
USERNAME=jaimi
OS=Windows_NT
PROCESSOR_IDENTIFIER=Intel64 Family 6 Model 122 Stepping 8, GenuineIntel
TMP=C:\Users\jaimi\AppData\Local\Temp
TEMP=C:\Users\jaimi\AppData\Local\Temp




Periodic native trim disabled

---------------  S Y S T E M  ---------------

OS:
 Windows 10 , 64 bit Build 19041 (10.0.19041.5915)
OS uptime: 0 days 1:53 hours

CPU: total 2 (initial active 2) (2 cores per cpu, 1 threads per core) family 6 model 122 stepping 8 microcode 0x22, cx8, cmov, fxsr, mmx, 3dnowpref, sse, sse2, sse3, ssse3, sse4.1, sse4.2, popcnt, tsc, tscinvbit, aes, erms, clmul, sha, clflush, clflushopt, rdtscp, rdpid
Processor Information for the first 2 processors :
  Max Mhz: 1101, Current Mhz: 1101, Mhz Limit: 1101

Memory: 4k page, system-wide physical 8008M (1587M free)
TotalPageFile size 12700M (AvailPageFile size 11M)
current process WorkingSet (physical memory assigned to process): 315M, peak: 315M
current process commit charge ("private bytes"): 3117M, peak: 3119M

vm_info: OpenJDK 64-Bit Server VM (21.0.12.1+1-LTS) for windows-amd64 JRE (21.0.12.1+1-LTS), built on 2026-08-18T00:00:00Z by "admin" with MS VC++ 17.12 (VS2022)

END.
