#
# There is insufficient memory for the Java Runtime Environment to continue.
# Native memory allocation (malloc) failed to allocate 1048576 bytes. Error detail: AllocateHeap
# Possible reasons:
#   The system is out of physical RAM or swap space
#   This process is running with CompressedOops enabled, and the Java Heap may be blocking the growth of the native heap
# Possible solutions:
#   Reduce memory load on the system
#   Increase physical memory or swap space
#   Check if swap backing store is full
#   Decrease Java heap size (-Xmx/-Xms)
#   Decrease number of Java threads
#   Decrease Java thread stack sizes (-Xss)
#   Set larger code cache with -XX:ReservedCodeCacheSize=
#   JVM is running with Zero Based Compressed Oops mode in which the Java heap is
#     placed in the first 32GB address space. The Java Heap base address is the
#     maximum limit for the native heap growth. Please use -XX:HeapBaseMinAddress
#     to set the Java Heap base and to place the Java Heap above 32GB virtual address.
# This output file may be truncated or incomplete.
#
#  Out of Memory Error (allocation.cpp:44), pid=12280, tid=13712
#
# JRE version: OpenJDK Runtime Environment Temurin-21.0.12.1+1 (21.0.12.1+1) (build 21.0.12.1+1-LTS)
# Java VM: OpenJDK 64-Bit Server VM Temurin-21.0.12.1+1 (21.0.12.1+1-LTS, mixed mode, sharing, tiered, compressed oops, compressed class ptrs, parallel gc, windows-amd64)
# No core dump will be written. Minidumps are not enabled by default on client versions of Windows
#

---------------  S U M M A R Y ------------

Command Line: --add-modules=ALL-SYSTEM --add-opens=java.base/java.util=ALL-UNNAMED --add-opens=java.base/java.lang=ALL-UNNAMED --add-opens=java.base/sun.nio.fs=ALL-UNNAMED -Declipse.application=org.eclipse.jdt.ls.core.id1 -Dosgi.bundles.defaultStartLevel=4 -Declipse.product=org.eclipse.jdt.ls.core.product -Djava.import.generatesMetadataFilesAtProjectRoot=false -Dm2e.project.cache.size=50 -DDetectVMInstallationsJob.disabled=true -Dfile.encoding=utf8 -XX:+UseParallelGC -XX:GCTimeRatio=4 -XX:AdaptiveSizePolicyWeight=90 -Dsun.zip.disableMemoryMapping=true -Xmx4G -Xms100m -Xlog:disable -javaagent:c:\Users\jaimi\.vscode\extensions\redhat.java-1.56.0-win32-x64\lombok\lombok-1.18.39-4050.jar -XX:+HeapDumpOnOutOfMemoryError -XX:HeapDumpPath=c:\Users\jaimi\AppData\Roaming\Code\User\workspaceStorage\7b1695ebeb44925a89a06e7ce4c3f07f\redhat.java -Daether.dependencyCollector.impl=bf c:\Users\jaimi\.vscode\extensions\redhat.java-1.56.0-win32-x64\server\plugins\org.eclipse.equinox.launcher_1.8.0.v20260804-1928.jar -configuration c:\Users\jaimi\AppData\Roaming\Code\User\globalStorage\redhat.java\1.56.0\config_win -data c:\Users\jaimi\AppData\Roaming\Code\User\workspaceStorage\7b1695ebeb44925a89a06e7ce4c3f07f\redhat.java\jdt_ws --stdio

Host: Intel(R) Celeron(R) N4020 CPU @ 1.10GHz, 2 cores, 7G,  Windows 10 , 64 bit Build 19041 (10.0.19041.5915)
Time: Tue Oct  6 18:02:57 2026 South Africa Standard Time elapsed time: 351.962692 seconds (0d 0h 5m 51s)

---------------  T H R E A D  ---------------

Current thread (0x000002f9fe2f9eb0):  JavaThread "Attach Listener" daemon [_thread_in_vm, id=13712, stack(0x000000fcd6400000,0x000000fcd6500000) (1024K)]

Stack: [0x000000fcd6400000,0x000000fcd6500000]
Native frames: (J=compiled Java code, j=interpreted, Vv=VM code, C=native code)
V  [jvm.dll+0x6d83e9]
V  [jvm.dll+0x8b5736]
V  [jvm.dll+0x8b7cee]
V  [jvm.dll+0x8b83d3]
V  [jvm.dll+0x284596]
V  [jvm.dll+0xc13c7]
V  [jvm.dll+0x6d8c99]
V  [jvm.dll+0x133616]
V  [jvm.dll+0x3f8aae]
V  [jvm.dll+0x8600cd]
V  [jvm.dll+0x6d6c1d]
C  [ucrtbase.dll+0x21bb2]
C  [KERNEL32.DLL+0x17374]
C  [ntdll.dll+0x4cc91]


---------------  P R O C E S S  ---------------

Threads class SMR info:
_java_thread_list=0x000002f9d41c87a0, length=27, elements={
0x000002f9efd74b80, 0x000002f9fe2f6760, 0x000002f9fe2f8070, 0x000002f9fe2f8f90,
0x000002f9fe2f9eb0, 0x000002f9fe2fcbe0, 0x000002f9fe2fe650, 0x000002f9fe2ff490,
0x000002f9fe376fb0, 0x000002f9feb6c2a0, 0x000002f9fec30cf0, 0x000002f9fecf8460,
0x000002f9ff316290, 0x000002f9fec643c0, 0x000002f9fec64e00, 0x000002f9ff5fa0c0,
0x000002f9ff1fd730, 0x000002f9d424ab20, 0x000002f9d415c830, 0x000002f9d415c1a0,
0x000002f9d415cec0, 0x000002f9d4fd2ec0, 0x000002f9d4fd1b10, 0x000002f9d4fd21a0,
0x000002f9d4fd3be0, 0x000002f9d4fd69d0, 0x000002f9d4fd5cb0
}

Java Threads: ( => current thread )
  0x000002f9efd74b80 JavaThread "main"                              [_thread_blocked, id=10544, stack(0x000000fcd5d00000,0x000000fcd5e00000) (1024K)]
  0x000002f9fe2f6760 JavaThread "Reference Handler"          daemon [_thread_blocked, id=10000, stack(0x000000fcd6100000,0x000000fcd6200000) (1024K)]
  0x000002f9fe2f8070 JavaThread "Finalizer"                  daemon [_thread_blocked, id=1584, stack(0x000000fcd6200000,0x000000fcd6300000) (1024K)]
  0x000002f9fe2f8f90 JavaThread "Signal Dispatcher"          daemon [_thread_blocked, id=2484, stack(0x000000fcd6300000,0x000000fcd6400000) (1024K)]
=>0x000002f9fe2f9eb0 JavaThread "Attach Listener"            daemon [_thread_in_vm, id=13712, stack(0x000000fcd6400000,0x000000fcd6500000) (1024K)]
  0x000002f9fe2fcbe0 JavaThread "Service Thread"             daemon [_thread_blocked, id=5432, stack(0x000000fcd6500000,0x000000fcd6600000) (1024K)]
  0x000002f9fe2fe650 JavaThread "Monitor Deflation Thread"   daemon [_thread_blocked, id=5368, stack(0x000000fcd6600000,0x000000fcd6700000) (1024K)]
  0x000002f9fe2ff490 JavaThread "C2 CompilerThread0"         daemon [_thread_blocked, id=14696, stack(0x000000fcd6700000,0x000000fcd6800000) (1024K)]
  0x000002f9fe376fb0 JavaThread "C1 CompilerThread0"         daemon [_thread_blocked, id=13624, stack(0x000000fcd6800000,0x000000fcd6900000) (1024K)]
  0x000002f9feb6c2a0 JavaThread "Common-Cleaner"             daemon [_thread_blocked, id=12552, stack(0x000000fcd6900000,0x000000fcd6a00000) (1024K)]
  0x000002f9fec30cf0 JavaThread "Notification Thread"        daemon [_thread_blocked, id=14524, stack(0x000000fcd6a00000,0x000000fcd6b00000) (1024K)]
  0x000002f9fecf8460 JavaThread "Active Thread: Equinox Container: f1c2de58-83d4-4bb8-b7d8-f9cd8e87410b"        [_thread_blocked, id=12508, stack(0x000000fcd6c00000,0x000000fcd6d00000) (1024K)]
  0x000002f9ff316290 JavaThread "Refresh Thread: Equinox Container: f1c2de58-83d4-4bb8-b7d8-f9cd8e87410b" daemon [_thread_blocked, id=11724, stack(0x000000fcd6d00000,0x000000fcd6e00000) (1024K)]
  0x000002f9fec643c0 JavaThread "Framework Event Dispatcher: Equinox Container: f1c2de58-83d4-4bb8-b7d8-f9cd8e87410b" daemon [_thread_blocked, id=15024, stack(0x000000fcd6e00000,0x000000fcd6f00000) (1024K)]
  0x000002f9fec64e00 JavaThread "Start Level: Equinox Container: f1c2de58-83d4-4bb8-b7d8-f9cd8e87410b" daemon [_thread_blocked, id=5848, stack(0x000000fcd6f00000,0x000000fcd7000000) (1024K)]
  0x000002f9ff5fa0c0 JavaThread "Bundle File Closer"         daemon [_thread_blocked, id=12852, stack(0x000000fcd7000000,0x000000fcd7100000) (1024K)]
  0x000002f9ff1fd730 JavaThread "SCR Component Actor"        daemon [_thread_blocked, id=14724, stack(0x000000fcd7100000,0x000000fcd7200000) (1024K)]
  0x000002f9d424ab20 JavaThread "Worker-JM"                         [_thread_blocked, id=14756, stack(0x000000fcd7200000,0x000000fcd7300000) (1024K)]
  0x000002f9d415c830 JavaThread "JNA Cleaner"                daemon [_thread_blocked, id=5752, stack(0x000000fcd7300000,0x000000fcd7400000) (1024K)]
  0x000002f9d415c1a0 JavaThread "Worker-0"                          [_thread_blocked, id=6448, stack(0x000000fcd7400000,0x000000fcd7500000) (1024K)]
  0x000002f9d415cec0 JavaThread "Worker-1"                          [_thread_blocked, id=3112, stack(0x000000fcd7500000,0x000000fcd7600000) (1024K)]
  0x000002f9d4fd2ec0 JavaThread "Java indexing"              daemon [_thread_blocked, id=14616, stack(0x000000fcd7700000,0x000000fcd7800000) (1024K)]
  0x000002f9d4fd1b10 JavaThread "pool-2-thread-1"                   [_thread_blocked, id=2364, stack(0x000000fcd7a00000,0x000000fcd7b00000) (1024K)]
  0x000002f9d4fd21a0 JavaThread "WorkspaceEventsHandler"            [_thread_blocked, id=13596, stack(0x000000fcd7b00000,0x000000fcd7c00000) (1024K)]
  0x000002f9d4fd3be0 JavaThread "pool-1-thread-1"                   [_thread_in_native, id=7348, stack(0x000000fcd7c00000,0x000000fcd7d00000) (1024K)]
  0x000002f9d4fd69d0 JavaThread "Compiler Class File Writer" daemon [_thread_blocked, id=14488, stack(0x000000fcd8000000,0x000000fcd8100000) (1024K)]
  0x000002f9d4fd5cb0 JavaThread "PatternSearchJob-worker-1"  daemon [_thread_blocked, id=13968, stack(0x000000fcd8700000,0x000000fcd8800000) (1024K)]
Total: 27

Other Threads:
  0x000002f9fe2daa60 VMThread "VM Thread"                           [id=3172, stack(0x000000fcd6000000,0x000000fcd6100000) (1024K)]
  0x000002f9f20b42e0 WatcherThread "VM Periodic Task Thread"        [id=6120, stack(0x000000fcd5f00000,0x000000fcd6000000) (1024K)]
  0x000002f9f200d970 WorkerThread "GC Thread#0"                     [id=10308, stack(0x000000fcd5e00000,0x000000fcd5f00000) (1024K)]
  0x000002f9fe3f57e0 WorkerThread "GC Thread#1"                     [id=1516, stack(0x000000fcd6b00000,0x000000fcd6c00000) (1024K)]
Total: 4

Threads with active compile tasks:
Total: 0

VM state: not at safepoint (normal execution)

VM Mutex/Monitor currently owned by a thread: None

Heap address: 0x0000000700000000, size: 4096 MB, Compressed Oops mode: Zero based, Oop shift amount: 3

CDS archive(s) mapped at: [0x000002f98f000000-0x000002f98fba0000-0x000002f98fba0000), size 12189696, SharedBaseAddress: 0x000002f98f000000, ArchiveRelocationMode: 1.
Compressed class space mapped at: 0x000002f990000000-0x000002f9d0000000, reserved size: 1073741824
Narrow klass base: 0x000002f98f000000, Narrow klass shift: 0, Narrow klass range: 0x100000000

GC Precious Log:
 CardTable entry size: 512
 CPUs: 2 total, 2 available
 Memory: 8008M
 Large Page Support: Disabled
 NUMA Support: Disabled
 Compressed Oops: Enabled (Zero based)
 Alignments: Space 512K, Generation 512K, Heap 2M
 Heap Min Capacity: 100M
 Heap Initial Capacity: 100M
 Heap Max Capacity: 4G
 Pre-touch: Disabled
 Parallel Workers: 2

Heap:
 PSYoungGen      total 10240K, used 4927K [0x00000007aab00000, 0x00000007ab900000, 0x0000000800000000)
  eden space 9728K, 48% used [0x00000007aab00000,0x00000007aafa2f90,0x00000007ab480000)
  from space 512K, 35% used [0x00000007ab800000,0x00000007ab82cf58,0x00000007ab880000)
  to   space 512K, 0% used [0x00000007ab880000,0x00000007ab880000,0x00000007ab900000)
 ParOldGen       total 166400K, used 165912K [0x0000000700000000, 0x000000070a280000, 0x00000007aab00000)
  object space 166400K, 99% used [0x0000000700000000,0x000000070a206198,0x000000070a280000)
 Metaspace       used 65074K, committed 66560K, reserved 1114112K
  class space    used 6778K, committed 7424K, reserved 1048576K

Card table byte_map: [0x000002f9f5200000,0x000002f9f5a10000] _byte_map_base: 0x000002f9f1a00000

Marking Bits: (ParMarkBitMap*) 0x00007ffe4efb44a0
 Begin Bits: [0x000002f9f5a10000, 0x000002f9f9a10000)
 End Bits:   [0x000002f9f9a10000, 0x000002f9fda10000)

Polling page: 0x000002f9efd10000

Metaspace:

Usage:
  Non-class:     56.93 MB used.
      Class:      6.62 MB used.
       Both:     63.55 MB used.

Virtual space:
  Non-class space:       64.00 MB reserved,      57.75 MB ( 90%) committed,  1 nodes.
      Class space:        1.00 GB reserved,       7.25 MB ( <1%) committed,  1 nodes.
             Both:        1.06 GB reserved,      65.00 MB (  6%) committed. 

Chunk freelists:
   Non-Class:  5.81 MB
       Class:  8.75 MB
        Both:  14.56 MB

MaxMetaspaceSize: unlimited
CompressedClassSpaceSize: 1.00 GB
Initial GC threshold: 21.00 MB
Current GC threshold: 97.31 MB
CDS: on
 - commit_granule_bytes: 65536.
 - commit_granule_words: 8192.
 - virtual_space_node_default_size: 8388608.
 - enlarge_chunks_in_place: 1.
 - use_allocation_guard: 0.


Internal statistics:

num_allocs_failed_limit: 9.
num_arena_births: 1252.
num_arena_deaths: 14.
num_vsnodes_births: 2.
num_vsnodes_deaths: 0.
num_space_committed: 1040.
num_space_uncommitted: 0.
num_chunks_returned_to_freelist: 23.
num_chunks_taken_from_freelist: 4356.
num_chunk_merges: 12.
num_chunk_splits: 2639.
num_chunks_enlarged: 1457.
num_inconsistent_stats: 0.

CodeHeap 'non-profiled nmethods': size=120064Kb used=7403Kb max_used=7403Kb free=112660Kb
 bounds [0x000002f987ac0000, 0x000002f988200000, 0x000002f98f000000]
CodeHeap 'profiled nmethods': size=120000Kb used=25284Kb max_used=25284Kb free=94715Kb
 bounds [0x000002f980000000, 0x000002f9818c0000, 0x000002f987530000]
CodeHeap 'non-nmethods': size=5696Kb used=1427Kb max_used=1479Kb free=4268Kb
 bounds [0x000002f987530000, 0x000002f9877a0000, 0x000002f987ac0000]
CodeCache: size=245760Kb, used=34114Kb, max_used=34166Kb, free=211643Kb
 total_blobs=10887, nmethods=10143, adapters=649, full_count=0
Compilation: enabled, stopped_count=0, restarted_count=0

Compilation events (20 events):
Event: 235.828 Thread 0x000002f9fe376fb0 nmethod 11081 0x000002f9818ac110 code [0x000002f9818ac4a0, 0x000002f9818adcc0]
Event: 235.828 Thread 0x000002f9fe376fb0 11082       1       org.eclipse.jdt.internal.core.SourceMethodInfo::isAnnotationMethod (2 bytes)
Event: 235.828 Thread 0x000002f9fe376fb0 nmethod 11082 0x000002f9881f4910 code [0x000002f9881f4aa0, 0x000002f9881f4b68]
Event: 235.830 Thread 0x000002f9fe376fb0 11084       3       org.eclipse.jdt.internal.core.util.LRUCache::get (28 bytes)
Event: 235.830 Thread 0x000002f9fe376fb0 nmethod 11084 0x000002f9818ae490 code [0x000002f9818ae660, 0x000002f9818aea78]
Event: 235.832 Thread 0x000002f9fe376fb0 11086       3       org.eclipse.core.internal.resources.Marker::getAttribute (41 bytes)
Event: 235.834 Thread 0x000002f9fe376fb0 nmethod 11086 0x000002f9818aeb90 code [0x000002f9818aee00, 0x000002f9818af9d8]
Event: 235.841 Thread 0x000002f9fe376fb0 11087       3       org.eclipse.core.runtime.ListenerList$ListenerListIterator::next (39 bytes)
Event: 235.841 Thread 0x000002f9fe376fb0 nmethod 11087 0x000002f9818afe90 code [0x000002f9818b0040, 0x000002f9818b0298]
Event: 235.843 Thread 0x000002f9fe2ff490 nmethod 11083 0x000002f9881f4c10 code [0x000002f9881f4dc0, 0x000002f9881f5210]
Event: 235.843 Thread 0x000002f9fe2ff490 11085       4       com.google.gson.stream.JsonWriter::string (171 bytes)
Event: 235.980 Thread 0x000002f9fe2ff490 nmethod 11085 0x000002f9881f5510 code [0x000002f9881f5920, 0x000002f9881f8890]
Event: 280.664 Thread 0x000002f9fe2ff490 11088       4       java.util.concurrent.locks.AbstractQueuedSynchronizer$ConditionObject::signal (34 bytes)
Event: 280.667 Thread 0x000002f9fe2ff490 nmethod 11088 0x000002f9881fa190 code [0x000002f9881fa340, 0x000002f9881fa480]
Event: 295.984 Thread 0x000002f9fe2ff490 11090       4       jdk.internal.misc.Unsafe::weakCompareAndSetLong (11 bytes)
Event: 295.985 Thread 0x000002f9fe2ff490 nmethod 11090 0x000002f9881fa990 code [0x000002f9881fab20, 0x000002f9881fabc0]
Event: 300.430 Thread 0x000002f9fe376fb0 11091       3       jdk.internal.misc.Unsafe::putIntOpaque (9 bytes)
Event: 300.430 Thread 0x000002f9fe376fb0 nmethod 11091 0x000002f9818b0410 code [0x000002f9818b05a0, 0x000002f9818b06b8]
Event: 300.892 Thread 0x000002f9fe376fb0 11092   !   3       java.util.concurrent.locks.AbstractQueuedSynchronizer::tryInitializeHead (66 bytes)
Event: 300.893 Thread 0x000002f9fe376fb0 nmethod 11092 0x000002f9818b0790 code [0x000002f9818b0980, 0x000002f9818b0eb8]

GC Heap History (20 events):
Event: 233.175 GC heap before
{Heap before GC invocations=101 (full 3):
 PSYoungGen      total 10240K, used 9984K [0x00000007aab00000, 0x00000007ab900000, 0x0000000800000000)
  eden space 9728K, 100% used [0x00000007aab00000,0x00000007ab480000,0x00000007ab480000)
  from space 512K, 50% used [0x00000007ab800000,0x00000007ab840000,0x00000007ab880000)
  to   space 512K, 0% used [0x00000007ab880000,0x00000007ab880000,0x00000007ab900000)
 ParOldGen       total 163328K, used 162940K [0x0000000700000000, 0x0000000709f80000, 0x00000007aab00000)
  object space 163328K, 99% used [0x0000000700000000,0x0000000709f1f1d8,0x0000000709f80000)
 Metaspace       used 64944K, committed 66432K, reserved 1114112K
  class space    used 6766K, committed 7360K, reserved 1048576K
}
Event: 233.178 GC heap after
{Heap after GC invocations=101 (full 3):
 PSYoungGen      total 10240K, used 288K [0x00000007aab00000, 0x00000007ab900000, 0x0000000800000000)
  eden space 9728K, 0% used [0x00000007aab00000,0x00000007aab00000,0x00000007ab480000)
  from space 512K, 56% used [0x00000007ab880000,0x00000007ab8c8000,0x00000007ab900000)
  to   space 512K, 0% used [0x00000007ab800000,0x00000007ab800000,0x00000007ab880000)
 ParOldGen       total 163328K, used 163184K [0x0000000700000000, 0x0000000709f80000, 0x00000007aab00000)
  object space 163328K, 99% used [0x0000000700000000,0x0000000709f5c1e8,0x0000000709f80000)
 Metaspace       used 64944K, committed 66432K, reserved 1114112K
  class space    used 6766K, committed 7360K, reserved 1048576K
}
Event: 233.282 GC heap before
{Heap before GC invocations=102 (full 3):
 PSYoungGen      total 10240K, used 10016K [0x00000007aab00000, 0x00000007ab900000, 0x0000000800000000)
  eden space 9728K, 100% used [0x00000007aab00000,0x00000007ab480000,0x00000007ab480000)
  from space 512K, 56% used [0x00000007ab880000,0x00000007ab8c8000,0x00000007ab900000)
  to   space 512K, 0% used [0x00000007ab800000,0x00000007ab800000,0x00000007ab880000)
 ParOldGen       total 163328K, used 163184K [0x0000000700000000, 0x0000000709f80000, 0x00000007aab00000)
  object space 163328K, 99% used [0x0000000700000000,0x0000000709f5c1e8,0x0000000709f80000)
 Metaspace       used 64944K, committed 66432K, reserved 1114112K
  class space    used 6766K, committed 7360K, reserved 1048576K
}
Event: 233.286 GC heap after
{Heap after GC invocations=102 (full 3):
 PSYoungGen      total 10240K, used 256K [0x00000007aab00000, 0x00000007ab900000, 0x0000000800000000)
  eden space 9728K, 0% used [0x00000007aab00000,0x00000007aab00000,0x00000007ab480000)
  from space 512K, 50% used [0x00000007ab800000,0x00000007ab840000,0x00000007ab880000)
  to   space 512K, 0% used [0x00000007ab880000,0x00000007ab880000,0x00000007ab900000)
 ParOldGen       total 163840K, used 163448K [0x0000000700000000, 0x000000070a000000, 0x00000007aab00000)
  object space 163840K, 99% used [0x0000000700000000,0x0000000709f9e1e8,0x000000070a000000)
 Metaspace       used 64944K, committed 66432K, reserved 1114112K
  class space    used 6766K, committed 7360K, reserved 1048576K
}
Event: 233.439 GC heap before
{Heap before GC invocations=103 (full 3):
 PSYoungGen      total 10240K, used 9984K [0x00000007aab00000, 0x00000007ab900000, 0x0000000800000000)
  eden space 9728K, 100% used [0x00000007aab00000,0x00000007ab480000,0x00000007ab480000)
  from space 512K, 50% used [0x00000007ab800000,0x00000007ab840000,0x00000007ab880000)
  to   space 512K, 0% used [0x00000007ab880000,0x00000007ab880000,0x00000007ab900000)
 ParOldGen       total 163840K, used 163448K [0x0000000700000000, 0x000000070a000000, 0x00000007aab00000)
  object space 163840K, 99% used [0x0000000700000000,0x0000000709f9e1e8,0x000000070a000000)
 Metaspace       used 64944K, committed 66432K, reserved 1114112K
  class space    used 6766K, committed 7360K, reserved 1048576K
}
Event: 233.442 GC heap after
{Heap after GC invocations=103 (full 3):
 PSYoungGen      total 10240K, used 288K [0x00000007aab00000, 0x00000007ab900000, 0x0000000800000000)
  eden space 9728K, 0% used [0x00000007aab00000,0x00000007aab00000,0x00000007ab480000)
  from space 512K, 56% used [0x00000007ab880000,0x00000007ab8c8000,0x00000007ab900000)
  to   space 512K, 0% used [0x00000007ab800000,0x00000007ab800000,0x00000007ab880000)
 ParOldGen       total 163840K, used 163672K [0x0000000700000000, 0x000000070a000000, 0x00000007aab00000)
  object space 163840K, 99% used [0x0000000700000000,0x0000000709fd61e8,0x000000070a000000)
 Metaspace       used 64944K, committed 66432K, reserved 1114112K
  class space    used 6766K, committed 7360K, reserved 1048576K
}
Event: 233.572 GC heap before
{Heap before GC invocations=104 (full 3):
 PSYoungGen      total 10240K, used 10016K [0x00000007aab00000, 0x00000007ab900000, 0x0000000800000000)
  eden space 9728K, 100% used [0x00000007aab00000,0x00000007ab480000,0x00000007ab480000)
  from space 512K, 56% used [0x00000007ab880000,0x00000007ab8c8000,0x00000007ab900000)
  to   space 512K, 0% used [0x00000007ab800000,0x00000007ab800000,0x00000007ab880000)
 ParOldGen       total 163840K, used 163672K [0x0000000700000000, 0x000000070a000000, 0x00000007aab00000)
  object space 163840K, 99% used [0x0000000700000000,0x0000000709fd61e8,0x000000070a000000)
 Metaspace       used 64944K, committed 66432K, reserved 1114112K
  class space    used 6766K, committed 7360K, reserved 1048576K
}
Event: 233.583 GC heap after
{Heap after GC invocations=104 (full 3):
 PSYoungGen      total 10240K, used 256K [0x00000007aab00000, 0x00000007ab900000, 0x0000000800000000)
  eden space 9728K, 0% used [0x00000007aab00000,0x00000007aab00000,0x00000007ab480000)
  from space 512K, 50% used [0x00000007ab800000,0x00000007ab840000,0x00000007ab880000)
  to   space 512K, 0% used [0x00000007ab880000,0x00000007ab880000,0x00000007ab900000)
 ParOldGen       total 164352K, used 163920K [0x0000000700000000, 0x000000070a080000, 0x00000007aab00000)
  object space 164352K, 99% used [0x0000000700000000,0x000000070a0141f8,0x000000070a080000)
 Metaspace       used 64944K, committed 66432K, reserved 1114112K
  class space    used 6766K, committed 7360K, reserved 1048576K
}
Event: 233.681 GC heap before
{Heap before GC invocations=105 (full 3):
 PSYoungGen      total 10240K, used 9984K [0x00000007aab00000, 0x00000007ab900000, 0x0000000800000000)
  eden space 9728K, 100% used [0x00000007aab00000,0x00000007ab480000,0x00000007ab480000)
  from space 512K, 50% used [0x00000007ab800000,0x00000007ab840000,0x00000007ab880000)
  to   space 512K, 0% used [0x00000007ab880000,0x00000007ab880000,0x00000007ab900000)
 ParOldGen       total 164352K, used 163920K [0x0000000700000000, 0x000000070a080000, 0x00000007aab00000)
  object space 164352K, 99% used [0x0000000700000000,0x000000070a0141f8,0x000000070a080000)
 Metaspace       used 64944K, committed 66432K, reserved 1114112K
  class space    used 6766K, committed 7360K, reserved 1048576K
}
Event: 233.687 GC heap after
{Heap after GC invocations=105 (full 3):
 PSYoungGen      total 10240K, used 224K [0x00000007aab00000, 0x00000007ab900000, 0x0000000800000000)
  eden space 9728K, 0% used [0x00000007aab00000,0x00000007aab00000,0x00000007ab480000)
  from space 512K, 43% used [0x00000007ab880000,0x00000007ab8b8000,0x00000007ab900000)
  to   space 512K, 0% used [0x00000007ab800000,0x00000007ab800000,0x00000007ab880000)
 ParOldGen       total 164352K, used 164168K [0x0000000700000000, 0x000000070a080000, 0x00000007aab00000)
  object space 164352K, 99% used [0x0000000700000000,0x000000070a0521f8,0x000000070a080000)
 Metaspace       used 64944K, committed 66432K, reserved 1114112K
  class space    used 6766K, committed 7360K, reserved 1048576K
}
Event: 233.816 GC heap before
{Heap before GC invocations=106 (full 3):
 PSYoungGen      total 10240K, used 9952K [0x00000007aab00000, 0x00000007ab900000, 0x0000000800000000)
  eden space 9728K, 100% used [0x00000007aab00000,0x00000007ab480000,0x00000007ab480000)
  from space 512K, 43% used [0x00000007ab880000,0x00000007ab8b8000,0x00000007ab900000)
  to   space 512K, 0% used [0x00000007ab800000,0x00000007ab800000,0x00000007ab880000)
 ParOldGen       total 164352K, used 164168K [0x0000000700000000, 0x000000070a080000, 0x00000007aab00000)
  object space 164352K, 99% used [0x0000000700000000,0x000000070a0521f8,0x000000070a080000)
 Metaspace       used 64947K, committed 66432K, reserved 1114112K
  class space    used 6766K, committed 7360K, reserved 1048576K
}
Event: 233.821 GC heap after
{Heap after GC invocations=106 (full 3):
 PSYoungGen      total 10240K, used 490K [0x00000007aab00000, 0x00000007ab900000, 0x0000000800000000)
  eden space 9728K, 0% used [0x00000007aab00000,0x00000007aab00000,0x00000007ab480000)
  from space 512K, 95% used [0x00000007ab800000,0x00000007ab87a8f8,0x00000007ab880000)
  to   space 512K, 0% used [0x00000007ab880000,0x00000007ab880000,0x00000007ab900000)
 ParOldGen       total 164864K, used 164400K [0x0000000700000000, 0x000000070a100000, 0x00000007aab00000)
  object space 164864K, 99% used [0x0000000700000000,0x000000070a08c1f8,0x000000070a100000)
 Metaspace       used 64947K, committed 66432K, reserved 1114112K
  class space    used 6766K, committed 7360K, reserved 1048576K
}
Event: 234.028 GC heap before
{Heap before GC invocations=107 (full 3):
 PSYoungGen      total 10240K, used 10218K [0x00000007aab00000, 0x00000007ab900000, 0x0000000800000000)
  eden space 9728K, 100% used [0x00000007aab00000,0x00000007ab480000,0x00000007ab480000)
  from space 512K, 95% used [0x00000007ab800000,0x00000007ab87a8f8,0x00000007ab880000)
  to   space 512K, 0% used [0x00000007ab880000,0x00000007ab880000,0x00000007ab900000)
 ParOldGen       total 164864K, used 164400K [0x0000000700000000, 0x000000070a100000, 0x00000007aab00000)
  object space 164864K, 99% used [0x0000000700000000,0x000000070a08c1f8,0x000000070a100000)
 Metaspace       used 64947K, committed 66432K, reserved 1114112K
  class space    used 6766K, committed 7360K, reserved 1048576K
}
Event: 234.032 GC heap after
{Heap after GC invocations=107 (full 3):
 PSYoungGen      total 10240K, used 331K [0x00000007aab00000, 0x00000007ab900000, 0x0000000800000000)
  eden space 9728K, 0% used [0x00000007aab00000,0x00000007aab00000,0x00000007ab480000)
  from space 512K, 64% used [0x00000007ab880000,0x00000007ab8d2d88,0x00000007ab900000)
  to   space 512K, 0% used [0x00000007ab800000,0x00000007ab800000,0x00000007ab880000)
 ParOldGen       total 165888K, used 165232K [0x0000000700000000, 0x000000070a200000, 0x00000007aab00000)
  object space 165888K, 99% used [0x0000000700000000,0x000000070a15c1c0,0x000000070a200000)
 Metaspace       used 64947K, committed 66432K, reserved 1114112K
  class space    used 6766K, committed 7360K, reserved 1048576K
}
Event: 234.303 GC heap before
{Heap before GC invocations=108 (full 3):
 PSYoungGen      total 10240K, used 10059K [0x00000007aab00000, 0x00000007ab900000, 0x0000000800000000)
  eden space 9728K, 100% used [0x00000007aab00000,0x00000007ab480000,0x00000007ab480000)
  from space 512K, 64% used [0x00000007ab880000,0x00000007ab8d2d88,0x00000007ab900000)
  to   space 512K, 0% used [0x00000007ab800000,0x00000007ab800000,0x00000007ab880000)
 ParOldGen       total 165888K, used 165232K [0x0000000700000000, 0x000000070a200000, 0x00000007aab00000)
  object space 165888K, 99% used [0x0000000700000000,0x000000070a15c1c0,0x000000070a200000)
 Metaspace       used 64947K, committed 66432K, reserved 1114112K
  class space    used 6766K, committed 7360K, reserved 1048576K
}
Event: 234.306 GC heap after
{Heap after GC invocations=108 (full 3):
 PSYoungGen      total 10240K, used 224K [0x00000007aab00000, 0x00000007ab900000, 0x0000000800000000)
  eden space 9728K, 0% used [0x00000007aab00000,0x00000007aab00000,0x00000007ab480000)
  from space 512K, 43% used [0x00000007ab800000,0x00000007ab838000,0x00000007ab880000)
  to   space 512K, 0% used [0x00000007ab880000,0x00000007ab880000,0x00000007ab900000)
 ParOldGen       total 165888K, used 165536K [0x0000000700000000, 0x000000070a200000, 0x00000007aab00000)
  object space 165888K, 99% used [0x0000000700000000,0x000000070a1a8198,0x000000070a200000)
 Metaspace       used 64947K, committed 66432K, reserved 1114112K
  class space    used 6766K, committed 7360K, reserved 1048576K
}
Event: 234.555 GC heap before
{Heap before GC invocations=109 (full 3):
 PSYoungGen      total 10240K, used 9952K [0x00000007aab00000, 0x00000007ab900000, 0x0000000800000000)
  eden space 9728K, 100% used [0x00000007aab00000,0x00000007ab480000,0x00000007ab480000)
  from space 512K, 43% used [0x00000007ab800000,0x00000007ab838000,0x00000007ab880000)
  to   space 512K, 0% used [0x00000007ab880000,0x00000007ab880000,0x00000007ab900000)
 ParOldGen       total 165888K, used 165536K [0x0000000700000000, 0x000000070a200000, 0x00000007aab00000)
  object space 165888K, 99% used [0x0000000700000000,0x000000070a1a8198,0x000000070a200000)
 Metaspace       used 64947K, committed 66432K, reserved 1114112K
  class space    used 6766K, committed 7360K, reserved 1048576K
}
Event: 234.557 GC heap after
{Heap after GC invocations=109 (full 3):
 PSYoungGen      total 10240K, used 224K [0x00000007aab00000, 0x00000007ab900000, 0x0000000800000000)
  eden space 9728K, 0% used [0x00000007aab00000,0x00000007aab00000,0x00000007ab480000)
  from space 512K, 43% used [0x00000007ab880000,0x00000007ab8b8000,0x00000007ab900000)
  to   space 512K, 0% used [0x00000007ab800000,0x00000007ab800000,0x00000007ab880000)
 ParOldGen       total 165888K, used 165728K [0x0000000700000000, 0x000000070a200000, 0x00000007aab00000)
  object space 165888K, 99% used [0x0000000700000000,0x000000070a1d8198,0x000000070a200000)
 Metaspace       used 64947K, committed 66432K, reserved 1114112K
  class space    used 6766K, committed 7360K, reserved 1048576K
}
Event: 234.768 GC heap before
{Heap before GC invocations=110 (full 3):
 PSYoungGen      total 10240K, used 9952K [0x00000007aab00000, 0x00000007ab900000, 0x0000000800000000)
  eden space 9728K, 100% used [0x00000007aab00000,0x00000007ab480000,0x00000007ab480000)
  from space 512K, 43% used [0x00000007ab880000,0x00000007ab8b8000,0x00000007ab900000)
  to   space 512K, 0% used [0x00000007ab800000,0x00000007ab800000,0x00000007ab880000)
 ParOldGen       total 165888K, used 165728K [0x0000000700000000, 0x000000070a200000, 0x00000007aab00000)
  object space 165888K, 99% used [0x0000000700000000,0x000000070a1d8198,0x000000070a200000)
 Metaspace       used 64947K, committed 66432K, reserved 1114112K
  class space    used 6766K, committed 7360K, reserved 1048576K
}
Event: 234.773 GC heap after
{Heap after GC invocations=110 (full 3):
 PSYoungGen      total 10240K, used 179K [0x00000007aab00000, 0x00000007ab900000, 0x0000000800000000)
  eden space 9728K, 0% used [0x00000007aab00000,0x00000007aab00000,0x00000007ab480000)
  from space 512K, 35% used [0x00000007ab800000,0x00000007ab82cf58,0x00000007ab880000)
  to   space 512K, 0% used [0x00000007ab880000,0x00000007ab880000,0x00000007ab900000)
 ParOldGen       total 166400K, used 165912K [0x0000000700000000, 0x000000070a280000, 0x00000007aab00000)
  object space 166400K, 99% used [0x0000000700000000,0x000000070a206198,0x000000070a280000)
 Metaspace       used 64947K, committed 66432K, reserved 1114112K
  class space    used 6766K, committed 7360K, reserved 1048576K
}

Dll operation events (20 events):
Event: 1.421 Attempting to load shared library c:\Users\jaimi\.vscode\extensions\redhat.java-1.56.0-win32-x64\jre\21.0.12.1-win32-x86_64\bin\zip.dll
Event: 1.423 Loaded shared library c:\Users\jaimi\.vscode\extensions\redhat.java-1.56.0-win32-x64\jre\21.0.12.1-win32-x86_64\bin\zip.dll
Event: 1.799 Attempting to load shared library C:\Users\jaimi\.vscode\extensions\redhat.java-1.56.0-win32-x64\jre\21.0.12.1-win32-x86_64\bin\instrument.dll
Event: 1.799 Loaded shared library C:\Users\jaimi\.vscode\extensions\redhat.java-1.56.0-win32-x64\jre\21.0.12.1-win32-x86_64\bin\instrument.dll
Event: 1.818 Attempting to load shared library C:\Users\jaimi\.vscode\extensions\redhat.java-1.56.0-win32-x64\jre\21.0.12.1-win32-x86_64\bin\net.dll
Event: 1.819 Loaded shared library C:\Users\jaimi\.vscode\extensions\redhat.java-1.56.0-win32-x64\jre\21.0.12.1-win32-x86_64\bin\net.dll
Event: 1.823 Attempting to load shared library C:\Users\jaimi\.vscode\extensions\redhat.java-1.56.0-win32-x64\jre\21.0.12.1-win32-x86_64\bin\nio.dll
Event: 1.824 Loaded shared library C:\Users\jaimi\.vscode\extensions\redhat.java-1.56.0-win32-x64\jre\21.0.12.1-win32-x86_64\bin\nio.dll
Event: 1.897 Attempting to load shared library C:\Users\jaimi\.vscode\extensions\redhat.java-1.56.0-win32-x64\jre\21.0.12.1-win32-x86_64\bin\zip.dll
Event: 1.897 Loaded shared library C:\Users\jaimi\.vscode\extensions\redhat.java-1.56.0-win32-x64\jre\21.0.12.1-win32-x86_64\bin\zip.dll
Event: 2.252 Attempting to load shared library C:\Users\jaimi\.vscode\extensions\redhat.java-1.56.0-win32-x64\jre\21.0.12.1-win32-x86_64\bin\jimage.dll
Event: 2.252 Loaded shared library C:\Users\jaimi\.vscode\extensions\redhat.java-1.56.0-win32-x64\jre\21.0.12.1-win32-x86_64\bin\jimage.dll
Event: 3.504 Attempting to load shared library c:\Users\jaimi\.vscode\extensions\redhat.java-1.56.0-win32-x64\jre\21.0.12.1-win32-x86_64\bin\verify.dll
Event: 3.505 Loaded shared library c:\Users\jaimi\.vscode\extensions\redhat.java-1.56.0-win32-x64\jre\21.0.12.1-win32-x86_64\bin\verify.dll
Event: 24.847 Attempting to load shared library C:\Users\jaimi\AppData\Roaming\Code\User\globalStorage\redhat.java\1.56.0\config_win\org.eclipse.equinox.launcher\org.eclipse.equinox.launcher.win32.win32.x86_64_1.3.100.v20260804-1928\eclipse_11924.dll
Event: 24.913 Loaded shared library C:\Users\jaimi\AppData\Roaming\Code\User\globalStorage\redhat.java\1.56.0\config_win\org.eclipse.equinox.launcher\org.eclipse.equinox.launcher.win32.win32.x86_64_1.3.100.v20260804-1928\eclipse_11924.dll
Event: 52.825 Attempting to load shared library C:\Users\jaimi\AppData\Local\Temp\jna-100887342\jna5033379365410768566.dll
Event: 54.463 Loaded shared library C:\Users\jaimi\AppData\Local\Temp\jna-100887342\jna5033379365410768566.dll
Event: 183.525 Attempting to load shared library C:\Users\jaimi\.vscode\extensions\redhat.java-1.56.0-win32-x64\jre\21.0.12.1-win32-x86_64\bin\sunmscapi.dll
Event: 183.531 Loaded shared library C:\Users\jaimi\.vscode\extensions\redhat.java-1.56.0-win32-x64\jre\21.0.12.1-win32-x86_64\bin\sunmscapi.dll

Deoptimization events (20 events):
Event: 232.645 Thread 0x000002f9d415cec0 DEOPT PACKING pc=0x000002f981872668 sp=0x000000fcd75fe620
Event: 232.645 Thread 0x000002f9d415cec0 DEOPT UNPACKING pc=0x000002f987584223 sp=0x000000fcd75fdb08 mode 0
Event: 232.647 Thread 0x000002f9d415cec0 DEOPT PACKING pc=0x000002f9818727ec sp=0x000000fcd75fe620
Event: 232.647 Thread 0x000002f9d415cec0 DEOPT UNPACKING pc=0x000002f987584223 sp=0x000000fcd75fdb08 mode 0
Event: 232.681 Thread 0x000002f9d415cec0 DEOPT PACKING pc=0x000002f9818727ec sp=0x000000fcd75fe620
Event: 232.681 Thread 0x000002f9d415cec0 DEOPT UNPACKING pc=0x000002f987584223 sp=0x000000fcd75fdb08 mode 0
Event: 232.683 Thread 0x000002f9d415cec0 DEOPT PACKING pc=0x000002f981872668 sp=0x000000fcd75fe620
Event: 232.683 Thread 0x000002f9d415cec0 DEOPT UNPACKING pc=0x000002f987584223 sp=0x000000fcd75fdb08 mode 0
Event: 232.688 Thread 0x000002f9d415cec0 DEOPT PACKING pc=0x000002f981872668 sp=0x000000fcd75fe620
Event: 232.688 Thread 0x000002f9d415cec0 DEOPT UNPACKING pc=0x000002f987584223 sp=0x000000fcd75fdb08 mode 0
Event: 235.479 Thread 0x000002f9d415cec0 DEOPT PACKING pc=0x000002f98078b884 sp=0x000000fcd75fe740
Event: 235.479 Thread 0x000002f9d415cec0 DEOPT UNPACKING pc=0x000002f987584223 sp=0x000000fcd75fdbf8 mode 0
Event: 235.823 Thread 0x000002f9d415cec0 Uncommon trap: trap_request=0xffffff6e fr.pc=0x000002f9881f4584 relative=0x0000000000000344
Event: 235.823 Thread 0x000002f9d415cec0 Uncommon trap: reason=loop_limit_check action=maybe_recompile pc=0x000002f9881f4584 method=org.eclipse.jdt.core.compiler.CharOperation.concatWith([[CC)[C @ 121 c2
Event: 235.823 Thread 0x000002f9d415cec0 DEOPT PACKING pc=0x000002f9881f4584 sp=0x000000fcd75fe770
Event: 235.823 Thread 0x000002f9d415cec0 DEOPT UNPACKING pc=0x000002f987583a9c sp=0x000000fcd75fe730 mode 2
Event: 235.823 Thread 0x000002f9d415cec0 DEOPT PACKING pc=0x000002f9815aa63a sp=0x000000fcd75fe780
Event: 235.823 Thread 0x000002f9d415cec0 DEOPT UNPACKING pc=0x000002f987584223 sp=0x000000fcd75fdc98 mode 0
Event: 235.831 Thread 0x000002f9d415cec0 DEOPT PACKING pc=0x000002f98089c385 sp=0x000000fcd75fded0
Event: 235.831 Thread 0x000002f9d415cec0 DEOPT UNPACKING pc=0x000002f987584223 sp=0x000000fcd75fd3d8 mode 0

Classes loaded (20 events):
Event: 186.725 Loading class java/util/Hashtable$KeySet
Event: 186.725 Loading class java/util/Hashtable$KeySet done
Event: 187.050 Loading class java/util/zip/GZIPInputStream$1
Event: 187.050 Loading class java/util/zip/GZIPInputStream$1 done
Event: 194.183 Loading class java/util/AbstractList$RandomAccessSubList
Event: 194.183 Loading class java/util/AbstractList$SubList
Event: 194.184 Loading class java/util/AbstractList$SubList done
Event: 194.184 Loading class java/util/AbstractList$RandomAccessSubList done
Event: 194.184 Loading class java/util/AbstractList$SubList$1
Event: 194.184 Loading class java/util/AbstractList$SubList$1 done
Event: 194.184 Loading class java/util/AbstractList$ListItr
Event: 194.184 Loading class java/util/AbstractList$ListItr done
Event: 199.619 Loading class sun/nio/cs/ISO_8859_1$Decoder
Event: 199.620 Loading class sun/nio/cs/ISO_8859_1$Decoder done
Event: 200.498 Loading class java/util/Collections$2
Event: 200.498 Loading class java/util/Collections$2 done
Event: 210.705 Loading class java/util/ImmutableCollections$SubList
Event: 210.705 Loading class java/util/ImmutableCollections$SubList done
Event: 232.609 Loading class java/lang/invoke/MethodHandleImpl$CountingWrapper$1
Event: 232.610 Loading class java/lang/invoke/MethodHandleImpl$CountingWrapper$1 done

Classes unloaded (7 events):
Event: 68.242 Thread 0x000002f9fe2daa60 Unloading class 0x000002f9901a8c00 'java/lang/invoke/LambdaForm$MH+0x000002f9901a8c00'
Event: 68.242 Thread 0x000002f9fe2daa60 Unloading class 0x000002f9901a8800 'java/lang/invoke/LambdaForm$MH+0x000002f9901a8800'
Event: 68.242 Thread 0x000002f9fe2daa60 Unloading class 0x000002f9901a8400 'java/lang/invoke/LambdaForm$MH+0x000002f9901a8400'
Event: 68.242 Thread 0x000002f9fe2daa60 Unloading class 0x000002f9901a8000 'java/lang/invoke/LambdaForm$MH+0x000002f9901a8000'
Event: 68.242 Thread 0x000002f9fe2daa60 Unloading class 0x000002f9901a7c00 'java/lang/invoke/LambdaForm$BMH+0x000002f9901a7c00'
Event: 68.242 Thread 0x000002f9fe2daa60 Unloading class 0x000002f9901a7800 'java/lang/invoke/LambdaForm$DMH+0x000002f9901a7800'
Event: 68.242 Thread 0x000002f9fe2daa60 Unloading class 0x000002f9901a6400 'java/lang/invoke/LambdaForm$DMH+0x000002f9901a6400'

Classes redefined (0 events):
No events

Internal exceptions (20 events):
Event: 211.418 Thread 0x000002f9d4fd4900 Exception <a 'sun/nio/fs/WindowsException'{0x00000007ab2c9c58}> (0x00000007ab2c9c58) 
thrown [s\src\hotspot\share\prims\jni.cpp, line 520]
Event: 221.700 Thread 0x000002f9d4fd1480 Exception <a 'sun/nio/fs/WindowsException'{0x00000007aaefe258}> (0x00000007aaefe258) 
thrown [s\src\hotspot\share\prims\jni.cpp, line 520]
Event: 221.700 Thread 0x000002f9d4fd1480 Exception <a 'sun/nio/fs/WindowsException'{0x00000007aaefe8a8}> (0x00000007aaefe8a8) 
thrown [s\src\hotspot\share\prims\jni.cpp, line 520]
Event: 223.055 Thread 0x000002f9d415cec0 Exception <a 'sun/nio/fs/WindowsException'{0x00000007ab549718}> (0x00000007ab549718) 
thrown [s\src\hotspot\share\prims\jni.cpp, line 520]
Event: 223.055 Thread 0x000002f9d415cec0 Exception <a 'sun/nio/fs/WindowsException'{0x00000007ab549ff0}> (0x00000007ab549ff0) 
thrown [s\src\hotspot\share\prims\jni.cpp, line 520]
Event: 223.056 Thread 0x000002f9d415cec0 Exception <a 'sun/nio/fs/WindowsException'{0x00000007ab54ad90}> (0x00000007ab54ad90) 
thrown [s\src\hotspot\share\prims\jni.cpp, line 520]
Event: 223.057 Thread 0x000002f9d415cec0 Exception <a 'sun/nio/fs/WindowsException'{0x00000007ab54b638}> (0x00000007ab54b638) 
thrown [s\src\hotspot\share\prims\jni.cpp, line 520]
Event: 223.058 Thread 0x000002f9d415cec0 Exception <a 'sun/nio/fs/WindowsException'{0x00000007ab54d2e8}> (0x00000007ab54d2e8) 
thrown [s\src\hotspot\share\prims\jni.cpp, line 520]
Event: 223.058 Thread 0x000002f9d415cec0 Exception <a 'sun/nio/fs/WindowsException'{0x00000007ab54d938}> (0x00000007ab54d938) 
thrown [s\src\hotspot\share\prims\jni.cpp, line 520]
Event: 223.066 Thread 0x000002f9d415cec0 Exception <a 'sun/nio/fs/WindowsException'{0x00000007ab56e848}> (0x00000007ab56e848) 
thrown [s\src\hotspot\share\prims\jni.cpp, line 520]
Event: 223.066 Thread 0x000002f9d415cec0 Exception <a 'sun/nio/fs/WindowsException'{0x00000007ab56f0d8}> (0x00000007ab56f0d8) 
thrown [s\src\hotspot\share\prims\jni.cpp, line 520]
Event: 232.551 Thread 0x000002f9d415cec0 Exception <a 'sun/nio/fs/WindowsException'{0x00000007ab1caa60}> (0x00000007ab1caa60) 
thrown [s\src\hotspot\share\prims\jni.cpp, line 520]
Event: 232.551 Thread 0x000002f9d415cec0 Exception <a 'sun/nio/fs/WindowsException'{0x00000007ab1cb0b0}> (0x00000007ab1cb0b0) 
thrown [s\src\hotspot\share\prims\jni.cpp, line 520]
Event: 232.552 Thread 0x000002f9d415cec0 Exception <a 'sun/nio/fs/WindowsException'{0x00000007ab1cbc10}> (0x00000007ab1cbc10) 
thrown [s\src\hotspot\share\prims\jni.cpp, line 520]
Event: 232.553 Thread 0x000002f9d415cec0 Exception <a 'sun/nio/fs/WindowsException'{0x00000007ab1cc260}> (0x00000007ab1cc260) 
thrown [s\src\hotspot\share\prims\jni.cpp, line 520]
Event: 232.554 Thread 0x000002f9d415cec0 Exception <a 'sun/nio/fs/WindowsException'{0x00000007ab1cd820}> (0x00000007ab1cd820) 
thrown [s\src\hotspot\share\prims\jni.cpp, line 520]
Event: 232.555 Thread 0x000002f9d415cec0 Exception <a 'sun/nio/fs/WindowsException'{0x00000007ab1cde70}> (0x00000007ab1cde70) 
thrown [s\src\hotspot\share\prims\jni.cpp, line 520]
Event: 232.600 Thread 0x000002f9d415cec0 Exception <a 'sun/nio/fs/WindowsException'{0x00000007ab1e84d8}> (0x00000007ab1e84d8) 
thrown [s\src\hotspot\share\prims\jni.cpp, line 520]
Event: 232.600 Thread 0x000002f9d415cec0 Exception <a 'sun/nio/fs/WindowsException'{0x00000007ab1e8b28}> (0x00000007ab1e8b28) 
thrown [s\src\hotspot\share\prims\jni.cpp, line 520]
Event: 234.999 Thread 0x000002f9d415cec0 Exception <a 'java/lang/NoSuchMethodError'{0x00000007aacfe4d8}: 'java.lang.Object java.lang.invoke.DirectMethodHandle$Holder.invokeStatic(java.lang.Object, java.lang.Object, int, java.lang.Object)'> (0x00000007aacfe4d8) 
thrown [s\src\hotspot\share\interpreter\linkResolver.cpp, line 773]

ZGC Phase Switch (0 events):
No events

VM Operations (20 events):
Event: 233.681 Executing safepoint VM operation: ParallelGCFailedAllocation (Allocation Failure)
Event: 233.687 Executing safepoint VM operation: ParallelGCFailedAllocation (Allocation Failure) done
Event: 233.816 Executing safepoint VM operation: ParallelGCFailedAllocation (Allocation Failure)
Event: 233.821 Executing safepoint VM operation: ParallelGCFailedAllocation (Allocation Failure) done
Event: 234.028 Executing safepoint VM operation: ParallelGCFailedAllocation (Allocation Failure)
Event: 234.032 Executing safepoint VM operation: ParallelGCFailedAllocation (Allocation Failure) done
Event: 234.303 Executing safepoint VM operation: ParallelGCFailedAllocation (Allocation Failure)
Event: 234.306 Executing safepoint VM operation: ParallelGCFailedAllocation (Allocation Failure) done
Event: 234.555 Executing safepoint VM operation: ParallelGCFailedAllocation (Allocation Failure)
Event: 234.557 Executing safepoint VM operation: ParallelGCFailedAllocation (Allocation Failure) done
Event: 234.768 Executing safepoint VM operation: ParallelGCFailedAllocation (Allocation Failure)
Event: 234.773 Executing safepoint VM operation: ParallelGCFailedAllocation (Allocation Failure) done
Event: 235.785 Executing safepoint VM operation: Cleanup
Event: 235.817 Executing safepoint VM operation: Cleanup done
Event: 236.820 Executing safepoint VM operation: Cleanup
Event: 236.820 Executing safepoint VM operation: Cleanup done
Event: 243.488 Executing non-safepoint VM operation: HandshakeAllThreads (HandshakeForDeflation)
Event: 243.488 Executing non-safepoint VM operation: HandshakeAllThreads (HandshakeForDeflation) done
Event: 243.488 Executing non-safepoint VM operation: RendezvousGCThreads
Event: 243.488 Executing non-safepoint VM operation: RendezvousGCThreads done

Memory protections (0 events):
No events

Nmethod flushes (20 events):
Event: 182.845 Thread 0x000002f9fe2daa60 flushing  nmethod 0x000002f980912090
Event: 182.845 Thread 0x000002f9fe2daa60 flushing  nmethod 0x000002f980913510
Event: 182.845 Thread 0x000002f9fe2daa60 flushing  nmethod 0x000002f980923610
Event: 182.845 Thread 0x000002f9fe2daa60 flushing  nmethod 0x000002f980928090
Event: 182.845 Thread 0x000002f9fe2daa60 flushing  nmethod 0x000002f98093fb90
Event: 182.845 Thread 0x000002f9fe2daa60 flushing  nmethod 0x000002f980948c90
Event: 182.845 Thread 0x000002f9fe2daa60 flushing  nmethod 0x000002f980949f90
Event: 182.845 Thread 0x000002f9fe2daa60 flushing  nmethod 0x000002f98094a390
Event: 182.845 Thread 0x000002f9fe2daa60 flushing  nmethod 0x000002f980978e90
Event: 182.845 Thread 0x000002f9fe2daa60 flushing  nmethod 0x000002f98098f890
Event: 182.845 Thread 0x000002f9fe2daa60 flushing  nmethod 0x000002f980990190
Event: 182.845 Thread 0x000002f9fe2daa60 flushing  nmethod 0x000002f980990e10
Event: 182.845 Thread 0x000002f9fe2daa60 flushing  nmethod 0x000002f980993e90
Event: 182.845 Thread 0x000002f9fe2daa60 flushing  nmethod 0x000002f98099f910
Event: 182.845 Thread 0x000002f9fe2daa60 flushing  nmethod 0x000002f9809aff10
Event: 182.845 Thread 0x000002f9fe2daa60 flushing  nmethod 0x000002f9809c8890
Event: 182.845 Thread 0x000002f9fe2daa60 flushing  nmethod 0x000002f9809ec610
Event: 182.845 Thread 0x000002f9fe2daa60 flushing osr nmethod 0x000002f9809f7010
Event: 182.845 Thread 0x000002f9fe2daa60 flushing  nmethod 0x000002f980a0a410
Event: 182.845 Thread 0x000002f9fe2daa60 flushing  nmethod 0x000002f980a1c110

Events (20 events):
Event: 206.853 Thread 0x000002f9d415c1a0 Thread added: 0x000002f9d4fd7060
Event: 206.854 Thread 0x000002f9d415c1a0 Thread added: 0x000002f9d6de26d0
Event: 208.134 Thread 0x000002f9d4fd4270 Thread exited: 0x000002f9d4fd4270
Event: 208.134 Thread 0x000002f9d4fd7060 Thread exited: 0x000002f9d4fd7060
Event: 208.134 Thread 0x000002f9d4fd6340 Thread exited: 0x000002f9d4fd6340
Event: 208.134 Thread 0x000002f9d6de26d0 Thread exited: 0x000002f9d6de26d0
Event: 208.134 Thread 0x000002f9d4fd3550 Thread exited: 0x000002f9d4fd3550
Event: 210.970 Thread 0x000002f9d415d550 Thread added: 0x000002f9d4fd3550
Event: 210.970 Thread 0x000002f9d415d550 Thread added: 0x000002f9d4fd4270
Event: 211.152 Thread 0x000002f9d415d550 Thread added: 0x000002f9d4fd7060
Event: 211.266 Thread 0x000002f9d4fd7060 Thread exited: 0x000002f9d4fd7060
Event: 211.267 Thread 0x000002f9d4fd3550 Thread exited: 0x000002f9d4fd3550
Event: 211.267 Thread 0x000002f9d4fd4270 Thread exited: 0x000002f9d4fd4270
Event: 211.462 Thread 0x000002f9d415d550 Thread exited: 0x000002f9d415d550
Event: 272.817 Thread 0x000002f9d4fd4900 Thread exited: 0x000002f9d4fd4900
Event: 282.259 Thread 0x000002f9d4fd4f90 Thread exited: 0x000002f9d4fd4f90
Event: 284.190 Thread 0x000002f9d4fd0760 Thread exited: 0x000002f9d4fd0760
Event: 284.193 Thread 0x000002f9d4fd0df0 Thread exited: 0x000002f9d4fd0df0
Event: 293.166 Thread 0x000002f9d4fd1480 Thread exited: 0x000002f9d4fd1480
Event: 333.041 Thread 0x000002f9d4fd5620 Thread exited: 0x000002f9d4fd5620


Dynamic libraries:
0x00007ff623bb0000 - 0x00007ff623bbe000 	c:\Users\jaimi\.vscode\extensions\redhat.java-1.56.0-win32-x64\jre\21.0.12.1-win32-x86_64\bin\java.exe
0x00007ffed1f70000 - 0x00007ffed2168000 	C:\Windows\SYSTEM32\ntdll.dll
0x00007ffed0ee0000 - 0x00007ffed0fa2000 	C:\Windows\System32\KERNEL32.DLL
0x00007ffecf700000 - 0x00007ffecf9f6000 	C:\Windows\System32\KERNELBASE.dll
0x00007ffecfba0000 - 0x00007ffecfca0000 	C:\Windows\System32\ucrtbase.dll
0x00007ffec68b0000 - 0x00007ffec68c8000 	c:\Users\jaimi\.vscode\extensions\redhat.java-1.56.0-win32-x64\jre\21.0.12.1-win32-x86_64\bin\jli.dll
0x00007ffed0d30000 - 0x00007ffed0ed1000 	C:\Windows\System32\USER32.dll
0x00007ffecfe90000 - 0x00007ffecfeb2000 	C:\Windows\System32\win32u.dll
0x00007ffed0560000 - 0x00007ffed058b000 	C:\Windows\System32\GDI32.dll
0x00007ffecfa00000 - 0x00007ffecfb19000 	C:\Windows\System32\gdi32full.dll
0x00007ffecfec0000 - 0x00007ffecff5d000 	C:\Windows\System32\msvcp_win.dll
0x00007ffeb6390000 - 0x00007ffeb63ae000 	c:\Users\jaimi\.vscode\extensions\redhat.java-1.56.0-win32-x64\jre\21.0.12.1-win32-x86_64\bin\VCRUNTIME140.dll
0x00007ffeb6680000 - 0x00007ffeb691b000 	C:\Windows\WinSxS\amd64_microsoft.windows.common-controls_6595b64144ccf1df_6.0.19041.6456_none_60b8a6cb71f64256\COMCTL32.dll
0x00007ffed0240000 - 0x00007ffed02de000 	C:\Windows\System32\msvcrt.dll
0x00007ffed0bb0000 - 0x00007ffed0bdf000 	C:\Windows\System32\IMM32.DLL
0x00007ffeca500000 - 0x00007ffeca50c000 	c:\Users\jaimi\.vscode\extensions\redhat.java-1.56.0-win32-x64\jre\21.0.12.1-win32-x86_64\bin\vcruntime140_1.dll
0x00007ffeb4f60000 - 0x00007ffeb4fed000 	c:\Users\jaimi\.vscode\extensions\redhat.java-1.56.0-win32-x64\jre\21.0.12.1-win32-x86_64\bin\msvcp140.dll
0x00007ffe4e2f0000 - 0x00007ffe4f092000 	c:\Users\jaimi\.vscode\extensions\redhat.java-1.56.0-win32-x64\jre\21.0.12.1-win32-x86_64\bin\server\jvm.dll
0x00007ffed0af0000 - 0x00007ffed0ba1000 	C:\Windows\System32\ADVAPI32.dll
0x00007ffed1e90000 - 0x00007ffed1f2f000 	C:\Windows\System32\sechost.dll
0x00007ffed0120000 - 0x00007ffed0240000 	C:\Windows\System32\RPCRT4.dll
0x00007ffecff60000 - 0x00007ffecff87000 	C:\Windows\System32\bcrypt.dll
0x00007ffed0bf0000 - 0x00007ffed0c5b000 	C:\Windows\System32\WS2_32.dll
0x00007ffecf080000 - 0x00007ffecf0cb000 	C:\Windows\SYSTEM32\POWRPROF.dll
0x00007ffeb15b0000 - 0x00007ffeb15d7000 	C:\Windows\SYSTEM32\WINMM.dll
0x00007ffebd780000 - 0x00007ffebd78a000 	C:\Windows\SYSTEM32\VERSION.dll
0x00007ffecefc0000 - 0x00007ffecefd2000 	C:\Windows\SYSTEM32\UMPDC.dll
0x00007ffecde10000 - 0x00007ffecde22000 	C:\Windows\SYSTEM32\kernel.appcore.dll
0x00007ffec85a0000 - 0x00007ffec85aa000 	c:\Users\jaimi\.vscode\extensions\redhat.java-1.56.0-win32-x64\jre\21.0.12.1-win32-x86_64\bin\jimage.dll
0x00007ffecdaf0000 - 0x00007ffecdcf1000 	C:\Windows\SYSTEM32\DBGHELP.DLL
0x00007ffeb0c50000 - 0x00007ffeb0c84000 	C:\Windows\SYSTEM32\dbgcore.DLL
0x00007ffecfca0000 - 0x00007ffecfd22000 	C:\Windows\System32\bcryptPrimitives.dll
0x00007ffeb6380000 - 0x00007ffeb638f000 	c:\Users\jaimi\.vscode\extensions\redhat.java-1.56.0-win32-x64\jre\21.0.12.1-win32-x86_64\bin\instrument.dll
0x00007ffeb62d0000 - 0x00007ffeb62f0000 	c:\Users\jaimi\.vscode\extensions\redhat.java-1.56.0-win32-x64\jre\21.0.12.1-win32-x86_64\bin\java.dll
0x00007ffed12b0000 - 0x00007ffed1a20000 	C:\Windows\System32\SHELL32.dll
0x00007ffecd270000 - 0x00007ffecda15000 	C:\Windows\SYSTEM32\windows.storage.dll
0x00007ffed0730000 - 0x00007ffed0a84000 	C:\Windows\System32\combase.dll
0x00007ffecefe0000 - 0x00007ffecf00b000 	C:\Windows\SYSTEM32\Wldp.dll
0x00007ffed0fb0000 - 0x00007ffed107d000 	C:\Windows\System32\OLEAUT32.dll
0x00007ffed0c80000 - 0x00007ffed0d2d000 	C:\Windows\System32\SHCORE.dll
0x00007ffed0670000 - 0x00007ffed06cb000 	C:\Windows\System32\shlwapi.dll
0x00007ffecf530000 - 0x00007ffecf554000 	C:\Windows\SYSTEM32\profapi.dll
0x00007ffeb61d0000 - 0x00007ffeb61e8000 	c:\Users\jaimi\.vscode\extensions\redhat.java-1.56.0-win32-x64\jre\21.0.12.1-win32-x86_64\bin\zip.dll
0x00007ffeb62c0000 - 0x00007ffeb62d0000 	C:\Users\jaimi\.vscode\extensions\redhat.java-1.56.0-win32-x64\jre\21.0.12.1-win32-x86_64\bin\net.dll
0x00007ffec58e0000 - 0x00007ffec59ea000 	C:\Windows\SYSTEM32\WINHTTP.dll
0x00007ffeced20000 - 0x00007ffeced8a000 	C:\Windows\system32\mswsock.dll
0x00007ffeb5c80000 - 0x00007ffeb5c96000 	C:\Users\jaimi\.vscode\extensions\redhat.java-1.56.0-win32-x64\jre\21.0.12.1-win32-x86_64\bin\nio.dll
0x00007ffeb6120000 - 0x00007ffeb6130000 	c:\Users\jaimi\.vscode\extensions\redhat.java-1.56.0-win32-x64\jre\21.0.12.1-win32-x86_64\bin\verify.dll
0x00007ffeb5010000 - 0x00007ffeb5055000 	C:\Users\jaimi\AppData\Roaming\Code\User\globalStorage\redhat.java\1.56.0\config_win\org.eclipse.equinox.launcher\org.eclipse.equinox.launcher.win32.win32.x86_64_1.3.100.v20260804-1928\eclipse_11924.dll
0x00007ffecfff0000 - 0x00007ffed011b000 	C:\Windows\System32\ole32.dll
0x00007ffecef10000 - 0x00007ffecef28000 	C:\Windows\SYSTEM32\CRYPTSP.dll
0x00007ffece5d0000 - 0x00007ffece608000 	C:\Windows\system32\rsaenh.dll
0x00007ffecf4f0000 - 0x00007ffecf51e000 	C:\Windows\SYSTEM32\USERENV.dll
0x00007ffecef30000 - 0x00007ffecef3c000 	C:\Windows\SYSTEM32\CRYPTBASE.dll
0x00007ffecea00000 - 0x00007ffecea3b000 	C:\Windows\SYSTEM32\IPHLPAPI.DLL
0x00007ffed0380000 - 0x00007ffed0388000 	C:\Windows\System32\NSI.dll
0x00007ffeab410000 - 0x00007ffeab459000 	C:\Users\jaimi\AppData\Local\Temp\jna-100887342\jna5033379365410768566.dll
0x00007ffed0be0000 - 0x00007ffed0be8000 	C:\Windows\System32\PSAPI.DLL
0x00007ffebdb00000 - 0x00007ffebdb17000 	C:\Windows\SYSTEM32\dhcpcsvc6.DLL
0x00007ffec2a10000 - 0x00007ffec2a2d000 	C:\Windows\SYSTEM32\dhcpcsvc.DLL
0x00007ffec8690000 - 0x00007ffec869e000 	C:\Users\jaimi\.vscode\extensions\redhat.java-1.56.0-win32-x64\jre\21.0.12.1-win32-x86_64\bin\sunmscapi.dll
0x00007ffecfd30000 - 0x00007ffecfe8d000 	C:\Windows\System32\CRYPT32.dll
0x00007ffecf050000 - 0x00007ffecf077000 	C:\Windows\SYSTEM32\ncrypt.dll
0x00007ffecf010000 - 0x00007ffecf04b000 	C:\Windows\SYSTEM32\NTASN1.dll

JVMTI agents:
c:\Users\jaimi\.vscode\extensions\redhat.java-1.56.0-win32-x64\lombok\lombok-1.18.39-4050.jar path:c:\Users\jaimi\.vscode\extensions\redhat.java-1.56.0-win32-x64\jre\21.0.12.1-win32-x86_64\bin\instrument.dll, loaded, initialized, instrumentlib options:none

dbghelp: loaded successfully - version: 4.0.5 - missing functions: none
symbol engine: initialized successfully - sym options: 0x614 - pdb path: .;c:\Users\jaimi\.vscode\extensions\redhat.java-1.56.0-win32-x64\jre\21.0.12.1-win32-x86_64\bin;C:\Windows\SYSTEM32;C:\Windows\WinSxS\amd64_microsoft.windows.common-controls_6595b64144ccf1df_6.0.19041.6456_none_60b8a6cb71f64256;c:\Users\jaimi\.vscode\extensions\redhat.java-1.56.0-win32-x64\jre\21.0.12.1-win32-x86_64\bin\server;C:\Users\jaimi\AppData\Roaming\Code\User\globalStorage\redhat.java\1.56.0\config_win\org.eclipse.equinox.launcher\org.eclipse.equinox.launcher.win32.win32.x86_64_1.3.100.v20260804-1928;C:\Users\jaimi\AppData\Local\Temp\jna-100887342

VM Arguments:
jvm_args: --add-modules=ALL-SYSTEM --add-opens=java.base/java.util=ALL-UNNAMED --add-opens=java.base/java.lang=ALL-UNNAMED --add-opens=java.base/sun.nio.fs=ALL-UNNAMED -Declipse.application=org.eclipse.jdt.ls.core.id1 -Dosgi.bundles.defaultStartLevel=4 -Declipse.product=org.eclipse.jdt.ls.core.product -Djava.import.generatesMetadataFilesAtProjectRoot=false -Dm2e.project.cache.size=50 -DDetectVMInstallationsJob.disabled=true -Dfile.encoding=utf8 -XX:+UseParallelGC -XX:GCTimeRatio=4 -XX:AdaptiveSizePolicyWeight=90 -Dsun.zip.disableMemoryMapping=true -Xmx4G -Xms100m -Xlog:disable -javaagent:c:\Users\jaimi\.vscode\extensions\redhat.java-1.56.0-win32-x64\lombok\lombok-1.18.39-4050.jar -XX:+HeapDumpOnOutOfMemoryError -XX:HeapDumpPath=c:\Users\jaimi\AppData\Roaming\Code\User\workspaceStorage\7b1695ebeb44925a89a06e7ce4c3f07f\redhat.java -Daether.dependencyCollector.impl=bf 
java_command: c:\Users\jaimi\.vscode\extensions\redhat.java-1.56.0-win32-x64\server\plugins\org.eclipse.equinox.launcher_1.8.0.v20260804-1928.jar -configuration c:\Users\jaimi\AppData\Roaming\Code\User\globalStorage\redhat.java\1.56.0\config_win -data c:\Users\jaimi\AppData\Roaming\Code\User\workspaceStorage\7b1695ebeb44925a89a06e7ce4c3f07f\redhat.java\jdt_ws --stdio
java_class_path (initial): c:\Users\jaimi\.vscode\extensions\redhat.java-1.56.0-win32-x64\server\plugins\org.eclipse.equinox.launcher_1.8.0.v20260804-1928.jar
Launcher Type: SUN_STANDARD

[Global flags]
    uintx AdaptiveSizePolicyWeight                 = 90                                        {product} {command line}
     intx CICompilerCount                          = 2                                         {product} {ergonomic}
    uintx GCTimeRatio                              = 4                                         {product} {command line}
     bool HeapDumpOnOutOfMemoryError               = true                                   {manageable} {command line}
    ccstr HeapDumpPath                             = c:\Users\jaimi\AppData\Roaming\Code\User\workspaceStorage\7b1695ebeb44925a89a06e7ce4c3f07f\redhat.java         {manageable} {command line}
   size_t InitialHeapSize                          = 104857600                                 {product} {command line}
   size_t MaxHeapSize                              = 4294967296                                {product} {command line}
   size_t MaxNewSize                               = 1431306240                                {product} {ergonomic}
   size_t MinHeapDeltaBytes                        = 524288                                    {product} {ergonomic}
   size_t MinHeapSize                              = 104857600                                 {product} {command line}
   size_t NewSize                                  = 34603008                                  {product} {ergonomic}
    uintx NonNMethodCodeHeapSize                   = 5826188                                {pd product} {ergonomic}
    uintx NonProfiledCodeHeapSize                  = 122916026                              {pd product} {ergonomic}
   size_t OldSize                                  = 70254592                                  {product} {ergonomic}
    uintx ProfiledCodeHeapSize                     = 122916026                              {pd product} {ergonomic}
    uintx ReservedCodeCacheSize                    = 251658240                              {pd product} {ergonomic}
     bool SegmentedCodeCache                       = true                                      {product} {ergonomic}
   size_t SoftMaxHeapSize                          = 4294967296                             {manageable} {ergonomic}
     bool UseCompressedOops                        = true                           {product lp64_product} {ergonomic}
     bool UseLargePagesIndividualAllocation        = false                                  {pd product} {ergonomic}
     bool UseParallelGC                            = true                                      {product} {command line}

Logging:
Log output configuration:
 #0: stdout all=off uptime,level,tags foldmultilines=false
 #1: stderr all=off uptime,level,tags foldmultilines=false

Release file:
JAVA_VERSION="21.0.12.1" 
MODULES="java.base java.compiler java.datatransfer java.xml java.prefs java.desktop java.instrument java.logging java.management java.security.sasl java.naming java.rmi java.management.rmi java.net.http java.scripting java.security.jgss java.transaction.xa java.sql java.sql.rowset java.xml.crypto java.se java.smartcardio jdk.accessibility jdk.internal.jvmstat jdk.attach jdk.charsets jdk.internal.opt jdk.zipfs jdk.compiler jdk.crypto.ec jdk.crypto.cryptoki jdk.crypto.mscapi jdk.dynalink jdk.internal.ed jdk.editpad jdk.hotspot.agent jdk.httpserver jdk.internal.le jdk.internal.vm.ci jdk.internal.vm.compiler jdk.internal.vm.compiler.management jdk.jartool jdk.javadoc jdk.jcmd jdk.management jdk.management.agent jdk.jconsole jdk.jdeps jdk.jdwp.agent jdk.jdi jdk.jfr jdk.jshell jdk.jsobject jdk.jstatd jdk.localedata jdk.management.jfr jdk.naming.dns jdk.naming.rmi jdk.net jdk.nio.mapmode jdk.random jdk.sctp jdk.security.auth jdk.security.jgss jdk.unsupported jdk.unsupported.desktop jdk.xml.dom" 

Environment Variables:
JAVA_HOME=C:\Program Files\Java\jdk1.8.0_503
PATH=C:\Program Files (x86)\Common Files\Oracle\Java\java8path;C:\Program Files (x86)\Common Files\Oracle\Java\javapath;C:\Windows\system32;C:\Windows;C:\Windows\System32\Wbem;C:\Windows\System32\WindowsPowerShell\v1.0\;C:\Windows\System32\OpenSSH\;C:\Program Files\Git\cmd;C:\Users\jaimi\OneDrive\Documentos\programacao\calculatorProject\omniORB\bin;C:\Users\jaimi\AppData\Local\Programs\Python\Python313\;C:\Users\jaimi\AppData\Local\Programs\Python\Launcher\;C:\Users\jaimi\AppData\Local\Microsoft\WindowsApps;C:\Users\jaimi\AppData\Local\Programs\Microsoft VS Code\bin;D:\programs files\PyCharm Community Edition 2024.1.4\bin;;C:\msys64\mingw64\bin;C:\msys64\usr\bin;C:\omniORB\bin\x86_win32;C:\Program Files\Java\jdk1.8.0_503;C:\apache-maven-3.9.16\bin;C:\Program Files\Java\jdk1.8.0_503\bin;
USERNAME=jaimi
OS=Windows_NT
PROCESSOR_IDENTIFIER=Intel64 Family 6 Model 122 Stepping 8, GenuineIntel
TMP=C:\Users\jaimi\AppData\Local\Temp
TEMP=C:\Users\jaimi\AppData\Local\Temp




Periodic native trim disabled

---------------  S Y S T E M  ---------------

OS:
 Windows 10 , 64 bit Build 19041 (10.0.19041.5915)
OS uptime: 0 days 5:53 hours

CPU: total 2 (initial active 2) (2 cores per cpu, 1 threads per core) family 6 model 122 stepping 8 microcode 0x22, cx8, cmov, fxsr, mmx, 3dnowpref, sse, sse2, sse3, ssse3, sse4.1, sse4.2, popcnt, tsc, tscinvbit, aes, erms, clmul, sha, clflush, clflushopt, rdtscp, rdpid
Processor Information for the first 2 processors :
  Max Mhz: 1101, Current Mhz: 1101, Mhz Limit: 1101

Memory: 4k page, system-wide physical 8008M (1116M free)
TotalPageFile size 9989M (AvailPageFile size 2M)
current process WorkingSet (physical memory assigned to process): 375M, peak: 375M
current process commit charge ("private bytes"): 499M, peak: 501M

vm_info: OpenJDK 64-Bit Server VM (21.0.12.1+1-LTS) for windows-amd64 JRE (21.0.12.1+1-LTS), built on 2026-08-18T00:00:00Z by "admin" with MS VC++ 17.12 (VS2022)

END.
