#
# There is insufficient memory for the Java Runtime Environment to continue.
# Native memory allocation (mmap) failed to map 65536 bytes. Error detail: Failed to commit metaspace.
# Possible reasons:
#   The system is out of physical RAM or swap space
#   This process is running with CompressedOops enabled, and the Java Heap may be blocking the growth of the native heap
# Possible solutions:
#   Reduce memory load on the system
#   Increase physical memory or swap space
#   Check if swap backing store is full
#   Decrease Java heap size (-Xmx/-Xms)
#   Decrease number of Java threads
#   Decrease Java thread stack sizes (-Xss)
#   Set larger code cache with -XX:ReservedCodeCacheSize=
#   JVM is running with Zero Based Compressed Oops mode in which the Java heap is
#     placed in the first 32GB address space. The Java Heap base address is the
#     maximum limit for the native heap growth. Please use -XX:HeapBaseMinAddress
#     to set the Java Heap base and to place the Java Heap above 32GB virtual address.
# This output file may be truncated or incomplete.
#
#  Out of Memory Error (virtualSpaceNode.cpp:113), pid=1612, tid=10084
#
# JRE version: OpenJDK Runtime Environment Temurin-21.0.12.1+1 (21.0.12.1+1) (build 21.0.12.1+1-LTS)
# Java VM: OpenJDK 64-Bit Server VM Temurin-21.0.12.1+1 (21.0.12.1+1-LTS, mixed mode, sharing, tiered, compressed oops, compressed class ptrs, parallel gc, windows-amd64)
# No core dump will be written. Minidumps are not enabled by default on client versions of Windows
#

---------------  S U M M A R Y ------------

Command Line: --add-modules=ALL-SYSTEM --add-opens=java.base/java.util=ALL-UNNAMED --add-opens=java.base/java.lang=ALL-UNNAMED --add-opens=java.base/sun.nio.fs=ALL-UNNAMED -Declipse.application=org.eclipse.jdt.ls.core.id1 -Dosgi.bundles.defaultStartLevel=4 -Declipse.product=org.eclipse.jdt.ls.core.product -Djava.import.generatesMetadataFilesAtProjectRoot=false -Dm2e.project.cache.size=50 -DDetectVMInstallationsJob.disabled=true -Dfile.encoding=utf8 -XX:+UseParallelGC -XX:GCTimeRatio=4 -XX:AdaptiveSizePolicyWeight=90 -Dsun.zip.disableMemoryMapping=true -Xmx4G -Xms100m -Xlog:disable -javaagent:c:\Users\jaimi\.vscode\extensions\redhat.java-1.56.0-win32-x64\lombok\lombok-1.18.39-4050.jar -XX:+HeapDumpOnOutOfMemoryError -XX:HeapDumpPath=c:\Users\jaimi\AppData\Roaming\Code\User\workspaceStorage\7b1695ebeb44925a89a06e7ce4c3f07f\redhat.java -Daether.dependencyCollector.impl=bf c:\Users\jaimi\.vscode\extensions\redhat.java-1.56.0-win32-x64\server\plugins\org.eclipse.equinox.launcher_1.8.0.v20260804-1928.jar -configuration c:\Users\jaimi\AppData\Roaming\Code\User\globalStorage\redhat.java\1.56.0\config_win -data c:\Users\jaimi\AppData\Roaming\Code\User\workspaceStorage\7b1695ebeb44925a89a06e7ce4c3f07f\redhat.java\jdt_ws --stdio

Host: Intel(R) Celeron(R) N4020 CPU @ 1.10GHz, 2 cores, 7G,  Windows 10 , 64 bit Build 19041 (10.0.19041.5915)
Time: Tue Oct  6 18:44:28 2026 South Africa Standard Time elapsed time: 7.305545 seconds (0d 0h 0m 7s)

---------------  T H R E A D  ---------------

Current thread (0x00000147013b5020):  JavaThread "main"             [_thread_in_vm, id=10084, stack(0x00000014d1d00000,0x00000014d1e00000) (1024K)]

Stack: [0x00000014d1d00000,0x00000014d1e00000]
Native frames: (J=compiled Java code, j=interpreted, Vv=VM code, C=native code)
V  [jvm.dll+0x6d83e9]
V  [jvm.dll+0x8b5736]
V  [jvm.dll+0x8b7cee]
V  [jvm.dll+0x8b83d3]
V  [jvm.dll+0x284596]
V  [jvm.dll+0x8b147e]
V  [jvm.dll+0x679ad4]
V  [jvm.dll+0x1e849b]
V  [jvm.dll+0x1e825e]
V  [jvm.dll+0x67c3d2]
V  [jvm.dll+0x67c202]
V  [jvm.dll+0x67a4ae]
V  [jvm.dll+0x281467]
V  [jvm.dll+0x72e6df]
V  [jvm.dll+0x72f21f]
V  [jvm.dll+0x3ccb91]
V  [jvm.dll+0x3cb967]
V  [jvm.dll+0x3cb908]
V  [jvm.dll+0x3dd3aa]
C  0x000001470de08ff1

The last pc belongs to new (printed below).
Java frames: (J=compiled Java code, j=interpreted, Vv=VM code)
j  org.eclipse.osgi.storage.Storage.<init>(Lorg/eclipse/osgi/internal/framework/EquinoxContainer;[Ljava/lang/String;)V+642
j  org.eclipse.osgi.storage.Storage.createStorage(Lorg/eclipse/osgi/internal/framework/EquinoxContainer;)Lorg/eclipse/osgi/storage/Storage;+11
j  org.eclipse.osgi.internal.framework.EquinoxContainer.<init>(Ljava/util/Map;Lorg/osgi/framework/connect/ModuleConnector;)V+146
j  org.eclipse.osgi.launch.Equinox.<init>(Ljava/util/Map;Lorg/osgi/framework/connect/ModuleConnector;)V+10
j  org.eclipse.osgi.launch.Equinox.<init>(Ljava/util/Map;)V+3
j  org.eclipse.core.runtime.adaptor.EclipseStarter.startup([Ljava/lang/String;Ljava/lang/Runnable;)Lorg/osgi/framework/BundleContext;+28
j  org.eclipse.core.runtime.adaptor.EclipseStarter.run([Ljava/lang/String;Ljava/lang/Runnable;)Ljava/lang/Object;+21
j  java.lang.invoke.DirectMethodHandle$Holder.invokeStatic(Ljava/lang/Object;Ljava/lang/Object;Ljava/lang/Object;)Ljava/lang/Object;+11 java.base@21.0.12.1
j  java.lang.invoke.LambdaForm$MH+0x000001472008a800.invoke(Ljava/lang/Object;Ljava/lang/Object;Ljava/lang/Object;Ljava/lang/Object;)Ljava/lang/Object;+54 java.base@21.0.12.1
j  java.lang.invoke.LambdaForm$MH+0x0000014720002c00.invokeExact_MT(Ljava/lang/Object;Ljava/lang/Object;Ljava/lang/Object;Ljava/lang/Object;Ljava/lang/Object;)Ljava/lang/Object;+22 java.base@21.0.12.1
j  jdk.internal.reflect.DirectMethodHandleAccessor.invokeImpl(Ljava/lang/Object;[Ljava/lang/Object;)Ljava/lang/Object;+72 java.base@21.0.12.1
j  jdk.internal.reflect.DirectMethodHandleAccessor.invoke(Ljava/lang/Object;[Ljava/lang/Object;)Ljava/lang/Object;+23 java.base@21.0.12.1
j  java.lang.reflect.Method.invoke(Ljava/lang/Object;[Ljava/lang/Object;)Ljava/lang/Object;+102 java.base@21.0.12.1
j  org.eclipse.equinox.launcher.Main.invokeFramework([Ljava/lang/String;[Ljava/net/URL;)V+155
j  org.eclipse.equinox.launcher.Main.basicRun([Ljava/lang/String;)V+191
j  org.eclipse.equinox.launcher.Main.run([Ljava/lang/String;)I+4
j  org.eclipse.equinox.launcher.Main.main([Ljava/lang/String;)V+10
v  ~StubRoutines::call_stub 0x000001470ddf1015
new  187 new  [0x000001470de08e60, 0x000001470de09060]  512 bytes
[MachCode]
  0x000001470de08e60: 4883 ec08 | f30f 1104 | 24eb 1f48 | 83ec 10f2 | 0f11 0424 | eb14 4883 | ec10 4889 | 0424 48c7 
  0x000001470de08e80: 4424 0800 | 0000 00eb | 0150 410f | b755 010f | cac1 ea10 | 488b 4de8 | 488b 4908 | 488b 4908 
  0x000001470de08ea0: 488b 4108 | 807c 1004 | 070f 85d3 | 0000 0066 | 8b54 d148 | 488b 4928 | 488b 4cd1 | 0851 80b9 
  0x000001470de08ec0: 3101 0000 | 040f 85b6 | 0000 008b | 5108 f6c2 | 010f 85aa | 0000 0049 | 8b87 b801 | 0000 488d 
  0x000001470de08ee0: 1c10 493b | 9fc8 0100 | 000f 8792 | 0000 0049 | 899f b801 | 0000 4883 | ea10 0f84 | 0f00 0000 
  0x000001470de08f00: 33c9 c1ea | 0348 894c | d008 48ff | ca75 f648 | c700 0100 | 0000 5933 | f689 700c | 49ba 0000 
  0x000001470de08f20: 001f 4701 | 0000 492b | ca89 4808 | 49ba 076d | f94e fe7f | 0000 4180 | 3a00 0f84 | 3c00 0000 
  0x000001470de08f40: 5048 8bc8 | 4883 ec20 | 40f6 c40f | 0f84 1900 | 0000 4883 | ec08 48b8 | 20eb a24e | fe7f 0000 
  0x000001470de08f60: ffd0 4883 | c408 e90c | 0000 0048 | b820 eba2 | 4efe 7f00 | 00ff d048 | 83c4 2058 | e9c5 0000 
  0x000001470de08f80: 0059 488b | 55e8 488b | 5208 488b | 5208 450f | b745 0141 | 0fc8 41c1 | e810 e805 | 0000 00e9 
  0x000001470de08fa0: a200 0000 | 488d 4424 | 084c 896d | c049 8bcf | 4989 afb0 | 0300 0049 | 8987 a003 | 0000 4883 
  0x000001470de08fc0: ec20 40f6 | c40f 0f84 | 1900 0000 | 4883 ec08 | 48b8 20d3 | 6c4e fe7f | 0000 ffd0 | 4883 c408 
  0x000001470de08fe0: e90c 0000 | 0048 b820 | d36c 4efe | 7f00 00ff | d048 83c4 | 2049 c787 | a003 0000 | 0000 0000 
  0x000001470de09000: 49c7 87b0 | 0300 0000 | 0000 0049 | c787 a803 | 0000 0000 | 0000 4983 | 7f08 000f | 8405 0000 
  0x000001470de09020: 00e9 da7e | feff 498b | 87f8 0300 | 0049 c787 | f803 0000 | 0000 0000 | 4c8b 6dc0 | 4c8b 75c8 
  0x000001470de09040: 4e8d 74f5 | 00c3 410f | b65d 0349 | 83c5 0349 | ba50 35fc | 4efe 7f00 | 0041 ff24 | da66 6690 
[/MachCode]

---------------  P R O C E S S  ---------------

Threads class SMR info:
_java_thread_list=0x0000014760437850, length=11, elements={
0x00000147013b5020, 0x000001471e9b66f0, 0x000001471e9b8000, 0x000001471e9b9b90,
0x000001471e9baab0, 0x000001471e9bd8e0, 0x000001471e9bf350, 0x000001471e9c41a0,
0x000001471ea37040, 0x00000147602a3b70, 0x0000014760485350
}

Java Threads: ( => current thread )
=>0x00000147013b5020 JavaThread "main"                              [_thread_in_vm, id=10084, stack(0x00000014d1d00000,0x00000014d1e00000) (1024K)]
  0x000001471e9b66f0 JavaThread "Reference Handler"          daemon [_thread_blocked, id=1544, stack(0x00000014d2100000,0x00000014d2200000) (1024K)]
  0x000001471e9b8000 JavaThread "Finalizer"                  daemon [_thread_blocked, id=10820, stack(0x00000014d2200000,0x00000014d2300000) (1024K)]
  0x000001471e9b9b90 JavaThread "Signal Dispatcher"          daemon [_thread_blocked, id=8256, stack(0x00000014d2300000,0x00000014d2400000) (1024K)]
  0x000001471e9baab0 JavaThread "Attach Listener"            daemon [_thread_blocked, id=2312, stack(0x00000014d2400000,0x00000014d2500000) (1024K)]
  0x000001471e9bd8e0 JavaThread "Service Thread"             daemon [_thread_blocked, id=14560, stack(0x00000014d2500000,0x00000014d2600000) (1024K)]
  0x000001471e9bf350 JavaThread "Monitor Deflation Thread"   daemon [_thread_blocked, id=10876, stack(0x00000014d2600000,0x00000014d2700000) (1024K)]
  0x000001471e9c41a0 JavaThread "C2 CompilerThread0"         daemon [_thread_blocked, id=14104, stack(0x00000014d2700000,0x00000014d2800000) (1024K)]
  0x000001471ea37040 JavaThread "C1 CompilerThread0"         daemon [_thread_blocked, id=216, stack(0x00000014d2800000,0x00000014d2900000) (1024K)]
  0x00000147602a3b70 JavaThread "Common-Cleaner"             daemon [_thread_blocked, id=14184, stack(0x00000014d2900000,0x00000014d2a00000) (1024K)]
  0x0000014760485350 JavaThread "Notification Thread"        daemon [_thread_blocked, id=13060, stack(0x00000014d2a00000,0x00000014d2b00000) (1024K)]
Total: 11

Other Threads:
  0x000001471e99b800 VMThread "VM Thread"                           [id=9144, stack(0x00000014d2000000,0x00000014d2100000) (1024K)]
  0x00000147037751e0 WatcherThread "VM Periodic Task Thread"        [id=9336, stack(0x00000014d1f00000,0x00000014d2000000) (1024K)]
  0x00000147036cd920 WorkerThread "GC Thread#0"                     [id=9044, stack(0x00000014d1e00000,0x00000014d1f00000) (1024K)]
  0x000001476044b1f0 WorkerThread "GC Thread#1"                     [id=1964, stack(0x00000014d2b00000,0x00000014d2c00000) (1024K)]
Total: 4

Threads with active compile tasks:
Total: 0

VM state: not at safepoint (normal execution)

VM Mutex/Monitor currently owned by a thread:  ([mutex/lock_event])
[0x00007ffe4efad530] Metaspace_lock - owner thread: 0x00000147013b5020

Heap address: 0x0000000700000000, size: 4096 MB, Compressed Oops mode: Zero based, Oop shift amount: 3

CDS archive(s) mapped at: [0x000001471f000000-0x000001471fba0000-0x000001471fba0000), size 12189696, SharedBaseAddress: 0x000001471f000000, ArchiveRelocationMode: 1.
Compressed class space mapped at: 0x0000014720000000-0x0000014760000000, reserved size: 1073741824
Narrow klass base: 0x000001471f000000, Narrow klass shift: 0, Narrow klass range: 0x100000000

GC Precious Log:
 CardTable entry size: 512
 CPUs: 2 total, 2 available
 Memory: 8008M
 Large Page Support: Disabled
 NUMA Support: Disabled
 Compressed Oops: Enabled (Zero based)
 Alignments: Space 512K, Generation 512K, Heap 2M
 Heap Min Capacity: 100M
 Heap Initial Capacity: 100M
 Heap Max Capacity: 4G
 Pre-touch: Disabled
 Parallel Workers: 2

Heap:
 PSYoungGen      total 29696K, used 8511K [0x00000007aab00000, 0x00000007acc00000, 0x0000000800000000)
  eden space 25600K, 20% used [0x00000007aab00000,0x00000007ab01bdd0,0x00000007ac400000)
  from space 4096K, 80% used [0x00000007ac400000,0x00000007ac734148,0x00000007ac800000)
  to   space 4096K, 0% used [0x00000007ac800000,0x00000007ac800000,0x00000007acc00000)
 ParOldGen       total 68608K, used 0K [0x0000000700000000, 0x0000000704300000, 0x00000007aab00000)
  object space 68608K, 0% used [0x0000000700000000,0x0000000700000000,0x0000000704300000)
 Metaspace       used 5488K, committed 5824K, reserved 1114112K
  class space    used 580K, committed 768K, reserved 1048576K

Card table byte_map: [0x00000147158c0000,0x00000147160d0000] _byte_map_base: 0x00000147120c0000

Marking Bits: (ParMarkBitMap*) 0x00007ffe4efb44a0
 Begin Bits: [0x00000147160d0000, 0x000001471a0d0000)
 End Bits:   [0x000001471a0d0000, 0x000001471e0d0000)

Polling page: 0x0000014701360000

Metaspace:

Usage:
  Non-class:      4.79 MB used.
      Class:    580.20 KB used.
       Both:      5.36 MB used.

Virtual space:
  Non-class space:       64.00 MB reserved,       4.94 MB (  8%) committed,  1 nodes.
      Class space:        1.00 GB reserved,     768.00 KB ( <1%) committed,  1 nodes.
             Both:        1.06 GB reserved,       5.69 MB ( <1%) committed. 

Chunk freelists:
   Non-Class:  10.49 MB
       Class:  15.11 MB
        Both:  25.60 MB

MaxMetaspaceSize: unlimited
CompressedClassSpaceSize: 1.00 GB
Initial GC threshold: 21.00 MB
Current GC threshold: 21.00 MB
CDS: on
 - commit_granule_bytes: 65536.
 - commit_granule_words: 8192.
 - virtual_space_node_default_size: 8388608.
 - enlarge_chunks_in_place: 1.
 - use_allocation_guard: 0.


Internal statistics:

num_allocs_failed_limit: 0.
num_arena_births: 190.
num_arena_deaths: 0.
num_vsnodes_births: 2.
num_vsnodes_deaths: 0.
num_space_committed: 91.
num_space_uncommitted: 0.
num_chunks_returned_to_freelist: 0.
num_chunks_taken_from_freelist: 292.
num_chunk_merges: 0.
num_chunk_splits: 186.
num_chunks_enlarged: 112.
num_inconsistent_stats: 0.

CodeHeap 'non-profiled nmethods': size=120064Kb used=495Kb max_used=495Kb free=119568Kb
 bounds [0x000001470e380000, 0x000001470e5f0000, 0x00000147158c0000]
CodeHeap 'profiled nmethods': size=120000Kb used=2109Kb max_used=2109Kb free=117890Kb
 bounds [0x00000147068c0000, 0x0000014706b30000, 0x000001470ddf0000]
CodeHeap 'non-nmethods': size=5696Kb used=1199Kb max_used=1215Kb free=4496Kb
 bounds [0x000001470ddf0000, 0x000001470e060000, 0x000001470e380000]
CodeCache: size=245760Kb, used=3803Kb, max_used=3819Kb, free=241954Kb
 total_blobs=1728, nmethods=1262, adapters=374, full_count=0
Compilation: enabled, stopped_count=0, restarted_count=0

Compilation events (20 events):
Event: 7.288 Thread 0x000001471ea37040 nmethod 1256 0x000001470e3fb490 code [0x000001470e3fb620, 0x000001470e3fb6e8]
Event: 7.288 Thread 0x000001471ea37040 1257       1       org.eclipse.osgi.storage.BundleInfo::getLocation (5 bytes)
Event: 7.289 Thread 0x000001471ea37040 nmethod 1257 0x000001470e3fb790 code [0x000001470e3fb920, 0x000001470e3fb9f0]
Event: 7.289 Thread 0x000001471ea37040 1258       1       org.eclipse.osgi.internal.hookregistry.StorageHookFactory$StorageHook::getFactoryClass (5 bytes)
Event: 7.289 Thread 0x000001471ea37040 nmethod 1258 0x000001470e3fba90 code [0x000001470e3fbc20, 0x000001470e3fbcf0]
Event: 7.289 Thread 0x000001471ea37040 1259       3       org.eclipse.osgi.storage.Storage::getHooks (34 bytes)
Event: 7.290 Thread 0x000001471ea37040 nmethod 1259 0x0000014706ac8210 code [0x0000014706ac8400, 0x0000014706ac89f0]
Event: 7.293 Thread 0x000001471ea37040 1260   !   3       java.util.concurrent.ConcurrentHashMap::computeIfAbsent (576 bytes)
Event: 7.297 Thread 0x000001471ea37040 nmethod 1260 0x0000014706ac8c10 code [0x0000014706ac9040, 0x0000014706acb1e0]
Event: 7.297 Thread 0x000001471ea37040 1261   !   3       java.util.zip.ZipFile$Source::readFullyAt (74 bytes)
Event: 7.298 Thread 0x000001471ea37040 nmethod 1261 0x0000014706acc290 code [0x0000014706acc480, 0x0000014706acc8d0]
Event: 7.298 Thread 0x000001471ea37040 1262       3       java.lang.ref.Reference::clear (5 bytes)
Event: 7.298 Thread 0x000001471ea37040 nmethod 1262 0x0000014706accb90 code [0x0000014706accd40, 0x0000014706acce78]
Event: 7.298 Thread 0x000001471ea37040 1263   !   3       java.util.zip.Inflater::setInput (56 bytes)
Event: 7.299 Thread 0x000001471ea37040 nmethod 1263 0x0000014706accf10 code [0x0000014706acd0e0, 0x0000014706acd468]
Event: 7.300 Thread 0x000001471ea37040 1264       3       java.lang.reflect.Constructor::newInstanceWithCaller (51 bytes)
Event: 7.301 Thread 0x000001471ea37040 nmethod 1264 0x0000014706acd610 code [0x0000014706acd7e0, 0x0000014706acdab8]
Event: 7.301 Thread 0x000001471ea37040 1265       3       java.util.zip.ZipFile$ZipFileInflaterInputStream::fill (80 bytes)
Event: 7.301 Thread 0x000001471ea37040 nmethod 1265 0x0000014706acdc10 code [0x0000014706acde00, 0x0000014706ace198]
Event: 7.301 Thread 0x000001471ea37040 1266   !   3       java.util.zip.ZipFile$ZipFileInputStream::read (135 bytes)

GC Heap History (2 events):
Event: 6.327 GC heap before
{Heap before GC invocations=1 (full 0):
 PSYoungGen      total 29696K, used 25600K [0x00000007aab00000, 0x00000007acc00000, 0x0000000800000000)
  eden space 25600K, 100% used [0x00000007aab00000,0x00000007ac400000,0x00000007ac400000)
  from space 4096K, 0% used [0x00000007ac800000,0x00000007ac800000,0x00000007acc00000)
  to   space 4096K, 0% used [0x00000007ac400000,0x00000007ac400000,0x00000007ac800000)
 ParOldGen       total 68608K, used 0K [0x0000000700000000, 0x0000000704300000, 0x00000007aab00000)
  object space 68608K, 0% used [0x0000000700000000,0x0000000700000000,0x0000000704300000)
 Metaspace       used 4396K, committed 4672K, reserved 1114112K
  class space    used 477K, committed 576K, reserved 1048576K
}
Event: 6.445 GC heap after
{Heap after GC invocations=1 (full 0):
 PSYoungGen      total 29696K, used 3280K [0x00000007aab00000, 0x00000007acc00000, 0x0000000800000000)
  eden space 25600K, 0% used [0x00000007aab00000,0x00000007aab00000,0x00000007ac400000)
  from space 4096K, 80% used [0x00000007ac400000,0x00000007ac734148,0x00000007ac800000)
  to   space 4096K, 0% used [0x00000007ac800000,0x00000007ac800000,0x00000007acc00000)
 ParOldGen       total 68608K, used 0K [0x0000000700000000, 0x0000000704300000, 0x00000007aab00000)
  object space 68608K, 0% used [0x0000000700000000,0x0000000700000000,0x0000000704300000)
 Metaspace       used 4396K, committed 4672K, reserved 1114112K
  class space    used 477K, committed 576K, reserved 1048576K
}

Dll operation events (16 events):
Event: 0.027 Attempting to load shared library c:\Users\jaimi\.vscode\extensions\redhat.java-1.56.0-win32-x64\jre\21.0.12.1-win32-x86_64\bin\java.dll
Event: 0.027 Loaded shared library c:\Users\jaimi\.vscode\extensions\redhat.java-1.56.0-win32-x64\jre\21.0.12.1-win32-x86_64\bin\java.dll
Event: 0.807 Attempting to load shared library c:\Users\jaimi\.vscode\extensions\redhat.java-1.56.0-win32-x64\jre\21.0.12.1-win32-x86_64\bin\zip.dll
Event: 0.808 Loaded shared library c:\Users\jaimi\.vscode\extensions\redhat.java-1.56.0-win32-x64\jre\21.0.12.1-win32-x86_64\bin\zip.dll
Event: 0.988 Attempting to load shared library C:\Users\jaimi\.vscode\extensions\redhat.java-1.56.0-win32-x64\jre\21.0.12.1-win32-x86_64\bin\instrument.dll
Event: 0.988 Loaded shared library C:\Users\jaimi\.vscode\extensions\redhat.java-1.56.0-win32-x64\jre\21.0.12.1-win32-x86_64\bin\instrument.dll
Event: 1.012 Attempting to load shared library C:\Users\jaimi\.vscode\extensions\redhat.java-1.56.0-win32-x64\jre\21.0.12.1-win32-x86_64\bin\net.dll
Event: 1.017 Loaded shared library C:\Users\jaimi\.vscode\extensions\redhat.java-1.56.0-win32-x64\jre\21.0.12.1-win32-x86_64\bin\net.dll
Event: 1.100 Attempting to load shared library C:\Users\jaimi\.vscode\extensions\redhat.java-1.56.0-win32-x64\jre\21.0.12.1-win32-x86_64\bin\nio.dll
Event: 1.100 Loaded shared library C:\Users\jaimi\.vscode\extensions\redhat.java-1.56.0-win32-x64\jre\21.0.12.1-win32-x86_64\bin\nio.dll
Event: 1.111 Attempting to load shared library C:\Users\jaimi\.vscode\extensions\redhat.java-1.56.0-win32-x64\jre\21.0.12.1-win32-x86_64\bin\zip.dll
Event: 1.111 Loaded shared library C:\Users\jaimi\.vscode\extensions\redhat.java-1.56.0-win32-x64\jre\21.0.12.1-win32-x86_64\bin\zip.dll
Event: 1.225 Attempting to load shared library C:\Users\jaimi\.vscode\extensions\redhat.java-1.56.0-win32-x64\jre\21.0.12.1-win32-x86_64\bin\jimage.dll
Event: 1.225 Loaded shared library C:\Users\jaimi\.vscode\extensions\redhat.java-1.56.0-win32-x64\jre\21.0.12.1-win32-x86_64\bin\jimage.dll
Event: 1.588 Attempting to load shared library c:\Users\jaimi\.vscode\extensions\redhat.java-1.56.0-win32-x64\jre\21.0.12.1-win32-x86_64\bin\verify.dll
Event: 1.589 Loaded shared library c:\Users\jaimi\.vscode\extensions\redhat.java-1.56.0-win32-x64\jre\21.0.12.1-win32-x86_64\bin\verify.dll

Deoptimization events (20 events):
Event: 6.483 Thread 0x00000147013b5020 Uncommon trap: trap_request=0xffffffc6 fr.pc=0x000001470e3babf8 relative=0x00000000000002b8
Event: 6.483 Thread 0x00000147013b5020 Uncommon trap: reason=bimorphic_or_optimized_type_check action=maybe_recompile pc=0x000001470e3babf8 method=java.util.Collections$UnmodifiableCollection$1.next()Ljava/lang/Object; @ 4 c2
Event: 6.483 Thread 0x00000147013b5020 DEOPT PACKING pc=0x000001470e3babf8 sp=0x00000014d1dfef40
Event: 6.483 Thread 0x00000147013b5020 DEOPT UNPACKING pc=0x000001470de43a9c sp=0x00000014d1dfeef0 mode 2
Event: 6.484 Thread 0x00000147013b5020 Uncommon trap: trap_request=0xffffffc6 fr.pc=0x000001470e3babf8 relative=0x00000000000002b8
Event: 6.484 Thread 0x00000147013b5020 Uncommon trap: reason=bimorphic_or_optimized_type_check action=maybe_recompile pc=0x000001470e3babf8 method=java.util.Collections$UnmodifiableCollection$1.next()Ljava/lang/Object; @ 4 c2
Event: 6.484 Thread 0x00000147013b5020 DEOPT PACKING pc=0x000001470e3babf8 sp=0x00000014d1dfef40
Event: 6.484 Thread 0x00000147013b5020 DEOPT UNPACKING pc=0x000001470de43a9c sp=0x00000014d1dfeef0 mode 2
Event: 6.647 Thread 0x00000147013b5020 Uncommon trap: trap_request=0xffffff45 fr.pc=0x000001470e3e3184 relative=0x0000000000000a04
Event: 6.647 Thread 0x00000147013b5020 Uncommon trap: reason=unstable_if action=reinterpret pc=0x000001470e3e3184 method=java.util.HashMap.hash(Ljava/lang/Object;)I @ 1 c2
Event: 6.647 Thread 0x00000147013b5020 DEOPT PACKING pc=0x000001470e3e3184 sp=0x00000014d1dfed90
Event: 6.647 Thread 0x00000147013b5020 DEOPT UNPACKING pc=0x000001470de43a9c sp=0x00000014d1dfed10 mode 2
Event: 6.647 Thread 0x00000147013b5020 Uncommon trap: trap_request=0xffffff45 fr.pc=0x000001470e3e4248 relative=0x0000000000000288
Event: 6.647 Thread 0x00000147013b5020 Uncommon trap: reason=unstable_if action=reinterpret pc=0x000001470e3e4248 method=java.util.HashMap.hash(Ljava/lang/Object;)I @ 1 c2
Event: 6.647 Thread 0x00000147013b5020 DEOPT PACKING pc=0x000001470e3e4248 sp=0x00000014d1dfecc0
Event: 6.647 Thread 0x00000147013b5020 DEOPT UNPACKING pc=0x000001470de43a9c sp=0x00000014d1dfeb58 mode 2
Event: 6.678 Thread 0x00000147013b5020 Uncommon trap: trap_request=0xffffff45 fr.pc=0x000001470e3ddcec relative=0x000000000000030c
Event: 6.678 Thread 0x00000147013b5020 Uncommon trap: reason=unstable_if action=reinterpret pc=0x000001470e3ddcec method=java.util.HashMap.hash(Ljava/lang/Object;)I @ 1 c2
Event: 6.678 Thread 0x00000147013b5020 DEOPT PACKING pc=0x000001470e3ddcec sp=0x00000014d1dfec30
Event: 6.678 Thread 0x00000147013b5020 DEOPT UNPACKING pc=0x000001470de43a9c sp=0x00000014d1dfeb38 mode 2

Classes loaded (20 events):
Event: 6.945 Loading class sun/nio/ch/NativeThreadSet
Event: 6.945 Loading class sun/nio/ch/NativeThreadSet done
Event: 6.945 Loading class sun/nio/ch/FileLockImpl
Event: 6.945 Loading class java/nio/channels/FileLock
Event: 6.946 Loading class java/nio/channels/FileLock done
Event: 6.946 Loading class sun/nio/ch/FileLockImpl done
Event: 6.946 Loading class sun/nio/ch/NativeThread
Event: 6.946 Loading class sun/nio/ch/NativeThread done
Event: 6.946 Loading class sun/nio/ch/FileLockTable
Event: 6.946 Loading class sun/nio/ch/FileLockTable done
Event: 6.946 Loading class sun/nio/ch/FileKey
Event: 6.946 Loading class sun/nio/ch/FileKey done
Event: 6.947 Loading class sun/nio/ch/FileLockTable$FileLockReference
Event: 6.947 Loading class sun/nio/ch/FileLockTable$FileLockReference done
Event: 6.952 Loading class java/io/DeleteOnExitHook
Event: 6.953 Loading class java/io/DeleteOnExitHook done
Event: 6.953 Loading class java/io/DeleteOnExitHook$1
Event: 6.953 Loading class java/io/DeleteOnExitHook$1 done
Event: 7.009 Loading class java/util/ComparableTimSort
Event: 7.010 Loading class java/util/ComparableTimSort done

Classes unloaded (0 events):
No events

Classes redefined (0 events):
No events

Internal exceptions (20 events):
Event: 4.592 Thread 0x00000147013b5020 Exception <a 'java/io/FileNotFoundException'{0x00000007aba3e350}> (0x00000007aba3e350) 
thrown [s\src\hotspot\share\prims\jni.cpp, line 520]
Event: 4.594 Thread 0x00000147013b5020 Exception <a 'java/io/FileNotFoundException'{0x00000007aba3f678}> (0x00000007aba3f678) 
thrown [s\src\hotspot\share\prims\jni.cpp, line 520]
Event: 4.595 Thread 0x00000147013b5020 Exception <a 'java/io/FileNotFoundException'{0x00000007aba402f0}> (0x00000007aba402f0) 
thrown [s\src\hotspot\share\prims\jni.cpp, line 520]
Event: 4.595 Thread 0x00000147013b5020 Exception <a 'java/io/FileNotFoundException'{0x00000007aba40e30}> (0x00000007aba40e30) 
thrown [s\src\hotspot\share\prims\jni.cpp, line 520]
Event: 4.602 Thread 0x00000147013b5020 Implicit null exception at 0x000001470e3b1fa4 to 0x000001470e3b249c
Event: 4.621 Thread 0x00000147013b5020 Exception <a 'java/io/FileNotFoundException'{0x00000007aba79280}> (0x00000007aba79280) 
thrown [s\src\hotspot\share\prims\jni.cpp, line 520]
Event: 4.724 Thread 0x00000147013b5020 Exception <a 'java/lang/NoSuchMethodError'{0x00000007abab1ee0}: 'java.lang.Object java.lang.invoke.DirectMethodHandle$Holder.invokeInterface(java.lang.Object, java.lang.Object)'> (0x00000007abab1ee0) 
thrown [s\src\hotspot\share\interpreter\linkResolver.cpp, line 773]
Event: 4.768 Thread 0x00000147013b5020 Exception <a 'java/lang/NoSuchMethodError'{0x00000007abac5518}: 'java.lang.Object java.lang.invoke.Invokers$Holder.invokeExact_MT(java.lang.Object, java.lang.Object, java.lang.Object, java.lang.Object, java.lang.Object, java.lang.Object)'> (0x00000007abac5518) 
thrown [s\src\hotspot\share\interpreter\linkResolver.cpp, line 773]
Event: 4.788 Thread 0x00000147013b5020 Exception <a 'java/lang/NoSuchMethodError'{0x00000007abadc5f0}: 'int java.lang.invoke.DirectMethodHandle$Holder.invokeStatic(java.lang.Object, java.lang.Object, java.lang.Object, java.lang.Object, java.lang.Object)'> (0x00000007abadc5f0) 
thrown [s\src\hotspot\share\interpreter\linkResolver.cpp, line 773]
Event: 4.951 Thread 0x00000147013b5020 Exception <a 'java/lang/NoSuchMethodError'{0x00000007abb70f08}: 'java.lang.Object java.lang.invoke.DirectMethodHandle$Holder.invokeInterface(java.lang.Object, java.lang.Object, int)'> (0x00000007abb70f08) 
thrown [s\src\hotspot\share\interpreter\linkResolver.cpp, line 773]
Event: 5.770 Thread 0x00000147013b5020 Exception <a 'java/lang/NoSuchMethodError'{0x00000007abff4238}: 'java.lang.ClassLoader java.lang.ClassLoader.getPlatformClassLoader(java.lang.Class)'> (0x00000007abff4238) 
thrown [s\src\hotspot\share\interpreter\linkResolver.cpp, line 773]
Event: 6.462 Thread 0x00000147013b5020 Exception <a 'java/lang/ClassNotFoundException'{0x00000007aab2dd50}: sun/net/www/protocol/c/Handler> (0x00000007aab2dd50) 
thrown [s\src\hotspot\share\classfile\systemDictionary.cpp, line 313]
Event: 6.463 Thread 0x00000147013b5020 Exception <a 'java/lang/ClassNotFoundException'{0x00000007aab2f150}: sun/net/www/protocol/c/Handler> (0x00000007aab2f150) 
thrown [s\src\hotspot\share\classfile\systemDictionary.cpp, line 313]
Event: 6.463 Thread 0x00000147013b5020 Exception <a 'java/lang/ClassNotFoundException'{0x00000007aab303d8}: sun/net/www/protocol/c/Handler> (0x00000007aab303d8) 
thrown [s\src\hotspot\share\classfile\systemDictionary.cpp, line 313]
Event: 6.483 Thread 0x00000147013b5020 Exception <a 'java/io/FileNotFoundException'{0x00000007aab597b0}> (0x00000007aab597b0) 
thrown [s\src\hotspot\share\prims\jni.cpp, line 520]
Event: 6.647 Thread 0x00000147013b5020 Implicit null exception at 0x000001470e3e27c9 to 0x000001470e3e316c
Event: 6.647 Thread 0x00000147013b5020 Implicit null exception at 0x000001470e3e401d to 0x000001470e3e4230
Event: 6.668 Thread 0x00000147013b5020 Exception <a 'java/lang/NoSuchMethodError'{0x00000007aaccb668}: 'void java.lang.invoke.DirectMethodHandle$Holder.invokeStatic(java.lang.Object, java.lang.Object, java.lang.Object, java.lang.Object)'> (0x00000007aaccb668) 
thrown [s\src\hotspot\share\interpreter\linkResolver.cpp, line 773]
Event: 6.678 Thread 0x00000147013b5020 Implicit null exception at 0x000001470e3dda3d to 0x000001470e3ddcd4
Event: 7.285 Thread 0x00000147013b5020 Exception <a 'java/lang/NoSuchMethodError'{0x00000007aaf71408}: 'void java.lang.invoke.DirectMethodHandle$Holder.invokeSpecial(java.lang.Object, java.lang.Object, java.lang.Object)'> (0x00000007aaf71408) 
thrown [s\src\hotspot\share\interpreter\linkResolver.cpp, line 773]

ZGC Phase Switch (0 events):
No events

VM Operations (20 events):
Event: 1.289 Executing non-safepoint VM operation: HandshakeAllThreads (Deoptimize)
Event: 1.289 Executing non-safepoint VM operation: HandshakeAllThreads (Deoptimize) done
Event: 1.289 Executing safepoint VM operation: Cleanup
Event: 1.289 Executing safepoint VM operation: Cleanup done
Event: 2.291 Executing safepoint VM operation: Cleanup
Event: 2.291 Executing safepoint VM operation: Cleanup done
Event: 3.292 Executing safepoint VM operation: Cleanup
Event: 3.377 Executing safepoint VM operation: Cleanup done
Event: 4.345 Executing non-safepoint VM operation: HandshakeAllThreads (Deoptimize)
Event: 4.345 Executing non-safepoint VM operation: HandshakeAllThreads (Deoptimize) done
Event: 4.415 Executing non-safepoint VM operation: HandshakeAllThreads (Deoptimize)
Event: 4.415 Executing non-safepoint VM operation: HandshakeAllThreads (Deoptimize) done
Event: 4.415 Executing safepoint VM operation: Cleanup
Event: 4.416 Executing safepoint VM operation: Cleanup done
Event: 6.233 Executing non-safepoint VM operation: HandshakeAllThreads (Deoptimize)
Event: 6.234 Executing non-safepoint VM operation: HandshakeAllThreads (Deoptimize) done
Event: 6.234 Executing safepoint VM operation: Cleanup
Event: 6.234 Executing safepoint VM operation: Cleanup done
Event: 6.327 Executing safepoint VM operation: ParallelGCFailedAllocation (Allocation Failure)
Event: 6.446 Executing safepoint VM operation: ParallelGCFailedAllocation (Allocation Failure) done

Memory protections (0 events):
No events

Nmethod flushes (0 events):
No events

Events (11 events):
Event: 0.145 Thread 0x00000147013b5020 Thread added: 0x00000147013b5020
Event: 0.330 Thread 0x00000147013b5020 Thread added: 0x000001471e9b66f0
Event: 0.333 Thread 0x00000147013b5020 Thread added: 0x000001471e9b8000
Event: 0.334 Thread 0x00000147013b5020 Thread added: 0x000001471e9b9b90
Event: 0.334 Thread 0x00000147013b5020 Thread added: 0x000001471e9baab0
Event: 0.334 Thread 0x00000147013b5020 Thread added: 0x000001471e9bd8e0
Event: 0.334 Thread 0x00000147013b5020 Thread added: 0x000001471e9bf350
Event: 0.335 Thread 0x00000147013b5020 Thread added: 0x000001471e9c41a0
Event: 0.454 Thread 0x00000147013b5020 Thread added: 0x000001471ea37040
Event: 1.001 Thread 0x00000147013b5020 Thread added: 0x00000147602a3b70
Event: 2.723 Thread 0x00000147013b5020 Thread added: 0x0000014760485350


Dynamic libraries:
0x00007ff623bb0000 - 0x00007ff623bbe000 	c:\Users\jaimi\.vscode\extensions\redhat.java-1.56.0-win32-x64\jre\21.0.12.1-win32-x86_64\bin\java.exe
0x00007ffed1f70000 - 0x00007ffed2168000 	C:\Windows\SYSTEM32\ntdll.dll
0x00007ffed0ee0000 - 0x00007ffed0fa2000 	C:\Windows\System32\KERNEL32.DLL
0x00007ffecf700000 - 0x00007ffecf9f6000 	C:\Windows\System32\KERNELBASE.dll
0x00007ffecfba0000 - 0x00007ffecfca0000 	C:\Windows\System32\ucrtbase.dll
0x00007ffeb6370000 - 0x00007ffeb6388000 	c:\Users\jaimi\.vscode\extensions\redhat.java-1.56.0-win32-x64\jre\21.0.12.1-win32-x86_64\bin\jli.dll
0x00007ffed0d30000 - 0x00007ffed0ed1000 	C:\Windows\System32\USER32.dll
0x00007ffecfe90000 - 0x00007ffecfeb2000 	C:\Windows\System32\win32u.dll
0x00007ffed0560000 - 0x00007ffed058b000 	C:\Windows\System32\GDI32.dll
0x00007ffecfa00000 - 0x00007ffecfb19000 	C:\Windows\System32\gdi32full.dll
0x00007ffecfec0000 - 0x00007ffecff5d000 	C:\Windows\System32\msvcp_win.dll
0x00007ffeb6350000 - 0x00007ffeb636e000 	c:\Users\jaimi\.vscode\extensions\redhat.java-1.56.0-win32-x64\jre\21.0.12.1-win32-x86_64\bin\VCRUNTIME140.dll
0x00007ffeb6680000 - 0x00007ffeb691b000 	C:\Windows\WinSxS\amd64_microsoft.windows.common-controls_6595b64144ccf1df_6.0.19041.6456_none_60b8a6cb71f64256\COMCTL32.dll
0x00007ffed0240000 - 0x00007ffed02de000 	C:\Windows\System32\msvcrt.dll
0x00007ffed0bb0000 - 0x00007ffed0bdf000 	C:\Windows\System32\IMM32.DLL
0x00007ffec8690000 - 0x00007ffec869c000 	c:\Users\jaimi\.vscode\extensions\redhat.java-1.56.0-win32-x64\jre\21.0.12.1-win32-x86_64\bin\vcruntime140_1.dll
0x00007ffeab800000 - 0x00007ffeab88d000 	c:\Users\jaimi\.vscode\extensions\redhat.java-1.56.0-win32-x64\jre\21.0.12.1-win32-x86_64\bin\msvcp140.dll
0x00007ffe4e2f0000 - 0x00007ffe4f092000 	c:\Users\jaimi\.vscode\extensions\redhat.java-1.56.0-win32-x64\jre\21.0.12.1-win32-x86_64\bin\server\jvm.dll
0x00007ffed0af0000 - 0x00007ffed0ba1000 	C:\Windows\System32\ADVAPI32.dll
0x00007ffed1e90000 - 0x00007ffed1f2f000 	C:\Windows\System32\sechost.dll
0x00007ffed0120000 - 0x00007ffed0240000 	C:\Windows\System32\RPCRT4.dll
0x00007ffecff60000 - 0x00007ffecff87000 	C:\Windows\System32\bcrypt.dll
0x00007ffed0bf0000 - 0x00007ffed0c5b000 	C:\Windows\System32\WS2_32.dll
0x00007ffecf080000 - 0x00007ffecf0cb000 	C:\Windows\SYSTEM32\POWRPROF.dll
0x00007ffeb15b0000 - 0x00007ffeb15d7000 	C:\Windows\SYSTEM32\WINMM.dll
0x00007ffebd780000 - 0x00007ffebd78a000 	C:\Windows\SYSTEM32\VERSION.dll
0x00007ffecefc0000 - 0x00007ffecefd2000 	C:\Windows\SYSTEM32\UMPDC.dll
0x00007ffecde10000 - 0x00007ffecde22000 	C:\Windows\SYSTEM32\kernel.appcore.dll
0x00007ffec85a0000 - 0x00007ffec85aa000 	c:\Users\jaimi\.vscode\extensions\redhat.java-1.56.0-win32-x64\jre\21.0.12.1-win32-x86_64\bin\jimage.dll
0x00007ffecdaf0000 - 0x00007ffecdcf1000 	C:\Windows\SYSTEM32\DBGHELP.DLL
0x00007ffeb0c50000 - 0x00007ffeb0c84000 	C:\Windows\SYSTEM32\dbgcore.DLL
0x00007ffecfca0000 - 0x00007ffecfd22000 	C:\Windows\System32\bcryptPrimitives.dll
0x00007ffeb62d0000 - 0x00007ffeb62df000 	c:\Users\jaimi\.vscode\extensions\redhat.java-1.56.0-win32-x64\jre\21.0.12.1-win32-x86_64\bin\instrument.dll
0x00007ffeb61d0000 - 0x00007ffeb61f0000 	c:\Users\jaimi\.vscode\extensions\redhat.java-1.56.0-win32-x64\jre\21.0.12.1-win32-x86_64\bin\java.dll
0x00007ffed12b0000 - 0x00007ffed1a20000 	C:\Windows\System32\SHELL32.dll
0x00007ffecd270000 - 0x00007ffecda15000 	C:\Windows\SYSTEM32\windows.storage.dll
0x00007ffed0730000 - 0x00007ffed0a84000 	C:\Windows\System32\combase.dll
0x00007ffecefe0000 - 0x00007ffecf00b000 	C:\Windows\SYSTEM32\Wldp.dll
0x00007ffed0fb0000 - 0x00007ffed107d000 	C:\Windows\System32\OLEAUT32.dll
0x00007ffed0c80000 - 0x00007ffed0d2d000 	C:\Windows\System32\SHCORE.dll
0x00007ffed0670000 - 0x00007ffed06cb000 	C:\Windows\System32\shlwapi.dll
0x00007ffecf530000 - 0x00007ffecf554000 	C:\Windows\SYSTEM32\profapi.dll
0x00007ffeb5dd0000 - 0x00007ffeb5de8000 	c:\Users\jaimi\.vscode\extensions\redhat.java-1.56.0-win32-x64\jre\21.0.12.1-win32-x86_64\bin\zip.dll
0x00007ffeb62c0000 - 0x00007ffeb62d0000 	C:\Users\jaimi\.vscode\extensions\redhat.java-1.56.0-win32-x64\jre\21.0.12.1-win32-x86_64\bin\net.dll
0x00007ffec58e0000 - 0x00007ffec59ea000 	C:\Windows\SYSTEM32\WINHTTP.dll
0x00007ffeced20000 - 0x00007ffeced8a000 	C:\Windows\system32\mswsock.dll
0x00007ffeb5c80000 - 0x00007ffeb5c96000 	C:\Users\jaimi\.vscode\extensions\redhat.java-1.56.0-win32-x64\jre\21.0.12.1-win32-x86_64\bin\nio.dll
0x00007ffeb6120000 - 0x00007ffeb6130000 	c:\Users\jaimi\.vscode\extensions\redhat.java-1.56.0-win32-x64\jre\21.0.12.1-win32-x86_64\bin\verify.dll

JVMTI agents:
c:\Users\jaimi\.vscode\extensions\redhat.java-1.56.0-win32-x64\lombok\lombok-1.18.39-4050.jar path:c:\Users\jaimi\.vscode\extensions\redhat.java-1.56.0-win32-x64\jre\21.0.12.1-win32-x86_64\bin\instrument.dll, loaded, initialized, instrumentlib options:none

dbghelp: loaded successfully - version: 4.0.5 - missing functions: none
symbol engine: initialized successfully - sym options: 0x614 - pdb path: .;c:\Users\jaimi\.vscode\extensions\redhat.java-1.56.0-win32-x64\jre\21.0.12.1-win32-x86_64\bin;C:\Windows\SYSTEM32;C:\Windows\WinSxS\amd64_microsoft.windows.common-controls_6595b64144ccf1df_6.0.19041.6456_none_60b8a6cb71f64256;c:\Users\jaimi\.vscode\extensions\redhat.java-1.56.0-win32-x64\jre\21.0.12.1-win32-x86_64\bin\server

VM Arguments:
jvm_args: --add-modules=ALL-SYSTEM --add-opens=java.base/java.util=ALL-UNNAMED --add-opens=java.base/java.lang=ALL-UNNAMED --add-opens=java.base/sun.nio.fs=ALL-UNNAMED -Declipse.application=org.eclipse.jdt.ls.core.id1 -Dosgi.bundles.defaultStartLevel=4 -Declipse.product=org.eclipse.jdt.ls.core.product -Djava.import.generatesMetadataFilesAtProjectRoot=false -Dm2e.project.cache.size=50 -DDetectVMInstallationsJob.disabled=true -Dfile.encoding=utf8 -XX:+UseParallelGC -XX:GCTimeRatio=4 -XX:AdaptiveSizePolicyWeight=90 -Dsun.zip.disableMemoryMapping=true -Xmx4G -Xms100m -Xlog:disable -javaagent:c:\Users\jaimi\.vscode\extensions\redhat.java-1.56.0-win32-x64\lombok\lombok-1.18.39-4050.jar -XX:+HeapDumpOnOutOfMemoryError -XX:HeapDumpPath=c:\Users\jaimi\AppData\Roaming\Code\User\workspaceStorage\7b1695ebeb44925a89a06e7ce4c3f07f\redhat.java -Daether.dependencyCollector.impl=bf 
java_command: c:\Users\jaimi\.vscode\extensions\redhat.java-1.56.0-win32-x64\server\plugins\org.eclipse.equinox.launcher_1.8.0.v20260804-1928.jar -configuration c:\Users\jaimi\AppData\Roaming\Code\User\globalStorage\redhat.java\1.56.0\config_win -data c:\Users\jaimi\AppData\Roaming\Code\User\workspaceStorage\7b1695ebeb44925a89a06e7ce4c3f07f\redhat.java\jdt_ws --stdio
java_class_path (initial): c:\Users\jaimi\.vscode\extensions\redhat.java-1.56.0-win32-x64\server\plugins\org.eclipse.equinox.launcher_1.8.0.v20260804-1928.jar
Launcher Type: SUN_STANDARD

[Global flags]
    uintx AdaptiveSizePolicyWeight                 = 90                                        {product} {command line}
     intx CICompilerCount                          = 2                                         {product} {ergonomic}
    uintx GCTimeRatio                              = 4                                         {product} {command line}
     bool HeapDumpOnOutOfMemoryError               = true                                   {manageable} {command line}
    ccstr HeapDumpPath                             = c:\Users\jaimi\AppData\Roaming\Code\User\workspaceStorage\7b1695ebeb44925a89a06e7ce4c3f07f\redhat.java         {manageable} {command line}
   size_t InitialHeapSize                          = 104857600                                 {product} {command line}
   size_t MaxHeapSize                              = 4294967296                                {product} {command line}
   size_t MaxNewSize                               = 1431306240                                {product} {ergonomic}
   size_t MinHeapDeltaBytes                        = 524288                                    {product} {ergonomic}
   size_t MinHeapSize                              = 104857600                                 {product} {command line}
   size_t NewSize                                  = 34603008                                  {product} {ergonomic}
    uintx NonNMethodCodeHeapSize                   = 5826188                                {pd product} {ergonomic}
    uintx NonProfiledCodeHeapSize                  = 122916026                              {pd product} {ergonomic}
   size_t OldSize                                  = 70254592                                  {product} {ergonomic}
    uintx ProfiledCodeHeapSize                     = 122916026                              {pd product} {ergonomic}
    uintx ReservedCodeCacheSize                    = 251658240                              {pd product} {ergonomic}
     bool SegmentedCodeCache                       = true                                      {product} {ergonomic}
   size_t SoftMaxHeapSize                          = 4294967296                             {manageable} {ergonomic}
     bool UseCompressedOops                        = true                           {product lp64_product} {ergonomic}
     bool UseLargePagesIndividualAllocation        = false                                  {pd product} {ergonomic}
     bool UseParallelGC                            = true                                      {product} {command line}

Logging:
Log output configuration:
 #0: stdout all=off uptime,level,tags foldmultilines=false
 #1: stderr all=off uptime,level,tags foldmultilines=false

Release file:
JAVA_VERSION="21.0.12.1" 
MODULES="java.base java.compiler java.datatransfer java.xml java.prefs java.desktop java.instrument java.logging java.management java.security.sasl java.naming java.rmi java.management.rmi java.net.http java.scripting java.security.jgss java.transaction.xa java.sql java.sql.rowset java.xml.crypto java.se java.smartcardio jdk.accessibility jdk.internal.jvmstat jdk.attach jdk.charsets jdk.internal.opt jdk.zipfs jdk.compiler jdk.crypto.ec jdk.crypto.cryptoki jdk.crypto.mscapi jdk.dynalink jdk.internal.ed jdk.editpad jdk.hotspot.agent jdk.httpserver jdk.internal.le jdk.internal.vm.ci jdk.internal.vm.compiler jdk.internal.vm.compiler.management jdk.jartool jdk.javadoc jdk.jcmd jdk.management jdk.management.agent jdk.jconsole jdk.jdeps jdk.jdwp.agent jdk.jdi jdk.jfr jdk.jshell jdk.jsobject jdk.jstatd jdk.localedata jdk.management.jfr jdk.naming.dns jdk.naming.rmi jdk.net jdk.nio.mapmode jdk.random jdk.sctp jdk.security.auth jdk.security.jgss jdk.unsupported jdk.unsupported.desktop jdk.xml.dom" 

Environment Variables:
JAVA_HOME=C:\Program Files\Java\jdk1.8.0_503
PATH=C:\Program Files (x86)\Common Files\Oracle\Java\java8path;C:\Program Files (x86)\Common Files\Oracle\Java\javapath;C:\Windows\system32;C:\Windows;C:\Windows\System32\Wbem;C:\Windows\System32\WindowsPowerShell\v1.0\;C:\Windows\System32\OpenSSH\;C:\Program Files\Git\cmd;C:\Users\jaimi\OneDrive\Documentos\programacao\calculatorProject\omniORB\bin;C:\Users\jaimi\AppData\Local\Programs\Python\Python313\;C:\Users\jaimi\AppData\Local\Programs\Python\Launcher\;C:\Users\jaimi\AppData\Local\Microsoft\WindowsApps;C:\Users\jaimi\AppData\Local\Programs\Microsoft VS Code\bin;D:\programs files\PyCharm Community Edition 2024.1.4\bin;;C:\msys64\mingw64\bin;C:\msys64\usr\bin;C:\omniORB\bin\x86_win32;C:\Program Files\Java\jdk1.8.0_503;C:\apache-maven-3.9.16\bin;C:\Program Files\Java\jdk1.8.0_503\bin;
USERNAME=jaimi
OS=Windows_NT
PROCESSOR_IDENTIFIER=Intel64 Family 6 Model 122 Stepping 8, GenuineIntel
TMP=C:\Users\jaimi\AppData\Local\Temp
TEMP=C:\Users\jaimi\AppData\Local\Temp




Periodic native trim disabled

---------------  S Y S T E M  ---------------

OS:
 Windows 10 , 64 bit Build 19041 (10.0.19041.5915)
OS uptime: 0 days 6:34 hours

CPU: total 2 (initial active 2) (2 cores per cpu, 1 threads per core) family 6 model 122 stepping 8 microcode 0x22, cx8, cmov, fxsr, mmx, 3dnowpref, sse, sse2, sse3, ssse3, sse4.1, sse4.2, popcnt, tsc, tscinvbit, aes, erms, clmul, sha, clflush, clflushopt, rdtscp, rdpid
Processor Information for the first 2 processors :
  Max Mhz: 1101, Current Mhz: 1101, Mhz Limit: 1101

Memory: 4k page, system-wide physical 8008M (1593M free)
TotalPageFile size 9971M (AvailPageFile size 167M)
current process WorkingSet (physical memory assigned to process): 79M, peak: 79M
current process commit charge ("private bytes"): 283M, peak: 283M

vm_info: OpenJDK 64-Bit Server VM (21.0.12.1+1-LTS) for windows-amd64 JRE (21.0.12.1+1-LTS), built on 2026-08-18T00:00:00Z by "admin" with MS VC++ 17.12 (VS2022)

END.
